06-24 20:51:49.993   591   591 W android.permission.PermissionManager: Missing ActivityManager; assuming 1000 holds android.permission.SET_PREFERRED_APPLICATIONS
06-24 20:51:49.994   591   591 W android.permission.PermissionManager: Missing ActivityManager; assuming 1000 holds android.permission.SET_PREFERRED_APPLICATIONS
06-24 20:51:49.994   591   591 W android.permission.PermissionManager: Missing ActivityManager; assuming 1000 holds android.permission.SET_PREFERRED_APPLICATIONS
06-24 20:51:49.995   591   591 W android.permission.PermissionManager: Missing ActivityManager; assuming 1000 holds android.permission.SET_PREFERRED_APPLICATIONS
06-24 20:51:49.995   591   591 W android.permission.PermissionManager: Missing ActivityManager; assuming 1000 holds android.permission.SET_PREFERRED_APPLICATIONS
06-24 20:51:49.996   591   591 W android.permission.PermissionManager: Missing ActivityManager; assuming 1000 holds android.permission.SET_PREFERRED_APPLICATIONS
06-24 20:51:49.997   591   591 W android.permission.PermissionManager: Missing ActivityManager; assuming 1000 holds android.permission.SET_PREFERRED_APPLICATIONS
06-24 20:51:49.998   591   591 W android.permission.PermissionManager: Missing ActivityManager; assuming 1000 holds android.permission.SET_PREFERRED_APPLICATIONS
06-24 20:51:49.998   591   591 W android.permission.PermissionManager: Missing ActivityManager; assuming 1000 holds android.permission.SET_PREFERRED_APPLICATIONS
06-24 20:51:49.999   591   591 W android.permission.PermissionManager: Missing ActivityManager; assuming 1000 holds android.permission.SET_PREFERRED_APPLICATIONS
06-24 20:51:50.000   591   591 W android.permission.PermissionManager: Missing ActivityManager; assuming 1000 holds android.permission.SET_PREFERRED_APPLICATIONS
06-24 20:51:50.001   591   591 W android.permission.PermissionManager: Missing ActivityManager; assuming 1000 holds android.permission.SET_PREFERRED_APPLICATIONS
06-24 20:51:50.001   591   591 W android.permission.PermissionManager: Missing ActivityManager; assuming 1000 holds android.permission.SET_PREFERRED_APPLICATIONS
06-24 20:51:50.002   591   591 W android.permission.PermissionManager: Missing ActivityManager; assuming 1000 holds android.permission.SET_PREFERRED_APPLICATIONS
06-24 20:51:50.003   591   591 W android.permission.PermissionManager: Missing ActivityManager; assuming 1000 holds android.permission.SET_PREFERRED_APPLICATIONS
06-24 20:51:50.004   591   591 W android.permission.PermissionManager: Missing ActivityManager; assuming 1000 holds android.permission.SET_PREFERRED_APPLICATIONS
06-24 20:51:50.004   591   591 W android.permission.PermissionManager: Missing ActivityManager; assuming 1000 holds android.permission.SET_PREFERRED_APPLICATIONS
06-24 20:51:50.005   591   591 W android.permission.PermissionManager: Missing ActivityManager; assuming 1000 holds android.permission.SET_PREFERRED_APPLICATIONS
06-24 20:51:50.006   591   591 W android.permission.PermissionManager: Missing ActivityManager; assuming 1000 holds android.permission.SET_PREFERRED_APPLICATIONS
06-24 20:51:50.007   591   591 W android.permission.PermissionManager: Missing ActivityManager; assuming 1000 holds android.permission.SET_PREFERRED_APPLICATIONS
06-24 20:51:50.007   591   591 W android.permission.PermissionManager: Missing ActivityManager; assuming 1000 holds android.permission.SET_PREFERRED_APPLICATIONS
06-24 20:51:50.008   591   591 W android.permission.PermissionManager: Missing ActivityManager; assuming 1000 holds android.permission.SET_PREFERRED_APPLICATIONS
06-24 20:51:50.009   591   591 W android.permission.PermissionManager: Missing ActivityManager; assuming 1000 holds android.permission.SET_PREFERRED_APPLICATIONS
06-24 20:51:50.010   591   591 W android.permission.PermissionManager: Missing ActivityManager; assuming 1000 holds android.permission.SET_PREFERRED_APPLICATIONS
06-24 20:51:50.010   591   591 W android.permission.PermissionManager: Missing ActivityManager; assuming 1000 holds android.permission.SET_PREFERRED_APPLICATIONS
06-24 20:51:50.011   591   591 W android.permission.PermissionManager: Missing ActivityManager; assuming 1000 holds android.permission.SET_PREFERRED_APPLICATIONS
06-24 20:51:50.012   591   591 W android.permission.PermissionManager: Missing ActivityManager; assuming 1000 holds android.permission.SET_PREFERRED_APPLICATIONS
06-24 20:51:50.013   591   591 W android.permission.PermissionManager: Missing ActivityManager; assuming 1000 holds android.permission.SET_PREFERRED_APPLICATIONS
06-24 20:51:50.014   591   591 W android.permission.PermissionManager: Missing ActivityManager; assuming 1000 holds android.permission.SET_PREFERRED_APPLICATIONS
06-24 20:51:50.015   591   591 W android.permission.PermissionManager: Missing ActivityManager; assuming 1000 holds android.permission.SET_PREFERRED_APPLICATIONS
06-24 20:51:50.016   591   591 W android.permission.PermissionManager: Missing ActivityManager; assuming 1000 holds android.permission.SET_PREFERRED_APPLICATIONS
06-24 20:51:50.017   591   591 W android.permission.PermissionManager: Missing ActivityManager; assuming 1000 holds android.permission.SET_PREFERRED_APPLICATIONS
06-24 20:51:50.018   591   591 W android.permission.PermissionManager: Missing ActivityManager; assuming 1000 holds android.permission.SET_PREFERRED_APPLICATIONS
06-24 20:51:50.019   591   591 W android.permission.PermissionManager: Missing ActivityManager; assuming 1000 holds android.permission.SET_PREFERRED_APPLICATIONS
06-24 20:51:50.020   591   591 W android.permission.PermissionManager: Missing ActivityManager; assuming 1000 holds android.permission.SET_PREFERRED_APPLICATIONS
06-24 20:51:50.021   591   591 W android.permission.PermissionManager: Missing ActivityManager; assuming 1000 holds android.permission.SET_PREFERRED_APPLICATIONS
06-24 20:51:50.022   591   591 W android.permission.PermissionManager: Missing ActivityManager; assuming 1000 holds android.permission.SET_PREFERRED_APPLICATIONS
06-24 20:51:50.023   591   591 W android.permission.PermissionManager: Missing ActivityManager; assuming 1000 holds android.permission.SET_PREFERRED_APPLICATIONS
06-24 20:51:50.024   591   591 W android.permission.PermissionManager: Missing ActivityManager; assuming 1000 holds android.permission.SET_PREFERRED_APPLICATIONS
06-24 20:51:50.027   591   591 W android.permission.PermissionManager: Missing ActivityManager; assuming 1000 holds android.permission.SET_PREFERRED_APPLICATIONS
06-24 20:51:50.028   591   591 W android.permission.PermissionManager: Missing ActivityManager; assuming 1000 holds android.permission.SET_PREFERRED_APPLICATIONS
06-24 20:51:50.029   591   591 W android.permission.PermissionManager: Missing ActivityManager; assuming 1000 holds android.permission.SET_PREFERRED_APPLICATIONS
06-24 20:51:50.029   591   591 W android.permission.PermissionManager: Missing ActivityManager; assuming 1000 holds android.permission.SET_PREFERRED_APPLICATIONS
06-24 20:51:50.030   591   591 W android.permission.PermissionManager: Missing ActivityManager; assuming 1000 holds android.permission.SET_PREFERRED_APPLICATIONS
06-24 20:51:50.030   591   591 W android.permission.PermissionManager: Missing ActivityManager; assuming 1000 holds android.permission.SET_PREFERRED_APPLICATIONS
06-24 20:51:50.031   591   591 W android.permission.PermissionManager: Missing ActivityManager; assuming 1000 holds android.permission.SET_PREFERRED_APPLICATIONS
06-24 20:51:50.032   591   591 W android.permission.PermissionManager: Missing ActivityManager; assuming 1000 holds android.permission.SET_PREFERRED_APPLICATIONS
06-24 20:51:50.033   591   591 W android.permission.PermissionManager: Missing ActivityManager; assuming 1000 holds android.permission.SET_PREFERRED_APPLICATIONS
06-24 20:51:50.034   591   591 W android.permission.PermissionManager: Missing ActivityManager; assuming 1000 holds android.permission.SET_PREFERRED_APPLICATIONS
06-24 20:51:50.034   591   591 W android.permission.PermissionManager: Missing ActivityManager; assuming 1000 holds android.permission.SET_PREFERRED_APPLICATIONS
06-24 20:51:50.035   591   591 W android.permission.PermissionManager: Missing ActivityManager; assuming 1000 holds android.permission.SET_PREFERRED_APPLICATIONS
06-24 20:51:50.035   591   591 W android.permission.PermissionManager: Missing ActivityManager; assuming 1000 holds android.permission.SET_PREFERRED_APPLICATIONS
06-24 20:51:50.036   591   591 W android.permission.PermissionManager: Missing ActivityManager; assuming 1000 holds android.permission.SET_PREFERRED_APPLICATIONS
06-24 20:51:50.036   591   591 W android.permission.PermissionManager: Missing ActivityManager; assuming 1000 holds android.permission.SET_PREFERRED_APPLICATIONS
06-24 20:51:50.037   591   591 W android.permission.PermissionManager: Missing ActivityManager; assuming 1000 holds android.permission.SET_PREFERRED_APPLICATIONS
06-24 20:51:50.038   591   591 W android.permission.PermissionManager: Missing ActivityManager; assuming 1000 holds android.permission.SET_PREFERRED_APPLICATIONS
06-24 20:51:50.038   591   591 W android.permission.PermissionManager: Missing ActivityManager; assuming 1000 holds android.permission.SET_PREFERRED_APPLICATIONS
06-24 20:51:50.039   591   591 W android.permission.PermissionManager: Missing ActivityManager; assuming 1000 holds android.permission.SET_PREFERRED_APPLICATIONS
06-24 20:51:50.041   591   591 W android.permission.PermissionManager: Missing ActivityManager; assuming 1000 holds android.permission.SET_PREFERRED_APPLICATIONS
06-24 20:51:50.042   591   591 W android.permission.PermissionManager: Missing ActivityManager; assuming 1000 holds android.permission.SET_PREFERRED_APPLICATIONS
06-24 20:51:50.043   591   591 W android.permission.PermissionManager: Missing ActivityManager; assuming 1000 holds android.permission.SET_PREFERRED_APPLICATIONS
06-24 20:51:50.043   591   591 W android.permission.PermissionManager: Missing ActivityManager; assuming 1000 holds android.permission.SET_PREFERRED_APPLICATIONS
06-24 20:51:50.044   591   591 W android.permission.PermissionManager: Missing ActivityManager; assuming 1000 holds android.permission.SET_PREFERRED_APPLICATIONS
06-24 20:51:50.044   591   591 W android.permission.PermissionManager: Missing ActivityManager; assuming 1000 holds android.permission.SET_PREFERRED_APPLICATIONS
06-24 20:51:50.045   591   591 W android.permission.PermissionManager: Missing ActivityManager; assuming 1000 holds android.permission.SET_PREFERRED_APPLICATIONS
06-24 20:51:50.046   591   591 W android.permission.PermissionManager: Missing ActivityManager; assuming 1000 holds android.permission.SET_PREFERRED_APPLICATIONS
06-24 20:51:50.046   591   591 W android.permission.PermissionManager: Missing ActivityManager; assuming 1000 holds android.permission.SET_PREFERRED_APPLICATIONS
06-24 20:51:50.047   591   591 W android.permission.PermissionManager: Missing ActivityManager; assuming 1000 holds android.permission.SET_PREFERRED_APPLICATIONS
06-24 20:51:50.047   591   591 W android.permission.PermissionManager: Missing ActivityManager; assuming 1000 holds android.permission.SET_PREFERRED_APPLICATIONS
06-24 20:51:50.048   591   591 W android.permission.PermissionManager: Missing ActivityManager; assuming 1000 holds android.permission.SET_PREFERRED_APPLICATIONS
06-24 20:51:50.048   591   591 W android.permission.PermissionManager: Missing ActivityManager; assuming 1000 holds android.permission.SET_PREFERRED_APPLICATIONS
06-24 20:51:50.049   591   591 W android.permission.PermissionManager: Missing ActivityManager; assuming 1000 holds android.permission.SET_PREFERRED_APPLICATIONS
06-24 20:51:50.050   591   591 W android.permission.PermissionManager: Missing ActivityManager; assuming 1000 holds android.permission.SET_PREFERRED_APPLICATIONS
06-24 20:51:50.050   591   591 W android.permission.PermissionManager: Missing ActivityManager; assuming 1000 holds android.permission.SET_PREFERRED_APPLICATIONS
06-24 20:51:50.051   591   591 W android.permission.PermissionManager: Missing ActivityManager; assuming 1000 holds android.permission.SET_PREFERRED_APPLICATIONS
06-24 20:51:50.051   591   591 W android.permission.PermissionManager: Missing ActivityManager; assuming 1000 holds android.permission.SET_PREFERRED_APPLICATIONS
06-24 20:51:50.052   591   591 W android.permission.PermissionManager: Missing ActivityManager; assuming 1000 holds android.permission.SET_PREFERRED_APPLICATIONS
06-24 20:51:50.053   591   591 W android.permission.PermissionManager: Missing ActivityManager; assuming 1000 holds android.permission.SET_PREFERRED_APPLICATIONS
06-24 20:51:50.053   591   591 W android.permission.PermissionManager: Missing ActivityManager; assuming 1000 holds android.permission.SET_PREFERRED_APPLICATIONS
06-24 20:51:50.054   591   591 W android.permission.PermissionManager: Missing ActivityManager; assuming 1000 holds android.permission.SET_PREFERRED_APPLICATIONS
06-24 20:51:50.054   591   591 W android.permission.PermissionManager: Missing ActivityManager; assuming 1000 holds android.permission.SET_PREFERRED_APPLICATIONS
06-24 20:51:50.055   591   591 W android.permission.PermissionManager: Missing ActivityManager; assuming 1000 holds android.permission.SET_PREFERRED_APPLICATIONS
06-24 20:51:50.056   591   591 W android.permission.PermissionManager: Missing ActivityManager; assuming 1000 holds android.permission.SET_PREFERRED_APPLICATIONS
06-24 20:51:50.056   591   591 W android.permission.PermissionManager: Missing ActivityManager; assuming 1000 holds android.permission.SET_PREFERRED_APPLICATIONS
06-24 20:51:50.057   591   591 W android.permission.PermissionManager: Missing ActivityManager; assuming 1000 holds android.permission.SET_PREFERRED_APPLICATIONS
06-24 20:51:50.058   591   591 W android.permission.PermissionManager: Missing ActivityManager; assuming 1000 holds android.permission.SET_PREFERRED_APPLICATIONS
06-24 20:51:50.059   591   591 W android.permission.PermissionManager: Missing ActivityManager; assuming 1000 holds android.permission.SET_PREFERRED_APPLICATIONS
06-24 20:51:50.059   591   591 W android.permission.PermissionManager: Missing ActivityManager; assuming 1000 holds android.permission.SET_PREFERRED_APPLICATIONS
06-24 20:51:50.060   591   591 W android.permission.PermissionManager: Missing ActivityManager; assuming 1000 holds android.permission.SET_PREFERRED_APPLICATIONS
06-24 20:51:50.060   591   591 W android.permission.PermissionManager: Missing ActivityManager; assuming 1000 holds android.permission.SET_PREFERRED_APPLICATIONS
06-24 20:51:50.061   591   591 W android.permission.PermissionManager: Missing ActivityManager; assuming 1000 holds android.permission.SET_PREFERRED_APPLICATIONS
06-24 20:51:50.062   591   591 W android.permission.PermissionManager: Missing ActivityManager; assuming 1000 holds android.permission.SET_PREFERRED_APPLICATIONS
06-24 20:51:50.062   591   591 W android.permission.PermissionManager: Missing ActivityManager; assuming 1000 holds android.permission.SET_PREFERRED_APPLICATIONS
06-24 20:51:50.063   591   591 W android.permission.PermissionManager: Missing ActivityManager; assuming 1000 holds android.permission.SET_PREFERRED_APPLICATIONS
06-24 20:51:50.064   591   591 W android.permission.PermissionManager: Missing ActivityManager; assuming 1000 holds android.permission.SET_PREFERRED_APPLICATIONS
06-24 20:51:50.065   591   591 W android.permission.PermissionManager: Missing ActivityManager; assuming 1000 holds android.permission.SET_PREFERRED_APPLICATIONS
06-24 20:51:50.066   591   591 W android.permission.PermissionManager: Missing ActivityManager; assuming 1000 holds android.permission.SET_PREFERRED_APPLICATIONS
06-24 20:51:50.066   591   591 W android.permission.PermissionManager: Missing ActivityManager; assuming 1000 holds android.permission.SET_PREFERRED_APPLICATIONS
06-24 20:51:50.067   591   591 W android.permission.PermissionManager: Missing ActivityManager; assuming 1000 holds android.permission.SET_PREFERRED_APPLICATIONS
06-24 20:51:50.068   591   591 W android.permission.PermissionManager: Missing ActivityManager; assuming 1000 holds android.permission.SET_PREFERRED_APPLICATIONS
06-24 20:51:50.069   591   591 W android.permission.PermissionManager: Missing ActivityManager; assuming 1000 holds android.permission.SET_PREFERRED_APPLICATIONS
06-24 20:51:50.069   591   591 W android.permission.PermissionManager: Missing ActivityManager; assuming 1000 holds android.permission.SET_PREFERRED_APPLICATIONS
06-24 20:51:50.070   591   591 W android.permission.PermissionManager: Missing ActivityManager; assuming 1000 holds android.permission.SET_PREFERRED_APPLICATIONS
06-24 20:51:50.071   591   591 W android.permission.PermissionManager: Missing ActivityManager; assuming 1000 holds android.permission.SET_PREFERRED_APPLICATIONS
06-24 20:51:50.072   591   591 W android.permission.PermissionManager: Missing ActivityManager; assuming 1000 holds android.permission.SET_PREFERRED_APPLICATIONS
06-24 20:51:50.073   591   591 W android.permission.PermissionManager: Missing ActivityManager; assuming 1000 holds android.permission.SET_PREFERRED_APPLICATIONS
06-24 20:51:50.073   591   591 W android.permission.PermissionManager: Missing ActivityManager; assuming 1000 holds android.permission.SET_PREFERRED_APPLICATIONS
06-24 20:51:50.074   591   591 W android.permission.PermissionManager: Missing ActivityManager; assuming 1000 holds android.permission.SET_PREFERRED_APPLICATIONS
06-24 20:51:50.075   591   591 W android.permission.PermissionManager: Missing ActivityManager; assuming 1000 holds android.permission.SET_PREFERRED_APPLICATIONS
06-24 20:51:50.076   591   591 W android.permission.PermissionManager: Missing ActivityManager; assuming 1000 holds android.permission.SET_PREFERRED_APPLICATIONS
06-24 20:51:50.077   591   591 W android.permission.PermissionManager: Missing ActivityManager; assuming 1000 holds android.permission.SET_PREFERRED_APPLICATIONS
06-24 20:51:50.077   591   591 W android.permission.PermissionManager: Missing ActivityManager; assuming 1000 holds android.permission.SET_PREFERRED_APPLICATIONS
06-24 20:51:50.110   591   591 W PackageSettings: Missing permission state for package: com.android.cts.priv.ctsshim
06-24 20:51:50.111   591   591 W PackageSettings: Missing permission state for package: com.google.android.ext.shared
06-24 20:51:50.111   591   591 W PackageSettings: Missing permission state for package: com.android.htmlviewer
06-24 20:51:50.111   591   591 W PackageSettings: Missing permission state for package: com.android.tv.settings.gms.resoverlay
06-24 20:51:50.112   591   591 W PackageSettings: Missing permission state for package: com.google.android.overlay.gtvsconfig
06-24 20:51:50.112   591   591 W PackageSettings: Missing permission state for package: com.google.android.overlay.modules.permissioncontroller
06-24 20:51:50.112   591   591 W PackageSettings: Missing permission state for package: com.google.android.overlay.googlewebview
06-24 20:51:50.112   591   591 W PackageSettings: Missing permission state for package: com.android.tv.overlay.settingsprovider
06-24 20:51:50.112   591   591 W PackageSettings: Missing permission state for package: com.google.android.trichromelibrary_609923030
06-24 20:51:50.113   591   591 W PackageSettings: Missing permission state for package: com.android.connectivity.resources
06-24 20:51:50.113   591   591 W PackageSettings: Missing permission state for package: com.android.dreams.basic
06-24 20:51:50.113   591   591 W PackageSettings: Missing permission state for package: com.google.android.overlay.modules.ext.services
06-24 20:51:50.114   591   591 W PackageSettings: Missing permission state for package: com.google.android.modulemetadata
06-24 20:51:50.114   591   591 W PackageSettings: Missing permission state for package: com.skyworthdigital.homescreencustomize
06-24 20:51:50.114   591   591 W PackageSettings: Missing permission state for package: com.droidlogic.ble
06-24 20:51:50.114   591   591 W PackageSettings: Missing permission state for package: com.android.wifi.resources
06-24 20:51:50.114   591   591 W PackageSettings: Missing permission state for package: com.android.networkstack.tethering.droidlogic
06-24 20:51:50.114   591   591 W PackageSettings: Missing permission state for package: com.droidlogic.tv.settings.resoverlay
06-24 20:51:50.114   591   591 W PackageSettings: Missing permission state for package: com.google.android.overlay.modules.permissioncontroller.forframework
06-24 20:51:50.115   591   591 W PackageSettings: Missing permission state for package: com.droidlogic.wifitetheringoverlay
06-24 20:51:50.115   591   591 W PackageSettings: Missing permission state for package: com.android.networkstack.tethering.inprocess.droidlogic
06-24 20:51:50.115   591   591 W PackageSettings: Missing permission state for package: com.android.cts.ctsshim
06-24 20:51:50.115   591   591 W PackageSettings: Missing permission state for package: com.google.android.overlay.modules.modulemetadata.forframework
06-24 20:51:50.115   591   591 W PackageSettings: Missing permission state for package: com.skw.android.overlay
06-24 20:51:50.116   591   591 W PackageSettings: Missing permission state for package: com.skw.providers.settings.overlay
06-24 20:51:50.116   591   591 W PackageSettings: Missing permission state for package: com.droidlogic.overlay
06-24 20:51:50.117   591   591 W PackageSettings: Missing permission state for shared user: android.uid.log
06-24 20:51:50.117   591   591 W PackageSettings: Missing permission state for shared user: android.uid.nfc
06-24 20:51:50.118   591   591 W PackageSettings: Missing permission state for shared user: android.uid.uwb
06-24 20:51:50.120   591   591 W PackageSettings: Missing permission state for shared user: android.uid.phone
06-24 20:51:50.123   591   591 D PackageManagerTiming: read user settings took to complete: 369ms
06-24 20:51:50.128   591   591 W android.permission.PermissionManager: Missing ActivityManager; assuming 1000 holds android.permission.WATCH_APPOPS
06-24 20:51:50.129   591   591 W android.permission.PermissionManager: Missing ActivityManager; assuming 1000 holds android.permission.WATCH_APPOPS
06-24 20:51:50.141   591   591 D CompatibilityChangeReporter: Compat change id reported: 143539591; UID -1; state: ENABLED
06-24 20:51:50.185   591   591 W PackageManager: Failed to parse /product/overlay/TvWifiOverlay.apk: /product/overlay/TvWifiOverlay.apk (at Binary XML file line #23): <overlay> priority must be between 0 and 9999
06-24 20:51:50.189   591   591 W PackageManager: Failed to parse /product/overlay/TvFrameworkOverlay.apk: /product/overlay/TvFrameworkOverlay.apk (at Binary XML file line #23): <overlay> priority must be between 0 and 9999
06-24 20:51:50.202   591   591 W PackageManager: Failed to parse /system/framework/arm: Missing base APK in /system/framework/arm
06-24 20:51:50.202   591   591 W PackageManager: Failed to parse /system/framework/oat: Missing base APK in /system/framework/oat/arm
06-24 20:51:50.418   591   591 D CompatibilityChangeReporter: Compat change id reported: 143539591; UID -1; state: DISABLED
06-24 20:51:50.419   591   591 D CompatibilityChangeReporter: Compat change id reported: 168782947; UID -1; state: DISABLED
06-24 20:51:50.458   591   656 D CompatibilityChangeReporter: Compat change id reported: 150232615; UID -1; state: DISABLED
06-24 20:51:50.536     0     0 E [   21.287691@3]  init: Control message: Could not find 'aidl/package_native' for ctl.interface_start from pid: 220 (/system/bin/servicemanager)
06-24 20:51:50.576   591   591 D CompatibilityChangeReporter: Compat change id reported: 168782947; UID -1; state: ENABLED
06-24 20:51:50.596   591   591 W PackageManager: Failed to scan /system/priv-app/MiradaDisneyplus: Package com.disney.disneyplus at /system/priv-app/MiradaDisneyplus ignored: updated version 1749764930 better than this 21100800
06-24 20:51:50.691   591   659 W PackageParsing: Ignoring duplicate uses-permissions/uses-permissions-sdk-m: android.permission.ACCESS_WIFI_STATE in package: com.skyworth.xmppservice at: Binary XML file line #21
06-24 20:51:50.694   591   591 W PackageManager: Failed to scan /system/app/AmazonVideo: Package com.amazon.amazonvideo.livingroom at /system/app/AmazonVideo ignored: updated version 606020041 better than this 560160161
06-24 20:51:50.771   591   591 W PackageManager: Failed to scan /system/app/SkySuperService: Package com.skyworth.superservice at /system/app/SkySuperService ignored: updated version 32 better than this 30
06-24 20:51:50.782   591   591 W PackageManager: Failed to scan /system/app/MiradaVixTv: Package com.univision.prendetv at /system/app/MiradaVixTv ignored: updated version 2491 better than this 445
06-24 20:51:50.819   591   659 W PackageParsing: Ignoring duplicate uses-permissions/uses-permissions-sdk-m: android.permission.SET_LOW_POWER_STANDBY_PORTS in package: com.google.android.tv.remote.service at: Binary XML file line #78
06-24 20:51:50.831   591   591 W PackageManager: Failed to scan /product/priv-app/AtvRemoteService: Package com.google.android.tv.remote.service at /product/priv-app/AtvRemoteService ignored: updated version 95855506 better than this 95855380
06-24 20:51:50.924   591   591 W PackageManager: Failed to scan /product/priv-app/Katniss: Package com.google.android.katniss at /product/priv-app/Katniss ignored: updated version 15012902 better than this 15002502
06-24 20:51:50.970   591   659 W PackageParsing: No actions in intent-filter at /product/priv-app/SetupWraithPrebuilt/SetupWraithPrebuilt.apk Binary XML file line #234
06-24 20:51:50.982   591   659 I PackageParsing: Parse times for '/product/priv-app/SetupWraithPrebuilt': parse=153ms, update_cache=0 ms
06-24 20:51:50.983   591   591 W PackageManager: Failed to scan /product/priv-app/SetupWraithPrebuilt: Package com.google.android.tungsten.setupwraith at /product/priv-app/SetupWraithPrebuilt ignored: updated version 2018117928 better than this 2018115108
06-24 20:51:51.069   591   659 W PackageParsing: Ignoring duplicate uses-permissions/uses-permissions-sdk-m: android.permission.INTERNET in package: com.google.android.apps.mediashell at: Binary XML file line #29
06-24 20:51:51.088   591   659 I PackageParsing: Parse times for '/product/priv-app/AndroidMediaShell': parse=106ms, update_cache=0 ms
06-24 20:51:51.089   591   591 W PackageManager: Failed to scan /product/priv-app/AndroidMediaShell: Package com.google.android.apps.mediashell at /product/priv-app/AndroidMediaShell ignored: updated version 446070212 better than this 435199212
06-24 20:51:51.275   591   658 I PackageParsing: Parse times for '/product/priv-app/talkback': parse=486ms, update_cache=0 ms
06-24 20:51:51.276   591   591 W PackageManager: Failed to scan /product/priv-app/talkback: Package com.google.android.marvin.talkback at /product/priv-app/talkback ignored: updated version 60146745 better than this 60139641
06-24 20:51:51.290   591   656 I PackageParsing: Parse times for '/product/priv-app/Tubesky': parse=433ms, update_cache=0 ms
06-24 20:51:51.291   591   591 W PackageManager: Failed to scan /product/priv-app/Tubesky: Package com.android.vending at /product/priv-app/Tubesky ignored: updated version 84661918 better than this 84361718
06-24 20:51:51.312   591   657 I PackageParsing: Parse times for '/product/priv-app/PrebuiltGmsCorePano': parse=368ms, update_cache=0 ms
06-24 20:51:51.314   591   591 W PackageManager: Failed to scan /product/priv-app/PrebuiltGmsCorePano: Package com.google.android.gms at /product/priv-app/PrebuiltGmsCorePano ignored: updated version 252331118 better than this 244035110
06-24 20:51:51.352   591   591 W PackageManager: Failed to scan /product/app/YouTubeLeanback: Package com.google.android.youtube.tv at /product/app/YouTubeLeanback ignored: updated version 530301320 better than this 513300320
06-24 20:51:51.450   591   657 I PackageParsing: Parse times for '/product/app/VideosPano': parse=133ms, update_cache=0 ms
06-24 20:51:51.467   591   591 W PackageManager: Failed to scan /product/app/WebViewGoogle: Package com.google.android.webview at /product/app/WebViewGoogle ignored: updated version 715111530 better than this 609923030
06-24 20:51:51.489   591   591 W PackageManager: Failed to scan /product/app/Netflix: Package com.netflix.ninja at /product/app/Netflix ignored: updated version 19894 better than this 17043
06-24 20:51:51.526   591   659 I PackageParsing: Parse times for '/product/app/LatinIMEGoogleTvPrebuilt': parse=129ms, update_cache=0 ms
06-24 20:51:51.527   591   591 W PackageManager: Failed to scan /product/app/LatinIMEGoogleTvPrebuilt: Package com.google.android.inputmethod.latin at /product/app/LatinIMEGoogleTvPrebuilt ignored: updated version 167919105 better than this 148255165
06-24 20:51:51.536     0     0 E [   22.286247@0]  init: Control message: Could not find 'aidl/package_native' for ctl.interface_start from pid: 220 (/system/bin/servicemanager)
06-24 20:51:51.548   591   591 W PackageManager: Failed to scan /product/app/PlayGamesPano: Package com.google.android.play.games at /product/app/PlayGamesPano ignored: updated version 574315470 better than this 537154470
06-24 20:51:51.730   591   659 I PackageParsing: Parse times for '/system_ext/priv-app/DroidTvSettings': parse=180ms, update_cache=0 ms
06-24 20:51:51.742   591   656 I PackageParsing: Parse times for '/system_ext/priv-app/TvSettings': parse=192ms, update_cache=0 ms
06-24 20:51:51.798   591   658 W PackageParsing: Ignoring duplicate uses-permissions/uses-permissions-sdk-m: android.permission.CONFIGURE_WIFI_DISPLAY in package: com.android.systemui at: Binary XML file line #160
06-24 20:51:51.809   591   658 I PackageParsing: Parse times for '/system_ext/priv-app/SystemUI': parse=260ms, update_cache=0 ms
06-24 20:51:51.821   591   591 W PackageManager: Failed to scan /system_ext/app/SkyPlayAutoInstallStub: Package android.autoinstalls.config.AMLSTBAndroid.device at /system_ext/app/SkyPlayAutoInstallStub ignored: updated version 1013 better than this 1
06-24 20:51:52.031   536   586 V BootAnimation: Resizing the boot animation surface to 3840 2160
06-24 20:51:52.032   536   586 V BootAnimation: Surface size has been limited to [1920x1080] from [3840x2160]
06-24 20:51:52.033   536   586 D BootAnimation: bootVideoProp=50, mConfig=0, mVol=50, mMute=0
06-24 20:51:52.059   591   591 I PackageManager: Finished scanning system apps. Time: 1935 ms, packageCount: 102 , timePerPackage: 18 , cached: 0
06-24 20:51:52.072   536   586 D BootAnimation: BootAnimationShownTiming start time: 22823ms
06-24 20:51:52.125   591   591 W PackageManager: Relax SCAN_REQUIRE_KNOWN requirement for package com.amazon.amazonvideo.livingroom
06-24 20:51:52.140     0     0 I         : [   22.893350@2]  [drm] fb mem is freed !
06-24 20:51:52.144     0     0 I         : [   22.897861@1]  [drm] am_meson_free_logo_memory, free memory: addr:0x0x000000007f800000,size:0x800000
06-24 20:51:52.163   591   591 W PackageManager: Relax SCAN_REQUIRE_KNOWN requirement for package com.netflix.ninja
06-24 20:51:52.172   591   657 I PackageParsing: Parse times for '/data/app/~~x4ml79cfbcR50zoQ0gk3ZA==': parse=111ms, update_cache=0 ms
06-24 20:51:52.174   591   591 W PackageManager: Relax SCAN_REQUIRE_KNOWN requirement for package com.google.android.katniss
06-24 20:51:52.177   591   659 W PackageParsing: Ignoring duplicate uses-permissions/uses-permissions-sdk-m: android.permission.INTERNET in package: com.google.android.apps.mediashell at: Binary XML file line #29
06-24 20:51:52.197   591   591 W PackageManager: Relax SCAN_REQUIRE_KNOWN requirement for package com.google.android.apps.mediashell
06-24 20:51:52.207   591   656 W PackageParsing: Ignoring duplicate uses-permissions/uses-permissions-sdk-m: android.permission.SET_LOW_POWER_STANDBY_PORTS in package: com.google.android.tv.remote.service at: Binary XML file line #78
06-24 20:51:52.217   591   591 W PackageManager: Relax SCAN_REQUIRE_KNOWN requirement for package com.skyworth.superservice
06-24 20:51:52.219   591   658 I PackageParsing: Parse times for '/data/app/~~alnLI79JdpsEK8xMN878aQ==': parse=158ms, update_cache=0 ms
06-24 20:51:52.220   591   591 W PackageManager: Relax SCAN_REQUIRE_KNOWN requirement for package com.disney.disneyplus
06-24 20:51:52.223   591   591 W PackageManager: Relax SCAN_REQUIRE_KNOWN requirement for package com.google.android.tv.remote.service
06-24 20:51:52.259   591   591 W PackageManager: Relax SCAN_REQUIRE_KNOWN requirement for package com.google.android.webview
06-24 20:51:52.304   591   591 W PackageManager: Relax SCAN_REQUIRE_KNOWN requirement for package com.google.android.play.games
06-24 20:51:52.404   591   659 I PackageParsing: Parse times for '/data/app/~~DCHMwmtAEX9kl1K7jQrxlw==': parse=202ms, update_cache=0 ms
06-24 20:51:52.404   591   591 W PackageManager: Relax SCAN_REQUIRE_KNOWN requirement for package com.android.vending
06-24 20:51:52.406   591   657 I PackageParsing: Parse times for '/data/app/~~GPOjimguormGFaH5ed4KaA==': parse=187ms, update_cache=0 ms
06-24 20:51:52.411   591   591 W PackageManager: Relax SCAN_REQUIRE_KNOWN requirement for package com.univision.prendetv
06-24 20:51:52.424   591   591 D CompatibilityChangeReporter: Compat change id reported: 133396946; UID -1; state: ENABLED
06-24 20:51:52.440   591   658 I PackageParsing: Parse times for '/data/app/~~2Kn46URJYmR1QX2xyNh3wA==': parse=136ms, update_cache=0 ms
06-24 20:51:52.444   591   591 W PackageManager: Relax SCAN_REQUIRE_KNOWN requirement for package com.google.android.marvin.talkback
06-24 20:51:52.452   591   656 I PackageParsing: Parse times for '/data/app/~~1IXQ3lxhH8_-wHIz-823PQ==': parse=193ms, update_cache=0 ms
06-24 20:51:52.453   591   591 W PackageManager: Relax SCAN_REQUIRE_KNOWN requirement for package com.google.android.inputmethod.latin
06-24 20:51:52.464   591   591 W PackageManager: Relax SCAN_REQUIRE_KNOWN requirement for package com.google.android.youtube.tv
06-24 20:51:52.470   591   591 W PackageManager: Relax SCAN_REQUIRE_KNOWN requirement for package android.autoinstalls.config.AMLSTBAndroid.device
06-24 20:51:52.527   591   658 W PackageParsing: No actions in intent-filter at /data/app/~~9hCrgST-Lx_qvl2SaUoiAw==/com.google.android.tungsten.setupwraith-MDz_HzTe1YDjexpyDr4INw==/base.apk Binary XML file line #234
06-24 20:51:52.540   591   591 W PackageManager: Relax SCAN_REQUIRE_KNOWN requirement for package com.google.android.tungsten.setupwraith
06-24 20:51:52.540     0     0 E [   23.289960@1]  init: Control message: Could not find 'aidl/package_native' for ctl.interface_start from pid: 220 (/system/bin/servicemanager)
06-24 20:51:52.739   591   659 W PackageParsing: Unknown element under <manifest>: uses-sdk at /data/app/~~PUmpTFq8cmRLTsDWJdRmUw==/com.google.android.gms-2XhlXK6Hl55IrAc96CGdeg==/base.apk Binary XML file line #10
06-24 20:51:52.739   591   659 W PackageParsing: Unknown element under <manifest>: module at /data/app/~~PUmpTFq8cmRLTsDWJdRmUw==/com.google.android.gms-2XhlXK6Hl55IrAc96CGdeg==/base.apk Binary XML file line #14
06-24 20:51:52.742   591   659 W PackageParsing: Unknown element under <manifest>: uses-sdk at /data/app/~~PUmpTFq8cmRLTsDWJdRmUw==/com.google.android.gms-2XhlXK6Hl55IrAc96CGdeg==/base.apk Binary XML file line #3
06-24 20:51:52.742   591   659 W PackageParsing: Unknown element under <manifest>: module at /data/app/~~PUmpTFq8cmRLTsDWJdRmUw==/com.google.android.gms-2XhlXK6Hl55IrAc96CGdeg==/base.apk Binary XML file line #5
06-24 20:51:52.743   591   659 W PackageParsing: Unknown element under <manifest>: permission at /data/app/~~PUmpTFq8cmRLTsDWJdRmUw==/com.google.android.gms-2XhlXK6Hl55IrAc96CGdeg==/base.apk Binary XML file line #15
06-24 20:51:52.743   591   659 W PackageParsing: Unknown element under <manifest>: compatible-screens at /data/app/~~PUmpTFq8cmRLTsDWJdRmUw==/com.google.android.gms-2XhlXK6Hl55IrAc96CGdeg==/base.apk Binary XML file line #20
06-24 20:51:52.746   591   659 W PackageParsing: Unknown element under <manifest>: uses-sdk at /data/app/~~PUmpTFq8cmRLTsDWJdRmUw==/com.google.android.gms-2XhlXK6Hl55IrAc96CGdeg==/base.apk Binary XML file line #3
06-24 20:51:52.746   591   659 W PackageParsing: Unknown element under <manifest>: module at /data/app/~~PUmpTFq8cmRLTsDWJdRmUw==/com.google.android.gms-2XhlXK6Hl55IrAc96CGdeg==/base.apk Binary XML file line #5
06-24 20:51:52.746   591   659 W PackageParsing: Unknown element under <manifest>: permission at /data/app/~~PUmpTFq8cmRLTsDWJdRmUw==/com.google.android.gms-2XhlXK6Hl55IrAc96CGdeg==/base.apk Binary XML file line #15
06-24 20:51:52.746   591   659 W PackageParsing: Unknown element under <manifest>: compatible-screens at /data/app/~~PUmpTFq8cmRLTsDWJdRmUw==/com.google.android.gms-2XhlXK6Hl55IrAc96CGdeg==/base.apk Binary XML file line #20
06-24 20:51:52.750   591   659 W PackageParsing: Unknown element under <manifest>: uses-sdk at /data/app/~~PUmpTFq8cmRLTsDWJdRmUw==/com.google.android.gms-2XhlXK6Hl55IrAc96CGdeg==/base.apk Binary XML file line #3
06-24 20:51:52.750   591   659 W PackageParsing: Unknown element under <manifest>: module at /data/app/~~PUmpTFq8cmRLTsDWJdRmUw==/com.google.android.gms-2XhlXK6Hl55IrAc96CGdeg==/base.apk Binary XML file line #5
06-24 20:51:52.750   591   659 W PackageParsing: Unknown element under <manifest>: permission at /data/app/~~PUmpTFq8cmRLTsDWJdRmUw==/com.google.android.gms-2XhlXK6Hl55IrAc96CGdeg==/base.apk Binary XML file line #15
06-24 20:51:52.750   591   659 W PackageParsing: Unknown element under <manifest>: compatible-screens at /data/app/~~PUmpTFq8cmRLTsDWJdRmUw==/com.google.android.gms-2XhlXK6Hl55IrAc96CGdeg==/base.apk Binary XML file line #20
06-24 20:51:52.754   591   659 W PackageParsing: Unknown element under <manifest>: uses-sdk at /data/app/~~PUmpTFq8cmRLTsDWJdRmUw==/com.google.android.gms-2XhlXK6Hl55IrAc96CGdeg==/base.apk Binary XML file line #3
06-24 20:51:52.754   591   659 W PackageParsing: Unknown element under <manifest>: module at /data/app/~~PUmpTFq8cmRLTsDWJdRmUw==/com.google.android.gms-2XhlXK6Hl55IrAc96CGdeg==/base.apk Binary XML file line #5
06-24 20:51:52.754   591   659 W PackageParsing: Unknown element under <manifest>: permission at /data/app/~~PUmpTFq8cmRLTsDWJdRmUw==/com.google.android.gms-2XhlXK6Hl55IrAc96CGdeg==/base.apk Binary XML file line #15
06-24 20:51:52.754   591   659 W PackageParsing: Unknown element under <manifest>: compatible-screens at /data/app/~~PUmpTFq8cmRLTsDWJdRmUw==/com.google.android.gms-2XhlXK6Hl55IrAc96CGdeg==/base.apk Binary XML file line #20
06-24 20:51:52.757   591   659 W PackageParsing: Unknown element under <manifest>: uses-sdk at /data/app/~~PUmpTFq8cmRLTsDWJdRmUw==/com.google.android.gms-2XhlXK6Hl55IrAc96CGdeg==/base.apk Binary XML file line #3
06-24 20:51:52.757   591   659 W PackageParsing: Unknown element under <manifest>: module at /data/app/~~PUmpTFq8cmRLTsDWJdRmUw==/com.google.android.gms-2XhlXK6Hl55IrAc96CGdeg==/base.apk Binary XML file line #5
06-24 20:51:52.757   591   659 W PackageParsing: Unknown element under <manifest>: permission at /data/app/~~PUmpTFq8cmRLTsDWJdRmUw==/com.google.android.gms-2XhlXK6Hl55IrAc96CGdeg==/base.apk Binary XML file line #15
06-24 20:51:52.757   591   659 W PackageParsing: Unknown element under <manifest>: compatible-screens at /data/app/~~PUmpTFq8cmRLTsDWJdRmUw==/com.google.android.gms-2XhlXK6Hl55IrAc96CGdeg==/base.apk Binary XML file line #20
06-24 20:51:52.761   591   659 W PackageParsing: Unknown element under <manifest>: uses-sdk at /data/app/~~PUmpTFq8cmRLTsDWJdRmUw==/com.google.android.gms-2XhlXK6Hl55IrAc96CGdeg==/base.apk Binary XML file line #3
06-24 20:51:52.761   591   659 W PackageParsing: Unknown element under <manifest>: module at /data/app/~~PUmpTFq8cmRLTsDWJdRmUw==/com.google.android.gms-2XhlXK6Hl55IrAc96CGdeg==/base.apk Binary XML file line #5
06-24 20:51:52.761   591   659 W PackageParsing: Unknown element under <manifest>: permission at /data/app/~~PUmpTFq8cmRLTsDWJdRmUw==/com.google.android.gms-2XhlXK6Hl55IrAc96CGdeg==/base.apk Binary XML file line #15
06-24 20:51:52.761   591   659 W PackageParsing: Unknown element under <manifest>: compatible-screens at /data/app/~~PUmpTFq8cmRLTsDWJdRmUw==/com.google.android.gms-2XhlXK6Hl55IrAc96CGdeg==/base.apk Binary XML file line #20
06-24 20:51:52.764   591   659 W PackageParsing: Unknown element under <manifest>: uses-sdk at /data/app/~~PUmpTFq8cmRLTsDWJdRmUw==/com.google.android.gms-2XhlXK6Hl55IrAc96CGdeg==/base.apk Binary XML file line #3
06-24 20:51:52.764   591   659 W PackageParsing: Unknown element under <manifest>: module at /data/app/~~PUmpTFq8cmRLTsDWJdRmUw==/com.google.android.gms-2XhlXK6Hl55IrAc96CGdeg==/base.apk Binary XML file line #5
06-24 20:51:52.764   591   659 W PackageParsing: Unknown element under <manifest>: permission at /data/app/~~PUmpTFq8cmRLTsDWJdRmUw==/com.google.android.gms-2XhlXK6Hl55IrAc96CGdeg==/base.apk Binary XML file line #15
06-24 20:51:52.765   591   659 W PackageParsing: Unknown element under <manifest>: compatible-screens at /data/app/~~PUmpTFq8cmRLTsDWJdRmUw==/com.google.android.gms-2XhlXK6Hl55IrAc96CGdeg==/base.apk Binary XML file line #21
06-24 20:51:52.769   591   659 I PackageParsing: Parse times for '/data/app/~~PUmpTFq8cmRLTsDWJdRmUw==': parse=348ms, update_cache=0 ms
06-24 20:51:52.770   591   591 W PackageManager: Relax SCAN_REQUIRE_KNOWN requirement for package com.google.android.gms
06-24 20:51:52.787   591   591 I PackageManager: Finished scanning non-system apps. Time: 727 ms, packageCount: 18 , timePerPackage: 40 , cached: 0
06-24 20:51:52.800   591   591 I PackageManager: Time to scan packages: 2.675 seconds
06-24 20:51:52.830   591   591 I PackageManager: Permission ownership changed. Updating all permissions.
06-24 20:51:52.890   591   591 V PackageManager: reconcileAppsData for null u0 0x1 migrateAppData=true
06-24 20:51:52.982   591   591 V PackageManager: reconcileAppsData finished 13 packages
06-24 20:51:52.983   591   591 I PackageManagerTiming: write settings
06-24 20:51:52.983   591   674 I SystemServerTimingAsync: InitThreadPoolExec:prepareAppData
06-24 20:51:52.983   591   674 D SystemServerInitThreadPool: Started executing prepareAppData
06-24 20:51:53.068   591   591 D PackageManagerTiming: write settings took to complete: 85ms
06-24 20:51:53.076   591   591 V PackageManager: Ephemeral resolver found; pkg: com.google.android.gms, info:ResolveInfo{cc5ac3e com.google.android.gms/.chimera.PersistentBoundBrokerService m=0x108000}
06-24 20:51:53.076   591   591 D PackageManager: Set ephemeral resolver: ComponentInfo{com.google.android.gms/com.google.android.gms.chimera.PersistentBoundBrokerService}
06-24 20:51:53.079   591   591 D PackageManager: Instant App installer not found with android.intent.action.INSTALL_INSTANT_APP_PACKAGE_TEST
06-24 20:51:53.079   591   591 D PackageManager: Set ephemeral installer activity: ComponentInfo{com.android.vending/com.google.android.finsky.instantapps.EphemeralInstallerActivity}
06-24 20:51:53.094   591   591 I PackageManagerTiming: GC
06-24 20:51:53.094   591   591 D PackageManagerTiming: GC took to complete: 0ms
06-24 20:51:53.094   591   591 I PackageManager: Fix for b/169414761 is applied
06-24 20:51:53.095   591   591 D PackageManagerTiming: create package manager took to complete: 3404ms
06-24 20:51:53.095   591   591 V UserManagerService: Checking that all system packages are whitelisted.
06-24 20:51:53.096   591   591 V UserManagerService: checkWhitelistedSystemPackages(mode=ENFORCE|IMPLICIT_WHITELIST|IMPLICIT_WHITELIST_SYSTEM) has no warnings
06-24 20:51:53.099   591   591 I Watchdog: Resuming HandlerChecker: main thread for reason: packagemanagermain. Pause count: 0
06-24 20:51:53.100   591   591 I SystemServerDexLoadReporter: Configuring system server dex reporter
06-24 20:51:53.114   591   591 D SystemServerTiming: StartPackageManagerService took to complete: 3430ms
06-24 20:51:53.114   591   591 I SystemServerTiming: StartOtaDexOptService
06-24 20:51:53.114   591   591 I Watchdog: Pausing HandlerChecker: main thread for reason: moveab. Pause count: 1
06-24 20:51:53.116   591   591 D OTADexopt: No upgrade, skipping A/B artifacts check.
06-24 20:51:53.117   591   591 I Watchdog: Resuming HandlerChecker: main thread for reason: moveab. Pause count: 0
06-24 20:51:53.117   591   591 D SystemServerTiming: StartOtaDexOptService took to complete: 3ms
06-24 20:51:53.117   591   591 I SystemServerTiming: StartUserManagerService
06-24 20:51:53.117   591   591 I SystemServiceManager: Starting com.android.server.pm.UserManagerService$LifeCycle
06-24 20:51:53.118   591   591 D SystemServerTiming: StartUserManagerService took to complete: 0ms
06-24 20:51:53.118   591   591 I SystemServerTiming: InitAttributerCache
06-24 20:51:53.118   591   591 D SystemServerTiming: InitAttributerCache took to complete: 0ms
06-24 20:51:53.119   591   591 I SystemServerTiming: SetSystemProcess
06-24 20:51:53.122   591   607 V HistoricalRegistry: Interaction before persistence initialized
06-24 20:51:53.132   591   631 I ActivityManager: Connection with lmkd established
06-24 20:51:53.142   591   591 D SystemServerTiming: SetSystemProcess took to complete: 24ms
06-24 20:51:53.143   591   591 I SystemServerTiming: InitWatchdog
06-24 20:51:53.144   591   591 D SystemServerTiming: InitWatchdog took to complete: 0ms
06-24 20:51:53.145   591   607 V HistoricalRegistry: Interaction before persistence initialized
06-24 20:51:53.165   591   591 I SystemServerTiming: StartOverlayManagerService
06-24 20:51:53.260   591   591 D SystemServerTiming: StartOverlayManagerService took to complete: 95ms
06-24 20:51:53.261   591   591 I SystemServerTiming: StartSensorPrivacyService
06-24 20:51:53.268   591   591 D SystemServerTiming: StartSensorPrivacyService took to complete: 7ms
06-24 20:51:53.268   591   591 I SystemServerTiming: StartSensorService
06-24 20:51:53.269   591   591 I SystemServiceManager: Starting com.android.server.sensors.SensorService
06-24 20:51:53.269   591   591 D SystemServerTiming: StartSensorService took to complete: 1ms
06-24 20:51:53.269   591   591 D SystemServerTiming: startBootstrapServices took to complete: 4446ms
06-24 20:51:53.270   591   591 I SystemServerTiming: startCoreServices
06-24 20:51:53.270   591   591 I SystemServerTiming: StartSystemConfigService
06-24 20:51:53.270   591   591 I SystemServiceManager: Starting com.android.server.SystemConfigService
06-24 20:51:53.270   591   679 I SystemServerTimingAsync: InitThreadPoolExec:StartNativeSensorService
06-24 20:51:53.270   591   679 D SystemServerInitThreadPool: Started executing StartNativeSensorService
06-24 20:51:53.270   591   679 I SystemServerTimingAsync: StartNativeSensorService
06-24 20:51:53.271   591   591 D SystemServerTiming: StartSystemConfigService took to complete: 1ms
06-24 20:51:53.271   591   591 I SystemServerTiming: StartBatteryService
06-24 20:51:53.271   591   591 I SystemServiceManager: Starting com.android.server.BatteryService
06-24 20:51:53.277   591   679 D SystemServerTimingAsync: StartNativeSensorService took to complete: 7ms
06-24 20:51:53.277   591   679 D SystemServerInitThreadPool: Finished executing StartNativeSensorService
06-24 20:51:53.277   591   679 D SystemServerTimingAsync: InitThreadPoolExec:StartNativeSensorService took to complete: 8ms
06-24 20:51:53.292     0     0 W [   24.043276@1]  healthd: battery none chg=a
06-24 20:51:53.294   591   591 I HealthServiceWrapper: health: HealthServiceWrapper listening to instance default
06-24 20:51:53.295   591   591 I BatteryService: health: Waited 0ms and received the update.
06-24 20:51:53.299   591   591 D SystemServerTiming: StartBatteryService took to complete: 28ms
06-24 20:51:53.300   591   591 I SystemServerTiming: StartUsageService
06-24 20:51:53.300   591   591 I SystemServiceManager: Starting com.android.server.usage.UsageStatsService
06-24 20:51:53.315   591   591 D SystemServerTiming: StartUsageService took to complete: 15ms
06-24 20:51:53.316   591   591 I SystemServerTiming: StartWebViewUpdateService
06-24 20:51:53.316   591   591 I SystemServiceManager: Starting com.android.server.webkit.WebViewUpdateService
06-24 20:51:53.322   591   591 D SystemServerTiming: StartWebViewUpdateService took to complete: 6ms
06-24 20:51:53.322   591   591 I SystemServerTiming: StartCachedDeviceStateService
06-24 20:51:53.323   591   591 I SystemServiceManager: Starting com.android.server.CachedDeviceStateService
06-24 20:51:53.323   591   591 D SystemServerTiming: StartCachedDeviceStateService took to complete: 0ms
06-24 20:51:53.323   591   591 I SystemServerTiming: StartBinderCallsStatsService
06-24 20:51:53.323   591   591 I SystemServiceManager: Starting com.android.server.BinderCallsStatsService$LifeCycle
06-24 20:51:53.325   591   591 D SystemServerTiming: StartBinderCallsStatsService took to complete: 3ms
06-24 20:51:53.326   591   591 I SystemServerTiming: StartLooperStatsService
06-24 20:51:53.326   591   591 I SystemServiceManager: Starting com.android.server.LooperStatsService$Lifecycle
06-24 20:51:53.327   591   591 D SystemServerTiming: StartLooperStatsService took to complete: 2ms
06-24 20:51:53.327   591   591 I SystemServerTiming: StartRollbackManagerService
06-24 20:51:53.328   591   591 I SystemServiceManager: Starting com.android.server.rollback.RollbackManagerService
06-24 20:51:53.341   591   591 I PackageWatchdog: Syncing state, reason: added new observer
06-24 20:51:53.341   591   591 I PackageWatchdog: Not pruning observers, elapsed time: 0ms
06-24 20:51:53.403   591   628 I PackageWatchdog: Saving observer state to file
06-24 20:51:53.415   591   591 W SystemServiceManager: Service com.android.server.rollback.RollbackManagerService took 87 ms in onStart
06-24 20:51:53.415   591   591 D SystemServerTiming: StartRollbackManagerService took to complete: 88ms
06-24 20:51:53.415   591   591 I SystemServerTiming: StartNativeTombstoneManagerService
