06-25 22:02:58.858  4097  4097 D Zygote32Timing: PreloadClasses took to complete: 2927ms
06-25 22:02:58.866  4097  4097 D ApplicationLoaders: Created zygote-cached class loader: /system/framework/android.hidl.base-V1.0-java.jar
06-25 22:02:58.872  4097  4097 D ApplicationLoaders: Created zygote-cached class loader: /system/framework/android.hidl.manager-V1.0-java.jar
06-25 22:02:58.879  4097  4097 D ApplicationLoaders: Created zygote-cached class loader: /system/framework/android.test.base.jar
06-25 22:02:58.879  4097  4097 D Zygote32Timing: CacheNonBootClasspathClassLoaders took to complete: 21ms
06-25 22:02:58.879  4097  4097 I Zygote  : Preloading resources...
06-25 22:02:58.889  4095  4095 W ServiceManager: Service statscompanion didn't start. Returning NULL
06-25 22:02:58.902  4097  4097 W Resources: Preloaded drawable resource #0x1080285 (android:drawable/dialog_background_material) that varies with configuration!!
06-25 22:02:58.937  4097  4097 I Zygote  : ...preloaded 64 resources in 58ms.
06-25 22:02:58.944  4095  4095 W statsd  : StatsPullerManager: Unknown tagId 10001
06-25 22:02:58.944  4095  4095 E statsd  : Stats puller failed for tag: 10001 at 14775472298
06-25 22:02:58.944  4095  4095 W statsd  : StatsPullerManager: Unknown tagId 10001
06-25 22:02:58.944  4095  4095 E statsd  : Stats puller failed for tag: 10001 at 14775472298
06-25 22:02:58.944  4095  4095 W statsd  : StatsPullerManager: Unknown tagId 10000
06-25 22:02:58.944  4097  4097 I Zygote  : ...preloaded 41 resources in 6ms.
06-25 22:02:58.944  4095  4095 E statsd  : Stats puller failed for tag: 10000 at 14775472298
06-25 22:02:58.944  4095  4095 W statsd  : StatsPullerManager: Unknown tagId 10082
06-25 22:02:58.944  4097  4097 D Zygote32Timing: PreloadResources took to complete: 65ms
06-25 22:02:58.944  4095  4095 E statsd  : Stats puller failed for tag: 10082 at 14775472298
06-25 22:02:58.944  4095  4095 W statsd  : StatsPullerManager: Unknown tagId 10118
06-25 22:02:58.944  4095  4095 E statsd  : Stats puller failed for tag: 10118 at 14775472298
06-25 22:02:58.944  4095  4095 W statsd  : StatsPullerManager: Unknown tagId 10119
06-25 22:02:58.944  4095  4095 E statsd  : Stats puller failed for tag: 10119 at 14775472298
06-25 22:02:58.944  4095  4095 W statsd  : StatsPullerManager: Unknown tagId 10120
06-25 22:02:58.944  4095  4095 E statsd  : Stats puller failed for tag: 10120 at 14775472298
06-25 22:02:58.944  4095  4095 W statsd  : StatsPullerManager: Unknown tagId 10121
06-25 22:02:58.944  4095  4095 E statsd  : Stats puller failed for tag: 10121 at 14775472298
06-25 22:02:58.944  4095  4095 W statsd  : StatsPullerManager: Unknown tagId 10122
06-25 22:02:58.944  4095  4095 E statsd  : Stats puller failed for tag: 10122 at 14775472298
06-25 22:02:58.944  4095  4095 W statsd  : StatsPullerManager: Unknown tagId 10123
06-25 22:02:58.944  4095  4095 E statsd  : Stats puller failed for tag: 10123 at 14775472298
06-25 22:02:58.944  4095  4095 W statsd  : StatsPullerManager: Unknown tagId 10103
06-25 22:02:58.944  4095  4095 E statsd  : Stats puller failed for tag: 10103 at 14775472298
06-25 22:02:58.944  4095  4095 W statsd  : StatsPullerManager: Unknown tagId 10124
06-25 22:02:58.944  4095  4095 E statsd  : Stats puller failed for tag: 10124 at 14775472298
06-25 22:02:58.944  4095  4095 W statsd  : StatsPullerManager: Unknown tagId 10125
06-25 22:02:58.944  4095  4095 E statsd  : Stats puller failed for tag: 10125 at 14775472298
06-25 22:02:58.944  4095  4095 W statsd  : StatsPullerManager: Unknown tagId 10193
06-25 22:02:58.944  4095  4095 E statsd  : Gauge Stats puller failed for tag: 10193 at 14775472298
06-25 22:02:58.944  4095  4095 W statsd  : StatsPullerManager: Unknown tagId 10068
06-25 22:02:58.945  4095  4095 E statsd  : Gauge Stats puller failed for tag: 10068 at 14775472298
06-25 22:02:58.945  4095  4095 W statsd  : StatsPullerManager: Unknown tagId 10205
06-25 22:02:58.945  4095  4095 E statsd  : Gauge Stats puller failed for tag: 10205 at 14775472298
06-25 22:02:58.945  4095  4095 W statsd  : StatsPullerManager: Unknown tagId 10042
06-25 22:02:58.945  4095  4095 E statsd  : Gauge Stats puller failed for tag: 10042 at 14775472298
06-25 22:02:58.945  4095  4095 W statsd  : StatsPullerManager: Unknown tagId 10078
06-25 22:02:58.945  4095  4095 E statsd  : Gauge Stats puller failed for tag: 10078 at 14775472298
06-25 22:02:58.945  4095  4095 W statsd  : StatsPullerManager: Unknown tagId 10092
06-25 22:02:58.945  4095  4095 E statsd  : Gauge Stats puller failed for tag: 10092 at 14775472298
06-25 22:02:58.945  4095  4095 W statsd  : StatsPullerManager: Unknown tagId 10049
06-25 22:02:58.945  4095  4095 E statsd  : Gauge Stats puller failed for tag: 10049 at 14775472298
06-25 22:02:58.945  4095  4095 W statsd  : StatsPullerManager: Unknown tagId 10021
06-25 22:02:58.945  4095  4095 E statsd  : Gauge Stats puller failed for tag: 10021 at 14775472298
06-25 22:02:58.945  4095  4095 W statsd  : StatsPullerManager: Unknown tagId 10106
06-25 22:02:58.945  4095  4095 E statsd  : Gauge Stats puller failed for tag: 10106 at 14775472298
06-25 22:02:58.945  4095  4095 W statsd  : StatsPullerManager: Unknown tagId 10063
06-25 22:02:58.945  4095  4095 E statsd  : Gauge Stats puller failed for tag: 10063 at 14775472298
06-25 22:02:58.945  4095  4095 W statsd  : StatsPullerManager: Unknown tagId 10062
06-25 22:02:58.945  4095  4095 E statsd  : Gauge Stats puller failed for tag: 10062 at 14775472298
06-25 22:02:58.945  4095  4095 W statsd  : StatsPullerManager: Unknown tagId 10080
06-25 22:02:58.945  4095  4095 E statsd  : Gauge Stats puller failed for tag: 10080 at 14775472298
06-25 22:02:58.945  4095  4095 W statsd  : StatsPullerManager: Unknown tagId 10092
06-25 22:02:58.945  4095  4095 E statsd  : Gauge Stats puller failed for tag: 10092 at 14775472298
06-25 22:02:58.945  4095  4095 W statsd  : StatsPullerManager: Unknown tagId 10084
06-25 22:02:58.945  4095  4095 E statsd  : Gauge Stats puller failed for tag: 10084 at 14775472298
06-25 22:02:58.972  4097  4097 D libEGL  : loaded /vendor/lib/egl/libGLES_mali.so
06-25 22:02:58.975  4095  4095 W statsd  : StatsPullerManager: Unknown tagId 10089
06-25 22:02:58.976  4095  4095 E statsd  : Gauge Stats puller failed for tag: 10089 at 14811786298
06-25 22:02:58.976  4095  4095 W statsd  : StatsPullerManager: Unknown tagId 10086
06-25 22:02:58.976  4095  4095 E statsd  : Gauge Stats puller failed for tag: 10086 at 14811786298
06-25 22:02:58.976  4095  4095 W statsd  : StatsPullerManager: Unknown tagId 10087
06-25 22:02:58.976  4095  4095 E statsd  : Gauge Stats puller failed for tag: 10087 at 14811786298
06-25 22:02:58.976  4095  4095 W statsd  : StatsPullerManager: Unknown tagId 10157
06-25 22:02:58.976  4095  4095 E statsd  : Gauge Stats puller failed for tag: 10157 at 14811786298
06-25 22:02:58.976  4095  4095 W statsd  : StatsPullerManager: Unknown tagId 10158
06-25 22:02:58.976  4095  4095 E statsd  : Gauge Stats puller failed for tag: 10158 at 14811786298
06-25 22:02:58.976  4095  4095 W statsd  : StatsPullerManager: Unknown tagId 10076
06-25 22:02:58.976  4095  4095 E statsd  : Gauge Stats puller failed for tag: 10076 at 14811786298
06-25 22:02:58.978  4095  4095 W statsd  : No active metric for config (10058 175721243)
06-25 22:02:58.979  4095  4095 I statsd  : Statsd starts to listen to socket.
06-25 22:02:59.072  4097  4097 I Zygote  : Preloading shared libraries...
06-25 22:02:59.083  4097  4097 I Zygote  : Called ZygoteHooks.endPreload()
06-25 22:02:59.084  4097  4097 I Zygote  : Installed AndroidKeyStoreProvider in 0ms.
06-25 22:02:59.096  4097  4097 I Zygote  : Warmed up JCA providers in 12ms.
06-25 22:02:59.096  4097  4097 D Zygote  : end preload
06-25 22:02:59.096  4097  4097 D Zygote32Timing: ZygotePreload took to complete: 3421ms
06-25 22:02:59.224  4097  4097 I zygote  : Explicit concurrent copying GC freed 65557(3748KB) AllocSpace objects, 1(16KB) LOS objects, 49% free, 8823KB/17MB, paused 89us total 128.303ms
06-25 22:02:59.312  4245  4245 W ServiceManager: Waited one second for package_native (is service started? are binder threads started and available?)
06-25 22:02:59.312  3819  3819 I servicemanager: Since 'package_native' could not be found, trying to start it as a lazy AIDL service
06-25 22:02:59.313  3819  4372 W libc    : Unable to set property "ctl.interface_start" to "aidl/package_native": error code: 0x20
06-25 22:02:59.313  3819  4372 I servicemanager: Tried to start aidl service package_native as a lazy service, but was unable to. Usually this happens when a service is not installed, but if the service is intended to be used as a lazy service, then it may be configured incorrectly.
06-25 22:02:59.314     0     0 E [   15.204714@2]- init: Control message: Could not find 'aidl/package_native' for ctl.interface_start from pid: 3819 (/system/bin/servicemanager)
06-25 22:02:59.338  4097  4097 I zygote  : Explicit concurrent copying GC freed 8719(324KB) AllocSpace objects, 1(28KB) LOS objects, 49% free, 8502KB/16MB, paused 68us total 110.664ms
06-25 22:02:59.338  4097  4097 D Zygote32Timing: PostZygoteInitGC took to complete: 242ms
06-25 22:02:59.338  4097  4097 D Zygote32Timing: ZygoteInit took to complete: 3681ms
06-25 22:02:59.483  4097  4097 I zygote  : Background concurrent copying GC freed 143(48KB) AllocSpace objects, 0(0B) LOS objects, 49% free, 8502KB/16MB, paused 67us total 111.463ms
06-25 22:02:59.605  4097  4097 D Zygote  : Forked child process 4374
06-25 22:02:59.605  4097  4097 I Zygote  : System server process 4374 has been created
06-25 22:02:59.607  4097  4097 I Zygote  : Accepting command socket connections
06-25 22:02:59.751  4031  4047 I keystore2: keystore2::watchdog: Watchdog thread idle -> terminating. Have a great day.
06-25 22:02:59.928  4374  4374 W system_server: Failed to upload odrefresh metrics: metrics file '/data/misc/odrefresh/odrefresh-metrics.txt' could not be opened: No such file or directory
06-25 22:02:59.934  4276  4297 I adbd    : jdwp connection from 4374
06-25 22:02:59.947  4374  4374 D ProcessState: Binder ioctl to enable oneway spam detection failed: Invalid argument
06-25 22:02:59.950     0     0 I [   15.838269@3]- binder: 4374:4374 ioctl 40046210 ffd20c78 returned -22
06-25 22:03:00.002  4374  4374 I SystemServerTiming: InitBeforeStartServices
06-25 22:03:00.007  4374  4374 I SystemServer: Entered the Android system server!
06-25 22:03:00.150  4243  4263 W ServiceManager: Service package_native didn't start. Returning NULL
06-25 22:03:00.150  4243  4263 E ServiceUtilities: getInfo: Cannot find package_native
06-25 22:03:00.150  4243  4263 W AudioAnalytics: (key=audio.flinger) Audioflinger constructor event detected
06-25 22:03:00.255  4374  4374 E UsbAlsaJackDetectorJNI: Can't register UsbAlsaJackDetector native methods
06-25 22:03:00.274  4374  4374 I SystemServerInitThreadPool: Creating instance with 4 threads
06-25 22:03:00.312  4245  4245 W ServiceManager: Waited one second for package_native (is service started? are binder threads started and available?)
06-25 22:03:00.313  3819  3819 I servicemanager: Since 'package_native' could not be found, trying to start it as a lazy AIDL service
06-25 22:03:00.315  3819  4393 W libc    : Unable to set property "ctl.interface_start" to "aidl/package_native": error code: 0x20
06-25 22:03:00.315  3819  4393 I servicemanager: Tried to start aidl service package_native as a lazy service, but was unable to. Usually this happens when a service is not installed, but if the service is intended to be used as a lazy service, then it may be configured incorrectly.
06-25 22:03:00.318     0     0 E [   16.206481@0]- init: Control message: Could not find 'aidl/package_native' for ctl.interface_start from pid: 3819 (/system/bin/servicemanager)
06-25 22:03:00.741  4248  4248 W ServiceManager: Service package_native didn't start. Returning NULL
06-25 22:03:00.742  4248  4248 E storaged: getService package_native failed
06-25 22:03:00.743  4149  4149 I health2 : /sys/class/mmc_host/emmc/emmc:0001/rev:0x8
06-25 22:03:00.743  4149  4149 I health2 : /sys/class/mmc_host/emmc/emmc:0001/name:8GTF4R
06-25 22:03:00.744  4149  4149 I health2 : /sys/class/mmc_host/emmc/emmc:0001/life_time:0x03 0x03
06-25 22:03:00.744  4149  4149 I health2 : /sys/class/mmc_host/emmc/emmc:0001/pre_eol_info:01
06-25 22:03:00.744  4149  4149 E health2 : /sys/block/sda/stat: ReadFileToString failed.
06-25 22:03:00.744  4149  4149 I health2 : /sys/class/mmc_host/emmc/emmc:0001/rev:0x8
06-25 22:03:00.744  4149  4149 I health2 : /sys/class/mmc_host/emmc/emmc:0001/name:8GTF4R
06-25 22:03:00.745  4149  4149 I health2 : /sys/class/mmc_host/emmc/emmc:0001/life_time:0x03 0x03
06-25 22:03:00.745  4149  4149 I health2 : /sys/class/mmc_host/emmc/emmc:0001/pre_eol_info:01
06-25 22:03:00.745  4248  4395 I storaged: storaged: Start
06-25 22:03:00.746  4149  4149 E health2 : /sys/block/sda/stat: ReadFileToString failed.
06-25 22:03:00.748  4248  4395 I ServiceManager: Waiting for service 'package_native' on '/dev/binder'...
06-25 22:03:00.805  4374  4374 D SystemServerTiming: InitBeforeStartServices took to complete: 803ms
06-25 22:03:00.805  4374  4374 I SystemServerTiming: StartServices
06-25 22:03:00.805  4374  4374 I SystemServerTiming: startBootstrapServices
06-25 22:03:00.805  4374  4374 I SystemServerTiming: StartWatchdog
06-25 22:03:00.814  4374  4374 D SystemServerTiming: StartWatchdog took to complete: 9ms
06-25 22:03:00.814  4374  4374 I SystemServer: Reading configuration...
06-25 22:03:00.814  4374  4374 I SystemServerTiming: ReadingSystemConfig
06-25 22:03:00.815  4374  4374 D SystemServerTiming: ReadingSystemConfig took to complete: 0ms
06-25 22:03:00.815  4374  4404 I SystemServerTimingAsync: InitThreadPoolExec:ReadingSystemConfig
06-25 22:03:00.815  4374  4404 D SystemServerInitThreadPool: Started executing ReadingSystemConfig
06-25 22:03:00.816  4374  4374 I SystemServerTiming: PlatformCompat
06-25 22:03:00.817  4374  4404 I SystemConfig: Reading permissions from /system/etc/sysconfig/preinstalled-packages-platform.xml
06-25 22:03:00.819  4374  4374 D CompatConfig: Found a config file: /system/etc/compatconfig/documents-ui-compat-config.xml
06-25 22:03:00.820  4374  4404 I incfs   : Initial API level of the device: 28
06-25 22:03:00.820  4374  4404 I incfs   : ro.incremental.enable: 
06-25 22:03:00.820  4374  4374 D CompatConfig: Adding: com.android.server.compat.config.Change@90a7ad0
06-25 22:03:00.821  4374  4404 I SystemConfig: Reading permissions from /system/etc/sysconfig/framework-sysconfig.xml
06-25 22:03:00.822  4374  4404 I SystemConfig: Reading permissions from /system/etc/sysconfig/operator-flags.xml
06-25 22:03:00.823  4374  4374 D CompatConfig: Found a config file: /system/etc/compatconfig/services-platform-compat-config.xml
06-25 22:03:00.824  4374  4404 I SystemConfig: Reading permissions from /system/etc/sysconfig/netflix.xml
06-25 22:03:00.825  4374  4404 I SystemConfig: Reading permissions from /system/etc/sysconfig/hiddenapi-package-whitelist.xml
06-25 22:03:00.826  4374  4374 D CompatConfig: Adding: com.android.server.compat.config.Change@7cd40da
06-25 22:03:00.827  4374  4404 I SystemConfig: Reading permissions from /system/etc/sysconfig/preinstalled-packages-com.android.providers.media.module.xml
06-25 22:03:00.827  4374  4374 D CompatConfig: Adding: com.android.server.compat.config.Change@e02d3e8
06-25 22:03:00.828  4374  4374 D CompatConfig: Adding: com.android.server.compat.config.Change@1351a01
06-25 22:03:00.829  4374  4374 D CompatConfig: Adding: com.android.server.compat.config.Change@f4e90a6
06-25 22:03:00.829  4374  4404 I SystemConfig: Reading permissions from /system/etc/permissions/javax.obex.xml
06-25 22:03:00.830  4374  4374 D CompatConfig: Adding: com.android.server.compat.config.Change@3254694
06-25 22:03:00.831  4374  4374 D CompatConfig: Adding: com.android.server.compat.config.Change@c431132
06-25 22:03:00.831  4374  4404 I SystemConfig: Reading permissions from /system/etc/permissions/android.hardware.bluetooth_le.xml
06-25 22:03:00.832  4374  4374 D CompatConfig: Adding: com.android.server.compat.config.Change@677be83
06-25 22:03:00.832  4374  4404 I SystemConfig: Reading permissions from /system/etc/permissions/tv_core_hardware.xml
06-25 22:03:00.832  4374  4374 D CompatConfig: Adding: com.android.server.compat.config.Change@87a0839
06-25 22:03:00.833  4374  4374 D CompatConfig: Adding: com.android.server.compat.config.Change@f8d0e7e
06-25 22:03:00.834  4374  4374 D CompatConfig: Adding: com.android.server.compat.config.Change@cedbfdf
06-25 22:03:00.834  4374  4404 I SystemConfig: Reading permissions from /system/etc/permissions/privapp-permissions-platform.xml
06-25 22:03:00.834  4374  4374 D CompatConfig: Adding: com.android.server.compat.config.Change@fe9eef5
06-25 22:03:00.835  4374  4374 D CompatConfig: Adding: com.android.server.compat.config.Change@3e7948a
06-25 22:03:00.836  4374  4374 D CompatConfig: Adding: com.android.server.compat.config.Change@5987afb
06-25 22:03:00.837  4374  4374 D CompatConfig: Adding: com.android.server.compat.config.Change@870718
06-25 22:03:00.838  4374  4374 D CompatConfig: Adding: com.android.server.compat.config.Change@2378571
06-25 22:03:00.839  4374  4374 D CompatConfig: Adding: com.android.server.compat.config.Change@2b26f56
06-25 22:03:00.840  4374  4374 D CompatConfig: Adding: com.android.server.compat.config.Change@669cbd7
06-25 22:03:00.841  4374  4374 D CompatConfig: Adding: com.android.server.compat.config.Change@6717cc4
06-25 22:03:00.842  4374  4374 D CompatConfig: Adding: com.android.server.compat.config.Change@5ee07ad
06-25 22:03:00.843  4374  4374 D CompatConfig: Adding: com.android.server.compat.config.Change@97e2ae2
06-25 22:03:00.844  4374  4374 D CompatConfig: Adding: com.android.server.compat.config.Change@8954e73
06-25 22:03:00.845  4374  4374 D CompatConfig: Adding: com.android.server.compat.config.Change@56ba130
06-25 22:03:00.846  4374  4374 D CompatConfig: Adding: com.android.server.compat.config.Change@51071a9
06-25 22:03:00.847  4374  4374 D CompatConfig: Adding: com.android.server.compat.config.Change@c58132e
06-25 22:03:00.848  4374  4374 D CompatConfig: Adding: com.android.server.compat.config.Change@aec5ecf
06-25 22:03:00.849  4374  4374 D CompatConfig: Adding: com.android.server.compat.config.Change@ea1a05c
06-25 22:03:00.849  4374  4404 I SystemConfig: Reading permissions from /system/etc/permissions/privapp-permissions-SkyworthDigital.xml
06-25 22:03:00.850  4374  4374 D CompatConfig: Adding: com.android.server.compat.config.Change@d6343a
06-25 22:03:00.851  4374  4374 D CompatConfig: Adding: com.android.server.compat.config.Change@dfa18eb
06-25 22:03:00.852  4374  4374 D CompatConfig: Adding: com.android.server.compat.config.Change@7d66648
06-25 22:03:00.852  4374  4374 D CompatConfig: Adding: com.android.server.compat.config.Change@d23ace1
06-25 22:03:00.853  4374  4374 D CompatConfig: Adding: com.android.server.compat.config.Change@de35a06
06-25 22:03:00.854  4374  4374 D CompatConfig: Adding: com.android.server.compat.config.Change@5df58c7
06-25 22:03:00.855  4374  4404 I SystemConfig: Reading permissions from /system/etc/permissions/GooglePermissionController_permissions.xml
06-25 22:03:00.855  4374  4374 D CompatConfig: Adding: com.android.server.compat.config.Change@3cd361d
06-25 22:03:00.856  4374  4374 D CompatConfig: Adding: com.android.server.compat.config.Change@c4b1092
06-25 22:03:00.856  4374  4374 D CompatConfig: Adding: com.android.server.compat.config.Change@701b660
06-25 22:03:00.857  4374  4404 I SystemConfig: Reading permissions from /system/etc/permissions/android.test.runner.xml
06-25 22:03:00.857  4374  4374 D CompatConfig: Adding: com.android.server.compat.config.Change@f8c1719
06-25 22:03:00.858  4374  4374 D CompatConfig: Adding: com.android.server.compat.config.Change@405a3de
06-25 22:03:00.858  4374  4404 I SystemConfig: Reading permissions from /system/etc/permissions/privapp-permissions-google.xml
06-25 22:03:00.858  4374  4374 D CompatConfig: Adding: com.android.server.compat.config.Change@d3bd88c
06-25 22:03:00.859  4374  4374 D CompatConfig: Adding: com.android.server.compat.config.Change@6be0bd5
06-25 22:03:00.860  4374  4374 D CompatConfig: Adding: com.android.server.compat.config.Change@2441fea
06-25 22:03:00.860  4374  4374 D CompatConfig: Adding: com.android.server.compat.config.Change@1b712db
06-25 22:03:00.861  4374  4374 D CompatConfig: Adding: com.android.server.compat.config.Change@313f178
06-25 22:03:00.861  4374  4404 I SystemConfig: Reading permissions from /system/etc/permissions/GoogleExtServices_permissions.xml
06-25 22:03:00.862  4374  4374 D CompatConfig: Adding: com.android.server.compat.config.Change@43c50b6
06-25 22:03:00.863  4374  4374 D CompatConfig: Adding: com.android.server.compat.config.Change@852ad24
06-25 22:03:00.863  4374  4404 I SystemConfig: Reading permissions from /system/etc/permissions/android.software.webview.xml
06-25 22:03:00.864  4374  4374 D CompatConfig: Adding: com.android.server.compat.config.Change@9cce08d
06-25 22:03:00.865  4374  4404 I SystemConfig: Reading permissions from /system/etc/permissions/org.apache.http.legacy.xml
06-25 22:03:00.865  4374  4374 D CompatConfig: Adding: com.android.server.compat.config.Change@b330253
06-25 22:03:00.865  4374  4374 D CompatConfig: Adding: com.android.server.compat.config.Change@e9f7790
06-25 22:03:00.866  4374  4404 I SystemConfig: Reading permissions from /system/etc/permissions/com.android.mediadrm.signer.xml
06-25 22:03:00.866  4374  4374 D CompatConfig: Adding: com.android.server.compat.config.Change@a50c08e
06-25 22:03:00.867  4374  4374 D CompatConfig: Adding: com.android.server.compat.config.Change@ae170af
06-25 22:03:00.867  4374  4404 I SystemConfig: Reading permissions from /system/etc/permissions/prime.xml
06-25 22:03:00.868  4374  4374 D CompatConfig: Adding: com.android.server.compat.config.Change@4da9445
06-25 22:03:00.868  4374  4374 D CompatConfig: Adding: com.android.server.compat.config.Change@c9c579a
06-25 22:03:00.869  4374  4404 I SystemConfig: Reading permissions from /system/etc/permissions/android.test.mock.xml
06-25 22:03:00.869  4374  4374 D CompatConfig: Adding: com.android.server.compat.config.Change@22a8a8
06-25 22:03:00.870  4374  4374 D CompatConfig: Found a config file: /system/etc/compatconfig/framework-platform-compat-config.xml
06-25 22:03:00.870  4374  4404 I SystemConfig: Reading permissions from /system/etc/permissions/droidlogic-hiddenapi-package-whitelist.xml
06-25 22:03:00.871  4374  4404 I SystemConfig: Reading permissions from /system/etc/permissions/com.android.media.remotedisplay.xml
06-25 22:03:00.873  4374  4404 I SystemConfig: Reading permissions from /system/etc/permissions/com.android.future.usb.accessory.xml
06-25 22:03:00.873  4374  4374 D CompatConfig: Adding: com.android.server.compat.config.Change@f0406fd
06-25 22:03:00.874  4374  4374 D CompatConfig: Adding: com.android.server.compat.config.Change@3863ff2
06-25 22:03:00.874  4374  4404 I SystemConfig: Reading permissions from /system/etc/permissions/privapp-permissions-atv.xml
06-25 22:03:00.875  4374  4374 D CompatConfig: Adding: com.android.server.compat.config.Change@387e4c0
06-25 22:03:00.875  4374  4404 I SystemConfig: Reading permissions from /system/etc/permissions/com.android.media.tv.remoteprovider.xml
06-25 22:03:00.876  4374  4374 D CompatConfig: Adding: com.android.server.compat.config.Change@7b4693e
06-25 22:03:00.876  4374  4374 D CompatConfig: Adding: com.android.server.compat.config.Change@3d5e39f
06-25 22:03:00.877  4374  4404 I SystemConfig: Reading permissions from /system/etc/permissions/com.android.location.provider.xml
06-25 22:03:00.877  4374  4374 D CompatConfig: Adding: com.android.server.compat.config.Change@a2218b5
06-25 22:03:00.878  4374  4374 D CompatConfig: Adding: com.android.server.compat.config.Change@509db4a
06-25 22:03:00.878  4374  4404 I SystemConfig: Reading permissions from /system/etc/permissions/android.test.base.xml
06-25 22:03:00.878  4374  4374 D CompatConfig: Adding: com.android.server.compat.config.Change@ba58bd8
06-25 22:03:00.879  4374  4374 D CompatConfig: Adding: com.android.server.compat.config.Change@7288b31
06-25 22:03:00.880  4374  4374 D CompatConfig: Adding: com.android.server.compat.config.Change@f926216
06-25 22:03:00.880  4374  4404 I SystemConfig: Reading permissions from /system/etc/permissions/android.hardware.bluetooth.xml
06-25 22:03:00.880  4374  4374 D CompatConfig: Adding: com.android.server.compat.config.Change@3d38d84
06-25 22:03:00.881  4374  4404 I SystemConfig: Reading permissions from /system/etc/permissions/com.android.networkstack.tethering.xml
06-25 22:03:00.881  4374  4374 D CompatConfig: Adding: com.android.server.compat.config.Change@e4a89a2
06-25 22:03:00.882  4374  4374 D CompatConfig: Adding: com.android.server.compat.config.Change@f82633
06-25 22:03:00.883  4374  4404 I SystemConfig: Reading permissions from /system/etc/permissions/platform.xml
06-25 22:03:00.883  4374  4374 D CompatConfig: Adding: com.android.server.compat.config.Change@2e46f69
06-25 22:03:00.884  4374  4374 D CompatConfig: Adding: com.android.server.compat.config.Change@96b9dee
06-25 22:03:00.884  4374  4374 D CompatConfig: Adding: com.android.server.compat.config.Change@104f28f
06-25 22:03:00.885  4374  4374 D CompatConfig: Adding: com.android.server.compat.config.Change@a9d091c
06-25 22:03:00.886  4374  4374 D CompatConfig: Adding: com.android.server.compat.config.Change@54b9925
06-25 22:03:00.887  4374  4374 D CompatConfig: Adding: com.android.server.compat.config.Change@177aafa
06-25 22:03:00.888  4374  4374 D CompatConfig: Adding: com.android.server.compat.config.Change@d6828ab
06-25 22:03:00.888  4374  4374 D CompatConfig: Adding: com.android.server.compat.config.Change@ff9b08
06-25 22:03:00.889  4374  4404 I SystemConfig: Reading permissions from /vendor/etc/permissions/android.hardware.ethernet.xml
06-25 22:03:00.889  4374  4374 D CompatConfig: Adding: com.android.server.compat.config.Change@b057cc6
06-25 22:03:00.890  4374  4374 D CompatConfig: Adding: com.android.server.compat.config.Change@47ea487
06-25 22:03:00.890  4374  4374 D CompatConfig: Adding: com.android.server.compat.config.Change@634c7dd
06-25 22:03:00.890  4374  4404 I SystemConfig: Reading permissions from /vendor/etc/permissions/android.hardware.consumerir.xml
06-25 22:03:00.891  4374  4374 D CompatConfig: Adding: com.android.server.compat.config.Change@b4c9f52
06-25 22:03:00.892  4374  4404 I SystemConfig: Reading permissions from /vendor/etc/permissions/android.hardware.opengles.aep.xml
06-25 22:03:00.892  4374  4374 D CompatConfig: Adding: com.android.server.compat.config.Change@404c320
06-25 22:03:00.892  4374  4374 D CompatConfig: Adding: com.android.server.compat.config.Change@43b04d9
06-25 22:03:00.893  4374  4374 D CompatConfig: Adding: com.android.server.compat.config.Change@1715e9e
06-25 22:03:00.893  4374  4404 I SystemConfig: Reading permissions from /vendor/etc/permissions/android.hardware.audio.output.xml
06-25 22:03:00.893  4374  4374 D CompatConfig: Adding: com.android.server.compat.config.Change@a42f14c
06-25 22:03:00.895  4374  4374 D CompatConfig: Adding: com.android.server.compat.config.Change@890c6aa
06-25 22:03:00.895  4374  4404 I SystemConfig: Reading permissions from /vendor/etc/permissions/android.hardware.camera.external.xml
06-25 22:03:00.895  4374  4374 D CompatConfig: Adding: com.android.server.compat.config.Change@3a8929b
06-25 22:03:00.896  4374  4404 I SystemConfig: Reading permissions from /vendor/etc/permissions/droidlogic.software.core.xml
06-25 22:03:00.896  4374  4374 D CompatConfig: Adding: com.android.server.compat.config.Change@8477611
06-25 22:03:00.897  4374  4374 D CompatConfig: Adding: com.android.server.compat.config.Change@e8ca376
06-25 22:03:00.897  4374  4374 D CompatConfig: Adding: com.android.server.compat.config.Change@ef3bd77
06-25 22:03:00.898  4374  4404 W SystemConfig: name is required for <deny-permission> in START_TAG (empty) <deny-permission name=''>@27:35 in java.io.FileReader@28c1de4
06-25 22:03:00.898  4374  4374 D CompatConfig: Adding: com.android.server.compat.config.Change@91c624d
06-25 22:03:00.899  4374  4404 I SystemConfig: Reading permissions from /vendor/etc/permissions/android.hardware.vulkan.version.xml
06-25 22:03:00.899  4374  4374 D CompatConfig: Adding: com.android.server.compat.config.Change@25cba13
06-25 22:03:00.899  4374  4374 D CompatConfig: Adding: com.android.server.compat.config.Change@fdf3450
06-25 22:03:00.900  4374  4374 D CompatConfig: Adding: com.android.server.compat.config.Change@9d9d649
06-25 22:03:00.901  4374  4404 I SystemConfig: Reading permissions from /vendor/etc/permissions/android.hardware.wifi.direct.xml
06-25 22:03:00.901  4374  4374 D CompatConfig: Adding: com.android.server.compat.config.Change@54ee46f
06-25 22:03:00.901  4374  4374 D CompatConfig: Adding: com.android.server.compat.config.Change@90b457c
06-25 22:03:00.902  4374  4404 I SystemConfig: Reading permissions from /vendor/etc/permissions/droidlogic.tv.software.core.xml
06-25 22:03:00.902  4374  4374 D CompatConfig: Adding: com.android.server.compat.config.Change@1c02e5a
06-25 22:03:00.903  4374  4374 D CompatConfig: Adding: com.android.server.compat.config.Change@8f588b
06-25 22:03:00.903  4374  4404 I SystemConfig: Reading permissions from /vendor/etc/permissions/android.software.vulkan.deqp.level-2021-03-01.xml
06-25 22:03:00.904  4374  4374 D CompatConfig: Adding: com.android.server.compat.config.Change@7e10581
06-25 22:03:00.905  4374  4404 I SystemConfig: Reading permissions from /vendor/etc/permissions/nrdp.xml
06-25 22:03:00.905  4374  4374 D CompatConfig: Adding: com.android.server.compat.config.Change@a18f267
06-25 22:03:00.905  4374  4374 D CompatConfig: Adding: com.android.server.compat.config.Change@924c814
06-25 22:03:00.906  4374  4374 D CompatConfig: Adding: com.android.server.compat.config.Change@d1778bd
06-25 22:03:00.907  4374  4404 I SystemConfig: Reading permissions from /vendor/etc/permissions/android.software.app_widgets.xml
06-25 22:03:00.907  4374  4374 D CompatConfig: Adding: com.android.server.compat.config.Change@2b84e03
06-25 22:03:00.908  4374  4374 D CompatConfig: Adding: com.android.server.compat.config.Change@9905180
06-25 22:03:00.908  4374  4404 I SystemConfig: Reading permissions from /vendor/etc/permissions/android.software.verified_boot.xml
06-25 22:03:00.909  4374  4374 D CompatConfig: Adding: com.android.server.compat.config.Change@41483fe
06-25 22:03:00.909  4374  4404 I SystemConfig: Reading permissions from /vendor/etc/permissions/android.hardware.vulkan.compute.xml
06-25 22:03:00.909  4374  4374 D CompatConfig: Adding: com.android.server.compat.config.Change@a6905ac
06-25 22:03:00.910  4374  4374 D CompatConfig: Adding: com.android.server.compat.config.Change@d7a0275
06-25 22:03:00.911  4374  4404 I SystemConfig: Reading permissions from /vendor/etc/permissions/android.hardware.bluetooth.xml
06-25 22:03:00.911  4374  4374 D CompatConfig: Adding: com.android.server.compat.config.Change@86b7a7b
06-25 22:03:00.912  4374  4374 D CompatConfig: Adding: com.android.server.compat.config.Change@b36d098
06-25 22:03:00.912  4374  4374 D CompatConfig: Adding: com.android.server.compat.config.Change@77550f1
06-25 22:03:00.913  4374  4404 I SystemConfig: Reading permissions from /vendor/etc/permissions/android.software.ipsec_tunnels.xml
06-25 22:03:00.913  4374  4374 D CompatConfig: Adding: com.android.server.compat.config.Change@2d4357
06-25 22:03:00.914  4374  4374 D CompatConfig: Adding: com.android.server.compat.config.Change@a145e44
06-25 22:03:00.914  4374  4404 I SystemConfig: Reading permissions from /vendor/etc/permissions/android.hardware.wifi.passpoint.xml
06-25 22:03:00.915  4374  4374 D CompatConfig: Adding: com.android.server.compat.config.Change@5f3a862
06-25 22:03:00.915  4374  4374 D CompatConfig: Adding: com.android.server.compat.config.Change@a1b1ab0
06-25 22:03:00.915  4374  4404 I SystemConfig: Reading permissions from /vendor/etc/permissions/android.hardware.hdmi.cec.xml
06-25 22:03:00.916  4374  4374 D CompatConfig: Found a config file: /system/etc/compatconfig/icu4j-platform-compat-config.xml
06-25 22:03:00.917  4374  4404 I SystemConfig: Reading permissions from /vendor/etc/permissions/android.hardware.usb.host.xml
06-25 22:03:00.917  4374  4374 D CompatConfig: Adding: com.android.server.compat.config.Change@bb7464f
06-25 22:03:00.918  4374  4404 I SystemConfig: Reading permissions from /vendor/etc/permissions/android.hardware.wifi.xml
06-25 22:03:00.918  4374  4374 D CompatConfig: Found a config file: /system/etc/compatconfig/calendar-provider-compat-config.xml
06-25 22:03:00.920  4374  4404 I SystemConfig: Reading permissions from /vendor/etc/permissions/android.software.cant_save_state.xml
06-25 22:03:00.920  4374  4374 D CompatConfig: Adding: com.android.server.compat.config.Change@14bf86b
06-25 22:03:00.921  4374  4374 D CompatConfig: No directory /system/system_ext/etc/compatconfig, skipping
06-25 22:03:00.921  4374  4404 I SystemConfig: Reading permissions from /vendor/etc/permissions/android.software.backup.xml
06-25 22:03:00.923  4374  4404 I SystemConfig: Reading permissions from /vendor/etc/permissions/android.software.opengles.deqp.level-2021-03-01.xml
06-25 22:03:00.923  4374  4374 D CompatConfig: No directory /apex/com.android.wifi/etc/compatconfig, skipping
06-25 22:03:00.924  4374  4374 D CompatConfig: No directory /apex/com.android.vndk.v31/etc/compatconfig, skipping
06-25 22:03:00.924  4374  4374 D CompatConfig: No directory /apex/com.android.tzdata/etc/compatconfig, skipping
06-25 22:03:00.924  4374  4374 D CompatConfig: No directory /apex/com.android.tethering/etc/compatconfig, skipping
06-25 22:03:00.924  4374  4404 I SystemConfig: Reading permissions from /vendor/etc/permissions/android.hardware.bluetooth_le.xml
06-25 22:03:00.924  4374  4374 D CompatConfig: No directory /apex/com.android.sdkext/etc/compatconfig, skipping
06-25 22:03:00.925  4374  4374 D CompatConfig: No directory /apex/com.android.scheduling/etc/compatconfig, skipping
06-25 22:03:00.925  4374  4374 D CompatConfig: No directory /apex/com.android.runtime/etc/compatconfig, skipping
06-25 22:03:00.925  4374  4374 D CompatConfig: No directory /apex/com.android.resolv/etc/compatconfig, skipping
06-25 22:03:00.925  4374  4374 D CompatConfig: No directory /apex/com.android.permission/etc/compatconfig, skipping
06-25 22:03:00.925  4374  4374 D CompatConfig: No directory /apex/com.android.os.statsd/etc/compatconfig, skipping
06-25 22:03:00.926  4374  4374 D CompatConfig: No directory /apex/com.android.neuralnetworks/etc/compatconfig, skipping
06-25 22:03:00.926  4374  4404 I SystemConfig: Reading permissions from /vendor/etc/permissions/android.hardware.vulkan.level.xml
06-25 22:03:00.927  4374  4374 D CompatConfig: Found a config file: /apex/com.android.mediaprovider/etc/compatconfig/media-provider-platform-compat-config.xml
06-25 22:03:00.927  4374  4404 I SystemConfig: Reading permissions from /vendor/etc/permissions/android.hardware.gamepad.xml
06-25 22:03:00.928  4374  4374 D CompatConfig: Adding: com.android.server.compat.config.Change@ddaee12
06-25 22:03:00.928  4374  4404 I SystemConfig: Reading permissions from /vendor/etc/permissions/android.hardware.location.xml
06-25 22:03:00.929  4374  4374 D CompatConfig: Adding: com.android.server.compat.config.Change@1428fe0
06-25 22:03:00.929  4374  4374 D CompatConfig: Adding: com.android.server.compat.config.Change@86db299
06-25 22:03:00.930  4374  4404 I SystemConfig: Reading permissions from /vendor/etc/permissions/droidlogic.software.netflix.xml
06-25 22:03:00.930  4374  4374 D CompatConfig: Adding: com.android.server.compat.config.Change@d1c613f
06-25 22:03:00.931  4374  4374 D CompatConfig: Adding: com.android.server.compat.config.Change@70ca0c
06-25 22:03:00.932  4374  4374 D CompatConfig: Adding: com.android.server.compat.config.Change@edddf55
06-25 22:03:00.933  4374  4374 D CompatConfig: Adding: com.android.server.compat.config.Change@2ffd25b
06-25 22:03:00.933  4374  4404 I SystemConfig: Reading permissions from /product/etc/sysconfig/google.xml
06-25 22:03:00.934  4374  4374 D CompatConfig: No directory /apex/com.android.media.swcodec/etc/compatconfig, skipping
06-25 22:03:00.934  4374  4374 D CompatConfig: No directory /apex/com.android.media/etc/compatconfig, skipping
06-25 22:03:00.934  4374  4404 I SystemConfig: Adding association: com.google.android.as <- com.android.bluetooth
06-25 22:03:00.934  4374  4404 I SystemConfig: Adding association: com.google.android.as <- com.android.providers.contacts
06-25 22:03:00.934  4374  4374 D CompatConfig: No directory /apex/com.android.ipsec/etc/compatconfig, skipping
06-25 22:03:00.935  4374  4404 I SystemConfig: Adding association: com.google.android.as <- com.android.providers.media
06-25 22:03:00.935  4374  4404 I SystemConfig: Adding association: com.google.android.as <- com.android.providers.telephony
06-25 22:03:00.935  4374  4404 I SystemConfig: Adding association: com.google.android.as <- com.android.systemui
06-25 22:03:00.935  4374  4374 D CompatConfig: No directory /apex/com.android.i18n/etc/compatconfig, skipping
06-25 22:03:00.935  4374  4404 I SystemConfig: Adding association: com.google.android.as <- com.google.android.providers.media.module
06-25 22:03:00.935  4374  4404 I SystemConfig: Adding association: com.google.android.as <- com.google.android.as.oss
06-25 22:03:00.935  4374  4374 D CompatConfig: No directory /apex/com.android.extservices/etc/compatconfig, skipping
06-25 22:03:00.935  4374  4404 I SystemConfig: Adding association: com.google.android.as.oss <- com.google.android.as
06-25 22:03:00.935  4374  4374 D CompatConfig: No directory /apex/com.android.conscrypt/etc/compatconfig, skipping
06-25 22:03:00.936  4374  4404 I SystemConfig: Reading permissions from /product/etc/sysconfig/google_atv.xml
06-25 22:03:00.936  4374  4374 D CompatConfig: Found a config file: /apex/com.android.art/etc/compatconfig/libcore-platform-compat-config.xml
06-25 22:03:00.937  4374  4374 D CompatConfig: Adding: com.android.server.compat.config.Change@acdb636
06-25 22:03:00.937  4374  4404 I SystemConfig: Reading permissions from /product/etc/sysconfig/google-hiddenapi-package-whitelist.xml
06-25 22:03:00.938  4374  4374 D CompatConfig: Adding: com.android.server.compat.config.Change@c044ea4
06-25 22:03:00.939  4374  4374 D CompatConfig: Adding: com.android.server.compat.config.Change@4a3a40d
06-25 22:03:00.939  4374  4404 I SystemConfig: Reading permissions from /product/etc/sysconfig/atv-component-overrides.xml
06-25 22:03:00.939  4374  4374 D CompatConfig: Adding: com.android.server.compat.config.Change@5e431d3
06-25 22:03:00.940  4374  4374 D CompatConfig: Adding: com.android.server.compat.config.Change@589b110
06-25 22:03:00.941  4374  4404 I SystemConfig: Reading permissions from /product/etc/sysconfig/google-staged-installer-whitelist.xml
06-25 22:03:00.941  4374  4374 D CompatConfig: No directory /apex/com.android.appsearch/etc/compatconfig, skipping
06-25 22:03:00.941  4374  4374 D CompatConfig: No directory /apex/com.android.adbd/etc/compatconfig, skipping
06-25 22:03:00.942  4374  4404 I SystemConfig: Reading permissions from /product/etc/sysconfig/google-rollback-package-whitelist.xml
06-25 22:03:00.944  4374  4374 D SystemServerTiming: PlatformCompat took to complete: 128ms
06-25 22:03:00.944  4374  4404 I SystemConfig: Reading permissions from /product/etc/permissions/priv_app_droidtvsettings.xml
06-25 22:03:00.945  4374  4374 I SystemServerTiming: StartFileIntegrityService
06-25 22:03:00.945  4374  4374 I SystemServiceManager: Starting com.android.server.security.FileIntegrityService
06-25 22:03:00.946  4374  4404 I SystemConfig: Reading permissions from /product/etc/permissions/split-permissions-google.xml
06-25 22:03:00.947  4374  4404 I SystemConfig: Reading permissions from /product/etc/permissions/privapp-permissions-atv-product.xml
06-25 22:03:00.951  4374  4404 I SystemConfig: Reading permissions from /product/etc/permissions/privapp-permissions-google-p.xml
06-25 22:03:00.959  4374  4404 W SystemConfig: No directory /system_ext/etc/sysconfig, skipping
06-25 22:03:00.960  4374  4404 I SystemConfig: Reading permissions from /system_ext/etc/permissions/com.droidlogic.tv.settings.xml
06-25 22:03:00.962  4374  4404 I SystemConfig: Reading permissions from /system_ext/etc/permissions/privapp-permissions-google-se.xml
06-25 22:03:00.962  4374  4374 D SystemServerTiming: StartFileIntegrityService took to complete: 17ms
06-25 22:03:00.962  4374  4374 I SystemServerTiming: StartInstaller
06-25 22:03:00.963  4374  4374 I SystemServiceManager: Starting com.android.server.pm.Installer
06-25 22:03:00.966  4240  4249 D installd: Found quota mount /dev/block/userdata at /data
06-25 22:03:00.966  4240  4249 D installd: Found quota mount /dev/block/param at /mnt/vendor/param
06-25 22:03:00.967  4240  4249 D installd: Found quota mount /dev/block/by-name/skyinfo at /mnt/skyinfo
06-25 22:03:00.967  4240  4249 D installd: Found quota mount /dev/block/userdata at /data/user/0
06-25 22:03:00.968  4374  4404 I SystemConfig: Reading permissions from /system_ext/etc/permissions/droidlogic_permissions.xml
06-25 22:03:00.969  4374  4374 D SystemServerTiming: StartInstaller took to complete: 6ms
06-25 22:03:00.969  4374  4374 I SystemServerTiming: DeviceIdentifiersPolicyService
06-25 22:03:00.969  4374  4374 I SystemServiceManager: Starting com.android.server.os.DeviceIdentifiersPolicyService
06-25 22:03:00.969  4374  4404 I SystemConfig: Reading permissions from /system_ext/etc/permissions/com.android.tv.settings.xml
06-25 22:03:00.971  4374  4404 I SystemConfig: Reading permissions from /system_ext/etc/permissions/com.android.systemui.xml
06-25 22:03:00.972  4374  4374 D SystemServerTiming: DeviceIdentifiersPolicyService took to complete: 3ms
06-25 22:03:00.972  4374  4374 I SystemServerTiming: UriGrantsManagerService
06-25 22:03:00.972  4374  4374 I SystemServiceManager: Starting com.android.server.uri.UriGrantsManagerService$Lifecycle
06-25 22:03:00.975  4374  4374 D SystemServerTiming: UriGrantsManagerService took to complete: 3ms
06-25 22:03:00.975  4374  4374 I SystemServerTiming: StartPowerStatsService
06-25 22:03:00.975  4374  4374 I SystemServiceManager: Starting com.android.server.powerstats.PowerStatsService
06-25 22:03:00.977  4374  4404 I SystemConfig: Reading permissions from /apex/com.android.ipsec/etc/permissions/android.net.ipsec.ike.xml
06-25 22:03:00.979  3819  3819 E servicemanager: Could not find android.hardware.power.stats.IPowerStats/default in the VINTF manifest.
06-25 22:03:00.981  4374  4374 D hw-ProcessState: Binder ioctl to enable oneway spam detection failed: Invalid argument
06-25 22:03:00.982     0     0 I [   16.872236@3]- binder: 4374:4374 ioctl 40046210 ffd20760 returned -22
06-25 22:03:00.984  4374  4404 W SystemConfig: Failed to read public libraries file /vendor/etc/public.libraries.txt
06-25 22:03:00.984  4374  4404 W SystemConfig: java.io.FileNotFoundException: /vendor/etc/public.libraries.txt: open failed: ENOENT (No such file or directory)
06-25 22:03:00.984  4374  4404 W SystemConfig: 	at libcore.io.IoBridge.open(IoBridge.java:575)
06-25 22:03:00.984  4374  4404 W SystemConfig: 	at java.io.FileInputStream.<init>(FileInputStream.java:160)
06-25 22:03:00.984  4374  4404 W SystemConfig: 	at java.io.FileReader.<init>(FileReader.java:72)
06-25 22:03:00.984  4374  4404 W SystemConfig: 	at com.android.server.SystemConfig.readPublicLibrariesListFile(SystemConfig.java:1601)
06-25 22:03:00.984  4374  4404 W SystemConfig: 	at com.android.server.SystemConfig.readPublicNativeLibrariesList(SystemConfig.java:1583)
06-25 22:03:00.984  4374  4404 W SystemConfig: 	at com.android.server.SystemConfig.<init>(SystemConfig.java:484)
06-25 22:03:00.984  4374  4404 W SystemConfig: 	at com.android.server.SystemConfig.getInstance(SystemConfig.java:272)
06-25 22:03:00.984  4374  4404 W SystemConfig: 	at com.android.server.SystemServer$$ExternalSyntheticLambda6.run(Unknown Source:0)
06-25 22:03:00.984  4374  4404 W SystemConfig: 	at com.android.server.SystemServerInitThreadPool.lambda$submitTask$0$SystemServerInitThreadPool(SystemServerInitThreadPool.java:105)
06-25 22:03:00.984  4374  4404 W SystemConfig: 	at com.android.server.SystemServerInitThreadPool$$ExternalSyntheticLambda0.run(Unknown Source:6)
06-25 22:03:00.984  4374  4404 W SystemConfig: 	at java.util.concurrent.Executors$RunnableAdapter.call(Executors.java:462)
06-25 22:03:00.984  4374  4404 W SystemConfig: 	at java.util.concurrent.FutureTask.run(FutureTask.java:266)
06-25 22:03:00.984  4374  4404 W SystemConfig: 	at java.util.concurrent.ThreadPoolExecutor.runWorker(ThreadPoolExecutor.java:1167)
06-25 22:03:00.984  4374  4404 W SystemConfig: 	at java.util.concurrent.ThreadPoolExecutor$Worker.run(ThreadPoolExecutor.java:641)
06-25 22:03:00.984  4374  4404 W SystemConfig: 	at com.android.internal.util.ConcurrentUtils$1$1.run(ConcurrentUtils.java:65)
06-25 22:03:00.984  4374  4404 W SystemConfig: Caused by: android.system.ErrnoException: open failed: ENOENT (No such file or directory)
06-25 22:03:00.984  4374  4404 W SystemConfig: 	at libcore.io.Linux.open(Native Method)
06-25 22:03:00.984  4374  4404 W SystemConfig: 	at libcore.io.ForwardingOs.open(ForwardingOs.java:567)
06-25 22:03:00.984  4374  4404 W SystemConfig: 	at libcore.io.BlockGuardOs.open(BlockGuardOs.java:273)
06-25 22:03:00.984  4374  4404 W SystemConfig: 	at libcore.io.IoBridge.open(IoBridge.java:561)
06-25 22:03:00.984  4374  4404 W SystemConfig: 	... 14 more
06-25 22:03:00.985  4374  4374 D SystemServerTiming: StartPowerStatsService took to complete: 10ms
06-25 22:03:00.985  4374  4374 I SystemServerTiming: StartIStatsService
06-25 22:03:00.986  4374  4404 D SystemConfig: readAllPermissions took to complete: 170ms
06-25 22:03:00.986  4374  4404 D SystemServerInitThreadPool: Finished executing ReadingSystemConfig
06-25 22:03:00.986  4374  4404 D SystemServerTimingAsync: InitThreadPoolExec:ReadingSystemConfig took to complete: 171ms
06-25 22:03:00.986  4374  4374 I HidlServiceManagement: Registered android.frameworks.stats@1.0::IStats/default
06-25 22:03:00.988  3819  3819 I servicemanager: Found android.frameworks.stats.IStats/default in framework VINTF manifest.
06-25 22:03:00.988  4374  4374 D SystemServerTiming: StartIStatsService took to complete: 3ms
06-25 22:03:00.989  4374  4374 I SystemServerTiming: MemtrackProxyService
06-25 22:03:00.991  3819  3819 E servicemanager: Could not find android.hardware.memtrack.IMemtrack/default in the VINTF manifest.
06-25 22:03:00.991  4374  4374 I Stability: Interface set with vintf stability wire protocol version 1 downgraded to system stability wire protocol version 1 stability
06-25 22:03:00.992  4374  4374 D SystemServerTiming: MemtrackProxyService took to complete: 3ms
06-25 22:03:00.992  4374  4374 I SystemServerTiming: StartActivityManager
06-25 22:03:00.992  4374  4374 I SystemServiceManager: Starting com.android.server.wm.ActivityTaskManagerService$Lifecycle
06-25 22:03:01.003  4374  4374 I SystemServiceManager: Starting com.android.server.am.ActivityManagerService$Lifecycle
06-25 22:03:01.010  4374  4374 I ActivityManager: Memory class: 256
06-25 22:03:01.013  4374  4408 I Binder  : Setting heavy hitter watcher config: false, 0, 0.0
06-25 22:03:01.035  4374  4374 I PackageWatchdog: Updated health check state for package com.google.android.ext.services: INACTIVE -> PASSED
06-25 22:03:01.035  4374  4374 I PackageWatchdog: Updated health check state for package android: INACTIVE -> PASSED
06-25 22:03:01.035  4374  4374 I PackageWatchdog: Updated health check state for package com.google.android.permissioncontroller: INACTIVE -> PASSED
06-25 22:03:01.035  4374  4374 I PackageWatchdog: Updated health check state for package com.google.android.gms: INACTIVE -> PASSED
06-25 22:03:01.035  4374  4374 I PackageWatchdog: Updated health check state for package com.google.android.gsf: INACTIVE -> PASSED
06-25 22:03:01.035  4374  4374 I PackageWatchdog: Updated health check state for package com.android.providers.userdictionary: INACTIVE -> PASSED
06-25 22:03:01.035  4374  4374 I PackageWatchdog: Updated health check state for package com.android.providers.media.module: INACTIVE -> PASSED
06-25 22:03:01.035  4374  4374 I PackageWatchdog: Updated health check state for package com.android.systemui: INACTIVE -> PASSED
06-25 22:03:01.036  4374  4374 I PackageWatchdog: Updated health check state for package com.android.bluetooth: INACTIVE -> PASSED
06-25 22:03:01.036  4374  4374 I PackageWatchdog: Updated health check state for package com.android.providers.contacts: INACTIVE -> PASSED
06-25 22:03:01.047  4374  4374 D BatteryStatsImpl: Reading daily items from /data/system/batterystats-daily.xml
06-25 22:03:01.074  4374  4415 I BatteryStatsService: Using power.stats HAL
06-25 22:03:01.075  4374  4415 W BatteryStatsService: Rail information is not available
06-25 22:03:01.075  4374  4415 W BatteryStatsService: Rail energy data is not available
06-25 22:03:01.076  4374  4415 E BluetoothAdapter: Bluetooth binder is null
06-25 22:03:01.077  4374  4415 I KernelCpuUidFreqTimeReader: mPerClusterTimesAvailable=false
06-25 22:03:01.081  4374  4415 W KernelCpuUidFreqTimeBpfMapReader: Failed to start tracking
06-25 22:03:01.085  4374  4415 W KernelCpuUidActiveTimeBpfMapReader: Failed to start tracking
06-25 22:03:01.088  4374  4415 W KernelCpuUidClusterTimeBpfMapReader: Failed to start tracking
06-25 22:03:01.092  4374  4415 E system_server: Cannot read thread CPU times for PID 4374
06-25 22:03:01.093  4374  4415 E KernelWakelockReader: neither /proc/wakelocks nor /d/wakeup_sources exists
06-25 22:03:01.097  4374  4415 W BatteryStatsImpl: Couldn't get kernel wake lock stats
