06-25 22:02:55.627     0     0 D         : [   11.515340@1]- 	slots(2)
06-25 22:02:55.627     0     0 D         : [   11.515343@1]- 	slot_width(32)
06-25 22:02:55.628     0     0 D         : [   11.515346@1]- 	lane_mask_in(0x2)
06-25 22:02:55.628     0     0 D         : [   11.515349@1]- 	lane_mask_out(0x1)
06-25 22:02:55.628     0     0 D         : [   11.515353@1]- 	lane_oe_mask_in(0x0)
06-25 22:02:55.628     0     0 D         : [   11.515356@1]- 	lane_oe_mask_out(0x0)
06-25 22:02:55.628     0     0 D         : [   11.515359@1]- 	lane_lb_mask_in(0x0)
06-25 22:02:55.628     0     0 D         : [   11.515362@1]- aml_dai_set_tdm_sysclk(), mpll no change, keep clk
06-25 22:02:55.628     0     0 D         : [   11.515366@1]- aml_dai_set_tdm_sysclk(), mclk no change, keep clk
06-25 22:02:55.628     0     0 D         : [   11.515370@1]- set mclk:12288000, mpll:24576000, get mclk:12287994, mpll:24575987
06-25 22:02:55.628     0     0 D         : [   11.515374@1]- aml_dai_set_clkdiv, div 4, clksel(1)
06-25 22:02:55.628     0     0 D         : [   11.515383@1]- aml_dai_set_bclk_ratio, select I2S mode
06-25 22:02:55.628     0     0 D         : [   11.515393@1]- aml_dai_tdm_hw_params(), enable mclk for TDM-B
06-25 22:02:55.624  4111  4111 D amlaudioMixer: newAmlAudioMixer()
06-25 22:02:55.625  4111  4111 I amlaudioMixer: ++pcm_mixer_thread_run()
06-25 22:02:55.625  4111  4111 I amlaudioMixer: ++pcm_mixer_thread_run() audio_mixer->mixing_enable -1
06-25 22:02:55.626  4111  4111 I amlaudioMixer: ++pcm_mixer_thread_run() audio_mixer->mixing_enable -1, pthread_create ret 0
06-25 22:02:55.627  4111  4111 D audio_hw_primary: adev_open: exit
06-25 22:02:55.631  4111  4111 D audio_hw_primary: adev_set_mode(0xeb7b3860, 0)
06-25 22:02:55.631  4188  4188 I AudioFlinger: loadHwModule() Loaded primary audio interface, handle 10
06-25 22:02:55.632  4188  4188 I AudioFlinger: openOutput() this 0xf18c7600, module 10 Device type:0x2,@:, SamplingRate 48000, Format 0x000001, Channels 0x3, flags 0x2
06-25 22:02:55.632  4111  4111 D audio_hw_primary: adev_open_output_stream_new: enter
06-25 22:02:55.632  4111  4111 D audio_hw_primary: adev_open_output_stream: enter: devices(0x2) channel_mask(0x3) rate(48000) format(0x1) flags(0x2)
06-25 22:02:55.633  4111  4111 I audio_hwsync: aml_audio_hwsync_init open tsync fd 17
06-25 22:02:55.633  4111  4111 I audio_hwsync: aml_audio_hwsync_init done
06-25 22:02:55.633  4111  4111 D audio_hw_primary: adev_open_output_stream: exit
06-25 22:02:55.633  4111  4111 D audio_hw_profile: get_hdmi_sink_cap_new is running...
06-25 22:02:55.634  4111  4111 D audio_hw_profile: query hdmi format...
06-25 22:02:55.634  4111  4111 D audio_hw_profile: get_hdmi_sink_cap_new ddp is unsupported; ddp-joc(atmos) is unsupported;
06-25 22:02:55.634  4111  4111 I audio_hw_profile: PCM cap Max channel =2
06-25 22:02:55.634  4111  4111 I audio_hw_primary: get_sink_capability mbox+dvb case sink_capability =  0x1
06-25 22:02:55.634  4111  4111 I audio_hw_primary: !!!get_sink_format() Sink devices 0 Source format 0x1 digital_format(hdmi_format) 0x5 Sink Capability 0x1
06-25 22:02:55.634  4111  4111 I audio_hw_primary: get_sink_format() HDMI ARC or mbox + dvb case
06-25 22:02:55.637  4111  4111 I audio_hw_primary: get_sink_format sink_format 0x1 optical_format 0x1, dual_output 0
06-25 22:02:55.637  4111  4111 I audio-subMixingFactory: ++initSubMixingInput()
06-25 22:02:55.637  4111  4111 I audio-subMixingFactory: ++initSubMixingInputPcm(), out 0xe8503670, flags 0x2, hwsync lpcm 0, out format 0x1
06-25 22:02:55.637  4111  4111 I audio-subMixingFactory: initSubMixingInputPcm(), primary presentation
06-25 22:02:55.638  4111  4111 D audio_hw_primary: -adev_open_output_stream_new: out 0xe8503670: usecase:[0]PCM_NORMAL card:0 alsa devices:0
06-25 22:02:55.638  4111  4334 I amlaudioMixer: [mixer_16b_threadloop:1294] began create thread
06-25 22:02:55.651     0     0 D         : [   11.538588@2]- spdif_a fifo ctrl, frddr:0 type:1, 16 bits, chmask 0x3, swap 0x10
06-25 22:02:55.653     0     0 D [   11.538601@2]- spdif_info: rate: 48000, channel status ch0_l:0x100, ch0_r:0x100, ch1_l:0x200, ch1_r:0x200
06-25 22:02:55.653     0     0 D [   11.538611@2]- audio_ddr_mngr: frddr_set_sharebuffer_enable sel:1, dst_src:3
06-25 22:02:55.655     0     0 D         : [   11.538890@2]- tdm playback mute: 0, lane_cnt = 4
06-25 22:02:55.639  4111  4334 D audio_hw_utils: [aml_set_thread_priority:1382] thread:amlAudioMixer16 set priority, ret:0 policy:1 priority:5
06-25 22:02:55.639  4111  4334 D audio_virtual_buf: audio_virtual_buf_open mixer_16bit_thread buf_begin=32000000 buf_target=32000000 time=0
06-25 22:02:55.639  4111  4111 I audio_hw_primary: out_get_buffer_size(out->config.rate=48000, format 1,stream format 1)
06-25 22:02:55.640  4188  4188 I AudioFlinger: HAL output buffer size 2048 frames, normal sink buffer size 2048 frames
06-25 22:02:55.643  3820  3820 I hwservicemanager: getTransport: Cannot find entry android.hardware.audio.effect@7.0::IEffectsFactory/default in either framework or device VINTF manifest.
06-25 22:02:55.644  3820  3820 I hwservicemanager: getTransport: Cannot find entry android.hardware.audio.effect@6.0::IEffectsFactory/default in either framework or device VINTF manifest.
06-25 22:02:55.675     0     0 I         : [   11.562595@2]- asoc-aml-card auge_sound: tdm playback enable
06-25 22:02:55.675  4248  4248 D hw-ProcessState: Binder ioctl to enable oneway spam detection failed: Invalid argument
06-25 22:02:55.698     0     0 D         : [   11.562606@2]- spdif_a is set to enable
06-25 22:02:55.699     0     0 I [   11.566280@0]- binder: 4248:4248 ioctl 40046210 ffa83be8 returned -22
06-25 22:02:55.675  4097  4097 D Zygote  : begin preload
06-25 22:02:55.675  4097  4097 I Zygote  : Calling ZygoteHooks.beginPreload()
06-25 22:02:55.700  4248  4248 D ProcessState: Binder ioctl to enable oneway spam detection failed: Invalid argument
06-25 22:02:55.703  4248  4248 I ServiceManager: Waiting for service 'package_native' on '/dev/binder'...
06-25 22:02:55.706     0     0 I [   11.591200@0]- binder: 4248:4248 ioctl 40046210 ffa83bb0 returned -22
06-25 22:02:55.725  4146  4172 E gralloc4: ERROR: Unrecognized and/or unsupported format 0x16 and usage 0x100
06-25 22:02:55.725  4146  4172 E gralloc4: allocate, buffer allocation failed with -22
06-25 22:02:55.725  4200  4241 E GraphicBufferAllocator: Failed to allocate (128 x 128) layerCount 1 format 22 usage 100: 5
06-25 22:02:55.756  4244  4244 D ProcessState: Binder ioctl to enable oneway spam detection failed: Invalid argument
06-25 22:02:55.759     0     0 I [   11.647342@0]- binder: 4244:4244 ioctl 40046210 ffb7b578 returned -22
06-25 22:02:55.757  4244  4244 I mediaserver: ServiceManager: 0xeacc1470
06-25 22:02:55.758  4244  4244 W BatteryNotifier: batterystats service unavailable!
06-25 22:02:55.759  4111  4111 E EffectsFactoryConfigLoader: Error querying effect 4b8b4260-3429-11e6-a6c7-0002a5d5c51b on lib audio_pre_processing
06-25 22:02:55.759  4111  4111 E EffectsFactoryConfigLoader: Error querying effect 5dbdc480-3429-11e6-a499-0002a5d5c51b on lib audio_pre_processing
06-25 22:02:55.759  4111  4111 E EffectsFactoryConfigLoader: 2 errors during loading of configuration: /vendor/etc/audio_effects.xml
06-25 22:02:55.759  4111  4111 E EffectsFactory: Effect config is partially invalid, skipped 2 elements
06-25 22:02:55.760  4188  4188 I BufferProvider: found effect "Multichannel Downmix To Stereo" from The Android Open Source Project
06-25 22:02:55.760  4111  4111 I audio_hw_primary: out_get_buffer_size(out->config.rate=48000, format 1,stream format 1)
06-25 22:02:55.761  4188  4188 D AudioFlinger: Failed to add event callback
06-25 22:02:55.764  4244  4244 W BatteryNotifier: batterystats service unavailable!
06-25 22:02:55.766  4188  4335 I AudioFlinger: AudioFlinger's thread 0xf4700ea0 tid=4335 ready to run
06-25 22:02:55.767  4188  4335 W AudioFlinger: no wake lock to update, system not ready yet
06-25 22:02:55.767  4188  4335 D AudioFlinger: ro.audio.silent is ignored since no output device is set
06-25 22:02:55.767  4111  4151 W audio-subMixingFactory: out_get_presentation_position_port(), pts not valid yet
06-25 22:02:55.768  4111  4151 D audio-subMixingFactory: out_standby_subMixingPCM: out_stream(0xe8503670) usecase: [0]PCM_NORMAL
06-25 22:02:55.769  4244  4244 E AmloadAmlogicPlayers: AmlogicMediaFactoryInit failed:dlopen failed: library "libmedia_amlogic.so" not found
06-25 22:02:55.773  4188  4335 W AudioFlinger: no wake lock to update, system not ready yet
06-25 22:02:55.773  4188  4335 D AudioFlinger: ro.audio.silent is ignored since no output device is set
06-25 22:02:55.773  4188  4188 V APM_AudioPolicyManager: checkAndSetVolume cannot set volume group 3 volume when isn ot requested for comm
06-25 22:02:55.782  4229  4229 D hw-ProcessState: Binder ioctl to enable oneway spam detection failed: Invalid argument
06-25 22:02:55.783  4229  4229 D ProcessState: Binder ioctl to enable oneway spam detection failed: Invalid argument
06-25 22:02:55.785     0     0 I [   11.673331@3]- binder: 4229:4229 ioctl 40046210 fffcb960 returned -22
06-25 22:02:55.785     0     0 I [   11.674207@3]- binder: 4229:4229 ioctl 40046210 fffcb978 returned -22
06-25 22:02:55.783  4229  4229 I cameraserver: ServiceManager: 0xec4c1090
06-25 22:02:55.783  4229  4229 I CameraService: CameraService started (pid=4229)
06-25 22:02:55.784  4229  4229 I CameraService: CameraService process starting
06-25 22:02:55.785  4229  4229 W BatteryNotifier: batterystats service unavailable!
06-25 22:02:55.786  4229  4229 W BatteryNotifier: batterystats service unavailable!
06-25 22:02:55.792  4229  4229 I CameraProviderManager: Connecting to new camera provider: legacy/0, isRemote? 1
06-25 22:02:55.793  4117  4179 D CamPrvdr@2.5-legacy: notifyDeviceStateChange: New device state: 0x0
06-25 22:02:55.795  4229  4229 I CameraProviderManager: Camera provider legacy/0 ready with 0 camera devices
06-25 22:02:55.795  4229  4336 W CameraProviderManager: addProviderLocked: Camera provider HAL with name 'legacy/0' already registered
06-25 22:02:55.796  4229  4229 I cameraserver: Waiting for activity service
06-25 22:02:55.833  4188  4188 W AudioFlinger: moveEffects() bad srcOutput 0
06-25 22:02:55.833  4188  4188 V APM_AudioPolicyManager: selectOutputForMusicEffects selected output 13
06-25 22:02:55.833  4188  4188 V APM_AudioPolicyManager: setOutputDevices device {type:0x2,@:} delayMs 0
06-25 22:02:55.833  4188  4188 V APM_AudioPolicyManager: setOutputDevices() prevDevice {type:0x2,@:}
06-25 22:02:55.835  4188  4188 V APM_AudioPolicyManager: setOutputDevices changing device to {type:0x2,@:}
06-25 22:02:55.857  4111  4111 I audio_hw_primary: ++adev_create_audio_patch
06-25 22:02:55.857  4111  4111 I audio_hw_primary: +adev_create_audio_patch num_sources [1] , num_sinks [1],src_config->type=2,sink_config->type=1,aml_dev->patch_src=11
06-25 22:02:55.857  4111  4111 I audio_hw_primary: --register_audio_patch: after registering new patch, patch sets will be:
06-25 22:02:55.857  4111  4111 I audio_hw_primary: adev_create_audio_patch(), patch new handle for AF: 0xff87fd74
06-25 22:02:55.857  4111  4111 I audio_hw_primary: aml_audio_output_routing: outport OUTPORT_SPEAKER already exists, do nothing
06-25 22:02:55.857  4111  4111 I audio_hw_primary: adev_create_audio_patch: mix->device patch: outport(0)
06-25 22:02:55.858  4188  4188 V APM_AudioPolicyManager: setOutputDevices() AF::createAudioPatch returned 0 patchHandle 12 num_sources 1 num_sinks 1
06-25 22:02:55.872  4188  4188 V APM_AudioPolicyManager: checkAndSetVolume cannot set volume group 3 volume when isn ot requested for comm
06-25 22:02:55.880  4188  4188 I AudioFlinger: openOutput() this 0xf18c7600, module 10 Device type:0x2,@:, SamplingRate 32000, Format 0x000001, Channels 0x3, flags 0x41
06-25 22:02:55.881  4111  4111 D audio_hw_primary: adev_open_output_stream_new: enter
06-25 22:02:55.881  4111  4111 D audio_hw_primary: adev_open_output_stream: enter: devices(0x2) channel_mask(0x3) rate(32000) format(0x1) flags(0x41)
06-25 22:02:55.881  4111  4111 I audio_hwsync: aml_audio_hwsync_init open tsync fd 18
06-25 22:02:55.881  4111  4111 I audio_hwsync: aml_audio_hwsync_init done
06-25 22:02:55.881  4111  4111 D audio_hw_primary: adev_open_output_stream format=1 rate=32000
06-25 22:02:55.881  4111  4111 I audio_hw_primary: init resampler from 32000 to 48000!
06-25 22:02:55.881  4111  4111 D aml_audio_resampler: resampler_init, Init Resampler: input_sr = 32000, output_sr = 48000 
06-25 22:02:55.881  4111  4111 D audio_hw_primary: adev_open_output_stream: exit
06-25 22:02:55.881  4111  4111 D audio_hw_profile: get_hdmi_sink_cap_new is running...
06-25 22:02:55.882  4111  4111 D audio_hw_profile: query hdmi format...
06-25 22:02:55.882  4111  4111 D audio_hw_profile: get_hdmi_sink_cap_new ddp is unsupported; ddp-joc(atmos) is unsupported;
06-25 22:02:55.882  4111  4111 I audio_hw_profile: PCM cap Max channel =2
06-25 22:02:55.882  4111  4111 I audio_hw_primary: get_sink_capability mbox+dvb case sink_capability =  0x1
06-25 22:02:55.882  4111  4111 I audio_hw_primary: !!!get_sink_format() Sink devices 0 Source format 0x1 digital_format(hdmi_format) 0x5 Sink Capability 0x1
06-25 22:02:55.882  4111  4111 I audio_hw_primary: get_sink_format() HDMI ARC or mbox + dvb case
06-25 22:02:55.882  4111  4111 I audio_hw_primary: get_sink_format sink_format 0x1 optical_format 0x1, dual_output 0
06-25 22:02:55.882  4111  4111 I audio-subMixingFactory: ++initSubMixingInput()
06-25 22:02:55.882  4111  4111 I audio-subMixingFactory: ++initSubMixingInputPcm(), out 0xe8500e90, flags 0x41, hwsync lpcm 1, out format 0x1
06-25 22:02:55.882  4111  4111 I audio-subMixingFactory: initSubMixingInputPcm(), lpcm case
06-25 22:02:55.882  4111  4111 D audio_hw_primary: -adev_open_output_stream_new: out 0xe8500e90: usecase:[2]PCM_HWSYNC card:0 alsa devices:0
06-25 22:02:55.883  4111  4111 I audio_hw_primary: out_get_buffer_size(out->config.rate=32000, format 1,stream format 1)
06-25 22:02:55.885  4188  4188 I AudioFlinger: HAL output buffer size 2053 frames, normal sink buffer size 2053 frames
06-25 22:02:55.886  4188  4188 D AudioFlinger: Failed to add event callback
06-25 22:02:55.888  4188  4339 I AudioFlinger: AudioFlinger's thread 0xf03c0010 tid=4339 ready to run
06-25 22:02:55.888  4188  4339 W AudioFlinger: no wake lock to update, system not ready yet
06-25 22:02:55.888  4188  4339 D AudioFlinger: ro.audio.silent is ignored since no output device is set
06-25 22:02:55.888  4111  4111 D audio_hw_primary: out_set_parameters(kvpairs(closing=true), out_device=0x2)
06-25 22:02:55.888  4111  4111 E audio_hw_primary: Amlogic_HAL - out_set_parameters: parameter is NULL, change ret value to 0 in order to pass VTS test.
06-25 22:02:55.889  4111  4111 D audio-subMixingFactory: out_standby_subMixingPCM: out_stream(0xe8500e90) usecase: [2]PCM_HWSYNC
06-25 22:02:55.890  4111  4111 D audio_hw_primary: out_dump(0xe8500e90, 19)
06-25 22:02:55.893  4244  4244 I AmlogicNuPlayerFactoryInit: register  AmNuPlayerFactory err =0
06-25 22:02:55.896  4111  4111 D audio_hw_primary: out_set_parameters(kvpairs(exiting=1), out_device=0x2)
06-25 22:02:55.896  4111  4111 E audio_hw_primary: Amlogic_HAL - out_set_parameters: parameter is NULL, change ret value to 0 in order to pass VTS test.
06-25 22:02:55.897  4188  4339 W AudioFlinger: no wake lock to update, system not ready yet
06-25 22:02:55.897  4188  4339 D AudioFlinger: ro.audio.silent is ignored since no output device is set
06-25 22:02:55.897  4111  4111 D audio_hw_primary: adev_close_output_stream_new: enter usecase = [2]PCM_HWSYNC
06-25 22:02:55.898  4111  4111 I audio-subMixingFactory: ++deleteSubMixingInput()
06-25 22:02:55.898  4111  4111 I audio-subMixingFactory: deleteSubMixingInputPcm(), cnt_stream_using_mixer 0
06-25 22:02:55.898  4111  4111 I amlaudioMixer: [delete_mixer_input_port:181] input port:-1
06-25 22:02:55.898  4111  4111 I audio-subMixingFactory: deleteSubMixingInputPcm(), lpcm case
06-25 22:02:55.898  4111  4111 D audio_hw_primary: adev_close_output_stream: enter: dev(0xeb7b3860) stream(0xe8500e90)
06-25 22:02:55.898  4188  4188 I AudioFlinger: openOutput() this 0xf18c7600, module 10 Device type:0x2,@:, SamplingRate 48000, Format 0x000001, Channels 0x3, flags 0x4011
06-25 22:02:55.898  4111  4111 D audio-subMixingFactory: out_standby_subMixingPCM: out_stream(0xe8500e90) usecase: [2]PCM_HWSYNC
06-25 22:02:55.898  4111  4111 I audio_hwsync: aml_audio_hwsync_release done
06-25 22:02:55.899  4111  4150 D audio_hw_primary: adev_open_output_stream_new: enter
06-25 22:02:55.899  4111  4150 D audio_hw_primary: adev_open_output_stream: enter: devices(0x2) channel_mask(0x3) rate(48000) format(0x1) flags(0x4011)
06-25 22:02:55.899  4111  4150 I aml_mmap_audio: [outMmapInit:316] stream:0xe8505e50
06-25 22:02:55.900  4111  4150 E ion     : ioctl c0044901 failed with code -1: Invalid argument
06-25 22:02:55.900  4111  4111 D audio_hw_primary: adev_close_output_stream: exit
06-25 22:02:55.900  4111  4111 D audio_hw_primary: adev_close_output_stream_new: exit
06-25 22:02:55.900  4111  4150 I audio_hwsync: aml_audio_hwsync_init open tsync fd 20
06-25 22:02:55.900  4111  4150 I audio_hwsync: aml_audio_hwsync_init done
06-25 22:02:55.900  4111  4150 D audio_hw_primary: adev_open_output_stream: exit
06-25 22:02:55.900  4111  4150 D audio_hw_profile: get_hdmi_sink_cap_new is running...
06-25 22:02:55.901  4111  4150 D audio_hw_profile: query hdmi format...
06-25 22:02:55.901  4111  4150 D audio_hw_profile: get_hdmi_sink_cap_new ddp is unsupported; ddp-joc(atmos) is unsupported;
06-25 22:02:55.901  4111  4150 I audio_hw_profile: PCM cap Max channel =2
06-25 22:02:55.901  4111  4150 I audio_hw_primary: get_sink_capability mbox+dvb case sink_capability =  0x1
06-25 22:02:55.901  4111  4150 I audio_hw_primary: !!!get_sink_format() Sink devices 0 Source format 0x1 digital_format(hdmi_format) 0x5 Sink Capability 0x1
06-25 22:02:55.901  4111  4150 I audio_hw_primary: get_sink_format() HDMI ARC or mbox + dvb case
06-25 22:02:55.901  4111  4150 I audio_hw_primary: get_sink_format sink_format 0x1 optical_format 0x1, dual_output 0
06-25 22:02:55.901  4111  4150 I audio-subMixingFactory: ++initSubMixingInput()
06-25 22:02:55.901  4111  4150 I audio-subMixingFactory: ++initSubMixingInputPcm(), out 0xe8505e50, flags 0x4011, hwsync lpcm 0, out format 0x1
06-25 22:02:55.901  4111  4150 D audio_hw_primary: -adev_open_output_stream_new: out 0xe8505e50: usecase:[7]PCM_MMAP card:0 alsa devices:0
06-25 22:02:55.903  4111  4150 I audio_hw_primary: out_get_buffer_size(out->config.rate=48000, format 1,stream format 1)
06-25 22:02:55.905  4188  4342 I AudioFlinger: AudioFlinger's thread 0xf0940010 tid=4342 ready to run
06-25 22:02:55.905  4111  4341 D audio_hw_primary: out_set_parameters(kvpairs(closing=true), out_device=0x2)
06-25 22:02:55.906  4111  4341 E audio_hw_primary: Amlogic_HAL - out_set_parameters: parameter is NULL, change ret value to 0 in order to pass VTS test.
06-25 22:02:55.906  4111  4341 I audio_hw_primary: out_set_volume(), stream(0xe8505e50), left:1.000000 right:1.000000 
06-25 22:02:55.910  4188  4188 D AudioFlinger: closing mmapThread 0xf0940010
06-25 22:02:55.911  4188  4188 D AudioFlinger: mmapThread exit()
06-25 22:02:55.913  4111  4341 D audio_hw_primary: adev_close_output_stream_new: enter usecase = [7]PCM_MMAP
06-25 22:02:55.913  4111  4341 I audio-subMixingFactory: ++deleteSubMixingInput()
06-25 22:02:55.913  4111  4341 I audio-subMixingFactory: deleteSubMixingInputPcm(), cnt_stream_using_mixer 0
06-25 22:02:55.913  4111  4341 I amlaudioMixer: [delete_mixer_input_port:181] input port:-1
06-25 22:02:55.913  4111  4341 D audio_hw_primary: adev_close_output_stream: enter: dev(0xeb7b3860) stream(0xe8505e50)
06-25 22:02:55.913  4111  4341 D audio_hw_primary: out_standby_new: enter
06-25 22:02:55.913  4111  4341 I audio_hw_primary: [do_output_standby_l:6964] stream:0xe8505e50 usecase:[7]PCM_MMAP, continuous:0
06-25 22:02:55.913  4111  4341 I audio_hw_primary: ++[usecase_change_validate_l:9826], dev masks:0, is_standby:1, out usecase:[7]PCM_MMAP
06-25 22:02:55.913  4111  4341 I audio_hw_primary: --[usecase_change_validate_l:9842], dev masks:0, is_standby:1, out usecase [7]PCM_MMAP
06-25 22:02:55.913  4111  4341 I audio_hw_primary: do_output_standby_l current usecase_masks 0
06-25 22:02:55.913  4111  4341 D audio_hw_primary: out_standby_new: exit
06-25 22:02:55.913  4111  4341 I audio_hwsync: aml_audio_hwsync_release done
06-25 22:02:55.913  4111  4341 I aml_mmap_audio: [outMmapDeInit:360] stream:0xe8505e50
06-25 22:02:55.913  4111  4341 D audio_hw_primary: adev_close_output_stream: exit
06-25 22:02:55.913  4111  4341 D audio_hw_primary: adev_close_output_stream_new: exit
06-25 22:02:55.913  4111  4150 D audio_hw_primary: adev_open_input_stream: enter: devices(0x80000004) channel_mask(0xc) rate(48000) format(0x1) source(1)
06-25 22:02:55.913  4111  4150 D audio_hw_primary: check_input_parameters(sample_rate=48000, format=1, channel_count=2, devices = 80000004)
06-25 22:02:55.913  4111  4150 D audio_hw_primary: adev_open_input_stream: exit
06-25 22:02:55.916  4111  4150 D audio_hw_primary: in_get_buffer_size: enter: channel_mask(0xc) rate(48000) format(0x1)
06-25 22:02:55.916  4111  4150 D audio_hw_primary: get_input_buffer_size(sample_rate=48000, format=1, channel_count=2)
06-25 22:02:55.916  4111  4150 D audio_hw_primary: in_get_buffer_size: exit: buffer_size = 4096
06-25 22:02:55.916  4111  4150 D audio_hw_primary: in_get_buffer_size: enter: channel_mask(0xc) rate(48000) format(0x1)
06-25 22:02:55.916  4111  4150 D audio_hw_primary: get_input_buffer_size(sample_rate=48000, format=1, channel_count=2)
06-25 22:02:55.916  4111  4150 D audio_hw_primary: in_get_buffer_size: exit: buffer_size = 4096
06-25 22:02:55.919  4188  4344 I AudioFlinger: AudioFlinger's thread 0xf40a2f20 tid=4344 ready to run
06-25 22:02:55.919  4111  4150 D audio_hw_primary: in_standby: enter: stream(0xe84039d0)
06-25 22:02:55.920  4111  4150 D audio_hw_primary: do_input_standby(0xe84039d0) in->standby = 1
06-25 22:02:55.920  4111  4150 D audio_hw_primary: in_standby: exit
06-25 22:02:55.920  4188  4344 W AudioFlinger: no wake lock to update, system not ready yet
06-25 22:02:55.921  4111  4150 D audio_hw_primary: in_standby: enter: stream(0xe84039d0)
06-25 22:02:55.921  4111  4150 D audio_hw_primary: do_input_standby(0xe84039d0) in->standby = 1
06-25 22:02:55.921  4111  4150 D audio_hw_primary: in_standby: exit
06-25 22:02:55.921  4188  4344 W AudioFlinger: no wake lock to update, system not ready yet
06-25 22:02:55.922  4111  4150 D audio_hw_primary: adev_close_input_stream: enter: dev(0xeb7b3860) stream(0xe84039d0)
06-25 22:02:55.922  4111  4341 D audio_hw_primary: adev_open_input_stream: enter: devices(0x90000000) channel_mask(0xc) rate(48000) format(0x3) source(1)
06-25 22:02:55.922  4111  4341 D audio_hw_primary: check_input_parameters(sample_rate=48000, format=3, channel_count=2, devices = 90000000)
06-25 22:02:55.922  4111  4150 D audio_hw_primary: in_standby: enter: stream(0xe84039d0)
06-25 22:02:55.922  4111  4150 D audio_hw_primary: do_input_standby(0xe84039d0) in->standby = 1
06-25 22:02:55.922  4111  4341 D audio_hw_primary: adev_open_input_stream: exit
06-25 22:02:55.922  4111  4150 D audio_hw_primary: in_standby: exit
06-25 22:02:55.922  4111  4150 D audio_hw_primary: adev_close_input_stream: exit
06-25 22:02:55.924  4111  4341 D audio_hw_primary: in_get_buffer_size: enter: channel_mask(0xc) rate(48000) format(0x3)
06-25 22:02:55.924  4111  4341 D audio_hw_primary: get_input_buffer_size(sample_rate=48000, format=3, channel_count=2)
06-25 22:02:55.924  4111  4341 D audio_hw_primary: in_get_buffer_size: exit: buffer_size = 8192
06-25 22:02:55.925  4111  4341 D audio_hw_primary: in_get_buffer_size: enter: channel_mask(0xc) rate(48000) format(0x3)
06-25 22:02:55.925  4111  4341 D audio_hw_primary: get_input_buffer_size(sample_rate=48000, format=3, channel_count=2)
06-25 22:02:55.925  4111  4341 D audio_hw_primary: in_get_buffer_size: exit: buffer_size = 8192
06-25 22:02:55.927  4188  4346 I AudioFlinger: AudioFlinger's thread 0xf40a2f20 tid=4346 ready to run
06-25 22:02:55.927  4111  4341 D audio_hw_primary: in_standby: enter: stream(0xe84046f0)
06-25 22:02:55.927  4111  4341 D audio_hw_primary: do_input_standby(0xe84046f0) in->standby = 1
06-25 22:02:55.927  4111  4341 D audio_hw_primary: in_standby: exit
06-25 22:02:55.928  4188  4346 W AudioFlinger: no wake lock to update, system not ready yet
06-25 22:02:55.929  4111  4341 D audio_hw_primary: in_standby: enter: stream(0xe84046f0)
06-25 22:02:55.929  4111  4341 D audio_hw_primary: do_input_standby(0xe84046f0) in->standby = 1
06-25 22:02:55.929  4111  4341 D audio_hw_primary: in_standby: exit
06-25 22:02:55.931  4097  4097 D Zygote32Timing: BeginPreload took to complete: 255ms
06-25 22:02:55.932  4097  4097 I Zygote  : Preloading classes...
06-25 22:02:55.943  4188  4346 W AudioFlinger: no wake lock to update, system not ready yet
06-25 22:02:55.944  4111  4150 D audio_hw_primary: adev_open_input_stream: enter: devices(0x80000004) channel_mask(0xc) rate(16000) format(0x3) source(1)
06-25 22:02:55.944  4111  4150 D audio_hw_primary: check_input_parameters(sample_rate=16000, format=3, channel_count=2, devices = 80000004)
06-25 22:02:55.945  4111  4150 D audio_hw_primary: adev_open_input_stream: in->requested_rate = 16000, in->config.rate = 48000
06-25 22:02:55.945  4111  4150 D audio_hw_primary: adev_open_input_stream: exit
06-25 22:02:55.945  4111  4150 D audio_hw_primary: adev_close_input_stream: enter: dev(0xeb7b3860) stream(0xe84046f0)
06-25 22:02:55.945  4111  4150 D audio_hw_primary: in_standby: enter: stream(0xe84046f0)
06-25 22:02:55.945  4111  4150 D audio_hw_primary: do_input_standby(0xe84046f0) in->standby = 1
06-25 22:02:55.945  4111  4150 D audio_hw_primary: in_standby: exit
06-25 22:02:55.945  4111  4150 D audio_hw_primary: adev_close_input_stream: exit
06-25 22:02:55.946  4111  4341 D audio_hw_primary: in_get_buffer_size: enter: channel_mask(0xc) rate(16000) format(0x3)
06-25 22:02:55.946  4111  4341 D audio_hw_primary: get_input_buffer_size(sample_rate=16000, format=3, channel_count=2)
06-25 22:02:55.946  4111  4341 D audio_hw_primary: in_get_buffer_size: exit: buffer_size = 8192
06-25 22:02:55.948  4111  4341 D audio_hw_primary: in_get_buffer_size: enter: channel_mask(0xc) rate(16000) format(0x3)
06-25 22:02:55.948  4111  4341 D audio_hw_primary: get_input_buffer_size(sample_rate=16000, format=3, channel_count=2)
06-25 22:02:55.948  4111  4341 D audio_hw_primary: in_get_buffer_size: exit: buffer_size = 8192
06-25 22:02:55.959  4188  4349 I AudioFlinger: AudioFlinger's thread 0xf40a2f20 tid=4349 ready to run
06-25 22:02:55.960  4111  4341 D audio_hw_primary: in_standby: enter: stream(0xe84039d0)
06-25 22:02:55.960  4111  4341 D audio_hw_primary: do_input_standby(0xe84039d0) in->standby = 1
06-25 22:02:55.960  4111  4341 D audio_hw_primary: in_standby: exit
06-25 22:02:55.960  4188  4349 W AudioFlinger: no wake lock to update, system not ready yet
06-25 22:02:55.960  4111  4341 D audio_hw_primary: in_standby: enter: stream(0xe84039d0)
06-25 22:02:55.960  4111  4341 D audio_hw_primary: do_input_standby(0xe84039d0) in->standby = 1
06-25 22:02:55.960  4111  4341 D audio_hw_primary: in_standby: exit
06-25 22:02:55.963  4188  4349 W AudioFlinger: no wake lock to update, system not ready yet
06-25 22:02:55.963  4111  4341 D audio_hw_primary: adev_close_input_stream: enter: dev(0xeb7b3860) stream(0xe84039d0)
06-25 22:02:55.963  4111  4341 D audio_hw_primary: in_standby: enter: stream(0xe84039d0)
06-25 22:02:55.963  4111  4341 D audio_hw_primary: do_input_standby(0xe84039d0) in->standby = 1
06-25 22:02:55.963  4111  4341 D audio_hw_primary: in_standby: exit
06-25 22:02:55.963  4111  4341 D audio_hw_primary: adev_close_input_stream: exit
06-25 22:02:55.963  4188  4188 V APM_AudioPolicyManager: onNewAudioModulesAvailableInt: Input device list is empty! for profile ble_in
06-25 22:02:55.996  4267  4267 E applypatch: Partition contents don't have the expected checksum
06-25 22:02:56.010     0     0 I [   11.900048@1]- resman: 4 appname:secmem, type=3
06-25 22:02:56.008  4244  4244 I secmem_tz: secmem version 2.1.2-ga9afe7a(build:833)
06-25 22:02:56.008  4244  4244 E secmem_tz: [Secure_Check_Resm_tvp_support:583] secmem support resmanager tvp
06-25 22:02:56.011  4244  4244 I secmem_tz: secmem initialized success 0xe4d4f3d4
06-25 22:02:56.018  4244  4244 I VideoTunnelDisplay: videoTunnelLibInit ok
06-25 22:02:56.019  4244  4244 V VideoTunnelDisplay: ctor videotunnel_ops
06-25 22:02:56.019  4244  4244 I dvbclr  : 
06-25 22:02:56.019  4244  4244 I dvbclr  : MM-module-name:libdec_ca,Version:
06-25 22:02:56.019  4244  4244 I dvbclr  : 
06-25 22:02:56.019  4244  4244 I dvbclr  : Build options:SDK=31,DISABLE_DASH=false,DISABLE_AMP=false,DISABLE_LOOP=false,DISABLE_CA_CALLBACK_INTERFACE=false,DISABLE_CA_FINGERPRINT_CALLBACK=false,DISABLE_DASH_INTERFACE=false,DISABLE_MEDIAHAL_GETFIRSTPTS=true.
06-25 22:02:56.019  4244  4244 I drmphal : 
06-25 22:02:56.019  4244  4244 I drmphal : MM-module-name:libdrmp,Version:
06-25 22:02:56.019  4244  4244 I drmphal : 
06-25 22:02:56.019  4244  4244 I drmphal : Build options:SDK=31,DISABLE_DASH=true,DISABLE_AMP=true,DISABLE_LOOP=false,DISABLE_CA_CALLBACK_INTERFACE=false,DISABLE_CA_FINGERPRINT_CALLBACK=false,DISABLE_DASH_INTERFACE=false,DISABLE_MEDIAHAL_GETFIRSTPTS=false.
06-25 22:02:56.019  4244  4244 I DrmPlayer: 
06-25 22:02:56.019  4244  4244 I DrmPlayer: MM-module-name:libDrmPlayer,Version:
06-25 22:02:56.019  4244  4244 I DrmPlayer: 
06-25 22:02:56.019  4244  4244 I DrmPlayer: Build options:SDK=31,ENABLE_MEDIA_METRICS=true,DISABLE_CA_CALLBACK_INTERFACE=false,DISABLE_CA_FINGERPRINT_CALLBACK=false.
06-25 22:02:56.019  4244  4244 V DrmPlayerFactory: register DrmPlayerFactory success
06-25 22:02:56.020  4244  4244 E AmloadAmlogicPlayers: AmlogicCTCMediaPlayerFactory failed! dlopen failed: library "libCTC_MediaProcessor.so" not found
06-25 22:02:56.020  4244  4244 E AmloadAmlogicPlayers: AmMediaPlayerFactory failed:dlopen failed: library "libAmIptvMedia.so" not found
06-25 22:02:56.021  4244  4244 D hw-ProcessState: Binder ioctl to enable oneway spam detection failed: Invalid argument
06-25 22:02:56.022     0     0 I [   11.912127@3]- binder: 4244:4244 ioctl 40046210 ffb7b560 returned -22
06-25 22:02:56.029  4188  4188 I bt_a2dp_hw: system/bt/audio_a2dp_hw/src/audio_a2dp_hw.cc:1893 adev_open: adev_open:  adev_open in A2dp_hw module
06-25 22:02:56.031  4188  4188 I AudioFlinger: loadHwModule() Loaded a2dp audio interface, handle 18
06-25 22:02:56.031  4188  4188 V APM_AudioPolicyManager: onNewAudioModulesAvailableInt: Input device list is empty! for profile a2dp input
06-25 22:02:56.063  4188  4188 I AudioFlinger: loadHwModule() Loaded usb audio interface, handle 26
06-25 22:02:56.063  4188  4188 V APM_AudioPolicyManager: onNewAudioModulesAvailableInt: Input device list is empty! for profile usb_device input
06-25 22:02:56.068  4111  4341 I r_submix: adev_open(name=audio_hw_if)
06-25 22:02:56.068  4111  4341 I r_submix: adev_init_check()
06-25 22:02:56.069  4188  4188 I AudioFlinger: loadHwModule() Loaded r_submix audio interface, handle 34
06-25 22:02:56.069  4111  4348 D r_submix: adev_open_input_stream(addr=0)
06-25 22:02:56.069  4111  4348 D r_submix: submix_audio_device_create_pipe_l(addr=0, idx=9)
06-25 22:02:56.069  4111  4348 D r_submix:   now using address 0 for route 9
06-25 22:02:56.087  4188  4354 I AudioFlinger: AudioFlinger's thread 0xf40a2f20 tid=4354 ready to run
06-25 22:02:56.087  4111  4341 I r_submix: in_standby()
06-25 22:02:56.088  4188  4354 W AudioFlinger: no wake lock to update, system not ready yet
06-25 22:02:56.088  4111  4341 I r_submix: in_standby()
06-25 22:02:56.091  4188  4354 W AudioFlinger: no wake lock to update, system not ready yet
06-25 22:02:56.093  4111  4341 D r_submix: adev_close_input_stream()
06-25 22:02:56.093  4111  4341 D r_submix: submix_audio_device_release_pipe_l(idx=9) addr=0
06-25 22:02:56.093  4111  4341 D r_submix: submix_audio_device_destroy_pipe_l(): pipe destroyed
06-25 22:02:56.095  4188  4188 I audioserver: Waiting for activity service
06-25 22:02:56.102     0     0 I [   11.993847@3]- binder: 4285:4285 ioctl 40046210 ff8ba980 returned -22
06-25 22:02:56.103  4285  4285 D ProcessState: Binder ioctl to enable oneway spam detection failed: Invalid argument
06-25 22:02:56.118  4285  4285 D BootAnimation: BootAnimationStartTiming start time: 11955ms
06-25 22:02:56.118  4285  4285 D BootAnimation: BootAnimationPreloadTiming start time: 11955ms
06-25 22:02:56.133  4097  4097 I Typeface: Preloading /system/fonts/Roboto-Regular.ttf
06-25 22:02:56.133  4097  4097 I Typeface: Preloading /system/fonts/RobotoStatic-Regular.ttf
06-25 22:02:56.201  4357  4357 I applypatch: Patching /dev/block/by-name/recovery
06-25 22:02:56.308  4245  4245 W ServiceManager: Waited one second for package_native (is service started? are binder threads started and available?)
06-25 22:02:56.309  3819  3819 I servicemanager: Since 'package_native' could not be found, trying to start it as a lazy AIDL service
06-25 22:02:56.312  3819  4360 W libc    : Unable to set property "ctl.interface_start" to "aidl/package_native": error code: 0x20
06-25 22:02:56.312  3819  4360 I servicemanager: Tried to start aidl service package_native as a lazy service, but was unable to. Usually this happens when a service is not installed, but if the service is intended to be used as a lazy service, then it may be configured incorrectly.
06-25 22:02:56.312     0     0 E [   12.202963@0]- init: Control message: Could not find 'aidl/package_native' for ctl.interface_start from pid: 3819 (/system/bin/servicemanager)
06-25 22:02:56.324  4285  4285 D BootAnimation: BootAnimationPreloadStopTiming start time: 12161ms
06-25 22:02:56.345  4097  4097 E ActivityRecognitionHardware: activity_recognition HAL is deprecated. class_init is effectively a no-op
06-25 22:02:56.350  4276  4294 I adbd    : adbd mDNS service _adb._tcp registered: 1
06-25 22:02:56.594  4357  4357 E applypatch: Partition contents don't have the expected checksum
06-25 22:02:56.900  4357  4357 E applypatch: Partition contents don't have the expected checksum
06-25 22:02:56.908  4357  4357 E applypatch: Failed to find any match
06-25 22:02:56.946  4362  4362 I recovery: Installing new recovery image: failed
06-25 22:02:57.256  4097  4306 I zygote  : Verified 2763 classes from mainline modules in 1.011s
06-25 22:02:57.310  4245  4245 W ServiceManager: Waited one second for package_native (is service started? are binder threads started and available?)
06-25 22:02:57.310  3819  3819 I servicemanager: Since 'package_native' could not be found, trying to start it as a lazy AIDL service
06-25 22:02:57.312  3819  4363 W libc    : Unable to set property "ctl.interface_start" to "aidl/package_native": error code: 0x20
06-25 22:02:57.313  3819  4363 I servicemanager: Tried to start aidl service package_native as a lazy service, but was unable to. Usually this happens when a service is not installed, but if the service is intended to be used as a lazy service, then it may be configured incorrectly.
06-25 22:02:57.315     0     0 E [   13.203762@1]- init: Control message: Could not find 'aidl/package_native' for ctl.interface_start from pid: 3819 (/system/bin/servicemanager)
06-25 22:02:57.722  4186  4186 I SKHDI   : [sk_hdi_dmd_drv_cab_mxl248_init,499]: wait 20ms for stable
06-25 22:02:57.742  4186  4186 I SKHDI   : [sk_hdi_dmd_drv_cab_mxl248_init,505]: init ok.chip id[0X2],firmware[1.1.1.5-RC4],mxlware[1.1.1.5-RC4]
06-25 22:02:57.742  4186  4186 I SKHDI   : [mxl248_local_add_device,179]: mxl248 local device list add a device [0xf30429c0]
06-25 22:02:57.742  4186  4186 I SKHDI   : [sk_hdi_dmd_drv_cab_mxl248_init,514]: sk_hdi_dmd_drv_cab_mxl248_init: found one frontend p_device=0xf30429c0 fe_type=3
06-25 22:02:57.742  4186  4186 I SKHDI   : [sk_hdi_dmd_init,176]: Init FRONTEND_MULTISTANDARD_CXD2856
06-25 22:02:57.749  4097  4097 D MtpDeviceJNI: register_android_mtp_MtpDevice
06-25 22:02:57.755  4186  4186 I SKHDI   : [sony_tuner_mxl608_create,308]: sony_tuner_mxl608_create
06-25 22:02:57.765  4186  4186 I SKHDI   : [MxL608_Initialize,16]: ===>skyworth mxl608 tuner i2c add:0xc0
06-25 22:02:57.775  4186  4186 D SKAPI   : [sk_task_create,296]: create the task: SKDMDTask priority: 64 sk_pid: 3
06-25 22:02:57.776  4186  4186 I SKHDI   : [sk_hdi_dmd_init,226]: sky_DEMOD_initialize: OK; DeviceCnt:0x2 
06-25 22:02:57.776  4186  4186 I SKHDI   : HDI_DMD:[sk_hdi_dmd_init 238] <== 
06-25 22:02:57.776  4186  4186 D SKHDI   : [sk_hdi_dmx_init,316]: HDI_DMX==>
06-25 22:02:57.776  4186  4186 D SKAPI   : [sk_task_create,296]: create the task: sk_dmx_task priority: 64 sk_pid: 4
06-25 22:02:57.783  4186  4366 D SKAPI   : [wrap_task_fun,111]: the task_name: sk_dmx_task task_id: 4366 task_pro: 64 pro: 0 thread_id: 4366
06-25 22:02:57.783  4186  4365 D SKAPI   : [wrap_task_fun,111]: the task_name: SKDMDTask task_id: 4365 task_pro: 64 pro: 0 thread_id: 4365
06-25 22:02:57.783  4186  4365 D SKHDI   : [sk_hdi_dmd_drv_process_task,1040]: SK HDI TASK ENTER
06-25 22:02:57.816  4186  4186 D SKHDI   : [sk_hdi_dmx_init,342]: HDI_DMX<==
06-25 22:02:57.816  4186  4186 D SKHDI   : [sk_hdi_av_init,351]: HDI_AV==>
06-25 22:02:57.812  4186  4186 W vendor.skyworth: type=1400 audit(0.0:37): avc: denied { read } for name="u:object_r:system_prop:s0" dev="tmpfs" ino=1520 scontext=u:r:stbmedia:s0 tcontext=u:object_r:system_prop:s0 tclass=file permissive=0
06-25 22:02:57.816  4186  4186 W libc    : Access denied finding property "persist.sys.stb.video.delay"
06-25 22:02:57.816  4186  4186 D SKHDI   : [amlav_audio_delay,861]: debugsky audio_delay---- 0
06-25 22:02:57.816  4186  4186 D SKHDI   : [sk_hdi_amlav_init,916]: add decoder(0x1)
06-25 22:02:57.816  4186  4186 D SKHDI   : [sk_hdi_av_init,366]: HDI_AV<==
06-25 22:02:57.816  4186  4186 D SKHDI   : [sk_hdi_fcc_init,73]: HDI_FCC==>
06-25 22:02:57.816  4186  4186 D SKHDI   : [sk_hdi_fcc_init,83]: HDI_FCC<==
06-25 22:02:57.817  4186  4186 D SKHDI   : [sk_hdi_pvr_init,111]: HDI_PVR==>
06-25 22:02:57.817  4186  4186 D SKHDI   : [sk_hdi_pvr_init,123]: HDI_PVR<==
06-25 22:02:57.817  4186  4186 I PORTTING: D[Common.cpp,open_frontend,150]:==>
06-25 22:02:57.817  4186  4186 D SKHDI   : [sk_hdi_av_injecter_open,1554]: HDI_AV==>
06-25 22:02:57.817  4186  4186 D SKHDI   : [sk_hdi_av_injecter_open,1580]: HDI_AV<==
06-25 22:02:57.817  4186  4186 I PORTTING: D[Common.cpp,open_frontend,169]:Open Inject[0]<=>(0xf3905e90,4086324880)
06-25 22:02:57.817  4186  4186 D SKHDI   : [sk_hdi_av_injecter_open,1554]: HDI_AV==>
06-25 22:02:57.817  4186  4186 D SKHDI   : [sk_hdi_av_injecter_open,1580]: HDI_AV<==
06-25 22:02:57.817  4186  4186 I PORTTING: D[Common.cpp,open_frontend,169]:Open Inject[1]<=>(0xf3905c90,4086324368)
06-25 22:02:57.817  4186  4186 D SKHDI   : [sk_hdi_av_injecter_open,1554]: HDI_AV==>
06-25 22:02:57.817  4186  4186 D SKHDI   : [sk_hdi_av_injecter_open,1580]: HDI_AV<==
06-25 22:02:57.817  4186  4186 I PORTTING: D[Common.cpp,open_frontend,169]:Open Inject[2]<=>(0xf3905450,4086322256)
06-25 22:02:57.817  4186  4186 D SKHDI   : [sk_hdi_av_injecter_open,1554]: HDI_AV==>
06-25 22:02:57.817  4186  4186 D SKHDI   : [sk_hdi_av_injecter_open,1580]: HDI_AV<==
06-25 22:02:57.817  4186  4186 I PORTTING: D[Common.cpp,open_frontend,169]:Open Inject[3]<=>(0xf39059d0,4086323664)
06-25 22:02:57.817  4186  4186 D SKHDI   : [sk_hdi_av_injecter_open,1554]: HDI_AV==>
06-25 22:02:57.817  4186  4186 D SKHDI   : [sk_hdi_av_injecter_open,1580]: HDI_AV<==
06-25 22:02:57.817  4186  4186 I PORTTING: D[Common.cpp,open_frontend,169]:Open Inject[4]<=>(0xf3905b90,4086324112)
06-25 22:02:57.817  4186  4186 D SKHDI   : [sk_hdi_av_injecter_open,1554]: HDI_AV==>
06-25 22:02:57.817  4186  4186 D SKHDI   : [sk_hdi_av_injecter_open,1580]: HDI_AV<==
06-25 22:02:57.817  4186  4186 I PORTTING: D[Common.cpp,open_frontend,169]:Open Inject[5]<=>(0xf3905c10,4086324240)
06-25 22:02:57.817  4186  4186 D SKHDI   : [sk_hdi_av_injecter_open,1554]: HDI_AV==>
06-25 22:02:57.817  4186  4186 D SKHDI   : [sk_hdi_av_injecter_open,1580]: HDI_AV<==
06-25 22:02:57.817  4186  4186 I PORTTING: D[Common.cpp,open_frontend,169]:Open Inject[6]<=>(0xf3905f90,4086325136)
06-25 22:02:57.817  4186  4186 D SKHDI   : [sk_hdi_av_injecter_open,1554]: HDI_AV==>
06-25 22:02:57.817  4186  4186 D SKHDI   : [sk_hdi_av_injecter_open,1580]: HDI_AV<==
06-25 22:02:57.817  4186  4186 I PORTTING: D[Common.cpp,open_frontend,169]:Open Inject[7]<=>(0xf3905a10,4086323728)
06-25 22:02:57.817  4186  4186 I SKHDI   : HDI_DMD:[sk_hdi_dmd_open 250] ==> 
06-25 22:02:57.817  4186  4186 I SKHDI   : [sk_hdi_dmd_open,325]: sky_DEMOD_Open: OK .
06-25 22:02:57.817  4186  4186 I SKHDI   : HDI_DMD:[sk_hdi_dmd_open 339] <== 
06-25 22:02:57.817  4186  4186 I PORTTING: D[Common.cpp,open_frontend,176]:Open DMD[8]<=>(0xf3400fd0,4081061840)
06-25 22:02:57.817  4186  4186 I SKHDI   : HDI_DMD:[sk_hdi_dmd_open 250] ==> 
06-25 22:02:57.817  4186  4186 I SKHDI   : [sk_hdi_dmd_open,325]: sky_DEMOD_Open: OK .
06-25 22:02:57.818  4186  4186 I SKHDI   : HDI_DMD:[sk_hdi_dmd_open 339] <== 
06-25 22:02:57.818  4186  4186 I PORTTING: D[Common.cpp,open_frontend,176]:Open DMD[9]<=>(0xf3402310,4081066768)
06-25 22:02:57.818  4186  4186 I SKHDI   : HDI_DMD:[sk_hdi_dmd_open 250] ==> 
06-25 22:02:57.818  4186  4186 I SKHDI   : HDI_DMD:[sk_hdi_dmd_open 339] <== 
06-25 22:02:57.818  4186  4186 I PORTTING: D[Common.cpp,open_frontend,178]:Open DMD[10] failed
06-25 22:02:57.818  4186  4186 I SKHDI   : HDI_DMD:[sk_hdi_dmd_open 250] ==> 
06-25 22:02:57.818  4186  4186 I SKHDI   : HDI_DMD:[sk_hdi_dmd_open 339] <== 
06-25 22:02:57.818  4186  4186 I PORTTING: D[Common.cpp,open_frontend,178]:Open DMD[11] failed
06-25 22:02:57.818  4186  4186 I SKHDI   : HDI_DMD:[sk_hdi_dmd_open 250] ==> 
06-25 22:02:57.818  4186  4186 I SKHDI   : HDI_DMD:[sk_hdi_dmd_open 339] <== 
06-25 22:02:57.818  4186  4186 I PORTTING: D[Common.cpp,open_frontend,178]:Open DMD[12] failed
06-25 22:02:57.818  4186  4186 I SKHDI   : HDI_DMD:[sk_hdi_dmd_open 250] ==> 
06-25 22:02:57.818  4186  4186 I SKHDI   : HDI_DMD:[sk_hdi_dmd_open 339] <== 
06-25 22:02:57.818  4186  4186 I PORTTING: D[Common.cpp,open_frontend,178]:Open DMD[13] failed
06-25 22:02:57.818  4186  4186 I SKHDI   : HDI_DMD:[sk_hdi_dmd_open 250] ==> 
06-25 22:02:57.818  4186  4186 I SKHDI   : HDI_DMD:[sk_hdi_dmd_open 339] <== 
06-25 22:02:57.818  4186  4186 I PORTTING: D[Common.cpp,open_frontend,178]:Open DMD[14] failed
06-25 22:02:57.818  4186  4186 I SKHDI   : HDI_DMD:[sk_hdi_dmd_open 250] ==> 
06-25 22:02:57.818  4186  4186 I SKHDI   : HDI_DMD:[sk_hdi_dmd_open 339] <== 
06-25 22:02:57.818  4186  4186 I PORTTING: D[Common.cpp,open_frontend,178]:Open DMD[15] failed
06-25 22:02:57.818  4186  4186 I SKHDI   : HDI_DMD:[sk_hdi_dmd_open 250] ==> 
06-25 22:02:57.818  4186  4186 I SKHDI   : HDI_DMD:[sk_hdi_dmd_open 339] <== 
06-25 22:02:57.818  4186  4186 I PORTTING: D[Common.cpp,open_frontend,178]:Open DMD[16] failed
06-25 22:02:57.818  4186  4186 I SKHDI   : HDI_DMD:[sk_hdi_dmd_open 250] ==> 
06-25 22:02:57.818  4186  4186 I SKHDI   : HDI_DMD:[sk_hdi_dmd_open 339] <== 
06-25 22:02:57.818  4186  4186 I PORTTING: D[Common.cpp,open_frontend,178]:Open DMD[17] failed
06-25 22:02:57.818  4186  4186 I SKHDI   : HDI_DMD:[sk_hdi_dmd_open 250] ==> 
06-25 22:02:57.818  4186  4186 I SKHDI   : HDI_DMD:[sk_hdi_dmd_open 339] <== 
06-25 22:02:57.818  4186  4186 I PORTTING: D[Common.cpp,open_frontend,178]:Open DMD[18] failed
06-25 22:02:57.818  4186  4186 I SKHDI   : HDI_DMD:[sk_hdi_dmd_open 250] ==> 
06-25 22:02:57.818  4186  4186 I SKHDI   : HDI_DMD:[sk_hdi_dmd_open 339] <== 
06-25 22:02:57.818  4186  4186 I PORTTING: D[Common.cpp,open_frontend,178]:Open DMD[19] failed
06-25 22:02:57.818  4186  4186 I SKHDI   : HDI_DMD:[sk_hdi_dmd_open 250] ==> 
06-25 22:02:57.818  4186  4186 I SKHDI   : HDI_DMD:[sk_hdi_dmd_open 339] <== 
06-25 22:02:57.818  4186  4186 I PORTTING: D[Common.cpp,open_frontend,178]:Open DMD[20] failed
06-25 22:02:57.818  4186  4186 I SKHDI   : HDI_DMD:[sk_hdi_dmd_open 250] ==> 
06-25 22:02:57.818  4186  4186 I SKHDI   : HDI_DMD:[sk_hdi_dmd_open 339] <== 
06-25 22:02:57.819  4186  4186 I PORTTING: D[Common.cpp,open_frontend,178]:Open DMD[21] failed
06-25 22:02:57.819  4186  4186 I SKHDI   : HDI_DMD:[sk_hdi_dmd_open 250] ==> 
06-25 22:02:57.819  4186  4186 I SKHDI   : HDI_DMD:[sk_hdi_dmd_open 339] <== 
06-25 22:02:57.819  4186  4186 I PORTTING: D[Common.cpp,open_frontend,178]:Open DMD[22] failed
06-25 22:02:57.819  4186  4186 I SKHDI   : HDI_DMD:[sk_hdi_dmd_open 250] ==> 
06-25 22:02:57.819  4186  4186 I SKHDI   : HDI_DMD:[sk_hdi_dmd_open 339] <== 
06-25 22:02:57.819  4186  4186 I PORTTING: D[Common.cpp,open_frontend,178]:Open DMD[23] failed
06-25 22:02:57.819  4186  4186 I SKHDI   : HDI_DMD:[sk_hdi_dmd_open 250] ==> 
06-25 22:02:57.819  4186  4186 I SKHDI   : [sk_hdi_dmd_open,325]: sky_DEMOD_Open: OK .
06-25 22:02:57.819  4186  4186 I SKHDI   : HDI_DMD:[sk_hdi_dmd_open 339] <== 
06-25 22:02:57.819  4186  4186 I PORTTING: D[Common.cpp,open_frontend,176]:Open DMD[24]<=>(0xf3401f90,4081065872)
06-25 22:02:57.819  4186  4186 I SKHDI   : HDI_DMD:[sk_hdi_dmd_open 250] ==> 
06-25 22:02:57.819  4186  4186 I SKHDI   : HDI_DMD:[sk_hdi_dmd_open 339] <== 
06-25 22:02:57.819  4186  4186 I PORTTING: D[Common.cpp,open_frontend,178]:Open DMD[25] failed
06-25 22:02:57.819  4186  4186 I SKHDI   : HDI_DMD:[sk_hdi_dmd_open 250] ==> 
06-25 22:02:57.819  4186  4186 I SKHDI   : HDI_DMD:[sk_hdi_dmd_open 339] <== 
06-25 22:02:57.819  4186  4186 I PORTTING: D[Common.cpp,open_frontend,178]:Open DMD[26] failed
06-25 22:02:57.819  4186  4186 I SKHDI   : HDI_DMD:[sk_hdi_dmd_open 250] ==> 
06-25 22:02:57.819  4186  4186 I SKHDI   : HDI_DMD:[sk_hdi_dmd_open 339] <== 
06-25 22:02:57.819  4186  4186 I PORTTING: D[Common.cpp,open_frontend,178]:Open DMD[27] failed
06-25 22:02:57.819  4186  4186 I SKHDI   : HDI_DMD:[sk_hdi_dmd_open 250] ==> 
06-25 22:02:57.819  4186  4186 I SKHDI   : HDI_DMD:[sk_hdi_dmd_open 339] <== 
06-25 22:02:57.819  4186  4186 I PORTTING: D[Common.cpp,open_frontend,178]:Open DMD[28] failed
06-25 22:02:57.819  4186  4186 I SKHDI   : HDI_DMD:[sk_hdi_dmd_open 250] ==> 
06-25 22:02:57.819  4186  4186 I SKHDI   : HDI_DMD:[sk_hdi_dmd_open 339] <== 
06-25 22:02:57.819  4186  4186 I PORTTING: D[Common.cpp,open_frontend,178]:Open DMD[29] failed
06-25 22:02:57.819  4186  4186 I SKHDI   : HDI_DMD:[sk_hdi_dmd_open 250] ==> 
06-25 22:02:57.819  4186  4186 I SKHDI   : HDI_DMD:[sk_hdi_dmd_open 339] <== 
06-25 22:02:57.819  4186  4186 I PORTTING: D[Common.cpp,open_frontend,178]:Open DMD[30] failed
06-25 22:02:57.819  4186  4186 I SKHDI   : HDI_DMD:[sk_hdi_dmd_open 250] ==> 
06-25 22:02:57.819  4186  4186 I SKHDI   : HDI_DMD:[sk_hdi_dmd_open 339] <== 
06-25 22:02:57.819  4186  4186 I PORTTING: D[Common.cpp,open_frontend,178]:Open DMD[31] failed
06-25 22:02:57.819  4186  4186 I PORTTING: D[Callback.cpp,dmd_callback_contorl,162]:add register_callback fe_type=3,callback=0
06-25 22:02:57.819  4186  4186 I PORTTING: D[Callback.cpp,dmd_callback_contorl,162]:add register_callback fe_type=4,callback=0
06-25 22:02:57.819  4186  4186 I PORTTING: D[Callback.cpp,dmd_callback_contorl,162]:add register_callback fe_type=5,callback=0
06-25 22:02:57.819  4186  4186 I PORTTING: D[Callback.cpp,dmd_callback_contorl,162]:add register_callback fe_type=3,callback=2
06-25 22:02:57.819  4186  4186 I PORTTING: D[Callback.cpp,dmd_callback_contorl,162]:add register_callback fe_type=4,callback=2
06-25 22:02:57.819  4186  4186 I PORTTING: D[Callback.cpp,dmd_callback_contorl,162]:add register_callback fe_type=5,callback=2
06-25 22:02:57.820  4186  4186 I PORTTING: D[Callback.cpp,dmd_callback_contorl,162]:add register_callback fe_type=3,callback=3
06-25 22:02:57.820  4186  4186 I PORTTING: D[Callback.cpp,dmd_callback_contorl,162]:add register_callback fe_type=4,callback=3
06-25 22:02:57.820  4186  4186 I PORTTING: D[Callback.cpp,dmd_callback_contorl,162]:add register_callback fe_type=5,callback=3
06-25 22:02:57.820  4186  4186 I PORTTING: D[Common.cpp,open_frontend,184]:<==
06-25 22:02:57.820  4186  4186 I PORTTING: D[Common.cpp,portting_init,313]:<==
06-25 22:02:57.820  4097  4097 I zygote  : Thread[1,tid=4097,Native,Thread*=0xe17c0010,peer=0x12fc0078,"main"] recursive attempt to load library "librtp_jni.so"
06-25 22:02:57.821  4186  4186 I HidlServiceManagement: Registered vendor.skyworthdigital.stbmedia@1.0::IStbmedia/default
06-25 22:02:57.822  4186  4186 I HidlServiceManagement: Removing namespace from process name vendor.skyworthdigital.stbmedia@1.0-service to stbmedia@1.0-service.
06-25 22:02:57.822  4186  4186 I LegacySupport: Registration complete for vendor.skyworthdigital.stbmedia@1.0::IStbmedia/default.
06-25 22:02:58.039  4097  4097 W Zygote  : Class not found for preloading: android.view.SurfaceView$2
06-25 22:02:58.311  4245  4245 W ServiceManager: Waited one second for package_native (is service started? are binder threads started and available?)
06-25 22:02:58.311  3819  3819 I servicemanager: Since 'package_native' could not be found, trying to start it as a lazy AIDL service
06-25 22:02:58.313  3819  4369 W libc    : Unable to set property "ctl.interface_start" to "aidl/package_native": error code: 0x20
06-25 22:02:58.313  3819  4369 I servicemanager: Tried to start aidl service package_native as a lazy service, but was unable to. Usually this happens when a service is not installed, but if the service is intended to be used as a lazy service, then it may be configured incorrectly.
06-25 22:02:58.314     0     0 E [   14.204173@1]- init: Control message: Could not find 'aidl/package_native' for ctl.interface_start from pid: 3819 (/system/bin/servicemanager)
06-25 22:02:58.857  4097  4097 I Zygote  : ...preloaded 13903 classes in 2926ms.
