06-25 22:02:53.712  4094  4094 D LibBpfLoader: map_fd found at 0 is 7 in /system/etc/bpf/clatd.o
06-25 22:02:53.712  4094  4094 D LibBpfLoader: map_fd found at 1 is 8 in /system/etc/bpf/clatd.o
06-25 22:02:53.713  4094  4094 D LibBpfLoader: applying relo to instruction at byte offset: 408, 	       insn offset 51 , insn 118
06-25 22:02:53.713  4094  4094 D LibBpfLoader: applying relo to instruction at byte offset: 352, 	       insn offset 44 , insn 118
06-25 22:02:53.713  4094  4094 D LibBpfLoader: applying relo to instruction at byte offset: 520, 	       insn offset 65 , insn 118
06-25 22:02:53.713  4094  4094 D LibBpfLoader: cs[0].name:schedcls_ingress6_clat_ether min_kver:0 .max_kver:ffffffff (kvers:409010d)
06-25 22:02:53.713  4094  4094 D LibBpfLoader: cs[0].name:schedcls_ingress6_clat_ether requires bpfloader version [0x00000,0x10000)
06-25 22:02:53.713  4094  4094 D LibBpfLoader: bpf_prog_load lib call for /system/etc/bpf/clatd.o (schedcls_ingress6_clat_ether) returned fd: 9 (no error)
06-25 22:02:53.714  4094  4094 D LibBpfLoader: cs[1].name:schedcls_ingress6_clat_rawip min_kver:0 .max_kver:ffffffff (kvers:409010d)
06-25 22:02:53.714  4094  4094 D LibBpfLoader: cs[1].name:schedcls_ingress6_clat_rawip requires bpfloader version [0x00000,0x10000)
06-25 22:02:53.714  4094  4094 D LibBpfLoader: bpf_prog_load lib call for /system/etc/bpf/clatd.o (schedcls_ingress6_clat_rawip) returned fd: 10 (no error)
06-25 22:02:53.714  4094  4094 D LibBpfLoader: cs[2].name:schedcls_egress4_clat_ether min_kver:0 .max_kver:ffffffff (kvers:409010d)
06-25 22:02:53.714  4094  4094 D LibBpfLoader: cs[2].name:schedcls_egress4_clat_ether requires bpfloader version [0x00000,0x10000)
06-25 22:02:53.714  4094  4094 D LibBpfLoader: bpf_prog_load lib call for /system/etc/bpf/clatd.o (schedcls_egress4_clat_ether) returned fd: 11 (no error)
06-25 22:02:53.715  4094  4094 D LibBpfLoader: cs[3].name:schedcls_egress4_clat_rawip min_kver:0 .max_kver:ffffffff (kvers:409010d)
06-25 22:02:53.715  4094  4094 D LibBpfLoader: cs[3].name:schedcls_egress4_clat_rawip requires bpfloader version [0x00000,0x10000)
06-25 22:02:53.715  4094  4094 D LibBpfLoader: bpf_prog_load lib call for /system/etc/bpf/clatd.o (schedcls_egress4_clat_rawip) returned fd: 12 (no error)
06-25 22:02:53.715  4094  4094 I bpfloader: Loaded object: /system/etc/bpf/clatd.o
06-25 22:02:53.716  4094  4094 D LibBpfLoader: Loading optional ELF object /system/etc/bpf/time_in_state.o with license GPL
06-25 22:02:53.716  4094  4094 I LibBpfLoader: Section bpfloader_min_ver value is 0 [0x0]
06-25 22:02:53.716  4094  4094 I LibBpfLoader: Section bpfloader_max_ver value is 65536 [0x10000]
06-25 22:02:53.716  4094  4094 I LibBpfLoader: Section size_of_bpf_map_def value is 48 [0x30]
06-25 22:02:53.716  4094  4094 I LibBpfLoader: Section size_of_bpf_prog_def value is 28 [0x1c]
06-25 22:02:53.717  4094  4094 I LibBpfLoader: BpfLoader version 0x00002 processing ELF object /system/etc/bpf/time_in_state.o with ver [0x00000,0x10000)
06-25 22:02:53.717  4094  4094 D LibBpfLoader: Loaded code section 3 (tracepoint_sched_sched_switch)
06-25 22:02:53.718  4094  4094 D LibBpfLoader: Loaded relo section 3 (.reltracepoint/sched/sched_switch)
06-25 22:02:53.718  4094  4094 D LibBpfLoader: Adding section 3 to cs list
06-25 22:02:53.718  4094  4094 D LibBpfLoader: Loaded code section 5 (tracepoint_power_cpu_frequency)
06-25 22:02:53.718  4094  4094 D LibBpfLoader: Loaded relo section 5 (.reltracepoint/power/cpu_frequency)
06-25 22:02:53.718  4094  4094 D LibBpfLoader: Adding section 5 to cs list
06-25 22:02:53.719  4094  4094 D LibBpfLoader: Loaded code section 7 (tracepoint_sched_sched_process_free)
06-25 22:02:53.719  4094  4094 D LibBpfLoader: Loaded relo section 7 (.reltracepoint/sched/sched_process_free)
06-25 22:02:53.719  4094  4094 D LibBpfLoader: Adding section 7 to cs list
06-25 22:02:53.720  4094  4094 D LibBpfLoader: bpf_create_map name total_time_in_state_map, ret: 7
06-25 22:02:53.723  4094  4094 D LibBpfLoader: bpf_create_map name uid_time_in_state_map, ret: 8
06-25 22:02:53.726  4094  4094 D LibBpfLoader: bpf_create_map name uid_concurrent_times_map, ret: 9
06-25 22:02:53.726  4094  4094 D LibBpfLoader: bpf_create_map name uid_last_update_map, ret: 10
06-25 22:02:53.726  4094  4094 D LibBpfLoader: bpf_create_map name cpu_last_update_map, ret: 11
06-25 22:02:53.726  4094  4094 D LibBpfLoader: bpf_create_map name cpu_policy_map, ret: 12
06-25 22:02:53.727  4094  4094 D LibBpfLoader: bpf_create_map name policy_freq_idx_map, ret: 13
06-25 22:02:53.728  4094  4094 D LibBpfLoader: bpf_create_map name freq_to_idx_map, ret: 14
06-25 22:02:53.728  4094  4094 D LibBpfLoader: bpf_create_map name nr_active_map, ret: 15
06-25 22:02:53.728  4094  4094 D LibBpfLoader: bpf_create_map name policy_nr_active_map, ret: 16
06-25 22:02:53.728  4094  4094 D LibBpfLoader: bpf_create_map name pid_tracked_hash_map, ret: 17
06-25 22:02:53.728  4094  4094 D LibBpfLoader: bpf_create_map name pid_tracked_map, ret: 18
06-25 22:02:53.729  4094  4094 D LibBpfLoader: bpf_create_map name pid_task_aggregation_map, ret: 19
06-25 22:02:53.731  4094  4094 D LibBpfLoader: bpf_create_map name pid_time_in_state_map, ret: 20
06-25 22:02:53.732  4094  4094 D LibBpfLoader: map_fd found at 0 is 7 in /system/etc/bpf/time_in_state.o
06-25 22:02:53.732  4094  4094 D LibBpfLoader: map_fd found at 1 is 8 in /system/etc/bpf/time_in_state.o
06-25 22:02:53.732  4094  4094 D LibBpfLoader: map_fd found at 2 is 9 in /system/etc/bpf/time_in_state.o
06-25 22:02:53.732  4094  4094 D LibBpfLoader: map_fd found at 3 is 10 in /system/etc/bpf/time_in_state.o
06-25 22:02:53.732  4094  4094 D LibBpfLoader: map_fd found at 4 is 11 in /system/etc/bpf/time_in_state.o
06-25 22:02:53.732  4094  4094 D LibBpfLoader: map_fd found at 5 is 12 in /system/etc/bpf/time_in_state.o
06-25 22:02:53.732  4094  4094 D LibBpfLoader: map_fd found at 6 is 13 in /system/etc/bpf/time_in_state.o
06-25 22:02:53.732  4094  4094 D LibBpfLoader: map_fd found at 7 is 14 in /system/etc/bpf/time_in_state.o
06-25 22:02:53.732  4094  4094 D LibBpfLoader: map_fd found at 8 is 15 in /system/etc/bpf/time_in_state.o
06-25 22:02:53.732  4094  4094 D LibBpfLoader: map_fd found at 9 is 16 in /system/etc/bpf/time_in_state.o
06-25 22:02:53.732  4094  4094 D LibBpfLoader: map_fd found at 10 is 17 in /system/etc/bpf/time_in_state.o
06-25 22:02:53.732  4094  4094 D LibBpfLoader: map_fd found at 11 is 18 in /system/etc/bpf/time_in_state.o
06-25 22:02:53.732  4094  4094 D LibBpfLoader: map_fd found at 12 is 19 in /system/etc/bpf/time_in_state.o
06-25 22:02:53.732  4094  4094 D LibBpfLoader: map_fd found at 13 is 20 in /system/etc/bpf/time_in_state.o
06-25 22:02:53.733  4094  4094 D LibBpfLoader: applying relo to instruction at byte offset: 40, 	       insn offset 5 , insn 118
06-25 22:02:53.733  4094  4094 D LibBpfLoader: applying relo to instruction at byte offset: 128, 	       insn offset 16 , insn 118
06-25 22:02:53.733  4094  4094 D LibBpfLoader: applying relo to instruction at byte offset: 200, 	       insn offset 25 , insn 118
06-25 22:02:53.733  4094  4094 D LibBpfLoader: applying relo to instruction at byte offset: 264, 	       insn offset 33 , insn 118
06-25 22:02:53.733  4094  4094 D LibBpfLoader: applying relo to instruction at byte offset: 504, 	       insn offset 63 , insn 118
06-25 22:02:53.733  4094  4094 D LibBpfLoader: applying relo to instruction at byte offset: 640, 	       insn offset 80 , insn 118
06-25 22:02:53.733  4094  4094 D LibBpfLoader: applying relo to instruction at byte offset: 1000, 	       insn offset 125 , insn 118
06-25 22:02:53.733  4094  4094 D LibBpfLoader: applying relo to instruction at byte offset: 1040, 	       insn offset 130 , insn 118
06-25 22:02:53.733  4094  4094 D LibBpfLoader: applying relo to instruction at byte offset: 1216, 	       insn offset 152 , insn 118
06-25 22:02:53.733  4094  4094 D LibBpfLoader: applying relo to instruction at byte offset: 1344, 	       insn offset 168 , insn 118
06-25 22:02:53.733  4094  4094 D LibBpfLoader: applying relo to instruction at byte offset: 1440, 	       insn offset 180 , insn 118
06-25 22:02:53.733  4094  4094 D LibBpfLoader: applying relo to instruction at byte offset: 1536, 	       insn offset 192 , insn 118
06-25 22:02:53.734  4094  4094 D LibBpfLoader: applying relo to instruction at byte offset: 1864, 	       insn offset 233 , insn 118
06-25 22:02:53.734  4094  4094 D LibBpfLoader: applying relo to instruction at byte offset: 1904, 	       insn offset 238 , insn 118
06-25 22:02:53.734  4094  4094 D LibBpfLoader: applying relo to instruction at byte offset: 2080, 	       insn offset 260 , insn 118
06-25 22:02:53.734  4094  4094 D LibBpfLoader: applying relo to instruction at byte offset: 2288, 	       insn offset 286 , insn 118
06-25 22:02:53.734  4094  4094 D LibBpfLoader: applying relo to instruction at byte offset: 2328, 	       insn offset 291 , insn 118
06-25 22:02:53.734  4094  4094 D LibBpfLoader: applying relo to instruction at byte offset: 2504, 	       insn offset 313 , insn 118
06-25 22:02:53.734  4094  4094 D LibBpfLoader: applying relo to instruction at byte offset: 2712, 	       insn offset 339 , insn 118
06-25 22:02:53.734  4094  4094 D LibBpfLoader: applying relo to instruction at byte offset: 2752, 	       insn offset 344 , insn 118
06-25 22:02:53.734  4094  4094 D LibBpfLoader: applying relo to instruction at byte offset: 2864, 	       insn offset 358 , insn 118
06-25 22:02:53.734  4094  4094 D LibBpfLoader: applying relo to instruction at byte offset: 2952, 	       insn offset 369 , insn 118
06-25 22:02:53.734  4094  4094 D LibBpfLoader: applying relo to instruction at byte offset: 3056, 	       insn offset 382 , insn 118
06-25 22:02:53.734  4094  4094 D LibBpfLoader: applying relo to instruction at byte offset: 3160, 	       insn offset 395 , insn 118
06-25 22:02:53.734  4094  4094 D LibBpfLoader: applying relo to instruction at byte offset: 3264, 	       insn offset 408 , insn 118
06-25 22:02:53.735  4094  4094 D LibBpfLoader: applying relo to instruction at byte offset: 3368, 	       insn offset 421 , insn 118
06-25 22:02:53.735  4094  4094 D LibBpfLoader: applying relo to instruction at byte offset: 3472, 	       insn offset 434 , insn 118
06-25 22:02:53.735  4094  4094 D LibBpfLoader: applying relo to instruction at byte offset: 3576, 	       insn offset 447 , insn 118
06-25 22:02:53.735  4094  4094 D LibBpfLoader: applying relo to instruction at byte offset: 3688, 	       insn offset 461 , insn 118
06-25 22:02:53.735  4094  4094 D LibBpfLoader: applying relo to instruction at byte offset: 40, 	       insn offset 5 , insn 118
06-25 22:02:53.735  4094  4094 D LibBpfLoader: applying relo to instruction at byte offset: 120, 	       insn offset 15 , insn 118
06-25 22:02:53.735  4094  4094 D LibBpfLoader: applying relo to instruction at byte offset: 200, 	       insn offset 25 , insn 118
06-25 22:02:53.735  4094  4094 D LibBpfLoader: applying relo to instruction at byte offset: 48, 	       insn offset 6 , insn 118
06-25 22:02:53.735  4094  4094 D LibBpfLoader: applying relo to instruction at byte offset: 200, 	       insn offset 25 , insn 118
06-25 22:02:53.735  4094  4094 D LibBpfLoader: applying relo to instruction at byte offset: 328, 	       insn offset 41 , insn 118
06-25 22:02:53.735  4094  4094 D LibBpfLoader: applying relo to instruction at byte offset: 456, 	       insn offset 57 , insn 118
06-25 22:02:53.735  4094  4094 D LibBpfLoader: applying relo to instruction at byte offset: 584, 	       insn offset 73 , insn 118
06-25 22:02:53.735  4094  4094 D LibBpfLoader: applying relo to instruction at byte offset: 712, 	       insn offset 89 , insn 118
06-25 22:02:53.736  4094  4094 D LibBpfLoader: applying relo to instruction at byte offset: 840, 	       insn offset 105 , insn 118
06-25 22:02:53.736  4094  4094 D LibBpfLoader: applying relo to instruction at byte offset: 968, 	       insn offset 121 , insn 118
06-25 22:02:53.736  4094  4094 D LibBpfLoader: applying relo to instruction at byte offset: 1104, 	       insn offset 138 , insn 118
06-25 22:02:53.736  4094  4094 D LibBpfLoader: applying relo to instruction at byte offset: 1144, 	       insn offset 143 , insn 118
06-25 22:02:53.736  4094  4094 D LibBpfLoader: cs[0].name:tracepoint_sched_sched_switch min_kver:0 .max_kver:ffffffff (kvers:409010d)
06-25 22:02:53.736  4094  4094 D LibBpfLoader: cs[0].name:tracepoint_sched_sched_switch requires bpfloader version [0x00000,0x10000)
06-25 22:02:53.740  4094  4094 D LibBpfLoader: bpf_prog_load lib call for /system/etc/bpf/time_in_state.o (tracepoint_sched_sched_switch) returned fd: 21 (no error)
06-25 22:02:53.740  4094  4094 D LibBpfLoader: cs[1].name:tracepoint_power_cpu_frequency min_kver:0 .max_kver:ffffffff (kvers:409010d)
06-25 22:02:53.740  4094  4094 D LibBpfLoader: cs[1].name:tracepoint_power_cpu_frequency requires bpfloader version [0x00000,0x10000)
06-25 22:02:53.740  4094  4094 D LibBpfLoader: bpf_prog_load lib call for /system/etc/bpf/time_in_state.o (tracepoint_power_cpu_frequency) returned fd: 22 (no error)
06-25 22:02:53.741  4094  4094 D LibBpfLoader: cs[2].name:tracepoint_sched_sched_process_free min_kver:0 .max_kver:ffffffff (kvers:409010d)
06-25 22:02:53.741  4094  4094 D LibBpfLoader: cs[2].name:tracepoint_sched_sched_process_free requires bpfloader version [0x00000,0x10000)
06-25 22:02:53.741  4094  4094 D LibBpfLoader: bpf_prog_load lib call for /system/etc/bpf/time_in_state.o (tracepoint_sched_sched_process_free) returned fd: 23 (no error)
06-25 22:02:53.742  4094  4094 I bpfloader: Loaded object: /system/etc/bpf/time_in_state.o
06-25 22:02:53.743  4094  4094 D LibBpfLoader: Loading critical for netd ELF object /system/etc/bpf/netd.o with license Apache 2.0
06-25 22:02:53.743  4094  4094 I LibBpfLoader: Section bpfloader_min_ver value is 0 [0x0]
06-25 22:02:53.743  4094  4094 I LibBpfLoader: Section bpfloader_max_ver value is 65536 [0x10000]
06-25 22:02:53.743  4094  4094 I LibBpfLoader: Section size_of_bpf_map_def value is 48 [0x30]
06-25 22:02:53.743  4094  4094 I LibBpfLoader: Section size_of_bpf_prog_def value is 28 [0x1c]
06-25 22:02:53.743  4094  4094 I LibBpfLoader: BpfLoader version 0x00002 processing ELF object /system/etc/bpf/netd.o with ver [0x00000,0x10000)
06-25 22:02:53.744  4094  4094 D LibBpfLoader: Loaded code section 3 (cgroupskb_ingress_stats)
06-25 22:02:53.745  4094  4094 D LibBpfLoader: Loaded relo section 3 (.relcgroupskb/ingress/stats)
06-25 22:02:53.745  4094  4094 D LibBpfLoader: Adding section 3 to cs list
06-25 22:02:53.745  4094  4094 D LibBpfLoader: Loaded code section 5 (cgroupskb_egress_stats)
06-25 22:02:53.747  4094  4094 D LibBpfLoader: Loaded relo section 5 (.relcgroupskb/egress/stats)
06-25 22:02:53.747  4094  4094 D LibBpfLoader: Adding section 5 to cs list
06-25 22:02:53.747  4094  4094 D LibBpfLoader: Loaded code section 7 (skfilter_egress_xtbpf)
06-25 22:02:53.747  4094  4094 D LibBpfLoader: Loaded relo section 7 (.relskfilter/egress/xtbpf)
06-25 22:02:53.747  4094  4094 D LibBpfLoader: Adding section 7 to cs list
06-25 22:02:53.747  4094  4094 D LibBpfLoader: Loaded code section 9 (skfilter_ingress_xtbpf)
06-25 22:02:53.748  4094  4094 D LibBpfLoader: Loaded relo section 9 (.relskfilter/ingress/xtbpf)
06-25 22:02:53.748  4094  4094 D LibBpfLoader: Adding section 9 to cs list
06-25 22:02:53.748  4094  4094 D LibBpfLoader: Loaded code section 11 (skfilter_allowlist_xtbpf)
06-25 22:02:53.749  4094  4094 D LibBpfLoader: Loaded relo section 11 (.relskfilter/allowlist/xtbpf)
06-25 22:02:53.749  4094  4094 D LibBpfLoader: Adding section 11 to cs list
06-25 22:02:53.749  4094  4094 D LibBpfLoader: Loaded code section 13 (skfilter_denylist_xtbpf)
06-25 22:02:53.749  4094  4094 D LibBpfLoader: Loaded relo section 13 (.relskfilter/denylist/xtbpf)
06-25 22:02:53.749  4094  4094 D LibBpfLoader: Adding section 13 to cs list
06-25 22:02:53.749  4094  4094 D LibBpfLoader: Loaded code section 15 (cgroupsock_inet_create)
06-25 22:02:53.750  4094  4094 D LibBpfLoader: Loaded relo section 15 (.relcgroupsock/inet/create)
06-25 22:02:53.750  4094  4094 D LibBpfLoader: Adding section 15 to cs list
06-25 22:02:53.755  4094  4094 D LibBpfLoader: bpf_create_map name cookie_tag_map, ret: 7
06-25 22:02:53.756  4094  4094 D LibBpfLoader: bpf_create_map name uid_counterset_map, ret: 8
06-25 22:02:53.761  4094  4094 D LibBpfLoader: bpf_create_map name app_uid_stats_map, ret: 9
06-25 22:02:53.763  4094  4094 D LibBpfLoader: bpf_create_map name stats_map_A, ret: 10
06-25 22:02:53.766  4094  4094 D LibBpfLoader: bpf_create_map name stats_map_B, ret: 11
06-25 22:02:53.766  4094  4094 D LibBpfLoader: bpf_create_map name iface_stats_map, ret: 12
06-25 22:02:53.767  4094  4094 D LibBpfLoader: bpf_create_map name configuration_map, ret: 13
06-25 22:02:53.767  4094  4094 D LibBpfLoader: bpf_create_map name uid_owner_map, ret: 14
06-25 22:02:53.768  4094  4094 D LibBpfLoader: bpf_create_map name iface_index_name_map, ret: 15
06-25 22:02:53.769  4094  4094 D LibBpfLoader: bpf_create_map name uid_permission_map, ret: 16
06-25 22:02:53.769  4094  4094 D LibBpfLoader: map_fd found at 0 is 7 in /system/etc/bpf/netd.o
06-25 22:02:53.769  4094  4094 D LibBpfLoader: map_fd found at 1 is 8 in /system/etc/bpf/netd.o
06-25 22:02:53.769  4094  4094 D LibBpfLoader: map_fd found at 2 is 9 in /system/etc/bpf/netd.o
06-25 22:02:53.769  4094  4094 D LibBpfLoader: map_fd found at 3 is 10 in /system/etc/bpf/netd.o
06-25 22:02:53.769  4094  4094 D LibBpfLoader: map_fd found at 4 is 11 in /system/etc/bpf/netd.o
06-25 22:02:53.769  4094  4094 D LibBpfLoader: map_fd found at 5 is 12 in /system/etc/bpf/netd.o
06-25 22:02:53.769  4094  4094 D LibBpfLoader: map_fd found at 6 is 13 in /system/etc/bpf/netd.o
06-25 22:02:53.769  4094  4094 D LibBpfLoader: map_fd found at 7 is 14 in /system/etc/bpf/netd.o
06-25 22:02:53.769  4094  4094 D LibBpfLoader: map_fd found at 8 is 15 in /system/etc/bpf/netd.o
06-25 22:02:53.769  4094  4094 D LibBpfLoader: map_fd found at 9 is 16 in /system/etc/bpf/netd.o
06-25 22:02:53.770  4094  4094 D LibBpfLoader: applying relo to instruction at byte offset: 472, 	       insn offset 59 , insn 118
06-25 22:02:53.770  4094  4094 D LibBpfLoader: applying relo to instruction at byte offset: 544, 	       insn offset 68 , insn 118
06-25 22:02:53.770  4094  4094 D LibBpfLoader: applying relo to instruction at byte offset: 1008, 	       insn offset 126 , insn 118
06-25 22:02:53.770  4094  4094 D LibBpfLoader: applying relo to instruction at byte offset: 1304, 	       insn offset 163 , insn 118
06-25 22:02:53.770  4094  4094 D LibBpfLoader: applying relo to instruction at byte offset: 1384, 	       insn offset 173 , insn 118
06-25 22:02:53.770  4094  4094 D LibBpfLoader: applying relo to instruction at byte offset: 1488, 	       insn offset 186 , insn 118
06-25 22:02:53.771  4094  4094 D LibBpfLoader: applying relo to instruction at byte offset: 1600, 	       insn offset 200 , insn 118
06-25 22:02:53.771  4094  4094 D LibBpfLoader: applying relo to instruction at byte offset: 1640, 	       insn offset 205 , insn 118
06-25 22:02:53.771  4094  4094 D LibBpfLoader: applying relo to instruction at byte offset: 1992, 	       insn offset 249 , insn 118
06-25 22:02:53.771  4094  4094 D LibBpfLoader: applying relo to instruction at byte offset: 2104, 	       insn offset 263 , insn 118
06-25 22:02:53.771  4094  4094 D LibBpfLoader: applying relo to instruction at byte offset: 2144, 	       insn offset 268 , insn 118
06-25 22:02:53.771  4094  4094 D LibBpfLoader: applying relo to instruction at byte offset: 2424, 	       insn offset 303 , insn 118
06-25 22:02:53.771  4094  4094 D LibBpfLoader: applying relo to instruction at byte offset: 2528, 	       insn offset 316 , insn 118
06-25 22:02:53.771  4094  4094 D LibBpfLoader: applying relo to instruction at byte offset: 2568, 	       insn offset 321 , insn 118
06-25 22:02:53.771  4094  4094 D LibBpfLoader: applying relo to instruction at byte offset: 2712, 	       insn offset 339 , insn 118
06-25 22:02:53.771  4094  4094 D LibBpfLoader: applying relo to instruction at byte offset: 2816, 	       insn offset 352 , insn 118
06-25 22:02:53.771  4094  4094 D LibBpfLoader: applying relo to instruction at byte offset: 2856, 	       insn offset 357 , insn 118
06-25 22:02:53.771  4094  4094 D LibBpfLoader: applying relo to instruction at byte offset: 3088, 	       insn offset 386 , insn 118
06-25 22:02:53.772  4094  4094 D LibBpfLoader: applying relo to instruction at byte offset: 3192, 	       insn offset 399 , insn 118
06-25 22:02:53.772  4094  4094 D LibBpfLoader: applying relo to instruction at byte offset: 3232, 	       insn offset 404 , insn 118
06-25 22:02:53.772  4094  4094 D LibBpfLoader: applying relo to instruction at byte offset: 448, 	       insn offset 56 , insn 118
06-25 22:02:53.772  4094  4094 D LibBpfLoader: applying relo to instruction at byte offset: 520, 	       insn offset 65 , insn 118
06-25 22:02:53.772  4094  4094 D LibBpfLoader: applying relo to instruction at byte offset: 992, 	       insn offset 124 , insn 118
06-25 22:02:53.772  4094  4094 D LibBpfLoader: applying relo to instruction at byte offset: 1272, 	       insn offset 159 , insn 118
06-25 22:02:53.772  4094  4094 D LibBpfLoader: applying relo to instruction at byte offset: 1352, 	       insn offset 169 , insn 118
06-25 22:02:53.772  4094  4094 D LibBpfLoader: applying relo to instruction at byte offset: 1456, 	       insn offset 182 , insn 118
06-25 22:02:53.772  4094  4094 D LibBpfLoader: applying relo to instruction at byte offset: 1560, 	       insn offset 195 , insn 118
06-25 22:02:53.772  4094  4094 D LibBpfLoader: applying relo to instruction at byte offset: 1600, 	       insn offset 200 , insn 118
06-25 22:02:53.772  4094  4094 D LibBpfLoader: applying relo to instruction at byte offset: 1744, 	       insn offset 218 , insn 118
06-25 22:02:53.772  4094  4094 D LibBpfLoader: applying relo to instruction at byte offset: 1848, 	       insn offset 231 , insn 118
06-25 22:02:53.772  4094  4094 D LibBpfLoader: applying relo to instruction at byte offset: 1888, 	       insn offset 236 , insn 118
06-25 22:02:53.773  4094  4094 D LibBpfLoader: applying relo to instruction at byte offset: 2160, 	       insn offset 270 , insn 118
06-25 22:02:53.773  4094  4094 D LibBpfLoader: applying relo to instruction at byte offset: 2264, 	       insn offset 283 , insn 118
06-25 22:02:53.773  4094  4094 D LibBpfLoader: applying relo to instruction at byte offset: 2304, 	       insn offset 288 , insn 118
06-25 22:02:53.773  4094  4094 D LibBpfLoader: applying relo to instruction at byte offset: 2448, 	       insn offset 306 , insn 118
06-25 22:02:53.773  4094  4094 D LibBpfLoader: applying relo to instruction at byte offset: 2552, 	       insn offset 319 , insn 118
06-25 22:02:53.773  4094  4094 D LibBpfLoader: applying relo to instruction at byte offset: 2592, 	       insn offset 324 , insn 118
06-25 22:02:53.773  4094  4094 D LibBpfLoader: applying relo to instruction at byte offset: 2824, 	       insn offset 353 , insn 118
06-25 22:02:53.773  4094  4094 D LibBpfLoader: applying relo to instruction at byte offset: 2928, 	       insn offset 366 , insn 118
06-25 22:02:53.773  4094  4094 D LibBpfLoader: applying relo to instruction at byte offset: 2968, 	       insn offset 371 , insn 118
06-25 22:02:53.773  4094  4094 D LibBpfLoader: applying relo to instruction at byte offset: 88, 	       insn offset 11 , insn 118
06-25 22:02:53.773  4094  4094 D LibBpfLoader: applying relo to instruction at byte offset: 192, 	       insn offset 24 , insn 118
06-25 22:02:53.773  4094  4094 D LibBpfLoader: applying relo to instruction at byte offset: 232, 	       insn offset 29 , insn 118
06-25 22:02:53.773  4094  4094 D LibBpfLoader: applying relo to instruction at byte offset: 40, 	       insn offset 5 , insn 118
06-25 22:02:53.774  4094  4094 D LibBpfLoader: applying relo to instruction at byte offset: 144, 	       insn offset 18 , insn 118
06-25 22:02:53.774  4094  4094 D LibBpfLoader: applying relo to instruction at byte offset: 184, 	       insn offset 23 , insn 118
06-25 22:02:53.774  4094  4094 D LibBpfLoader: applying relo to instruction at byte offset: 136, 	       insn offset 17 , insn 118
06-25 22:02:53.774  4094  4094 D LibBpfLoader: applying relo to instruction at byte offset: 32, 	       insn offset 4 , insn 118
06-25 22:02:53.774  4094  4094 D LibBpfLoader: applying relo to instruction at byte offset: 80, 	       insn offset 10 , insn 118
06-25 22:02:53.774  4094  4094 D LibBpfLoader: cs[0].name:cgroupskb_ingress_stats min_kver:0 .max_kver:ffffffff (kvers:409010d)
06-25 22:02:53.774  4094  4094 D LibBpfLoader: cs[0].name:cgroupskb_ingress_stats requires bpfloader version [0x00000,0x10000)
06-25 22:02:53.793  4094  4094 D LibBpfLoader: bpf_prog_load lib call for /system/etc/bpf/netd.o (cgroupskb_ingress_stats) returned fd: 17 (no error)
06-25 22:02:53.794  4094  4094 D LibBpfLoader: cs[1].name:cgroupskb_egress_stats min_kver:0 .max_kver:ffffffff (kvers:409010d)
06-25 22:02:53.794  4094  4094 D LibBpfLoader: cs[1].name:cgroupskb_egress_stats requires bpfloader version [0x00000,0x10000)
06-25 22:02:53.803  4094  4094 D LibBpfLoader: bpf_prog_load lib call for /system/etc/bpf/netd.o (cgroupskb_egress_stats) returned fd: 18 (no error)
06-25 22:02:53.803  4094  4094 D LibBpfLoader: cs[2].name:skfilter_egress_xtbpf min_kver:0 .max_kver:ffffffff (kvers:409010d)
06-25 22:02:53.803  4094  4094 D LibBpfLoader: cs[2].name:skfilter_egress_xtbpf requires bpfloader version [0x00000,0x10000)
06-25 22:02:53.804  4094  4094 D LibBpfLoader: bpf_prog_load lib call for /system/etc/bpf/netd.o (skfilter_egress_xtbpf) returned fd: 19 (no error)
06-25 22:02:53.804  4094  4094 D LibBpfLoader: cs[3].name:skfilter_ingress_xtbpf min_kver:0 .max_kver:ffffffff (kvers:409010d)
06-25 22:02:53.804  4094  4094 D LibBpfLoader: cs[3].name:skfilter_ingress_xtbpf requires bpfloader version [0x00000,0x10000)
06-25 22:02:53.805  4094  4094 D LibBpfLoader: bpf_prog_load lib call for /system/etc/bpf/netd.o (skfilter_ingress_xtbpf) returned fd: 20 (no error)
06-25 22:02:53.805  4094  4094 D LibBpfLoader: cs[4].name:skfilter_allowlist_xtbpf min_kver:0 .max_kver:ffffffff (kvers:409010d)
06-25 22:02:53.805  4094  4094 D LibBpfLoader: cs[4].name:skfilter_allowlist_xtbpf requires bpfloader version [0x00000,0x10000)
06-25 22:02:53.805  4094  4094 D LibBpfLoader: bpf_prog_load lib call for /system/etc/bpf/netd.o (skfilter_allowlist_xtbpf) returned fd: 21 (no error)
06-25 22:02:53.805  4094  4094 D LibBpfLoader: cs[5].name:skfilter_denylist_xtbpf min_kver:0 .max_kver:ffffffff (kvers:409010d)
06-25 22:02:53.805  4094  4094 D LibBpfLoader: cs[5].name:skfilter_denylist_xtbpf requires bpfloader version [0x00000,0x10000)
06-25 22:02:53.805  4094  4094 D LibBpfLoader: bpf_prog_load lib call for /system/etc/bpf/netd.o (skfilter_denylist_xtbpf) returned fd: 22 (no error)
06-25 22:02:53.806  4094  4094 D LibBpfLoader: cs[6].name:cgroupsock_inet_create min_kver:40e0000 .max_kver:ffffffff (kvers:409010d)
06-25 22:02:53.806  4094  4094 I bpfloader: Loaded object: /system/etc/bpf/netd.o
06-25 22:02:53.842     0     0 I         : [    9.732931@1]- file system registered
06-25 22:02:53.850     0     0 W         : [    9.738188@3]- using random self ethernet address
06-25 22:02:53.850     0     0 W         : [    9.738196@3]- using random host ethernet address
06-25 22:02:53.850     0     0 W         : [    9.739510@3]- using random self ethernet address
06-25 22:02:53.850     0     0 W         : [    9.739517@3]- using random host ethernet address
06-25 22:02:53.851  4095  4095 D ProcessState: Binder ioctl to enable oneway spam detection failed: Invalid argument
06-25 22:02:53.854     0     0 I [    9.742402@0]- binder: 4095:4095 ioctl 40046210 ffa4eb10 returned -22
06-25 22:02:53.854     0     0 I         : [    9.745365@2]- assign_ffs_buffer FFS_BUFFER_MAX=256!!!
06-25 22:02:53.854  4095  4095 I ServiceManager: Waiting for service 'statscompanion' on '/dev/binder'...
06-25 22:02:53.863     0     0 I         : [    9.750459@3]- assign_ffs_buffer FFS_BUFFER_MAX=256!!!
06-25 22:02:53.863     0     0 I         : [    9.753156@3]- assign_ffs_buffer FFS_BUFFER_MAX=256!!!
06-25 22:02:53.876  4096  4096 I netdClient: Skipping libnetd_client init since *we* are netd
06-25 22:02:53.881  4096  4096 I netd    : netd 1.0 starting
06-25 22:02:53.885  4096  4096 I netd    : Pid file removed
06-25 22:02:53.885  4096  4096 I netd    : SIGPIPE is blocked
06-25 22:02:53.886  4096  4096 I netd    : setCloseOnExec(dnsproxyd)
06-25 22:02:53.886  4096  4096 I netd    : setCloseOnExec(fwmarkd)
06-25 22:02:53.886  4096  4096 I netd    : setCloseOnExec(mdns)
06-25 22:02:53.886  4096  4096 I netd    : BPF programs are loaded
06-25 22:02:53.887  4096  4096 I netd    : NetlinkManager instanced
06-25 22:02:53.887  4096  4096 I netd    : enter NetworkController ctor
06-25 22:02:53.888  4096  4096 I netd    : leave NetworkController ctor
06-25 22:02:53.888  4096  4096 I netd    : enter TetherController ctor
06-25 22:02:53.888  4096  4096 D TetherController: Setting IP forward enable = 0
06-25 22:02:53.889  4096  4096 I netd    : leave TetherController ctor
06-25 22:02:53.889  4096  4096 D FirewallController: Could not read /proc/self/uid_map, max uid defaulting to 4294967294
06-25 22:02:53.919  4096  4096 I netd    : Creating child chains: 22781us
06-25 22:02:53.920  4096  4096 I netd    : Setting up OEM hooks: 274us
06-25 22:02:53.921  4096  4096 I netd    : Setting up FirewallController hooks: 1314us
06-25 22:02:53.925  4096  4096 I netd    : Setting up TetherController hooks: 4104us
06-25 22:02:53.928  4096  4096 I netd    : Setting up BandwidthController hooks: 3388us
06-25 22:02:53.929  4096  4096 I netd    : Setting up IdletimerController hooks: 153us
06-25 22:02:53.937  4096  4096 I netd    : Setting up StrictController hooks: 8765us
06-25 22:02:53.938  4096  4096 I netd    : Initializing ClatdController: 256us
06-25 22:02:53.940  4096  4096 I netd    : Initializing traffic control: 1934us
06-25 22:02:53.953  4096  4096 I netd    : Enabling bandwidth control: 13013us
06-25 22:02:53.955  4096  4096 E netd    : cannot find interface dummy0: No such device
06-25 22:02:53.956  4096  4096 I netd    : Initializing RouteController: 2917us
06-25 22:02:53.956  4096  4096 D XfrmController: XfrmController::ipSecAddXfrmInterface, line=1479
06-25 22:02:53.957  4096  4096 D XfrmController: XfrmController::ipSecRemoveTunnelInterface, line=1692
06-25 22:02:53.957  4096  4096 D XfrmController: deviceName=ipsec_test
06-25 22:02:53.962     0     0 E [    9.851865@1]- selinux: SELinux: Could not set context for /sys/devices/virtual/net/ipsec_test/netdev_group:  No such file or directory
06-25 22:02:53.963     0     0 E [    9.851879@1]- selinux:  
06-25 22:02:53.963     0     0 E [    9.852342@1]- selinux: SELinux: Could not set context for /sys/devices/virtual/net/ipsec_test/addr_len:  No such file or directory
06-25 22:02:53.963     0     0 E [    9.852354@1]- selinux:  
06-25 22:02:53.963     0     0 E [    9.852788@1]- selinux: SELinux: Could not set context for /sys/devices/virtual/net/ipsec_test/flags:  No such file or directory
06-25 22:02:53.963     0     0 E [    9.852799@1]- selinux:  
06-25 22:02:53.970     0     0 E [    9.854771@1]- selinux: SELinux: Could not set context for /sys/devices/virtual/net/ipsec_test/statistics:  No such file or directory
06-25 22:02:53.971     0     0 E [    9.854784@1]- selinux:  
06-25 22:02:53.971     0     0 E [    9.854842@1]- selinux: SELinux:  Could not read /sys/devices/virtual/net/ipsec_test/statistics: No such file or directory.
06-25 22:02:53.971     0     0 E [    9.854849@1]- selinux:  
06-25 22:02:53.973  4109  4109 D hw-ProcessState: Binder ioctl to enable oneway spam detection failed: Invalid argument
06-25 22:02:53.977     0     0 I [    9.864545@0]- binder: 4109:4109 ioctl 40046210 fff21400 returned -22
06-25 22:02:53.979  4109  4109 I HidlServiceManagement: Registered android.hidl.allocator@1.0::IAllocator/ashmem
06-25 22:02:53.979  4109  4109 I HidlServiceManagement: Removing namespace from process name android.hidl.allocator@1.0-service to allocator@1.0-service.
06-25 22:02:53.987  4096  4096 D XfrmController: Sending Netlink XFRM Message: XFRM_MSG_FLUSHSA
06-25 22:02:53.988  4096  4096 D XfrmController: Sending Netlink XFRM Message: XFRM_MSG_FLUSHPOLICY
06-25 22:02:53.988  4096  4096 I netd    : Initializing XfrmController: 32338us
06-25 22:02:53.989  4096  4096 E Netd    : Unable to create netlink socket for family 5: Protocol not supported
06-25 22:02:53.989  4096  4096 W Netd    : Unable to open qlog quota socket, check if xt_quota2 can send via UeventHandler
06-25 22:02:53.994  4096  4096 I libnetd_resolv: resolv_init: Initializing resolver
06-25 22:02:53.996  4096  4096 D ProcessState: Binder ioctl to enable oneway spam detection failed: Invalid argument
06-25 22:02:53.998  4096  4096 D MDnsDS  : MDnsSdListener::Hander starting up
06-25 22:02:53.999     0     0 I [    9.887627@3]- binder: 4096:4096 ioctl 40046210 ff7f2ae0 returned -22
06-25 22:02:53.999  4096  4096 I netd    : Registering NetdNativeService: 916us
06-25 22:02:54.000  4096  4130 D MDnsDS  : MDnsSdListener starting to monitor
06-25 22:02:54.000  4096  4130 D MDnsDS  : Going to poll with pollCount 1
06-25 22:02:54.001  4096  4096 D hw-ProcessState: Binder ioctl to enable oneway spam detection failed: Invalid argument
06-25 22:02:54.003     0     0 I [    9.892529@0]- binder: 4096:4096 ioctl 40046210 ff7f2c08 returned -22
06-25 22:02:54.004  4096  4096 I HidlServiceManagement: Registered android.system.net.netd@1.1::INetd/default
06-25 22:02:54.005  4096  4096 I netd    : Registering NetdHwService: 5564us
06-25 22:02:54.005  4096  4096 I netd    : Netd started in 123658us
06-25 22:02:54.021  4112  4112 D hw-ProcessState: Binder ioctl to enable oneway spam detection failed: Invalid argument
06-25 22:02:54.022     0     0 I [    9.912706@3]- binder: 4112:4112 ioctl 40046210 fffe1310 returned -22
06-25 22:02:54.023  4111  4111 D ProcessState: Binder ioctl to enable oneway spam detection failed: Invalid argument
06-25 22:02:54.028     0     0 I [    9.914087@2]- binder: 4111:4111 ioctl 40046210 ff8803a8 returned -22
06-25 22:02:54.025  4111  4111 D hw-ProcessState: Binder ioctl to enable oneway spam detection failed: Invalid argument
06-25 22:02:54.027  3820  3820 I hwservicemanager: getTransport: Cannot find entry android.hardware.audio@6.0::IDevicesFactory/default in either framework or device VINTF manifest.
06-25 22:02:54.030  4111  4111 E LegacySupport: Could not get passthrough implementation for android.hardware.audio@6.0::IDevicesFactory/default.
06-25 22:02:54.032     0     0 I [    9.916682@2]- binder: 4111:4111 ioctl 40046210 ff880390 returned -22
06-25 22:02:54.035  4112  4112 I HidlServiceManagement: Registered android.hardware.bluetooth@1.0::IBluetoothHci/default
06-25 22:02:54.035  4112  4112 I HidlServiceManagement: Removing namespace from process name android.hardware.bluetooth@1.0-service-droidlogic to bluetooth@1.0-service-droidlogic.
06-25 22:02:54.036  4112  4112 I LegacySupport: Registration complete for android.hardware.bluetooth@1.0::IBluetoothHci/default.
06-25 22:02:54.058  4121  4121 D hw-ProcessState: Binder ioctl to enable oneway spam detection failed: Invalid argument
06-25 22:02:54.059     0     0 I [    9.948546@1]- binder: 4121:4121 ioctl 40046210 ffea9738 returned -22
06-25 22:02:54.065  4121  4121 I HidlServiceManagement: Registered android.hardware.cas@1.2::IMediaCasService/default
06-25 22:02:54.065  4121  4121 I HidlServiceManagement: Removing namespace from process name android.hardware.cas@1.2-service to cas@1.2-service.
06-25 22:02:54.083     0     0 I [    9.973695@2]- binder: 4122:4122 ioctl 40046210 ffaadf58 returned -22
06-25 22:02:54.082  4122  4122 D hw-ProcessState: Binder ioctl to enable oneway spam detection failed: Invalid argument
06-25 22:02:54.091  4122  4122 W android.hardware.configstore@1.1-service: Could not find seccomp policy file at: /vendor/etc/seccomp_policy/configstore@1.1.policy
06-25 22:02:54.095     0     0 I [    9.983954@1]- binder: 4128:4128 ioctl 40046210 ffd89928 returned -22
06-25 22:02:54.093  4128  4128 D hw-ProcessState: Binder ioctl to enable oneway spam detection failed: Invalid argument
06-25 22:02:54.100  4122  4122 I HidlServiceManagement: Registered android.hardware.configstore@1.1::ISurfaceFlingerConfigs/default
06-25 22:02:54.101  4122  4122 I HidlServiceManagement: Removing namespace from process name android.hardware.configstore@1.1-service to configstore@1.1-service.
06-25 22:02:54.109  4111  4111 I HidlServiceManagement: Registered android.hardware.audio@5.0::IDevicesFactory/default
06-25 22:02:54.109  4111  4111 I HidlServiceManagement: Removing namespace from process name android.hardware.audio.service-droidlogic to audio.service-droidlogic.
06-25 22:02:54.110  4111  4111 I LegacySupport: Registration complete for android.hardware.audio@5.0::IDevicesFactory/default.
06-25 22:02:54.111  3820  3820 I hwservicemanager: getTransport: Cannot find entry android.hardware.audio.effect@6.0::IEffectsFactory/default in either framework or device VINTF manifest.
06-25 22:02:54.111  4111  4111 E LegacySupport: Could not get passthrough implementation for android.hardware.audio.effect@6.0::IEffectsFactory/default.
06-25 22:02:54.116  4108  4108 D ProcessState: Binder ioctl to enable oneway spam detection failed: Invalid argument
06-25 22:02:54.120  4108  4108 I SystemControl: systemcontrol starting in treble mode
06-25 22:02:54.121  4108  4108 D hw-ProcessState: Binder ioctl to enable oneway spam detection failed: Invalid argument
06-25 22:02:54.122  4108  4108 I SystemControl: SystemControlService instantiate begin
06-25 22:02:54.122  4108  4108 I SystemControl: [/Ubootenv.cpp, init, 207] [ubootenv] using /dev/block/env with size(65536) (65532)
06-25 22:02:54.123     0     0 I [   10.007312@0]- binder: 4108:4108 ioctl 40046210 ff9790d0 returned -22
06-25 22:02:54.124     0     0 I [   10.011370@0]- binder: 4108:4108 ioctl 40046210 ff9790b8 returned -22
06-25 22:02:54.130  4108  4108 I SystemControl: [/Ubootenv.cpp, propertyLoad, 552] [ubootenv] set property count: 0
06-25 22:02:54.130  4108  4108 I SystemControl: [/DisplayMode.cpp, DisplayMode, 242] display mode config path: /vendor/etc/mesondisplay.cfg
06-25 22:02:54.131  4108  4108 E SystemControl: [/SysTokenizer.cpp, open, 62] Error opening file '/vendor/etc/filteredid.cfg', No such file or directory.
06-25 22:02:54.135  4128  4128 I HidlServiceManagement: Registered android.hardware.drm@1.0::IDrmFactory/default
06-25 22:02:54.135  4128  4128 I HidlServiceManagement: Removing namespace from process name android.hardware.drm@1.0-service to drm@1.0-service.
06-25 22:02:54.131  4108  4108 E SystemControl: [/DisplayMode.cpp, parseFilterEdidConfigFile, 438] Error -2 opening display config file /vendor/etc/filteredid.cfg.
06-25 22:02:54.135  4128  4128 I LegacySupport: Registration complete for android.hardware.drm@1.0::IDrmFactory/default.
06-25 22:02:54.135  4108  4108 E SystemControl: [/FrameRateAutoAdaption.cpp, FrameRateAutoAdaption, 49] can't open device /dev/vdin0
06-25 22:02:54.138  4108  4108 I SystemControl: [/DisplayMode.cpp, DisplayMode, 251] type: 2 [0:none 1:tablet 2:mbox 3:tv], soc type:g12a, default UI:1080p
06-25 22:02:54.140  4128  4128 I HidlServiceManagement: Registered android.hardware.drm@1.0::ICryptoFactory/default
06-25 22:02:54.141  4128  4128 I HidlServiceManagement: Removing namespace from process name android.hardware.drm@1.0-service to drm@1.0-service.
06-25 22:02:54.142  4128  4128 I LegacySupport: Registration complete for android.hardware.drm@1.0::ICryptoFactory/default.
06-25 22:02:54.143     0     0 I [   10.033548@3]- binder: 4143:4143 ioctl 40046210 ff828ed0 returned -22
06-25 22:02:54.142  4143  4143 D hw-ProcessState: Binder ioctl to enable oneway spam detection failed: Invalid argument
06-25 22:02:54.147  4108  4108 I SystemControl: [/DisplayMode.cpp, dumpCap, 3385] 
06-25 22:02:54.147  4108  4108 I SystemControl: EDID parsing status: ng
06-25 22:02:54.147  4108  4108 I SystemControl: [/DisplayMode.cpp, dumpCap, 3385] General caps
06-25 22:02:54.147  4108  4108 I SystemControl: Rx Manufacturer Name: 
06-25 22:02:54.147  4108  4108 I SystemControl: Rx Product Code: 0000
06-25 22:02:54.147  4108  4108 I SystemControl: Rx Serial Number: 00000000
06-25 22:02:54.147  4108  4108 I SystemControl: Rx Product Name: 
06-25 22:02:54.147  4108  4108 I SystemControl: Manufacture Week: 0
06-25 22:02:54.147  4108  4108 I SystemControl: Manufacture Year: 1990
06-25 22:02:54.147  4108  4108 I SystemControl: Physcial size(mm): 0 x 0
06-25 22:02:54.147  4108  4108 I SystemControl: EDID Version: 0.0
06-25 22:02:54.147  4108  4108 I SystemControl: EDID block number: 0x0
06-25 22:02:54.147  4108  4108 I SystemControl: blk0 chksum: 0x00
06-25 22:02:54.147  4108  4108 I SystemControl: Source Physical Address[a.b.c.d]: 0.0.0.0
06-25 22:02:54.147  4108  4108 I SystemControl: native Mode 0, VIC (native 0):
06-25 22:02:54.147  4108  4108 I SystemControl: ColorDeepSupport 0
06-25 22:02:54.147  4108  4108 I SystemControl: 
06-25 22:02:54.147  4108  4108 I SystemControl: Audio {format, channel, freq, cce}
06-25 22:02:54.147  4108  4108 I SystemControl: {1, 1, 7, 1}
06-25 22:02:54.147  4108  4108 I SystemControl: Speaker Allocation: 0
06-25 22:02:54.147  4108  4108 I SystemControl: Vendor: 0xc03 ( HDMI device)
06-25 22:02:54.147  4108  4108 I SystemControl: MaxTMDSClock1 0 MHz
06-25 22:02:54.147  4108  4108 I SystemControl: vLatency:  Invalid/Unknown
06-25 22:02:54.147  4108  4108 I SystemControl: aLatency:  Invalid/Unknown
06-25 22:02:54.147  4108  4108 I SystemControl: i_vLatency:  Invalid/Unknown
06-25 22:02:54.147  4108  4108 I SystemControl: i_aLatency:  Invalid/Unknown
06-25 22:02:54.147  4108  4108 I SystemControl: SCDC: 0
06-25 22:02:54.147  4108  4108 I SystemControl: RR_Cap: 0
06-25 22:02:54.147  4108  4108 I SystemControl: LTE_340M_Scramble: 0
06-25 22:02:54.147  4108  4108 I SystemControl: 
06-25 22:02:54.147  4108  4108 I SystemControl: checkvalue: 0x00000000
06-25 22:02:54.147  4108  4108 I SystemControl: [/DisplayMode.cpp, dumpCap, 3385] Deep color
06-25 22:02:54.147  4108  4108 I SystemControl: rgb,8bit
06-25 22:02:54.148  4108  4108 I SystemControl: [/DisplayMode.cpp, dumpCap, 3385] HDR
06-25 22:02:54.148  4108  4108 I SystemControl: HDR10Plus Supported: 0
06-25 22:02:54.148  4108  4108 I SystemControl: HDR Static Metadata:
06-25 22:02:54.148  4108  4108 I SystemControl:     Supported EOTF:
06-25 22:02:54.148  4108  4108 I SystemControl:         Traditional SDR: 0
06-25 22:02:54.148  4108  4108 I SystemControl:         Traditional HDR: 0
06-25 22:02:54.148  4108  4108 I SystemControl:         SMPTE ST 2084: 0
06-25 22:02:54.148  4108  4108 I SystemControl:         Hybrid Log-Gamma: 0
06-25 22:02:54.148  4108  4108 I SystemControl:     Supported SMD type1: 0
06-25 22:02:54.148  4108  4108 I SystemControl:     Luminance Data
06-25 22:02:54.148  4108  4108 I SystemControl:         Max: 0
06-25 22:02:54.148  4108  4108 I SystemControl:         Avg: 0
06-25 22:02:54.148  4108  4108 I SystemControl:         Min: 0
06-25 22:02:54.148  4108  4108 I SystemControl: 
06-25 22:02:54.148  4108  4108 I SystemControl: HDR Dynamic Metadata:
06-25 22:02:54.148  4108  4108 I SystemControl: 
06-25 22:02:54.148  4108  4108 I SystemControl: colorimetry_data: 0
06-25 22:02:54.148  4108  4108 I SystemControl: [/DisplayMode.cpp, dumpCap, 3385] Preferred mode: (null)
06-25 22:02:54.148  4108  4108 I SystemControl: [/DisplayMode.cpp, dumpCap, 3385] Sink type: none
06-25 22:02:54.148  4143  4143 I HidlServiceManagement: Registered android.hardware.gatekeeper@1.0::IGatekeeper/default
06-25 22:02:54.148  4108  4108 I SystemControl: [/DisplayMode.cpp, dumpCap, 3385] Audio caps
06-25 22:02:54.148  4108  4108 I SystemControl: CodingType MaxChannels SamplingFreq SampleSize
06-25 22:02:54.148  4108  4108 I SystemControl: PCM, 2 ch, 32/44.1/48 kHz, 16 bit
06-25 22:02:54.148  4143  4143 I HidlServiceManagement: Removing namespace from process name android.hardware.gatekeeper@1.0-service.software to gatekeeper@1.0-service.software.
06-25 22:02:54.148  4108  4108 I SystemControl: [/DisplayMode.cpp, dumpCap, 3385] Raw EDID
06-25 22:02:54.148  4108  4108 I SystemControl: 0000000000000000000000000000000000000000000000000000000000000000000000000000000000000000000000000000000000000000000000000000000000000000000000000000000000000000000000000000000000000000000000000000000000000000000000000000000000000000000000000000000000000000
06-25 22:02:54.149  4111  4111 I HidlServiceManagement: Registered android.hardware.audio.effect@5.0::IEffectsFactory/default
06-25 22:02:54.149  4108  4156 D SystemControl: [/UEventObserver.cpp, UEventObserver, 45] UEventObserver::UEventObserver
06-25 22:02:54.149  4111  4111 I LegacySupport: Registration complete for android.hardware.audio.effect@5.0::IEffectsFactory/default.
06-25 22:02:54.149  4108  4108 D SystemControl: [CFile]:openFile = /dev/amvideo_poll
06-25 22:02:54.149  4108  4108 D SystemControl: [CFile]:openFile = /dev/amvecm
06-25 22:02:54.149  4108  4108 D SystemControl: [CFile]:openFile = /dev/display
06-25 22:02:54.149  4108  4108 D SystemControl: [CPQControl]:vpp OpenModule has been opened before!
06-25 22:02:54.149  4108  4108 D SystemControl: [CPQControl]:Open PQ module success!
06-25 22:02:54.149  4108  4108 D SystemControl: [CPQControl]:DI OpenModule path: /dev/di0
06-25 22:02:54.149  4108  4108 D SystemControl: [CPQControl]:Open DI module success!
06-25 22:02:54.149  4108  4108 D SystemControl: [CConfigFile]:LoadFromFile name = /odm/etc/tvconfig/pq/pq_default.ini
06-25 22:02:54.152  4108  4156 I SystemControl: [/SysWrite.cpp, writeSys, 242] write /sys/class/amhdmitx/amhdmitx0/sysctrl_enable, val:1 end
06-25 22:02:54.156  4108  4108 D SystemControl: [CPQControl]:hdrToneMapping.lut_type = 1
06-25 22:02:54.156  4108  4108 D SystemControl: [CPQControl]:hdrToneMapping.lutlength = 149
06-25 22:02:54.156  4108  4108 E SystemControl: [CPQControl]:SetHDRTMData error(No such file or directory)!
06-25 22:02:54.158  4108  4108 D SystemControl: [CPQdb]:openPqDB path = /mnt/vendor/param/pq/pq.db
06-25 22:02:54.171  4108  4108 W libc    : Access denied finding property "systemcontrol.debug.pq.enable"
06-25 22:02:54.171  4135  4135 D hw-ProcessState: Binder ioctl to enable oneway spam detection failed: Invalid argument
06-25 22:02:54.164  4108  4108 W systemcontrol: type=1400 audit(0.0:10): avc: denied { read } for name="u:object_r:default_prop:s0" dev="tmpfs" ino=1393 scontext=u:r:system_control:s0 tcontext=u:object_r:default_prop:s0 tclass=file permissive=0
06-25 22:02:54.175     0     0 I [   10.062362@0]- binder: 4135:4135 ioctl 40046210 ff821618 returned -22
06-25 22:02:54.175  4111  4111 D audiohalservice:  audio_service-droidlogic   mlockall successfully No such file or directory
06-25 22:02:54.175  3820  3820 I hwservicemanager: getTransport: Cannot find entry android.hardware.soundtrigger@2.3::ISoundTriggerHw/default in either framework or device VINTF manifest.
06-25 22:02:54.179  4135  4135 I HidlServiceManagement: Registered android.hardware.drm@1.4::IDrmFactory/clearkey
06-25 22:02:54.179  4111  4111 E LegacySupport: Could not get passthrough implementation for android.hardware.soundtrigger@2.3::ISoundTriggerHw/default.
06-25 22:02:54.179  4135  4135 I HidlServiceManagement: Removing namespace from process name android.hardware.drm@1.4-service.clearkey to drm@1.4-service.clearkey.
06-25 22:02:54.182  3820  3820 I hwservicemanager: getTransport: Cannot find entry android.hardware.soundtrigger@2.2::ISoundTriggerHw/default in either framework or device VINTF manifest.
06-25 22:02:54.182  4135  4135 I HidlServiceManagement: Registered android.hardware.drm@1.4::ICryptoFactory/clearkey
06-25 22:02:54.182  4108  4108 D SystemControl: [CPQdb]:db-code match mask is 20191113
06-25 22:02:54.182  4108  4108 D SystemControl: [CPQdb]:db-code match type is 2.
06-25 22:02:54.182  4108  4108 D SystemControl: [CPQdb]:PQ.db.version = Amlogic PQ Tool 2.0 20191113 2020-06-02 17:57:39 
06-25 22:02:54.182  4108  4108 D SystemControl: [CPQControl]:open pq DB success!
06-25 22:02:54.182  4135  4135 I HidlServiceManagement: Removing namespace from process name android.hardware.drm@1.4-service.clearkey to drm@1.4-service.clearkey.
06-25 22:02:54.182  4108  4108 D SystemControl: [SSMAction]:open /mnt/vendor/param/pq/ssm_data file!
06-25 22:02:54.183  4108  4108 D SystemControl: [SSMAction]:init, Open /mnt/vendor/param/pq/ssm_data success!
06-25 22:02:54.180  4108  4108 W systemcontrol: type=1400 audit(0.0:11): avc: denied { read } for name="u:object_r:default_prop:s0" dev="tmpfs" ino=1393 scontext=u:r:system_control:s0 tcontext=u:object_r:default_prop:s0 tclass=file permissive=0
06-25 22:02:54.183  4108  4108 D SystemControl: [SSMAction]:init, Verify SSMHeader, status= 1
06-25 22:02:54.184  4108  4108 D SystemControl: [CPQControl]:CheckHdmiOutFbcExist: FBC moudle is disabled by user!
06-25 22:02:54.184  4108  4108 D SystemControl: [CPQControl]:CheckOutPutMode: current output mode is 480cvbs!
06-25 22:02:54.184  4108  4108 D SystemControl: [CPQControl]:CheckOutPutMode: output mode is 1!
06-25 22:02:54.184  4111  4111 E LegacySupport: Could not get passthrough implementation for android.hardware.soundtrigger@2.2::ISoundTriggerHw/default.
06-25 22:02:54.184  4108  4108 D SystemControl: [CPQControl]:source_input: 10, sig_fmt: 0x40a(1034), trans_fmt: 0x0
06-25 22:02:54.184  4108  4108 D SystemControl: [CPQControl]:XVYCC Moudle disabled!
06-25 22:02:54.185  4108  4108 D SystemControl: [CPQControl]:Cpq_SetXVYCCMode success!
06-25 22:02:54.185  4108  4108 W libc    : Access denied finding property "systemcontrol.debug.pq.enable"
