06-24 20:51:56.393   591   646 V DisplayPowerController[0]: Brightness [0.39763778] reason changing to: 'override', previous reason: '0'.
06-24 20:51:56.394   591   636 W KernelCpuProcStringReader: File not found. It's normal if not implemented: /proc/uid_concurrent_policy_time
06-24 20:51:56.396   591   623 I DisplayDeviceRepository: Display device changed state: "Built-in Screen", ON
06-24 20:51:56.396   591   763 E DisplayDeviceConfig: requesting nits when no mapping exists.
06-24 20:51:56.398   591   763 E DisplayDeviceConfig: requesting nits when no mapping exists.
06-24 20:51:56.399   591   629 I DropBoxManagerService: add tag=system_server_wtf isTagEnabled=true flags=0x2
06-24 20:51:56.406   591   621 I WindowManager: onDisplayChanged, oldSize= Point(1920, 1080), newSize= Point(1920, 1080)
06-24 20:51:56.413   591   591 I FaceDownDetector: readValuesFromDeviceConfig():
06-24 20:51:56.413   591   591 I FaceDownDetector: mAccelerationThreshold=0.2
06-24 20:51:56.413   591   591 I FaceDownDetector: mZAccelerationThreshold=-9.5
06-24 20:51:56.413   591   591 I FaceDownDetector: mTimeThreshold=PT1S
06-24 20:51:56.413   591   591 I FaceDownDetector: mIsEnabled=true
06-24 20:51:56.416     0     0 W [   27.167054@1]  RTW: EEPROM TypeGPA = 0x0
06-24 20:51:56.416     0     0 W [   27.167142@1]  RTW: EEPROM TypeAPA = 0x0
06-24 20:51:56.416     0     0 W [   27.167629@1]  RTW: EEPROM TypeGLNA = 0x0
06-24 20:51:56.416     0     0 W [   27.168127@1]  RTW: EEPROM TypeALNA = 0x0
06-24 20:51:56.416     0     0 W [   27.168626@1]  RTW: EEPROM rfe_type=0x4
06-24 20:51:56.416     0     0 W [   27.170575@1]  RTW: rtl8822c_fw_dl fw source from array
06-24 20:51:56.421   591   591 D PowerManagerService: sdt acquireBlocker
06-24 20:51:56.430   591   591 D SystemServerTiming: MakePowerManagerServiceReady took to complete: 81ms
06-24 20:51:56.430   591   591 I SystemServerTiming: StartPermissionPolicyService
06-24 20:51:56.430   591   591 I SystemServiceManager: Starting com.android.server.policy.PermissionPolicyService
06-24 20:51:56.441   332   332 D ZygoteInitTiming_lazy: PreloadClasses took to complete: 2830ms
06-24 20:51:56.447   591   591 D SystemServerTiming: StartPermissionPolicyService took to complete: 16ms
06-24 20:51:56.447   591   591 I SystemServerTiming: MakePackageManagerServiceReady
06-24 20:51:56.464     0     0 W [   27.216491@1]  RTW: _rtw_hal_set_fw_rsvd_page((null)) Get [ NOR ] RsvdPageNUm  ==>
06-24 20:51:56.500   591   629 I DropBoxManagerService: add tag=system_server_wtf isTagEnabled=true flags=0x2
06-24 20:51:56.503   332   332 D ZygoteInitTiming_lazy: CacheNonBootClasspathClassLoaders took to complete: 63ms
06-24 20:51:56.505     0     0 W [   27.216816@1]  RTW: LocPsPoll: 16
06-24 20:51:56.505     0     0 W [   27.217174@1]  RTW: WARN Invalid rate 0x0 in MRateToHwRate
06-24 20:51:56.505     0     0 W [   27.217849@1]  RTW: LocNullData: 17
06-24 20:51:56.505     0     0 W [   27.218912@1]  RTW: WARN Invalid rate 0x0 in MRateToHwRate
06-24 20:51:56.505     0     0 W [   27.218965@1]  RTW: LocQosNull: 18
06-24 20:51:56.505     0     0 W [   27.219453@1]  RTW: WARN Invalid rate 0x0 in MRateToHwRate
06-24 20:51:56.505     0     0 W [   27.220245@1]  RTW: LocBTQosNull: 19
06-24 20:51:56.505     0     0 W [   27.220520@1]  RTW: WARN Invalid rate 0x0 in MRateToHwRate
06-24 20:51:56.505     0     0 W [   27.221258@1]  RTW: _rtw_hal_set_fw_rsvd_page((null)) Get [ NOR ] RsvdPageNUm <==
06-24 20:51:56.505     0     0 W [   27.222323@1]  RTW: _cfg_drv_rsvd_pg_num: request 20 pages => halmac 24 pages success
06-24 20:51:56.505     0     0 W [   27.238691@1]  RTW: rtw_halmac_rx_agg_switch: RX aggregation threshold: timeout=32 size=255
06-24 20:51:56.505     0     0 W [   27.242717@1]  RTW: rtl8822c_fw_dl Download Firmware from array success
06-24 20:51:56.505     0     0 W [   27.242861@1]  RTW: NIC FW Version:9 SubVersion:13 FW size:196888
06-24 20:51:56.505     0     0 W [   27.247369@1]  RTW: hal_read_mac_hidden_rpt OK! (1, 4ms), fwdl:1, id:0x19
06-24 20:51:56.505     0     0 W [   27.247704@1]  RTW: SetHwReg: bMacPwrCtrlOn=0
06-24 20:51:56.505     0     0 W [   27.253241@1]  RTW: rtw_hal_read_chip_info in 196 ms
06-24 20:51:56.505     0     0 W [   27.253297@1]  RTW: [RF_PATH] ver_id.RF_TYPE:RF_2T2R
06-24 20:51:56.505     0     0 W [   27.253951@1]  RTW: [RF_PATH] HALSPEC's rf_reg_trx_path_bmp:0x33, rf_reg_path_avail_num:2, max_tx_cnt:2
06-24 20:51:56.505     0     0 W [   27.255171@1]  RTW: [RF_PATH] PG's trx_path_bmp:0x33, max_tx_cnt:0
06-24 20:51:56.505     0     0 W [   27.255914@1]  RTW: [RF_PATH] Registry's trx_path_bmp:0x00, tx_path_lmt:0, rx_path_lmt:0
06-24 20:51:56.505     0     0 W [   27.258544@1]  RTW: [RF_PATH] HALDATA's trx_path_bmp:0x33, max_tx_cnt:2
06-24 20:51:56.505     0     0 W [   27.258704@1]  RTW: [RF_PATH] HALDATA's rf_type:RF_2T2R, NumTotalRFPath:2
06-24 20:51:56.506     0     0 W [   27.259533@1]  RTW: rtw_hal_rfpath_init trx_path_bmp:0x33(RF_2T2R), NumTotalRFPath:2, max_tx_cnt:2
06-24 20:51:56.509     0     0 W [   27.260650@1]  RTW: [TRX_Nss] HALSPEC - tx_nss:2, rx_nss:2
06-24 20:51:56.509     0     0 W [   27.261328@1]  RTW: [TRX_Nss] Registry - tx_nss:0, rx_nss:0
06-24 20:51:56.509     0     0 W [   27.262021@1]  RTW: [TRX_Nss] HALDATA - tx_nss:2, rx_nss:2
06-24 20:51:56.520     0     0 W [   27.272318@1]  RTW: rtw_hal_trxnss_init tx_nss:2, rx_nss:2
06-24 20:51:56.520     0     0 W [   27.272355@1]  RTW: txpath=0x3, rxpath=0x3
06-24 20:51:56.520     0     0 W [   27.272826@1]  RTW: txpath_1ss:0x1, num:1
06-24 20:51:56.520     0     0 W [   27.274170@1]  RTW: txpath_2ss:0x3, num:2
06-24 20:51:56.520     0     0 W [   27.274362@1]  RTW: init_mlme_default_rate_set: support CCK
06-24 20:51:56.520     0     0 W [   27.274718@1]  RTW: init_mlme_default_rate_set: support OFDM
06-24 20:51:56.525     0     0 W [   27.276620@1]  RTW: rtw_alloc_macid((null)) if1, mac_addr:ff:ff:ff:ff:ff:ff macid:1
06-24 20:51:56.525     0     0 W [   27.276895@1]  RTW: rtw_init_pwrctrl_priv: IPS_mode=0, LPS_mode=0, LPS_level=0, LPS_1T1R=0
06-24 20:51:56.525     0     0 W [   27.277933@1]  RTW: ADAPTIVITY_VERSION 9.7.08
06-24 20:51:56.525     0     0 W [   27.278459@1]  RTW: RTW_ADAPTIVITY_EN_ENABLE
06-24 20:51:56.529   591   591 V UserDataPreparer: Found /data/user_de/0 with serial number 0
06-24 20:51:56.529   591   591 V UserDataPreparer: Found /data/user/0 with serial number 0
06-24 20:51:56.529   591   591 V UserDataPreparer: Found /data/system_de/0 with serial number 0
06-24 20:51:56.530   591   591 V UserDataPreparer: Found /data/system_ce/0 with serial number 0
06-24 20:51:56.530   591   591 V UserDataPreparer: Found /data/misc_ce/0 with serial number 0
06-24 20:51:56.533     0     0 W [   27.285860@1]  RTW: RTW_ADAPTIVITY_MODE_NORMAL
06-24 20:51:56.533     0     0 W [   27.285900@1]  RTW: IQK FW offload:disable
06-24 20:51:56.533     0     0 W [   27.286378@1]  RTW: init_phydm_cominfo: Fv=1 Cv=3
06-24 20:51:56.533     0     0 W [   27.286951@1]  RTW: rtw_regsty_chk_target_tx_power_valid return _FALSE for band:0, path:0, rs:0, t:-1
06-24 20:51:56.539     0     0 W [   27.287993@1]  RTW: rtw_is_file_readable_with_size() Android GKI prohibbit kernel_read, return _TRUE
06-24 20:51:56.545     0     0 W [   27.296763@1]  RTW: retriveFromFile() Success. retrieve file : PHY_REG_PG.txt, file size : 4699
06-24 20:51:56.545     0     0 W [   27.297665@1]  RTW: phy_ParseBBPgParaFile return 1
06-24 20:51:56.545     0     0 W [   27.297773@1]  RTW: init_channel_set_from_rtk_priv_2g_5g((null)) chplan:0x4D
06-24 20:51:56.545     0     0 W [   27.298752@1]  RTW: init_channel_set_from_rtk_priv((null)) ch num:34
06-24 20:51:56.535   591   591 I PackageManager: Permission ownership changed. Updating all permissions.
06-24 20:51:56.542   591   691 D SystemServerTimingAsync: SecondaryZygotePreload took to complete: 3102ms
06-24 20:51:56.542   591   691 D SystemServerInitThreadPool: Finished executing SecondaryZygotePreload
06-24 20:51:56.542   591   691 D SystemServerTimingAsync: InitThreadPoolExec:SecondaryZygotePreload took to complete: 3102ms
06-24 20:51:56.549     0     0 W [   27.301021@1]  RTW: rtw_macaddr_cfg mac addr:bc:c7:da:4d:dd:fa
06-24 20:51:56.549     0     0 W [   27.301064@1]  RTW: _rtw_mbid_cam_search_by_macaddr mac:bc:c7:da:4d:dd:fa - cam_id:255
06-24 20:51:56.549     0     0 W [   27.302047@1]  RTW: rtw_mbid_camid_alloc mac:bc:c7:da:4d:dd:fa - cam_id:0
06-24 20:51:56.549     0     0 W [   27.303065@1]  RTW: disable_interrupt: update SDIO HIMR=0
06-24 20:51:56.552     0     0 W [   27.303564@1]  RTW: bDriverStopped:True, bSurpriseRemoved:False, bup:0, hw_init_completed:0
06-24 20:51:56.552     0     0 W [   27.304656@1]  RTW: loadparam, Select P2P interface: iface_id:1
06-24 20:51:56.552     0     0 W [   27.305753@1]  RTW: init_mlme_default_rate_set: support CCK
06-24 20:51:56.552     0     0 W [   27.306032@1]  RTW: init_mlme_default_rate_set: support OFDM
06-24 20:51:56.557     0     0 W [   27.308935@1]  RTW: rtw_alloc_macid((null)) if2, mac_addr:ff:ff:ff:ff:ff:ff macid:1
06-24 20:51:56.557     0     0 W [   27.309222@1]  RTW: _rtw_mbid_cam_search_by_macaddr mac:be:c7:da:4d:dd:fa - cam_id:255
06-24 20:51:56.557     0     0 W [   27.310195@1]  RTW: rtw_mbid_camid_alloc mac:be:c7:da:4d:dd:fa - cam_id:1
06-24 20:51:56.557     0     0 W [   27.311157@1]  RTW: rtw_drv_add_vir_if if2 mac_addr : be:c7:da:4d:dd:fa
06-24 20:51:56.567     0     0 W [   27.311918@1]  RTW: loadparam, Select P2P interface: iface_id:1
06-24 20:51:56.567     0     0 W [   27.312852@1]  RTW: init_mlme_default_rate_set: support CCK
06-24 20:51:56.567     0     0 W [   27.313291@1]  RTW: init_mlme_default_rate_set: support OFDM
06-24 20:51:56.567     0     0 W [   27.315265@1]  RTW: rtw_alloc_macid((null)) if3, mac_addr:ff:ff:ff:ff:ff:ff macid:1
06-24 20:51:56.567     0     0 W [   27.315548@1]  RTW: _rtw_mbid_cam_search_by_macaddr mac:b6:c7:da:4d:dd:fa - cam_id:255
06-24 20:51:56.567     0     0 W [   27.316522@1]  RTW: rtw_mbid_camid_alloc mac:b6:c7:da:4d:dd:fa - cam_id:2
06-24 20:51:56.567     0     0 W [   27.317366@1]  RTW: rtw_drv_add_vir_if if3 mac_addr : b6:c7:da:4d:dd:fa
06-24 20:51:56.567     0     0 W [   27.318218@1]  RTW: rtw_cfg80211_init_wiphy_band:rf_type=2
06-24 20:51:56.567     0     0 W [   27.318971@1]  RTW: [HT] HAL Support LDPC = 0x03
06-24 20:51:56.567     0     0 W [   27.319852@1]  RTW: [HT] HAL Support STBC = 0x01
06-24 20:51:56.567     0     0 W [   27.320031@1]  RTW: [HT] HAL Support LDPC = 0x03
06-24 20:51:56.568     0     0 W [   27.320592@1]  RTW: [HT] HAL Support STBC = 0x01
06-24 20:51:56.568     0     0 W [   27.321169@1]  RTW: [VHT] Support LDPC = 0x03
06-24 20:51:56.568     0     0 W [   27.321709@1]  RTW: [VHT] Support STBC = 0x03
06-24 20:51:56.569     0     0 W [   27.322384@1]  RTW: [VHT] Support Beamformee
06-24 20:51:56.569     0     0 W [   27.322855@1]  RTW: [VHT] Support MU-MIMO STA
06-24 20:51:56.572     0     0 W [   27.324244@1]  RTW: [VHT] Declare supporting MAX MPDU len = 11454 bytes
06-24 20:51:56.572     0     0 W [   27.324388@1]  RTW: [VHT] Declare supporting RX LDPC
06-24 20:51:56.573     0     0 W [   27.325005@1]  RTW: [VHT] Declare supporting SGI 80MHz
06-24 20:51:56.573     0     0 W [   27.325645@1]  RTW: [VHT] Declare supporting TX STBC
06-24 20:51:56.573     0     0 W [   27.326262@1]  RTW: [VHT] Declare supporting 1SS RX STBC
06-24 20:51:56.573     0     0 W [   27.326977@1]  RTW: [VHT] Declare supporting SU Beamformee
06-24 20:51:56.577     0     0 W [   27.327610@1]  RTW: [VHT] Declare supporting MU Beamformee
06-24 20:51:56.577     0     0 W [   27.328288@1]  RTW: [VHT] Declare supporting VHT variant HT Control
06-24 20:51:56.577     0     0 W [   27.329068@1]  RTW: [VHT] Declare supporting RX A-MPDU Length Exponent = 7
06-24 20:51:56.577     0     0 W [   27.329947@1]  RTW: rtw_wiphy_alloc(phy0)
06-24 20:51:56.577     0     0 W [   27.330475@1]  RTW: rtw_wdev_alloc(padapter=00000000bd5c72d5)
06-24 20:51:56.577     0     0 W [   27.331259@1]  RTW: rtw_wdev_alloc(padapter=0000000053d188f4)
06-24 20:51:56.584     0     0 W [   27.331898@1]  RTW: rtw_wdev_alloc(padapter=00000000170a6d42)
06-24 20:51:56.584     0     0 W [   27.332572@1]  RTW: rtw_wiphy_register(phy0)
06-24 20:51:56.584     0     0 W [   27.333098@1]  RTW: Register RTW cfg80211 vendor cmd(0x67) interface
06-24 20:51:56.596     0     0 W [   27.348920@0]  RTW: rtw_ndev_init(wlan0) if1 mac_addr=bc:c7:da:4d:dd:fa
06-24 20:51:56.596     0     0 W [   27.349354@0]  RTW: rtw_ndev_notifier_call(wlan0) state:17
06-24 20:51:56.620     0     0 W [   27.370951@0]  RTW: cfg80211_rtw_get_txpower(wlan0) total max: -10000 mbm
06-24 20:51:56.620     0     0 W [   27.371523@0]  RTW: rtw_ndev_notifier_call(wlan0) state:5
06-24 20:51:56.620     0     0 W [   27.372000@0]  RTW: rtw_ndev_init(p2p0) if2 mac_addr=be:c7:da:4d:dd:fa
06-24 20:51:56.620     0     0 W [   27.374304@0]  RTW: rtw_ndev_notifier_call(p2p0) state:17
06-24 20:51:56.623   591   591 D StagingManagerTiming: restoreSessions took to complete: 2ms
06-24 20:51:56.623   591   591 D SystemServerTiming: MakePackageManagerServiceReady took to complete: 175ms
06-24 20:51:56.623   591   591 I SystemServerTiming: MakeDisplayManagerServiceReady
06-24 20:51:56.625   591   654 E DefaultPermGrantPolicy: Package not found: com.google.android.tv.axel
06-24 20:51:56.640     0     0 W [   27.392495@0]  RTW: cfg80211_rtw_get_txpower(p2p0) total max: -10000 mbm
06-24 20:51:56.640     0     0 W [   27.392992@0]  RTW: rtw_ndev_notifier_call(p2p0) state:5
06-24 20:51:56.640     0     0 W [   27.393447@0]  RTW: rtw_ndev_init(wlan1) if3 mac_addr=b6:c7:da:4d:dd:fa
06-24 20:51:56.640     0     0 W [   27.394492@0]  RTW: rtw_ndev_notifier_call(wlan1) state:17
06-24 20:51:56.645   591   591 D SystemServerTiming: MakeDisplayManagerServiceReady took to complete: 22ms
06-24 20:51:56.645   591   591 I SystemServerTiming: StartDeviceSpecificServices
06-24 20:51:56.645   591   591 D SystemServerTiming: StartDeviceSpecificServices took to complete: 1ms
06-24 20:51:56.645   591   591 I SystemServerTiming: GameManagerService
06-24 20:51:56.645   591   591 I SystemServiceManager: Starting com.android.server.app.GameManagerService$Lifecycle
06-24 20:51:56.652     0     0 W [   27.404857@0]  RTW: cfg80211_rtw_get_txpower(wlan1) total max: -10000 mbm
06-24 20:51:56.652     0     0 W [   27.405204@0]  RTW: rtw_ndev_notifier_call(wlan1) state:5
06-24 20:51:56.656     0     0 W [   27.407636@0]  RTW: module init ret=0
06-24 20:51:56.657   386   386 I android.hardware.wifi@1.0-service.droidlogic: getChipModesForPrimary wifi module is RTL8822CS
06-24 20:51:56.657   386   386 I android.hardware.wifi@1.0-service.droidlogic: Using debug chip mode: <STA + AP Concurrency> set via property: persist.vendor.debug.wifi.hal.preset_interface_combination_idx
06-24 20:51:56.658   386   386 I android.hardware.wifi@1.0-service.droidlogic: Wifi HAL started
06-24 20:51:56.656   591   654 E DefaultPermGrantPolicy: Package not found: com.google.android.tv.dfuservice
06-24 20:51:56.666   591   591 D SystemServerTiming: GameManagerService took to complete: 21ms
06-24 20:51:56.667   591   591 I SystemServerTiming: StartBootPhaseDeviceSpecificServicesReady
06-24 20:51:56.667   591   591 I SystemServiceManager: Starting phase 520
06-24 20:51:56.667   591   591 I SystemServerTiming: OnBootPhase_520
06-24 20:51:56.667   591   591 I SystemServerTiming: OnBootPhase_520_com.android.server.security.FileIntegrityService
06-24 20:51:56.667   591   591 D SystemServerTiming: OnBootPhase_520_com.android.server.security.FileIntegrityService took to complete: 0ms
06-24 20:51:56.667   591   591 I SystemServerTiming: OnBootPhase_520_com.android.server.pm.Installer
06-24 20:51:56.667   591   591 D SystemServerTiming: OnBootPhase_520_com.android.server.pm.Installer took to complete: 0ms
06-24 20:51:56.667   591   591 I SystemServerTiming: OnBootPhase_520_com.android.server.os.DeviceIdentifiersPolicyService
06-24 20:51:56.667   591   591 D SystemServerTiming: OnBootPhase_520_com.android.server.os.DeviceIdentifiersPolicyService took to complete: 0ms
06-24 20:51:56.667   591   591 I SystemServerTiming: OnBootPhase_520_com.android.server.uri.UriGrantsManagerService$Lifecycle
06-24 20:51:56.667   591   591 D SystemServerTiming: OnBootPhase_520_com.android.server.uri.UriGrantsManagerService$Lifecycle took to complete: 0ms
06-24 20:51:56.667   591   591 I SystemServerTiming: OnBootPhase_520_com.android.server.powerstats.PowerStatsService
06-24 20:51:56.667   591   591 D SystemServerTiming: OnBootPhase_520_com.android.server.powerstats.PowerStatsService took to complete: 0ms
06-24 20:51:56.667   591   591 I SystemServerTiming: OnBootPhase_520_com.android.server.wm.ActivityTaskManagerService$Lifecycle
06-24 20:51:56.667   591   591 D SystemServerTiming: OnBootPhase_520_com.android.server.wm.ActivityTaskManagerService$Lifecycle took to complete: 0ms
06-24 20:51:56.667   591   591 I SystemServerTiming: OnBootPhase_520_com.android.server.am.ActivityManagerService$Lifecycle
06-24 20:51:56.667   591   591 D SystemServerTiming: OnBootPhase_520_com.android.server.am.ActivityManagerService$Lifecycle took to complete: 0ms
06-24 20:51:56.667   591   591 I SystemServerTiming: OnBootPhase_520_com.android.server.pm.DataLoaderManagerService
06-24 20:51:56.667   591   591 D SystemServerTiming: OnBootPhase_520_com.android.server.pm.DataLoaderManagerService took to complete: 0ms
06-24 20:51:56.667   591   591 I SystemServerTiming: OnBootPhase_520_com.android.server.power.PowerManagerService
06-24 20:51:56.667   591   591 D SystemServerTiming: OnBootPhase_520_com.android.server.power.PowerManagerService took to complete: 0ms
06-24 20:51:56.667   591   591 I SystemServerTiming: OnBootPhase_520_com.android.server.power.ThermalManagerService
06-24 20:51:56.667   591   591 D SystemServerTiming: OnBootPhase_520_com.android.server.power.ThermalManagerService took to complete: 0ms
06-24 20:51:56.667   591   591 I SystemServerTiming: OnBootPhase_520_com.android.server.power.hint.HintManagerService
06-24 20:51:56.667   591   591 D SystemServerTiming: OnBootPhase_520_com.android.server.power.hint.HintManagerService took to complete: 0ms
06-24 20:51:56.667   591   591 I SystemServerTiming: OnBootPhase_520_com.android.server.recoverysystem.RecoverySystemService$Lifecycle
06-24 20:51:56.667   591   591 D SystemServerTiming: OnBootPhase_520_com.android.server.recoverysystem.RecoverySystemService$Lifecycle took to complete: 0ms
06-24 20:51:56.667   591   591 I SystemServerTiming: OnBootPhase_520_com.android.server.lights.LightsService
06-24 20:51:56.667   591   591 D SystemServerTiming: OnBootPhase_520_com.android.server.lights.LightsService took to complete: 0ms
06-24 20:51:56.668   591   591 I SystemServerTiming: OnBootPhase_520_com.android.server.display.DisplayManagerService
06-24 20:51:56.668   591   591 D SystemServerTiming: OnBootPhase_520_com.android.server.display.DisplayManagerService took to complete: 0ms
06-24 20:51:56.668   591   591 I SystemServerTiming: OnBootPhase_520_com.android.server.pm.verify.domain.DomainVerificationService
06-24 20:51:56.668   591   591 D SystemServerTiming: OnBootPhase_520_com.android.server.pm.verify.domain.DomainVerificationService took to complete: 0ms
06-24 20:51:56.668   591   591 I SystemServerTiming: OnBootPhase_520_com.android.server.pm.PackageInstallerService$Lifecycle
06-24 20:51:56.668   591   591 D SystemServerTiming: OnBootPhase_520_com.android.server.pm.PackageInstallerService$Lifecycle took to complete: 0ms
06-24 20:51:56.668   591   591 I SystemServerTiming: OnBootPhase_520_com.android.server.pm.UserManagerService$LifeCycle
06-24 20:51:56.668   591   591 D SystemServerTiming: OnBootPhase_520_com.android.server.pm.UserManagerService$LifeCycle took to complete: 0ms
06-24 20:51:56.668   591   591 I SystemServerTiming: OnBootPhase_520_com.android.server.om.OverlayManagerService
06-24 20:51:56.668   591   591 D SystemServerTiming: OnBootPhase_520_com.android.server.om.OverlayManagerService took to complete: 0ms
06-24 20:51:56.668   591   591 I SystemServerTiming: OnBootPhase_520_com.android.server.SensorPrivacyService
06-24 20:51:56.668   591   591 D SystemServerTiming: OnBootPhase_520_com.android.server.SensorPrivacyService took to complete: 0ms
06-24 20:51:56.668   591   591 I SystemServerTiming: OnBootPhase_520_com.android.server.sensors.SensorService
06-24 20:51:56.668   591   591 D SystemServerTiming: OnBootPhase_520_com.android.server.sensors.SensorService took to complete: 0ms
06-24 20:51:56.668   591   591 I SystemServerTiming: OnBootPhase_520_com.android.server.SystemConfigService
06-24 20:51:56.668   591   591 D SystemServerTiming: OnBootPhase_520_com.android.server.SystemConfigService took to complete: 0ms
06-24 20:51:56.668   591   591 I SystemServerTiming: OnBootPhase_520_com.android.server.BatteryService
06-24 20:51:56.668   591   591 D SystemServerTiming: OnBootPhase_520_com.android.server.BatteryService took to complete: 0ms
06-24 20:51:56.668   591   591 I SystemServerTiming: OnBootPhase_520_com.android.server.usage.UsageStatsService
06-24 20:51:56.669   591   591 D SystemServerTiming: OnBootPhase_520_com.android.server.usage.UsageStatsService took to complete: 0ms
06-24 20:51:56.669   591   591 I SystemServerTiming: OnBootPhase_520_com.android.server.webkit.WebViewUpdateService
06-24 20:51:56.669   591   591 D SystemServerTiming: OnBootPhase_520_com.android.server.webkit.WebViewUpdateService took to complete: 0ms
06-24 20:51:56.669   591   591 I SystemServerTiming: OnBootPhase_520_com.android.server.CachedDeviceStateService
06-24 20:51:56.669   591   591 D SystemServerTiming: OnBootPhase_520_com.android.server.CachedDeviceStateService took to complete: 0ms
06-24 20:51:56.669   591   591 I SystemServerTiming: OnBootPhase_520_com.android.server.BinderCallsStatsService$LifeCycle
06-24 20:51:56.669   591   591 D SystemServerTiming: OnBootPhase_520_com.android.server.BinderCallsStatsService$LifeCycle took to complete: 0ms
06-24 20:51:56.669   591   591 I SystemServerTiming: OnBootPhase_520_com.android.server.LooperStatsService$Lifecycle
06-24 20:51:56.669   591   591 D SystemServerTiming: OnBootPhase_520_com.android.server.LooperStatsService$Lifecycle took to complete: 0ms
06-24 20:51:56.669   591   591 I SystemServerTiming: OnBootPhase_520_com.android.server.rollback.RollbackManagerService
06-24 20:51:56.669   591   591 D SystemServerTiming: OnBootPhase_520_com.android.server.rollback.RollbackManagerService took to complete: 0ms
06-24 20:51:56.669   591   591 I SystemServerTiming: OnBootPhase_520_com.android.server.os.NativeTombstoneManagerService
06-24 20:51:56.669   591   591 D SystemServerTiming: OnBootPhase_520_com.android.server.os.NativeTombstoneManagerService took to complete: 0ms
06-24 20:51:56.669   591   591 I SystemServerTiming: OnBootPhase_520_com.android.server.os.BugreportManagerService
06-24 20:51:56.669   591   591 D SystemServerTiming: OnBootPhase_520_com.android.server.os.BugreportManagerService took to complete: 0ms
06-24 20:51:56.669   591   591 I SystemServerTiming: OnBootPhase_520_com.android.server.gpu.GpuService
06-24 20:51:56.669   591   591 D SystemServerTiming: OnBootPhase_520_com.android.server.gpu.GpuService took to complete: 0ms
06-24 20:51:56.669   591   591 I SystemServerTiming: OnBootPhase_520_com.android.server.security.KeyChainSystemService
06-24 20:51:56.669   591   591 D SystemServerTiming: OnBootPhase_520_com.android.server.security.KeyChainSystemService took to complete: 0ms
06-24 20:51:56.669   591   591 I SystemServerTiming: OnBootPhase_520_com.android.server.telecom.TelecomLoaderService
06-24 20:51:56.669   591   591 D SystemServerTiming: OnBootPhase_520_com.android.server.telecom.TelecomLoaderService took to complete: 0ms
06-24 20:51:56.669   591   591 I SystemServerTiming: OnBootPhase_520_com.android.server.accounts.AccountManagerService$Lifecycle
06-24 20:51:56.669   591   591 D SystemServerTiming: OnBootPhase_520_com.android.server.accounts.AccountManagerService$Lifecycle took to complete: 0ms
06-24 20:51:56.669   591   591 I SystemServerTiming: OnBootPhase_520_com.android.server.content.ContentService$Lifecycle
06-24 20:51:56.669   591   591 D SystemServerTiming: OnBootPhase_520_com.android.server.content.ContentService$Lifecycle took to complete: 0ms
06-24 20:51:56.670   591   591 I SystemServerTiming: OnBootPhase_520_com.android.server.DropBoxManagerService
06-24 20:51:56.670   591   591 D SystemServerTiming: OnBootPhase_520_com.android.server.DropBoxManagerService took to complete: 0ms
06-24 20:51:56.670   591   591 I SystemServerTiming: OnBootPhase_520_com.android.role.RoleService
06-24 20:51:56.670   591   591 D SystemServerTiming: OnBootPhase_520_com.android.role.RoleService took to complete: 0ms
06-24 20:51:56.670   591   591 I SystemServerTiming: OnBootPhase_520_com.android.server.vibrator.VibratorManagerService$Lifecycle
06-24 20:51:56.670   591   591 D SystemServerTiming: OnBootPhase_520_com.android.server.vibrator.VibratorManagerService$Lifecycle took to complete: 0ms
06-24 20:51:56.670   591   591 I SystemServerTiming: OnBootPhase_520_com.android.server.alarm.AlarmManagerService
06-24 20:51:56.670   591   591 D SystemServerTiming: OnBootPhase_520_com.android.server.alarm.AlarmManagerService took to complete: 0ms
06-24 20:51:56.670   591   591 I SystemServerTiming: OnBootPhase_520_com.android.server.devicestate.DeviceStateManagerService
06-24 20:51:56.670   591   591 D SystemServerTiming: OnBootPhase_520_com.android.server.devicestate.DeviceStateManagerService took to complete: 0ms
06-24 20:51:56.670   591   591 I SystemServerTiming: OnBootPhase_520_com.android.server.camera.CameraServiceProxy
06-24 20:51:56.670   591   591 D SystemServerTiming: OnBootPhase_520_com.android.server.camera.CameraServiceProxy took to complete: 0ms
06-24 20:51:56.670   591   591 I SystemServerTiming: OnBootPhase_520_com.android.server.BluetoothService
06-24 20:51:56.670   591   591 D SystemServerTiming: OnBootPhase_520_com.android.server.BluetoothService took to complete: 0ms
06-24 20:51:56.670   591   591 I SystemServerTiming: OnBootPhase_520_com.android.server.connectivity.IpConnectivityMetrics
06-24 20:51:56.670   591   591 D SystemServerTiming: OnBootPhase_520_com.android.server.connectivity.IpConnectivityMetrics took to complete: 0ms
06-24 20:51:56.670   591   591 I SystemServerTiming: OnBootPhase_520_com.android.server.net.watchlist.NetworkWatchlistService$Lifecycle
06-24 20:51:56.670   591   591 D SystemServerTiming: OnBootPhase_520_com.android.server.net.watchlist.NetworkWatchlistService$Lifecycle took to complete: 0ms
06-24 20:51:56.670   591   591 I SystemServerTiming: OnBootPhase_520_com.android.server.PinnerService
06-24 20:51:56.670   591   591 D SystemServerTiming: OnBootPhase_520_com.android.server.PinnerService took to complete: 0ms
06-24 20:51:56.671   591   591 I SystemServerTiming: OnBootPhase_520_com.google.android.startop.iorap.IorapForwardingService
06-24 20:51:56.671   591   591 D SystemServerTiming: OnBootPhase_520_com.google.android.startop.iorap.IorapForwardingService took to complete: 0ms
06-24 20:51:56.671   591   591 I SystemServerTiming: OnBootPhase_520_com.android.server.integrity.AppIntegrityManagerService
06-24 20:51:56.671   591   591 D SystemServerTiming: OnBootPhase_520_com.android.server.integrity.AppIntegrityManagerService took to complete: 0ms
06-24 20:51:56.671   591   591 I SystemServerTiming: OnBootPhase_520_com.android.server.inputmethod.InputMethodManagerService$Lifecycle
06-24 20:51:56.671   591   591 D SystemServerTiming: OnBootPhase_520_com.android.server.inputmethod.InputMethodManagerService$Lifecycle took to complete: 0ms
06-24 20:51:56.671   591   591 I SystemServerTiming: OnBootPhase_520_com.android.server.accessibility.AccessibilityManagerService$Lifecycle
06-24 20:51:56.671   591   591 D SystemServerTiming: OnBootPhase_520_com.android.server.accessibility.AccessibilityManagerService$Lifecycle took to complete: 0ms
06-24 20:51:56.671   591   591 I SystemServerTiming: OnBootPhase_520_com.android.server.StorageManagerService$Lifecycle
06-24 20:51:56.671   591   591 D SystemServerTiming: OnBootPhase_520_com.android.server.StorageManagerService$Lifecycle took to complete: 0ms
06-24 20:51:56.671   591   591 I SystemServerTiming: OnBootPhase_520_com.android.server.usage.StorageStatsService$Lifecycle
06-24 20:51:56.672   591   591 D SystemServerTiming: OnBootPhase_520_com.android.server.usage.StorageStatsService$Lifecycle took to complete: 0ms
06-24 20:51:56.672   591   591 I SystemServerTiming: OnBootPhase_520_com.android.server.UiModeManagerService
06-24 20:51:56.672   591   591 D SystemServerTiming: OnBootPhase_520_com.android.server.UiModeManagerService took to complete: 0ms
06-24 20:51:56.672   591   591 I SystemServerTiming: OnBootPhase_520_com.android.server.locksettings.LockSettingsService$Lifecycle
06-24 20:51:56.672   591   591 D SystemServerTiming: OnBootPhase_520_com.android.server.locksettings.LockSettingsService$Lifecycle took to complete: 0ms
06-24 20:51:56.672   591   591 I SystemServerTiming: OnBootPhase_520_com.android.server.PersistentDataBlockService
06-24 20:51:56.672   591   591 D SystemServerTiming: OnBootPhase_520_com.android.server.PersistentDataBlockService took to complete: 0ms
06-24 20:51:56.672   591   591 I SystemServerTiming: OnBootPhase_520_com.android.server.testharness.TestHarnessModeService
06-24 20:51:56.673   591   591 D SystemServerTiming: OnBootPhase_520_com.android.server.testharness.TestHarnessModeService took to complete: 0ms
06-24 20:51:56.673   591   591 I SystemServerTiming: OnBootPhase_520_com.android.server.oemlock.OemLockService
06-24 20:51:56.673   591   591 D SystemServerTiming: OnBootPhase_520_com.android.server.oemlock.OemLockService took to complete: 0ms
06-24 20:51:56.673   591   591 I SystemServerTiming: OnBootPhase_520_com.android.server.DeviceIdleController
06-24 20:51:56.673   591   591 D SystemServerTiming: OnBootPhase_520_com.android.server.DeviceIdleController took to complete: 0ms
06-24 20:51:56.673   591   591 I SystemServerTiming: OnBootPhase_520_com.android.server.devicepolicy.DevicePolicyManagerService$Lifecycle
06-24 20:51:56.673   591   591 D SystemServerTiming: OnBootPhase_520_com.android.server.devicepolicy.DevicePolicyManagerService$Lifecycle took to complete: 0ms
06-24 20:51:56.673   591   591 I SystemServerTiming: OnBootPhase_520_com.android.server.texttospeech.TextToSpeechManagerService
06-24 20:51:56.674   591   591 D SystemServerTiming: OnBootPhase_520_com.android.server.texttospeech.TextToSpeechManagerService took to complete: 0ms
06-24 20:51:56.674   591   591 I SystemServerTiming: OnBootPhase_520_com.android.server.speech.SpeechRecognitionManagerService
06-24 20:51:56.674   591   591 D SystemServerTiming: OnBootPhase_520_com.android.server.speech.SpeechRecognitionManagerService took to complete: 0ms
06-24 20:51:56.674   591   591 I SystemServerTiming: OnBootPhase_520_com.android.server.searchui.SearchUiManagerService
06-24 20:51:56.674   591   591 D SystemServerTiming: OnBootPhase_520_com.android.server.searchui.SearchUiManagerService took to complete: 0ms
06-24 20:51:56.674   591   591 I SystemServerTiming: OnBootPhase_520_com.android.server.smartspace.SmartspaceManagerService
06-24 20:51:56.674   591   591 D SystemServerTiming: OnBootPhase_520_com.android.server.smartspace.SmartspaceManagerService took to complete: 0ms
06-24 20:51:56.674   591   591 I SystemServerTiming: OnBootPhase_520_com.android.server.graphics.fonts.FontManagerService$Lifecycle
06-24 20:51:56.684     0     0 W [   27.437444@0]  RTW: rtw_ndev_notifier_call(wlan0) state:14
06-24 20:51:56.684     0     0 W [   27.437491@0]  RTW: rtw_ndev_notifier_call: bDriverStopped=True, bup=0, hw_init_completed=0
06-24 20:51:56.688     0     0 W [   27.438904@0]  RTW: _netdev_open(wlan0) start
06-24 20:51:56.688     0     0 W [   27.439030@0]  RTW: rtl8822c_hal_init fw source from array
06-24 20:51:56.674   591   591 D SystemServerTiming: OnBootPhase_520_com.android.server.graphics.fonts.FontManagerService$Lifecycle took to complete: 0ms
06-24 20:51:56.674   591   591 I SystemServerTiming: OnBootPhase_520_com.android.server.textservices.TextServicesManagerService$Lifecycle
06-24 20:51:56.675   591   591 D SystemServerTiming: OnBootPhase_520_com.android.server.textservices.TextServicesManagerService$Lifecycle took to complete: 0ms
06-24 20:51:56.675   591   591 I SystemServerTiming: OnBootPhase_520_com.android.server.textclassifier.TextClassificationManagerService$Lifecycle
06-24 20:51:56.675   591   591 D SystemServerTiming: OnBootPhase_520_com.android.server.textclassifier.TextClassificationManagerService$Lifecycle took to complete: 0ms
06-24 20:51:56.675   591   591 I SystemServerTiming: OnBootPhase_520_com.android.server.NetworkScoreService$Lifecycle
06-24 20:51:56.675   591   591 D SystemServerTiming: OnBootPhase_520_com.android.server.NetworkScoreService$Lifecycle took to complete: 0ms
06-24 20:51:56.675   591   591 I SystemServerTiming: OnBootPhase_520_com.android.server.wifi.WifiService
06-24 20:51:56.675   591   591 D SystemServerTiming: OnBootPhase_520_com.android.server.wifi.WifiService took to complete: 0ms
06-24 20:51:56.675   591   591 I SystemServerTiming: OnBootPhase_520_com.android.server.wifi.scanner.WifiScanningService
06-24 20:51:56.675   591   591 D SystemServerTiming: OnBootPhase_520_com.android.server.wifi.scanner.WifiScanningService took to complete: 0ms
06-24 20:51:56.675   591   591 I SystemServerTiming: OnBootPhase_520_com.android.server.wifi.p2p.WifiP2pService
06-24 20:51:56.675   591   591 D SystemServerTiming: OnBootPhase_520_com.android.server.wifi.p2p.WifiP2pService took to complete: 0ms
06-24 20:51:56.676   591   591 I SystemServerTiming: OnBootPhase_520_com.android.server.ethernet.EthernetService
06-24 20:51:56.676   591   591 D SystemServerTiming: OnBootPhase_520_com.android.server.ethernet.EthernetService took to complete: 0ms
06-24 20:51:56.676   591   591 I SystemServerTiming: OnBootPhase_520_com.android.server.ConnectivityServiceInitializer
06-24 20:51:56.676   591   591 D SystemServerTiming: OnBootPhase_520_com.android.server.ConnectivityServiceInitializer took to complete: 0ms
06-24 20:51:56.676   591   591 I SystemServerTiming: OnBootPhase_520_com.android.server.notification.NotificationManagerService
06-24 20:51:56.676   591   591 D SystemServerTiming: OnBootPhase_520_com.android.server.notification.NotificationManagerService took to complete: 0ms
06-24 20:51:56.676   591   591 I SystemServerTiming: OnBootPhase_520_com.android.server.storage.DeviceStorageMonitorService
06-24 20:51:56.676   591   591 D SystemServerTiming: OnBootPhase_520_com.android.server.storage.DeviceStorageMonitorService took to complete: 0ms
06-24 20:51:56.676   591   591 I SystemServerTiming: OnBootPhase_520_com.android.server.location.LocationManagerService$Lifecycle
06-24 20:51:56.676   591   591 D SystemServerTiming: OnBootPhase_520_com.android.server.location.LocationManagerService$Lifecycle took to complete: 0ms
06-24 20:51:56.676   591   591 I SystemServerTiming: OnBootPhase_520_com.android.server.timedetector.TimeDetectorService$Lifecycle
06-24 20:51:56.676   591   591 D SystemServerTiming: OnBootPhase_520_com.android.server.timedetector.TimeDetectorService$Lifecycle took to complete: 0ms
06-24 20:51:56.676   591   591 I SystemServerTiming: OnBootPhase_520_com.android.server.timezonedetector.TimeZoneDetectorService$Lifecycle
06-24 20:51:56.676   591   591 D SystemServerTiming: OnBootPhase_520_com.android.server.timezonedetector.TimeZoneDetectorService$Lifecycle took to complete: 0ms
06-24 20:51:56.676   591   591 I SystemServerTiming: OnBootPhase_520_com.android.server.timezonedetector.location.LocationTimeZoneManagerService$Lifecycle
06-24 20:51:56.676   591   591 D SystemServerTiming: OnBootPhase_520_com.android.server.timezonedetector.location.LocationTimeZoneManagerService$Lifecycle took to complete: 0ms
06-24 20:51:56.676   591   591 I SystemServerTiming: OnBootPhase_520_com.android.server.search.SearchManagerService$Lifecycle
06-24 20:51:56.676   591   591 D SystemServerTiming: OnBootPhase_520_com.android.server.search.SearchManagerService$Lifecycle took to complete: 0ms
06-24 20:51:56.676   591   591 I SystemServerTiming: OnBootPhase_520_com.android.server.wallpaper.WallpaperManagerService$Lifecycle
06-24 20:51:56.677   386   386 W android.hardware.wifi@1.0-service.droidlogic: No active wlan interfaces in use! Using default
06-24 20:51:56.677   386   386 E android.hardware.wifi@1.0-service.droidlogic: Unknown iface name: wlan0
06-24 20:51:56.677   386   386 E android.hardware.wifi@1.0-service.droidlogic: Unknown iface name: wlan0
06-24 20:51:56.677   591   591 D SystemServerTiming: OnBootPhase_520_com.android.server.wallpaper.WallpaperManagerService$Lifecycle took to complete: 1ms
06-24 20:51:56.677   591   591 I SystemServerTiming: OnBootPhase_520_com.android.server.audio.AudioService$Lifecycle
06-24 20:51:56.677   591   591 D SystemServerTiming: OnBootPhase_520_com.android.server.audio.AudioService$Lifecycle took to complete: 0ms
06-24 20:51:56.677   591   591 I SystemServerTiming: OnBootPhase_520_com.android.server.soundtrigger_middleware.SoundTriggerMiddlewareService$Lifecycle
06-24 20:51:56.677   591   591 D SystemServerTiming: OnBootPhase_520_com.android.server.soundtrigger_middleware.SoundTriggerMiddlewareService$Lifecycle took to complete: 0ms
06-24 20:51:56.677   591   591 I SystemServerTiming: OnBootPhase_520_com.android.server.DockObserver
06-24 20:51:56.677   591   591 D SystemServerTiming: OnBootPhase_520_com.android.server.DockObserver took to complete: 0ms
06-24 20:51:56.677   591   591 I SystemServerTiming: OnBootPhase_520_com.android.server.adb.AdbService$Lifecycle
06-24 20:51:56.677   591   591 D SystemServerTiming: OnBootPhase_520_com.android.server.adb.AdbService$Lifecycle took to complete: 0ms
06-24 20:51:56.677   591   591 I SystemServerTiming: OnBootPhase_520_com.android.server.usb.UsbService$Lifecycle
06-24 20:51:56.678   591   591 D SystemServerTiming: OnBootPhase_520_com.android.server.usb.UsbService$Lifecycle took to complete: 0ms
06-24 20:51:56.678   591   591 I SystemServerTiming: OnBootPhase_520_com.android.server.twilight.TwilightService
06-24 20:51:56.678   591   591 D SystemServerTiming: OnBootPhase_520_com.android.server.twilight.TwilightService took to complete: 0ms
06-24 20:51:56.678   591   591 I SystemServerTiming: OnBootPhase_520_com.android.server.display.color.ColorDisplayService
06-24 20:51:56.678   591   591 D SystemServerTiming: OnBootPhase_520_com.android.server.display.color.ColorDisplayService took to complete: 0ms
06-24 20:51:56.678   591   591 I SystemServerTiming: OnBootPhase_520_com.android.server.job.JobSchedulerService
06-24 20:51:56.678   591   591 D SystemServerTiming: OnBootPhase_520_com.android.server.job.JobSchedulerService took to complete: 0ms
06-24 20:51:56.678   591   591 I SystemServerTiming: OnBootPhase_520_com.android.server.soundtrigger.SoundTriggerService
06-24 20:51:56.678   591   591 D SoundTriggerService: onBootPhase: 520 : false
06-24 20:51:56.678   591   591 D SystemServerTiming: OnBootPhase_520_com.android.server.soundtrigger.SoundTriggerService took to complete: 0ms
06-24 20:51:56.678   591   591 I SystemServerTiming: OnBootPhase_520_com.android.server.trust.TrustManagerService
06-24 20:51:56.678   591   591 D SystemServerTiming: OnBootPhase_520_com.android.server.trust.TrustManagerService took to complete: 0ms
06-24 20:51:56.678   591   591 I SystemServerTiming: OnBootPhase_520_com.android.server.backup.BackupManagerService$Lifecycle
06-24 20:51:56.678   591   591 D SystemServerTiming: OnBootPhase_520_com.android.server.backup.BackupManagerService$Lifecycle took to complete: 0ms
06-24 20:51:56.678   591   591 I SystemServerTiming: OnBootPhase_520_com.android.server.appwidget.AppWidgetService
06-24 20:51:56.678   591   591 D SystemServerTiming: OnBootPhase_520_com.android.server.appwidget.AppWidgetService took to complete: 0ms
06-24 20:51:56.678   591   591 I SystemServerTiming: OnBootPhase_520_com.android.server.voiceinteraction.VoiceInteractionManagerService
06-24 20:51:56.678   591   591 D SystemServerTiming: OnBootPhase_520_com.android.server.voiceinteraction.VoiceInteractionManagerService took to complete: 0ms
06-24 20:51:56.678   591   591 I SystemServerTiming: OnBootPhase_520_com.android.server.apphibernation.AppHibernationService
06-24 20:51:56.678   591   591 D SystemServerTiming: OnBootPhase_520_com.android.server.apphibernation.AppHibernationService took to complete: 0ms
06-24 20:51:56.678   591   591 I SystemServerTiming: OnBootPhase_520_com.android.server.GestureLauncherService
06-24 20:51:56.679   591   591 D SystemServerTiming: OnBootPhase_520_com.android.server.GestureLauncherService took to complete: 0ms
06-24 20:51:56.679   591   591 I SystemServerTiming: OnBootPhase_520_com.android.server.SensorNotificationService
06-24 20:51:56.679   591   591 D SystemServerTiming: OnBootPhase_520_com.android.server.SensorNotificationService took to complete: 0ms
06-24 20:51:56.679   591   591 I SystemServerTiming: OnBootPhase_520_com.android.server.emergency.EmergencyAffordanceService
06-24 20:51:56.679   591   591 D SystemServerTiming: OnBootPhase_520_com.android.server.emergency.EmergencyAffordanceService took to complete: 0ms
06-24 20:51:56.679   591   591 I SystemServerTiming: OnBootPhase_520_com.android.server.dreams.DreamManagerService
06-24 20:51:56.679   591   591 D SystemServerTiming: OnBootPhase_520_com.android.server.dreams.DreamManagerService took to complete: 0ms
06-24 20:51:56.679   591   591 I SystemServerTiming: OnBootPhase_520_com.android.server.blob.BlobStoreManagerService
06-24 20:51:56.679   591   591 D SystemServerTiming: OnBootPhase_520_com.android.server.blob.BlobStoreManagerService took to complete: 0ms
06-24 20:51:56.679   591   591 I SystemServerTiming: OnBootPhase_520_com.android.server.restrictions.RestrictionsManagerService
06-24 20:51:56.679   591   591 D SystemServerTiming: OnBootPhase_520_com.android.server.restrictions.RestrictionsManagerService took to complete: 0ms
06-24 20:51:56.679   591   591 I SystemServerTiming: OnBootPhase_520_com.android.server.media.MediaSessionService
06-24 20:51:56.679   591   591 D SystemServerTiming: OnBootPhase_520_com.android.server.media.MediaSessionService took to complete: 0ms
06-24 20:51:56.679   591   591 I SystemServerTiming: OnBootPhase_520_com.android.server.hdmi.HdmiControlService
06-24 20:51:56.679   591   591 D SystemServerTiming: OnBootPhase_520_com.android.server.hdmi.HdmiControlService took to complete: 0ms
06-24 20:51:56.679   591   591 I SystemServerTiming: OnBootPhase_520_com.android.server.tv.TvInputManagerService
06-24 20:51:56.679   591   591 D SystemServerTiming: OnBootPhase_520_com.android.server.tv.TvInputManagerService took to complete: 0ms
06-24 20:51:56.679   591   591 I SystemServerTiming: OnBootPhase_520_com.android.server.media.MediaResourceMonitorService
06-24 20:51:56.679   591   591 D SystemServerTiming: OnBootPhase_520_com.android.server.media.MediaResourceMonitorService took to complete: 0ms
06-24 20:51:56.679   591   591 I SystemServerTiming: OnBootPhase_520_com.android.server.tv.TvRemoteService
06-24 20:51:56.679   591   591 D SystemServerTiming: OnBootPhase_520_com.android.server.tv.TvRemoteService took to complete: 0ms
06-24 20:51:56.679   591   591 I SystemServerTiming: OnBootPhase_520_com.android.server.biometrics.BiometricService
06-24 20:51:56.679   591   591 D SystemServerTiming: OnBootPhase_520_com.android.server.biometrics.BiometricService took to complete: 0ms
06-24 20:51:56.679   591   591 I SystemServerTiming: OnBootPhase_520_com.android.server.biometrics.AuthService
06-24 20:51:56.680   591   591 D SystemServerTiming: OnBootPhase_520_com.android.server.biometrics.AuthService took to complete: 0ms
06-24 20:51:56.680   591   591 I SystemServerTiming: OnBootPhase_520_com.android.server.pm.ShortcutService$Lifecycle
06-24 20:51:56.680   591   591 D SystemServerTiming: OnBootPhase_520_com.android.server.pm.ShortcutService$Lifecycle took to complete: 0ms
06-24 20:51:56.680   591   591 I SystemServerTiming: OnBootPhase_520_com.android.server.pm.LauncherAppsService
06-24 20:51:56.680   591   591 D SystemServerTiming: OnBootPhase_520_com.android.server.pm.LauncherAppsService took to complete: 0ms
06-24 20:51:56.680   591   591 I SystemServerTiming: OnBootPhase_520_com.android.server.pm.CrossProfileAppsService
06-24 20:51:56.680   591   591 D SystemServerTiming: OnBootPhase_520_com.android.server.pm.CrossProfileAppsService took to complete: 0ms
06-24 20:51:56.680   591   591 I SystemServerTiming: OnBootPhase_520_com.android.server.people.PeopleService
06-24 20:51:56.680   591   591 D SystemServerTiming: OnBootPhase_520_com.android.server.people.PeopleService took to complete: 0ms
06-24 20:51:56.680   591   591 I SystemServerTiming: OnBootPhase_520_com.android.server.media.metrics.MediaMetricsManagerService
06-24 20:51:56.680   591   591 D SystemServerTiming: OnBootPhase_520_com.android.server.media.metrics.MediaMetricsManagerService took to complete: 0ms
06-24 20:51:56.680   591   591 I SystemServerTiming: OnBootPhase_520_com.android.server.media.projection.MediaProjectionManagerService
06-24 20:51:56.680   591   591 D SystemServerTiming: OnBootPhase_520_com.android.server.media.projection.MediaProjectionManagerService took to complete: 0ms
06-24 20:51:56.680   591   591 I SystemServerTiming: OnBootPhase_520_com.android.server.slice.SliceManagerService$Lifecycle
06-24 20:51:56.680   591   591 D SystemServerTiming: OnBootPhase_520_com.android.server.slice.SliceManagerService$Lifecycle took to complete: 0ms
06-24 20:51:56.680   591   591 I SystemServerTiming: OnBootPhase_520_com.android.server.stats.StatsCompanion$Lifecycle
06-24 20:51:56.680   591   591 D SystemServerTiming: OnBootPhase_520_com.android.server.stats.StatsCompanion$Lifecycle took to complete: 1ms
06-24 20:51:56.680   591   591 I SystemServerTiming: OnBootPhase_520_com.android.server.scheduling.RebootReadinessManagerService$Lifecycle
06-24 20:51:56.680   591   591 D SystemServerTiming: OnBootPhase_520_com.android.server.scheduling.RebootReadinessManagerService$Lifecycle took to complete: 0ms
06-24 20:51:56.680   591   591 I SystemServerTiming: OnBootPhase_520_com.android.server.stats.pull.StatsPullAtomService
06-24 20:51:56.680   591   591 D SystemServerTiming: OnBootPhase_520_com.android.server.stats.pull.StatsPullAtomService took to complete: 0ms
06-24 20:51:56.680   591   591 I SystemServerTiming: OnBootPhase_520_com.android.server.incident.IncidentCompanionService
06-24 20:51:56.680   591   591 D SystemServerTiming: OnBootPhase_520_com.android.server.incident.IncidentCompanionService took to complete: 0ms
06-24 20:51:56.681   591   591 I SystemServerTiming: OnBootPhase_520_com.android.server.MmsServiceBroker
06-24 20:51:56.681   591   591 D SystemServerTiming: OnBootPhase_520_com.android.server.MmsServiceBroker took to complete: 0ms
06-24 20:51:56.681   591   591 I SystemServerTiming: OnBootPhase_520_com.android.server.autofill.AutofillManagerService
06-24 20:51:56.681   591   591 D SystemServerTiming: OnBootPhase_520_com.android.server.autofill.AutofillManagerService took to complete: 0ms
06-24 20:51:56.681   591   591 I SystemServerTiming: OnBootPhase_520_com.android.server.clipboard.ClipboardService
06-24 20:51:56.681   591   591 D SystemServerTiming: OnBootPhase_520_com.android.server.clipboard.ClipboardService took to complete: 0ms
06-24 20:51:56.681   591   591 I SystemServerTiming: OnBootPhase_520_com.android.server.appbinding.AppBindingService$Lifecycle
06-24 20:51:56.681   591   591 D SystemServerTiming: OnBootPhase_520_com.android.server.appbinding.AppBindingService$Lifecycle took to complete: 0ms
06-24 20:51:56.681   591   591 I SystemServerTiming: OnBootPhase_520_com.android.server.tracing.TracingServiceProxy
06-24 20:51:56.681   591   591 D SystemServerTiming: OnBootPhase_520_com.android.server.tracing.TracingServiceProxy took to complete: 0ms
06-24 20:51:56.681   591   591 I SystemServerTiming: OnBootPhase_520_com.android.server.policy.PermissionPolicyService
06-24 20:51:56.681   591   591 D SystemServerTiming: OnBootPhase_520_com.android.server.policy.PermissionPolicyService took to complete: 0ms
06-24 20:51:56.681   591   591 I SystemServerTiming: OnBootPhase_520_com.android.server.pm.StagingManager$Lifecycle
06-24 20:51:56.681   591   591 D SystemServerTiming: OnBootPhase_520_com.android.server.pm.StagingManager$Lifecycle took to complete: 0ms
06-24 20:51:56.681   591   591 I SystemServerTiming: OnBootPhase_520_com.android.server.app.GameManagerService$Lifecycle
06-24 20:51:56.681   591   591 D SystemServerTiming: OnBootPhase_520_com.android.server.app.GameManagerService$Lifecycle took to complete: 0ms
06-24 20:51:56.681   591   591 D SystemServerTiming: OnBootPhase_520 took to complete: 15ms
06-24 20:51:56.681   591   591 D SystemServerTiming: StartBootPhaseDeviceSpecificServicesReady took to complete: 15ms
06-24 20:51:56.681   591   591 I SystemServerTiming: AppSearchManagerService
06-24 20:51:56.694   591   591 I SystemServiceManager: Starting com.android.server.appsearch.AppSearchManagerService
06-24 20:51:56.700     0     0 W [   27.453155@0]  RTW: SetHwReg: bMacPwrCtrlOn=1
06-24 20:51:56.705   591   591 D SystemServerTiming: AppSearchManagerService took to complete: 23ms
06-24 20:51:56.705   591   591 I SystemServerTiming: StartMediaCommunicationService
06-24 20:51:56.706   591   591 I SystemServiceManager: Starting com.android.server.media.MediaCommunicationService
06-24 20:51:56.709   591   591 D SystemServerTiming: StartMediaCommunicationService took to complete: 5ms
06-24 20:51:56.710   591   591 I SystemServerTiming: PhaseActivityManagerReady
06-24 20:51:56.710   591   591 I SystemServerTiming: controllersReady
