06-24 20:51:53.415   591   591 I SystemServiceManager: Starting com.android.server.os.NativeTombstoneManagerService
06-24 20:51:53.420   591   591 D SystemServerTiming: StartNativeTombstoneManagerService took to complete: 4ms
06-24 20:51:53.420   591   591 I SystemServerTiming: StartBugreportManagerService
06-24 20:51:53.420   591   591 I SystemServiceManager: Starting com.android.server.os.BugreportManagerService
06-24 20:51:53.422   591   591 D SystemServerTiming: StartBugreportManagerService took to complete: 2ms
06-24 20:51:53.422   591   591 I SystemServerTiming: GpuService
06-24 20:51:53.422   591   591 I SystemServiceManager: Starting com.android.server.gpu.GpuService
06-24 20:51:53.422   591   591 D SystemServerTiming: GpuService took to complete: 0ms
06-24 20:51:53.422   591   591 D SystemServerTiming: startCoreServices took to complete: 152ms
06-24 20:51:53.422   591   591 I SystemServerTiming: startOtherServices
06-24 20:51:53.427   591   591 I SystemServerTiming: StartKeyAttestationApplicationIdProviderService
06-24 20:51:53.429   591   591 D SystemServerTiming: StartKeyAttestationApplicationIdProviderService took to complete: 2ms
06-24 20:51:53.429   591   591 I SystemServerTiming: StartKeyChainSystemService
06-24 20:51:53.429   591   591 I SystemServiceManager: Starting com.android.server.security.KeyChainSystemService
06-24 20:51:53.431   591   591 D SystemServerTiming: StartKeyChainSystemService took to complete: 1ms
06-24 20:51:53.431   591   591 I SystemServerTiming: StartSchedulingPolicyService
06-24 20:51:53.431   591   627 I SystemServerTimingAsync: InitThreadPoolExec:SchedulingPolicyService.<init>
06-24 20:51:53.431   591   627 D SystemServerInitThreadPool: Started executing SchedulingPolicyService.<init>
06-24 20:51:53.433   591   591 D SystemServerTiming: StartSchedulingPolicyService took to complete: 3ms
06-24 20:51:53.433   591   591 I SystemServerTiming: StartTelecomLoaderService
06-24 20:51:53.433   591   591 I SystemServiceManager: Starting com.android.server.telecom.TelecomLoaderService
06-24 20:51:53.440   591   691 I SystemServerTimingAsync: InitThreadPoolExec:SecondaryZygotePreload
06-24 20:51:53.440   591   691 D SystemServerInitThreadPool: Started executing SecondaryZygotePreload
06-24 20:51:53.440   591   691 I SystemServer: SecondaryZygotePreload
06-24 20:51:53.440   591   691 I SystemServerTimingAsync: SecondaryZygotePreload
06-24 20:51:53.442   591   591 D SystemServerTiming: StartTelecomLoaderService took to complete: 9ms
06-24 20:51:53.443   591   591 I SystemServerTiming: StartTelephonyRegistry
06-24 20:51:53.450   591   591 D SystemServerTiming: StartTelephonyRegistry took to complete: 7ms
06-24 20:51:53.450   591   591 I SystemServerTiming: StartEntropyMixer
06-24 20:51:53.461   591   591 I EntropyMixer: Writing entropy...
06-24 20:51:53.462   591   627 D SystemServerInitThreadPool: Finished executing SchedulingPolicyService.<init>
06-24 20:51:53.462   591   627 D SystemServerTimingAsync: InitThreadPoolExec:SchedulingPolicyService.<init> took to complete: 30ms
06-24 20:51:53.471   591   591 D SystemServerTiming: StartEntropyMixer took to complete: 21ms
06-24 20:51:53.471   591   591 I SystemServerTiming: StartAccountManagerService
06-24 20:51:53.471   591   591 I SystemServiceManager: Starting com.android.server.accounts.AccountManagerService$Lifecycle
06-24 20:51:53.480   591   674 D SystemServerTimingAsync: AppDataFixup took to complete: 496ms
06-24 20:51:53.483   591   591 D SystemServerTiming: StartAccountManagerService took to complete: 11ms
06-24 20:51:53.483   591   591 I SystemServerTiming: StartContentService
06-24 20:51:53.483   591   591 I SystemServiceManager: Starting com.android.server.content.ContentService$Lifecycle
06-24 20:51:53.485   591   591 D SystemServerTiming: StartContentService took to complete: 3ms
06-24 20:51:53.485   591   591 I SystemServerTiming: InstallSystemProviders
06-24 20:51:53.610   332   332 D ZygoteInitTiming_lazy: BeginPreload took to complete: 164ms
06-24 20:51:53.691   591   629 D ActivityManager: Freezer enabled
06-24 20:51:53.691   591   629 D ActivityManager: freezer override set to false
06-24 20:51:53.692   591   591 D SystemServerTiming: InstallSystemProviders took to complete: 206ms
06-24 20:51:53.692   591   591 I SystemServerTiming: StartDropBoxManager
06-24 20:51:53.692   591   591 I SystemServiceManager: Starting com.android.server.DropBoxManagerService
06-24 20:51:53.694   591   591 D SystemServerTiming: StartDropBoxManager took to complete: 1ms
06-24 20:51:53.694   591   591 I SystemServerTiming: StartRoleManagerService
06-24 20:51:53.695   591   591 I SystemServiceManager: Starting com.android.role.RoleService
06-24 20:51:53.725   591   591 D SystemServerTiming: StartRoleManagerService took to complete: 31ms
06-24 20:51:53.725   591   591 I SystemServerTiming: StartVibratorManagerService
06-24 20:51:53.725   591   591 I SystemServiceManager: Starting com.android.server.vibrator.VibratorManagerService$Lifecycle
06-24 20:51:53.737   591   591 D SystemServerTiming: StartVibratorManagerService took to complete: 13ms
06-24 20:51:53.738   591   591 I SystemServerTiming: StartDynamicSystemService
06-24 20:51:53.739   591   591 D SystemServerTiming: StartDynamicSystemService took to complete: 1ms
06-24 20:51:53.739   591   591 I SystemServerTiming: StartConsumerIrService
06-24 20:51:53.743   591   591 D SystemServerTiming: StartConsumerIrService took to complete: 4ms
06-24 20:51:53.743   591   591 I SystemServerTiming: StartAlarmManagerService
06-24 20:51:53.745   591   591 I SystemServiceManager: Starting com.android.server.alarm.AlarmManagerService
06-24 20:51:53.759   591   591 D SystemServerTiming: StartAlarmManagerService took to complete: 15ms
06-24 20:51:53.759   591   591 I SystemServerTiming: StartInputManagerService
06-24 20:51:53.760   591   591 I InputManager: Initializing input manager, mUseDevInputEventForAudioJack=false
06-24 20:51:53.768   591   591 D SystemServerTiming: StartInputManagerService took to complete: 9ms
06-24 20:51:53.768   591   591 I SystemServerTiming: DeviceStateManagerService
06-24 20:51:53.768   591   591 I SystemServiceManager: Starting com.android.server.devicestate.DeviceStateManagerService
06-24 20:51:53.773   591   591 D SystemServerTiming: DeviceStateManagerService took to complete: 6ms
06-24 20:51:53.773   591   591 I SystemServerTiming: StartCameraServiceProxy
06-24 20:51:53.774   591   591 I SystemServiceManager: Starting com.android.server.camera.CameraServiceProxy
06-24 20:51:53.776   591   591 D SystemServerTiming: StartCameraServiceProxy took to complete: 3ms
06-24 20:51:53.776   591   591 I SystemServerTiming: StartWindowManagerService
06-24 20:51:53.777   591   591 I SystemServiceManager: Starting phase 200
06-24 20:51:53.777   591   591 I SystemServerTiming: OnBootPhase_200
06-24 20:51:53.777   591   591 I SystemServerTiming: OnBootPhase_200_com.android.server.security.FileIntegrityService
06-24 20:51:53.777   591   591 D SystemServerTiming: OnBootPhase_200_com.android.server.security.FileIntegrityService took to complete: 0ms
06-24 20:51:53.777   591   591 I SystemServerTiming: OnBootPhase_200_com.android.server.pm.Installer
06-24 20:51:53.777   591   591 D SystemServerTiming: OnBootPhase_200_com.android.server.pm.Installer took to complete: 0ms
06-24 20:51:53.777   591   591 I SystemServerTiming: OnBootPhase_200_com.android.server.os.DeviceIdentifiersPolicyService
06-24 20:51:53.777   591   591 D SystemServerTiming: OnBootPhase_200_com.android.server.os.DeviceIdentifiersPolicyService took to complete: 0ms
06-24 20:51:53.777   591   591 I SystemServerTiming: OnBootPhase_200_com.android.server.uri.UriGrantsManagerService$Lifecycle
06-24 20:51:53.777   591   591 D SystemServerTiming: OnBootPhase_200_com.android.server.uri.UriGrantsManagerService$Lifecycle took to complete: 0ms
06-24 20:51:53.777   591   591 I SystemServerTiming: OnBootPhase_200_com.android.server.powerstats.PowerStatsService
06-24 20:51:53.777   591   591 D SystemServerTiming: OnBootPhase_200_com.android.server.powerstats.PowerStatsService took to complete: 0ms
06-24 20:51:53.777   591   591 I SystemServerTiming: OnBootPhase_200_com.android.server.wm.ActivityTaskManagerService$Lifecycle
06-24 20:51:53.777   591   591 D SystemServerTiming: OnBootPhase_200_com.android.server.wm.ActivityTaskManagerService$Lifecycle took to complete: 0ms
06-24 20:51:53.777   591   591 I SystemServerTiming: OnBootPhase_200_com.android.server.am.ActivityManagerService$Lifecycle
06-24 20:51:53.777   591   591 D SystemServerTiming: OnBootPhase_200_com.android.server.am.ActivityManagerService$Lifecycle took to complete: 1ms
06-24 20:51:53.777   591   591 I SystemServerTiming: OnBootPhase_200_com.android.server.pm.DataLoaderManagerService
06-24 20:51:53.777   591   591 D SystemServerTiming: OnBootPhase_200_com.android.server.pm.DataLoaderManagerService took to complete: 0ms
06-24 20:51:53.777   591   591 I SystemServerTiming: OnBootPhase_200_com.android.server.power.PowerManagerService
06-24 20:51:53.777   591   591 D SystemServerTiming: OnBootPhase_200_com.android.server.power.PowerManagerService took to complete: 0ms
06-24 20:51:53.777   591   591 I SystemServerTiming: OnBootPhase_200_com.android.server.power.ThermalManagerService
06-24 20:51:53.777   591   591 D SystemServerTiming: OnBootPhase_200_com.android.server.power.ThermalManagerService took to complete: 0ms
06-24 20:51:53.777   591   591 I SystemServerTiming: OnBootPhase_200_com.android.server.power.hint.HintManagerService
06-24 20:51:53.777   591   591 D SystemServerTiming: OnBootPhase_200_com.android.server.power.hint.HintManagerService took to complete: 0ms
06-24 20:51:53.777   591   591 I SystemServerTiming: OnBootPhase_200_com.android.server.recoverysystem.RecoverySystemService$Lifecycle
06-24 20:51:53.777   591   591 D SystemServerTiming: OnBootPhase_200_com.android.server.recoverysystem.RecoverySystemService$Lifecycle took to complete: 0ms
06-24 20:51:53.777   591   591 I SystemServerTiming: OnBootPhase_200_com.android.server.lights.LightsService
06-24 20:51:53.777   591   591 D SystemServerTiming: OnBootPhase_200_com.android.server.lights.LightsService took to complete: 0ms
06-24 20:51:53.777   591   591 I SystemServerTiming: OnBootPhase_200_com.android.server.display.DisplayManagerService
06-24 20:51:53.777   591   591 D SystemServerTiming: OnBootPhase_200_com.android.server.display.DisplayManagerService took to complete: 0ms
06-24 20:51:53.778   591   591 I SystemServerTiming: OnBootPhase_200_com.android.server.pm.verify.domain.DomainVerificationService
06-24 20:51:53.778   591   591 D SystemServerTiming: OnBootPhase_200_com.android.server.pm.verify.domain.DomainVerificationService took to complete: 0ms
06-24 20:51:53.778   591   591 I SystemServerTiming: OnBootPhase_200_com.android.server.pm.PackageInstallerService$Lifecycle
06-24 20:51:53.778   591   591 D SystemServerTiming: OnBootPhase_200_com.android.server.pm.PackageInstallerService$Lifecycle took to complete: 0ms
06-24 20:51:53.778   591   591 I SystemServerTiming: OnBootPhase_200_com.android.server.pm.UserManagerService$LifeCycle
06-24 20:51:53.778   591   591 D SystemServerTiming: OnBootPhase_200_com.android.server.pm.UserManagerService$LifeCycle took to complete: 0ms
06-24 20:51:53.778   591   591 I SystemServerTiming: OnBootPhase_200_com.android.server.om.OverlayManagerService
06-24 20:51:53.778   591   591 D SystemServerTiming: OnBootPhase_200_com.android.server.om.OverlayManagerService took to complete: 0ms
06-24 20:51:53.778   591   591 I SystemServerTiming: OnBootPhase_200_com.android.server.SensorPrivacyService
06-24 20:51:53.778   591   591 D SystemServerTiming: OnBootPhase_200_com.android.server.SensorPrivacyService took to complete: 0ms
06-24 20:51:53.778   591   591 I SystemServerTiming: OnBootPhase_200_com.android.server.sensors.SensorService
06-24 20:51:53.778   591   591 D SystemServerTiming: OnBootPhase_200_com.android.server.sensors.SensorService took to complete: 0ms
06-24 20:51:53.778   591   591 I SystemServerTiming: OnBootPhase_200_com.android.server.SystemConfigService
06-24 20:51:53.778   591   591 D SystemServerTiming: OnBootPhase_200_com.android.server.SystemConfigService took to complete: 0ms
06-24 20:51:53.778   591   591 I SystemServerTiming: OnBootPhase_200_com.android.server.BatteryService
06-24 20:51:53.778   591   591 D SystemServerTiming: OnBootPhase_200_com.android.server.BatteryService took to complete: 0ms
06-24 20:51:53.778   591   591 I SystemServerTiming: OnBootPhase_200_com.android.server.usage.UsageStatsService
06-24 20:51:53.779   591   591 D SystemServerTiming: OnBootPhase_200_com.android.server.usage.UsageStatsService took to complete: 0ms
06-24 20:51:53.779   591   591 I SystemServerTiming: OnBootPhase_200_com.android.server.webkit.WebViewUpdateService
06-24 20:51:53.779   591   591 D SystemServerTiming: OnBootPhase_200_com.android.server.webkit.WebViewUpdateService took to complete: 0ms
06-24 20:51:53.779   591   591 I SystemServerTiming: OnBootPhase_200_com.android.server.CachedDeviceStateService
06-24 20:51:53.779   591   591 D SystemServerTiming: OnBootPhase_200_com.android.server.CachedDeviceStateService took to complete: 0ms
06-24 20:51:53.779   591   591 I SystemServerTiming: OnBootPhase_200_com.android.server.BinderCallsStatsService$LifeCycle
06-24 20:51:53.779   591   591 D SystemServerTiming: OnBootPhase_200_com.android.server.BinderCallsStatsService$LifeCycle took to complete: 0ms
06-24 20:51:53.779   591   591 I SystemServerTiming: OnBootPhase_200_com.android.server.LooperStatsService$Lifecycle
06-24 20:51:53.779   591   591 D SystemServerTiming: OnBootPhase_200_com.android.server.LooperStatsService$Lifecycle took to complete: 0ms
06-24 20:51:53.779   591   591 I SystemServerTiming: OnBootPhase_200_com.android.server.rollback.RollbackManagerService
06-24 20:51:53.779   591   591 D SystemServerTiming: OnBootPhase_200_com.android.server.rollback.RollbackManagerService took to complete: 0ms
06-24 20:51:53.779   591   591 I SystemServerTiming: OnBootPhase_200_com.android.server.os.NativeTombstoneManagerService
06-24 20:51:53.779   591   591 D SystemServerTiming: OnBootPhase_200_com.android.server.os.NativeTombstoneManagerService took to complete: 0ms
06-24 20:51:53.779   591   591 I SystemServerTiming: OnBootPhase_200_com.android.server.os.BugreportManagerService
06-24 20:51:53.779   591   591 D SystemServerTiming: OnBootPhase_200_com.android.server.os.BugreportManagerService took to complete: 0ms
06-24 20:51:53.779   591   591 I SystemServerTiming: OnBootPhase_200_com.android.server.gpu.GpuService
06-24 20:51:53.779   591   591 D SystemServerTiming: OnBootPhase_200_com.android.server.gpu.GpuService took to complete: 0ms
06-24 20:51:53.779   591   591 I SystemServerTiming: OnBootPhase_200_com.android.server.security.KeyChainSystemService
06-24 20:51:53.779   591   591 D SystemServerTiming: OnBootPhase_200_com.android.server.security.KeyChainSystemService took to complete: 0ms
06-24 20:51:53.779   591   591 I SystemServerTiming: OnBootPhase_200_com.android.server.telecom.TelecomLoaderService
06-24 20:51:53.779   591   591 D SystemServerTiming: OnBootPhase_200_com.android.server.telecom.TelecomLoaderService took to complete: 0ms
06-24 20:51:53.779   591   591 I SystemServerTiming: OnBootPhase_200_com.android.server.accounts.AccountManagerService$Lifecycle
06-24 20:51:53.779   591   591 D SystemServerTiming: OnBootPhase_200_com.android.server.accounts.AccountManagerService$Lifecycle took to complete: 0ms
06-24 20:51:53.779   591   591 I SystemServerTiming: OnBootPhase_200_com.android.server.content.ContentService$Lifecycle
06-24 20:51:53.779   591   591 D SystemServerTiming: OnBootPhase_200_com.android.server.content.ContentService$Lifecycle took to complete: 0ms
06-24 20:51:53.779   591   591 I SystemServerTiming: OnBootPhase_200_com.android.server.DropBoxManagerService
06-24 20:51:53.779   591   591 D SystemServerTiming: OnBootPhase_200_com.android.server.DropBoxManagerService took to complete: 0ms
06-24 20:51:53.779   591   591 I SystemServerTiming: OnBootPhase_200_com.android.role.RoleService
06-24 20:51:53.779   591   591 D SystemServerTiming: OnBootPhase_200_com.android.role.RoleService took to complete: 0ms
06-24 20:51:53.780   591   591 I SystemServerTiming: OnBootPhase_200_com.android.server.vibrator.VibratorManagerService$Lifecycle
06-24 20:51:53.780   591   591 D SystemServerTiming: OnBootPhase_200_com.android.server.vibrator.VibratorManagerService$Lifecycle took to complete: 0ms
06-24 20:51:53.780   591   591 I SystemServerTiming: OnBootPhase_200_com.android.server.alarm.AlarmManagerService
06-24 20:51:53.780   591   591 D SystemServerTiming: OnBootPhase_200_com.android.server.alarm.AlarmManagerService took to complete: 0ms
06-24 20:51:53.780   591   591 I SystemServerTiming: OnBootPhase_200_com.android.server.devicestate.DeviceStateManagerService
06-24 20:51:53.780   591   591 D SystemServerTiming: OnBootPhase_200_com.android.server.devicestate.DeviceStateManagerService took to complete: 0ms
06-24 20:51:53.780   591   591 I SystemServerTiming: OnBootPhase_200_com.android.server.camera.CameraServiceProxy
06-24 20:51:53.780   591   591 D SystemServerTiming: OnBootPhase_200_com.android.server.camera.CameraServiceProxy took to complete: 0ms
06-24 20:51:53.780   591   591 D SystemServerTiming: OnBootPhase_200 took to complete: 3ms
06-24 20:51:53.783   591   591 I WindowManager: No existing display settings, starting empty
06-24 20:51:53.784   591   591 I WindowManager: No existing display settings, starting empty
06-24 20:51:53.820   591   591 D SystemServerTiming: StartWindowManagerService took to complete: 43ms
06-24 20:51:53.820   591   591 I SystemServerTiming: SetWindowManagerService
06-24 20:51:53.899   591   591 D WindowManager: DisplayContent init, mFreezingTmpSize= Point(3840, 2160)
06-24 20:51:53.909   591   591 I ActivityTaskManager: Loaded persisted task ids for user 0
06-24 20:51:53.914   591   621 I WindowManager: onDisplayChanged, oldSize= Point(3840, 2160), newSize= Point(3840, 2160)
06-24 20:51:53.916   591   591 D SystemServerTiming: SetWindowManagerService took to complete: 96ms
06-24 20:51:53.916   591   591 I SystemServerTiming: WindowManagerServiceOnInitReady
06-24 20:51:53.941   591   591 D SystemServerTiming: WindowManagerServiceOnInitReady took to complete: 26ms
06-24 20:51:53.942   591   591 I SystemServerTiming: StartInputManager
06-24 20:51:53.942   591   679 I SystemServerTimingAsync: InitThreadPoolExec:StartHidlServices
06-24 20:51:53.942   591   679 D SystemServerInitThreadPool: Started executing StartHidlServices
06-24 20:51:53.942   591   679 I SystemServerTimingAsync: StartHidlServices
06-24 20:51:53.946   591   679 D SystemServerTimingAsync: StartHidlServices took to complete: 5ms
06-24 20:51:53.946   591   679 D SystemServerInitThreadPool: Finished executing StartHidlServices
06-24 20:51:53.946   591   679 D SystemServerTimingAsync: InitThreadPoolExec:StartHidlServices took to complete: 5ms
06-24 20:51:53.947   591   591 I InputManager: Starting input manager
06-24 20:51:53.958   591   591 D SystemServerTiming: StartInputManager took to complete: 16ms
06-24 20:51:53.958   591   591 I SystemServerTiming: DisplayManagerWindowManagerAndInputReady
06-24 20:51:53.959   591   591 D SystemServerTiming: DisplayManagerWindowManagerAndInputReady took to complete: 1ms
06-24 20:51:53.959   591   623 I LogicalDisplayMapper: Requesting Transition to state: 0
06-24 20:51:53.959   591   591 I SystemServerTiming: StartBluetoothService
06-24 20:51:53.959   591   591 I SystemServiceManager: Starting com.android.server.BluetoothService
06-24 20:51:53.959   591   623 I LogicalDisplayMapper: Applying layout: [{addr: {port=58, model=0x404dd943fa90de}, dispId: 0(ON)}], Previous layout: [{addr: {port=58, model=0x404dd943fa90de}, dispId: 0(ON)}]
06-24 20:51:53.963   591   591 D BluetoothManagerService: Loading stored name and address
06-24 20:51:53.965   591   591 D BluetoothManagerService: Stored bluetooth Name=TV Player,Address=BC:C7:DA:4D:DD:FB
06-24 20:51:53.965   591   591 D BluetoothManagerService: Bluetooth persisted state: 1
06-24 20:51:53.965   591   591 D BluetoothManagerService: Startup: Bluetooth persisted state is ON.
06-24 20:51:53.966   591   591 D BluetoothManagerService: Detected SystemUiUid: 10077
06-24 20:51:53.967   591   591 D SystemServerTiming: StartBluetoothService took to complete: 8ms
06-24 20:51:53.967   591   591 I SystemServerTiming: IpConnectivityMetrics
06-24 20:51:53.967   591   591 I SystemServiceManager: Starting com.android.server.connectivity.IpConnectivityMetrics
06-24 20:51:53.969   591   591 D SystemServerTiming: IpConnectivityMetrics took to complete: 2ms
06-24 20:51:53.969   591   591 I SystemServerTiming: NetworkWatchlistService
06-24 20:51:53.969   591   591 I SystemServiceManager: Starting com.android.server.net.watchlist.NetworkWatchlistService$Lifecycle
06-24 20:51:53.977   591   591 I WatchlistSettings: Reload watchlist settings done
06-24 20:51:53.979   591   591 D SystemServerTiming: NetworkWatchlistService took to complete: 10ms
06-24 20:51:53.980   591   591 I SystemServerTiming: PinnerService
06-24 20:51:53.980   591   591 I SystemServiceManager: Starting com.android.server.PinnerService
06-24 20:51:53.981   591   591 V HistoricalRegistry: Interaction before persistence initialized
06-24 20:51:53.983   591   591 D SystemServerTiming: PinnerService took to complete: 3ms
06-24 20:51:53.983   591   591 I SystemServerTiming: IorapForwardingService
06-24 20:51:53.983   591   591 I SystemServiceManager: Starting com.google.android.startop.iorap.IorapForwardingService
06-24 20:51:53.984   591   591 D SystemServerTiming: IorapForwardingService took to complete: 1ms
06-24 20:51:53.985   591   628 D PinnerService: pinRangeStream: null
06-24 20:51:53.986   591   628 D PinnerService: pinRangeStream: null
06-24 20:51:53.987   591   628 E PinnerService: Could not pin file /system/bin/logd
06-24 20:51:53.987   591   628 E PinnerService: android.system.ErrnoException: open failed: EACCES (Permission denied)
06-24 20:51:53.987   591   628 E PinnerService: 	at libcore.io.Linux.open(Native Method)
06-24 20:51:53.987   591   628 E PinnerService: 	at libcore.io.ForwardingOs.open(ForwardingOs.java:567)
06-24 20:51:53.987   591   628 E PinnerService: 	at libcore.io.BlockGuardOs.open(BlockGuardOs.java:273)
06-24 20:51:53.987   591   628 E PinnerService: 	at android.system.Os.open(Os.java:501)
06-24 20:51:53.987   591   628 E PinnerService: 	at com.android.server.PinnerService.pinFileRanges(PinnerService.java:939)
06-24 20:51:53.987   591   628 E PinnerService: 	at com.android.server.PinnerService.pinFile(PinnerService.java:814)
06-24 20:51:53.987   591   628 E PinnerService: 	at com.android.server.PinnerService.handlePinOnStart(PinnerService.java:273)
06-24 20:51:53.987   591   628 E PinnerService: 	at com.android.server.PinnerService.access$1600(PinnerService.java:91)
06-24 20:51:53.987   591   628 E PinnerService: 	at com.android.server.PinnerService$PinnerHandler.handleMessage(PinnerService.java:1183)
06-24 20:51:53.987   591   628 E PinnerService: 	at android.os.Handler.dispatchMessage(Handler.java:106)
06-24 20:51:53.987   591   628 E PinnerService: 	at android.os.Looper.loopOnce(Looper.java:201)
06-24 20:51:53.987   591   628 E PinnerService: 	at android.os.Looper.loop(Looper.java:288)
06-24 20:51:53.987   591   628 E PinnerService: 	at android.os.HandlerThread.run(HandlerThread.java:67)
06-24 20:51:53.987   591   628 E PinnerService: Failed to pin file = /system/bin/logd
06-24 20:51:53.987   591   628 D PinnerService: pinRangeStream: null
06-24 20:51:53.987   591   628 E PinnerService: Could not pin file /system/lib/libjavacrypto.so
06-24 20:51:53.987   591   628 E PinnerService: android.system.ErrnoException: open failed: ENOENT (No such file or directory)
06-24 20:51:53.987   591   628 E PinnerService: 	at libcore.io.Linux.open(Native Method)
06-24 20:51:53.987   591   628 E PinnerService: 	at libcore.io.ForwardingOs.open(ForwardingOs.java:567)
06-24 20:51:53.987   591   628 E PinnerService: 	at libcore.io.BlockGuardOs.open(BlockGuardOs.java:273)
06-24 20:51:53.987   591   628 E PinnerService: 	at android.system.Os.open(Os.java:501)
06-24 20:51:53.987   591   628 E PinnerService: 	at com.android.server.PinnerService.pinFileRanges(PinnerService.java:939)
06-24 20:51:53.987   591   628 E PinnerService: 	at com.android.server.PinnerService.pinFile(PinnerService.java:814)
06-24 20:51:53.987   591   628 E PinnerService: 	at com.android.server.PinnerService.handlePinOnStart(PinnerService.java:273)
06-24 20:51:53.987   591   628 E PinnerService: 	at com.android.server.PinnerService.access$1600(PinnerService.java:91)
06-24 20:51:53.987   591   628 E PinnerService: 	at com.android.server.PinnerService$PinnerHandler.handleMessage(PinnerService.java:1183)
06-24 20:51:53.987   591   628 E PinnerService: 	at android.os.Handler.dispatchMessage(Handler.java:106)
06-24 20:51:53.987   591   628 E PinnerService: 	at android.os.Looper.loopOnce(Looper.java:201)
06-24 20:51:53.987   591   628 E PinnerService: 	at android.os.Looper.loop(Looper.java:288)
06-24 20:51:53.987   591   628 E PinnerService: 	at android.os.HandlerThread.run(HandlerThread.java:67)
06-24 20:51:53.990   591   591 I SystemServerTiming: SignedConfigService
06-24 20:51:53.991   591   591 D SystemServerTiming: SignedConfigService took to complete: 0ms
06-24 20:51:53.991   591   591 I SystemServerTiming: AppIntegrityService
06-24 20:51:53.991   591   591 I SystemServiceManager: Starting com.android.server.integrity.AppIntegrityManagerService
06-24 20:51:53.992   591   704 I WatchlistLoggingHandler: No need to aggregate record yet.
06-24 20:51:53.992   591   704 I WatchlistLoggingHandler: Milliseconds spent on tryAggregateRecords(): 2
06-24 20:51:53.992   591   628 E PinnerService: Failed to pin file = /system/lib/libjavacrypto.so
06-24 20:51:53.992   591   628 D PinnerService: pinRangeStream: null
06-24 20:51:53.994   591   591 E IntegrityFileManager: Error creating staging and rules directory
06-24 20:51:53.997   591   628 E PinnerService: Could not pin file /system/lib/libhidltransport.so
06-24 20:51:53.997   591   628 E PinnerService: android.system.ErrnoException: open failed: ENOENT (No such file or directory)
06-24 20:51:53.997   591   628 E PinnerService: 	at libcore.io.Linux.open(Native Method)
06-24 20:51:53.997   591   628 E PinnerService: 	at libcore.io.ForwardingOs.open(ForwardingOs.java:567)
06-24 20:51:53.997   591   628 E PinnerService: 	at libcore.io.BlockGuardOs.open(BlockGuardOs.java:273)
06-24 20:51:53.997   591   628 E PinnerService: 	at android.system.Os.open(Os.java:501)
06-24 20:51:53.997   591   628 E PinnerService: 	at com.android.server.PinnerService.pinFileRanges(PinnerService.java:939)
06-24 20:51:53.997   591   628 E PinnerService: 	at com.android.server.PinnerService.pinFile(PinnerService.java:814)
06-24 20:51:53.997   591   628 E PinnerService: 	at com.android.server.PinnerService.handlePinOnStart(PinnerService.java:273)
06-24 20:51:53.997   591   628 E PinnerService: 	at com.android.server.PinnerService.access$1600(PinnerService.java:91)
06-24 20:51:53.997   591   628 E PinnerService: 	at com.android.server.PinnerService$PinnerHandler.handleMessage(PinnerService.java:1183)
06-24 20:51:53.997   591   628 E PinnerService: 	at android.os.Handler.dispatchMessage(Handler.java:106)
06-24 20:51:53.997   591   628 E PinnerService: 	at android.os.Looper.loopOnce(Looper.java:201)
06-24 20:51:53.997   591   628 E PinnerService: 	at android.os.Looper.loop(Looper.java:288)
06-24 20:51:53.997   591   628 E PinnerService: 	at android.os.HandlerThread.run(HandlerThread.java:67)
06-24 20:51:53.997   591   628 E PinnerService: Failed to pin file = /system/lib/libhidltransport.so
06-24 20:51:53.997   591   628 D PinnerService: pinRangeStream: null
06-24 20:51:53.997   591   628 D PinnerService: pinRangeStream: null
06-24 20:51:53.998   591   628 D PinnerService: pinRangeStream: null
06-24 20:51:53.998   591   628 D PinnerService: pinRangeStream: null
06-24 20:51:54.006   591   591 D SystemServerTiming: AppIntegrityService took to complete: 16ms
06-24 20:51:54.049   591   674 D SystemServerTimingAsync: AppDataPrepare took to complete: 569ms
06-24 20:51:54.049   591   674 I PackageManager: Deferred reconcileAppsData finished 107 packages
06-24 20:51:54.049   591   674 D SystemServerInitThreadPool: Finished executing prepareAppData
06-24 20:51:54.050   591   674 D SystemServerTimingAsync: InitThreadPoolExec:prepareAppData took to complete: 1066ms
06-24 20:51:54.097   591   628 D PinnerService: pinRangeStream: null
06-24 20:51:54.098   591   628 D PinnerService: pinRangeStream: null
06-24 20:51:54.102   591   628 D PinnerService: pinRangeStream: null
06-24 20:51:54.139   591   591 I WindowManager: SAFE MODE not enabled
06-24 20:51:54.140   591   591 I SystemServerTiming: StartInputMethodManagerLifecycle
06-24 20:51:54.140   591   591 I SystemServiceManager: Starting com.android.server.inputmethod.InputMethodManagerService$Lifecycle
06-24 20:51:54.145   591   591 D SystemServerTiming: StartInputMethodManagerLifecycle took to complete: 5ms
06-24 20:51:54.145   591   591 I SystemServerTiming: StartAccessibilityManagerService
06-24 20:51:54.145   591   591 I SystemServiceManager: Starting com.android.server.accessibility.AccessibilityManagerService$Lifecycle
06-24 20:51:54.157   591   591 D SystemServerTiming: StartAccessibilityManagerService took to complete: 12ms
06-24 20:51:54.157   591   591 I SystemServerTiming: MakeDisplayReady
06-24 20:51:54.158   591   628 D PinnerService: pinRangeStream: null
06-24 20:51:54.159   591   628 D PinnerService: pinRangeStream: null
06-24 20:51:54.165   591   628 D PinnerService: pinRangeStream: null
06-24 20:51:54.176   591   591 I ActivityTaskManager: Config changes=20005df8 {1.0 ?mcc?mnc [en_US] ldltr sw540dp w960dp h540dp 320dpi lrg long land ?uimode ?night -touch -keyb/v/h dpad/v winConfig={ mBounds=Rect(0, 0 - 1920, 1080) mAppBounds=Rect(0, 0 - 1920, 1080) mMaxBounds=Rect(0, 0 - 1920, 1080) mWindowingMode=fullscreen mDisplayWindowingMode=fullscreen mActivityType=undefined mAlwaysOnTop=undefined mRotation=ROTATION_0} s.2 ?fontWeightAdjustment}
06-24 20:51:54.178   591   628 D PinnerService: pinRangeStream: null
06-24 20:51:54.181   591   628 D PinnerService: pinRangeStream: null
06-24 20:51:54.181   591   591 I WindowManager: Override config changes=60007dfc {1.0 ?mcc?mnc [en_US] ldltr sw540dp w960dp h540dp 320dpi lrg long land ?uimode ?night -touch -keyb/v/h dpad/v winConfig={ mBounds=Rect(0, 0 - 1920, 1080) mAppBounds=Rect(0, 0 - 1920, 1080) mMaxBounds=Rect(0, 0 - 1920, 1080) mWindowingMode=fullscreen mDisplayWindowingMode=fullscreen mActivityType=undefined mAlwaysOnTop=undefined mRotation=ROTATION_0} s.2 ?fontWeightAdjustment} for displayId=0
06-24 20:51:54.185   591   628 D PinnerService: pinRangeStream: null
06-24 20:51:54.198   591   591 D SystemServerTiming: MakeDisplayReady took to complete: 41ms
06-24 20:51:54.198   591   591 I SystemServerTiming: StartStorageManagerService
06-24 20:51:54.198   591   591 I SystemServiceManager: Starting com.android.server.StorageManagerService$Lifecycle
06-24 20:51:54.202   591   621 I WindowManager: onDisplayChanged, oldSize= Point(1920, 1080), newSize= Point(1920, 1080)
06-24 20:51:54.219   591   591 D SystemServerTiming: StartStorageManagerService took to complete: 21ms
06-24 20:51:54.219   591   591 I SystemServerTiming: StartStorageStatsService
06-24 20:51:54.220   591   591 I SystemServiceManager: Starting com.android.server.usage.StorageStatsService$Lifecycle
06-24 20:51:54.228   591   707 D StorageManagerService: Thinking about init, mBootCompleted=false, mDaemonConnected=true
06-24 20:51:54.228   591   707 D StorageManagerService: Thinking about reset, mBootCompleted=false, mDaemonConnected=true
06-24 20:51:54.229   591   707 D StorageManagerService: Thinking about init, mBootCompleted=false, mDaemonConnected=true
06-24 20:51:54.229   591   707 D StorageManagerService: Thinking about reset, mBootCompleted=false, mDaemonConnected=true
06-24 20:51:54.231   591   591 D SystemServerTiming: StartStorageStatsService took to complete: 11ms
06-24 20:51:54.231   591   591 I SystemServerTiming: StartUiModeManager
06-24 20:51:54.231   591   591 I SystemServiceManager: Starting com.android.server.UiModeManagerService
06-24 20:51:54.236   591   627 I SystemServerTimingAsync: InitThreadPoolExec:UiModeManager.onStart
06-24 20:51:54.236   591   627 D SystemServerInitThreadPool: Started executing UiModeManager.onStart
06-24 20:51:54.237   591   591 D SystemServerTiming: StartUiModeManager took to complete: 6ms
06-24 20:51:54.237   591   591 I SystemServerTiming: UpdatePackagesIfNeeded
06-24 20:51:54.237   591   591 I Watchdog: Pausing HandlerChecker: main thread for reason: dexopt. Pause count: 1
06-24 20:51:54.237   591   591 I Watchdog: Resuming HandlerChecker: main thread for reason: dexopt. Pause count: 0
06-24 20:51:54.237   591   591 D SystemServerTiming: UpdatePackagesIfNeeded took to complete: 1ms
06-24 20:51:54.237   591   591 I SystemServerTiming: PerformFstrimIfNeeded
06-24 20:51:54.238   591   591 D SystemServerTiming: PerformFstrimIfNeeded took to complete: 1ms
06-24 20:51:54.238   591   591 I SystemServerTiming: StartLockSettingsService
06-24 20:51:54.238   591   591 I SystemServiceManager: Starting com.android.server.locksettings.LockSettingsService$Lifecycle
06-24 20:51:54.250   591   627 D SystemServerInitThreadPool: Finished executing UiModeManager.onStart
06-24 20:51:54.250   591   627 D SystemServerTimingAsync: InitThreadPoolExec:UiModeManager.onStart took to complete: 14ms
06-24 20:51:54.279   591   591 D SystemServerTiming: StartLockSettingsService took to complete: 41ms
06-24 20:51:54.280   591   591 I SystemServerTiming: StartPersistentDataBlock
06-24 20:51:54.280   591   591 I SystemServiceManager: Starting com.android.server.PersistentDataBlockService
06-24 20:51:54.280   591   591 D SystemServerTiming: StartPersistentDataBlock took to complete: 1ms
06-24 20:51:54.281   591   679 I SystemServerTimingAsync: InitThreadPoolExec:PersistentDataBlockService.onStart
06-24 20:51:54.281   591   591 I SystemServerTiming: StartTestHarnessMode
06-24 20:51:54.281   591   679 D SystemServerInitThreadPool: Started executing PersistentDataBlockService.onStart
06-24 20:51:54.281   591   591 I SystemServiceManager: Starting com.android.server.testharness.TestHarnessModeService
06-24 20:51:54.285   591   591 D SystemServerTiming: StartTestHarnessMode took to complete: 4ms
06-24 20:51:54.285   591   591 I SystemServerTiming: StartOemLockService
06-24 20:51:54.285   591   591 I SystemServiceManager: Starting com.android.server.oemlock.OemLockService
06-24 20:51:54.288   591   591 I OemLock : Using vendor lock via the HAL
06-24 20:51:54.289   591   591 D SystemServerTiming: StartOemLockService took to complete: 3ms
06-24 20:51:54.289   591   591 I SystemServerTiming: StartDeviceIdleController
06-24 20:51:54.289   591   591 I SystemServiceManager: Starting com.android.server.DeviceIdleController
06-24 20:51:54.297   591   591 D SystemServerTiming: StartDeviceIdleController took to complete: 7ms
06-24 20:51:54.297   591   591 I SystemServerTiming: StartDevicePolicyManager
06-24 20:51:54.297   591   591 I SystemServiceManager: Starting com.android.server.devicepolicy.DevicePolicyManagerService$Lifecycle
06-24 20:51:54.305   591   591 D SystemServerTiming: StartDevicePolicyManager took to complete: 8ms
06-24 20:51:54.306   591   591 I SystemServerTiming: StartStatusBarManagerService
06-24 20:51:54.307   591   591 D SystemServerTiming: StartStatusBarManagerService took to complete: 1ms
06-24 20:51:54.307   591   591 D SystemServer: MusicRecognitionManagerService not defined by OEM or disabled by flag
06-24 20:51:54.309   591   591 D SystemServer: ContentCaptureService disabled because resource is not overlaid
06-24 20:51:54.309   591   591 D SystemServer: AttentionService is not configured on this device
06-24 20:51:54.310   591   591 D SystemServer: RotationResolverService is not configured on this device
06-24 20:51:54.310   591   591 D SystemServer: SystemCaptionsManagerService disabled because resource is not overlaid
06-24 20:51:54.310   591   591 I SystemServerTiming: StartTextToSpeechManagerService
06-24 20:51:54.310   591   591 I SystemServiceManager: Starting com.android.server.texttospeech.TextToSpeechManagerService
06-24 20:51:54.312   591   591 D SystemServerTiming: StartTextToSpeechManagerService took to complete: 3ms
06-24 20:51:54.313   591   591 I SystemServerTiming: StartSpeechRecognitionManagerService
06-24 20:51:54.313   591   591 I SystemServiceManager: Starting com.android.server.speech.SpeechRecognitionManagerService
06-24 20:51:54.315   591   591 D SystemServerTiming: StartSpeechRecognitionManagerService took to complete: 3ms
06-24 20:51:54.316   591   591 D SystemServer: AppPredictionService not defined by OEM
06-24 20:51:54.316   591   591 D SystemServer: ContentSuggestionsService not defined by OEM
06-24 20:51:54.316   591   591 I SystemServerTiming: StartSearchUiService
06-24 20:51:54.316   591   591 I SystemServiceManager: Starting com.android.server.searchui.SearchUiManagerService
06-24 20:51:54.320   591   591 D SystemServerTiming: StartSearchUiService took to complete: 4ms
06-24 20:51:54.320   591   591 I SystemServerTiming: StartSmartspaceService
06-24 20:51:54.320   591   591 I SystemServiceManager: Starting com.android.server.smartspace.SmartspaceManagerService
06-24 20:51:54.322   591   591 D SystemServerTiming: StartSmartspaceService took to complete: 3ms
06-24 20:51:54.322   591   591 I SystemServerTiming: InitConnectivityModuleConnector
06-24 20:51:54.323   591   591 D ConnectivityModuleConnector: Network stack init
06-24 20:51:54.326   591   679 I PersistentDataBlockService: Formatting FRP partition...
06-24 20:51:54.329   591   591 D SystemServerTiming: InitConnectivityModuleConnector took to complete: 6ms
06-24 20:51:54.329   591   591 I SystemServerTiming: InitNetworkStackClient
06-24 20:51:54.330   591   591 D SystemServerTiming: InitNetworkStackClient took to complete: 2ms
06-24 20:51:54.331   591   591 I SystemServerTiming: StartNetworkManagementService
06-24 20:51:54.349   591   591 D SystemServerTiming: StartNetworkManagementService took to complete: 19ms
06-24 20:51:54.350   591   591 I SystemServerTiming: StartIpSecService
06-24 20:51:54.354   591   591 D SystemServerTiming: StartIpSecService took to complete: 5ms
06-24 20:51:54.354   591   591 I SystemServerTiming: StartFontManagerService
06-24 20:51:54.420   591   679 D SystemServerInitThreadPool: Finished executing PersistentDataBlockService.onStart
06-24 20:51:54.420   591   679 D SystemServerTimingAsync: InitThreadPoolExec:PersistentDataBlockService.onStart took to complete: 139ms
06-24 20:51:54.772   591   591 D SystemServerTiming: StartFontManagerService took to complete: 418ms
06-24 20:51:54.773   591   591 I SystemServerTiming: StartTextServicesManager
06-24 20:51:54.773   591   591 I SystemServiceManager: Starting com.android.server.textservices.TextServicesManagerService$Lifecycle
06-24 20:51:54.774   591   591 D SystemServerTiming: StartTextServicesManager took to complete: 2ms
06-24 20:51:54.774   591   591 I SystemServerTiming: StartTextClassificationManagerService
06-24 20:51:54.775   591   591 I SystemServiceManager: Starting com.android.server.textclassifier.TextClassificationManagerService$Lifecycle
06-24 20:51:54.779   591   591 D SystemServerTiming: StartTextClassificationManagerService took to complete: 4ms
06-24 20:51:54.779   591   591 I SystemServerTiming: StartNetworkScoreService
06-24 20:51:54.779   591   591 I SystemServiceManager: Starting com.android.server.NetworkScoreService$Lifecycle
06-24 20:51:54.781   591   591 D SystemServerTiming: StartNetworkScoreService took to complete: 3ms
06-24 20:51:54.781   591   591 I SystemServerTiming: StartNetworkStatsService
06-24 20:51:54.785   591   591 D SystemServerTiming: StartNetworkStatsService took to complete: 3ms
06-24 20:51:54.785   591   591 I SystemServerTiming: StartNetworkPolicyManagerService
06-24 20:51:54.791   591   591 D SystemServerTiming: StartNetworkPolicyManagerService took to complete: 6ms
06-24 20:51:54.791   591   591 I SystemServerTiming: StartWifi
06-24 20:51:54.832   591   591 I SystemServiceManager: Starting com.android.server.wifi.WifiService
06-24 20:51:55.086   475   475 I wificond: New wificond event callback registered
06-24 20:51:55.097   591   591 V HistoricalRegistry: Interaction before persistence initialized
06-24 20:51:55.108   591   591 D SystemServerTiming: StartWifi took to complete: 316ms
06-24 20:51:55.108   591   591 I SystemServerTiming: StartWifiScanning
06-24 20:51:55.108   591   591 I SystemServiceManager: Starting com.android.server.wifi.scanner.WifiScanningService
06-24 20:51:55.114   591   591 D SystemServerTiming: StartWifiScanning took to complete: 7ms
06-24 20:51:55.115   591   591 I SystemServerTiming: StartWifiP2P
06-24 20:51:55.115   591   591 I SystemServiceManager: Starting com.android.server.wifi.p2p.WifiP2pService
06-24 20:51:55.126   591   591 D SystemServerTiming: StartWifiP2P took to complete: 12ms
06-24 20:51:55.126   591   591 I SystemServerTiming: StartEthernet
06-24 20:51:55.127   591   591 I SystemServiceManager: Starting com.android.server.ethernet.EthernetService
06-24 20:51:55.129   591   591 D SystemServerTiming: StartEthernet took to complete: 2ms
06-24 20:51:55.129   591   591 I SystemServerTiming: StartPacProxyService
06-24 20:51:55.132   591   591 D SystemServerTiming: StartPacProxyService took to complete: 3ms
06-24 20:51:55.132   591   591 I SystemServerTiming: StartConnectivityService
06-24 20:51:55.151   591   591 I SystemServiceManager: Starting com.android.server.ConnectivityServiceInitializer
06-24 20:51:55.206   591   591 D CompatibilityChangeReporter: Compat change id reported: 182478738; UID 1000; state: ENABLED
06-24 20:51:55.215   591   591 D SystemServerTiming: StartConnectivityService took to complete: 82ms
06-24 20:51:55.215   591   591 I SystemServerTiming: StartVpnManagerService
06-24 20:51:55.221   591   591 D SystemServerTiming: StartVpnManagerService took to complete: 6ms
06-24 20:51:55.221   591   591 I SystemServerTiming: StartVcnManagementService
06-24 20:51:55.226   591   591 D SystemServerTiming: StartVcnManagementService took to complete: 4ms
06-24 20:51:55.226   591   591 I SystemServerTiming: StartNsdService
06-24 20:51:55.227   591   591 D NsdService: Network service discovery is enabled
06-24 20:51:55.230   591   591 D SystemServerTiming: StartNsdService took to complete: 5ms
06-24 20:51:55.230   591   591 I SystemServerTiming: StartSystemUpdateManagerService
06-24 20:51:55.231   591   591 I SystemUpdateManagerService: No existing info file /data/system/system-update-info.xml
06-24 20:51:55.232   591   591 D SystemServerTiming: StartSystemUpdateManagerService took to complete: 2ms
06-24 20:51:55.232   591   591 I SystemServerTiming: StartUpdateLockService
06-24 20:51:55.235   591   591 D SystemServerTiming: StartUpdateLockService took to complete: 2ms
06-24 20:51:55.235   591   591 I SystemServerTiming: StartNotificationManager
06-24 20:51:55.235   591   591 I SystemServiceManager: Starting com.android.server.notification.NotificationManagerService
06-24 20:51:55.248   591   591 D ConditionProviders.SCP: new ScheduleConditionProvider()
06-24 20:51:55.266   591   591 I NotificationListeners: Read notification listener permissions from xml
06-24 20:51:55.267   591   591 I NotificationAssistants: Read notification assistant permissions from xml
06-24 20:51:55.267   591   591 I ConditionProviders: Read condition provider permissions from xml
06-24 20:51:55.267   591   591 I ConditionProviders: Read condition provider permissions from xml
06-24 20:51:55.268   591   591 D NotificationAssistants: Approving default notification assistant for user 0
06-24 20:51:55.271   591   591 I ConditionProviders:  Allowing condition provider com.google.android.ext.services/android.ext.services.notification.Assistant (userSet: true)
06-24 20:51:55.276   591   591 D CompatibilityChangeReporter: Compat change id reported: 157233955; UID 1000; state: ENABLED
06-24 20:51:55.284   591   591 D SystemServerTiming: StartNotificationManager took to complete: 48ms
06-24 20:51:55.284   591   591 I SystemServerTiming: StartDeviceMonitor
06-24 20:51:55.284   591   591 I SystemServiceManager: Starting com.android.server.storage.DeviceStorageMonitorService
06-24 20:51:55.288   591   591 D SystemServerTiming: StartDeviceMonitor took to complete: 3ms
06-24 20:51:55.288   591   591 I SystemServerTiming: StartLocationManagerService
06-24 20:51:55.288   591   591 I SystemServiceManager: Starting com.android.server.location.LocationManagerService$Lifecycle
06-24 20:51:55.294   591   591 D SystemServerTiming: StartLocationManagerService took to complete: 6ms
06-24 20:51:55.294   591   591 I SystemServerTiming: StartCountryDetectorService
06-24 20:51:55.295   591   591 D SystemServerTiming: StartCountryDetectorService took to complete: 1ms
06-24 20:51:55.295   591   591 I SystemServerTiming: StartTimeDetectorService
06-24 20:51:55.295   591   591 I SystemServiceManager: Starting com.android.server.timedetector.TimeDetectorService$Lifecycle
06-24 20:51:55.297   591   591 D SystemServerTiming: StartTimeDetectorService took to complete: 2ms
06-24 20:51:55.297   591   591 I SystemServerTiming: StartTimeZoneDetectorService
06-24 20:51:55.298   591   591 I SystemServiceManager: Starting com.android.server.timezonedetector.TimeZoneDetectorService$Lifecycle
06-24 20:51:55.301   591   591 D SystemServerTiming: StartTimeZoneDetectorService took to complete: 3ms
06-24 20:51:55.301   591   591 I SystemServerTiming: StartLocationTimeZoneManagerService
06-24 20:51:55.301   591   591 I SystemServiceManager: Starting com.android.server.timezonedetector.location.LocationTimeZoneManagerService$Lifecycle
06-24 20:51:55.301   591   591 D LocationTZDetector: Geo time zone detection feature is disabled in config
06-24 20:51:55.301   591   591 D SystemServerTiming: StartLocationTimeZoneManagerService took to complete: 0ms
06-24 20:51:55.301   591   591 I SystemServerTiming: StartSearchManagerService
06-24 20:51:55.301   591   591 I SystemServiceManager: Starting com.android.server.search.SearchManagerService$Lifecycle
06-24 20:51:55.304   591   591 D SystemServerTiming: StartSearchManagerService took to complete: 2ms
06-24 20:51:55.304   591   591 I SystemServerTiming: StartWallpaperManagerService
06-24 20:51:55.304   591   591 I SystemServiceManager: Starting com.android.server.wallpaper.WallpaperManagerService$Lifecycle
06-24 20:51:55.307   591   591 D SystemServerTiming: StartWallpaperManagerService took to complete: 2ms
06-24 20:51:55.307   591   591 I SystemServerTiming: StartAudioService
06-24 20:51:55.307   591   591 I SystemServiceManager: Starting com.android.server.audio.AudioService$Lifecycle
06-24 20:51:55.367   591   591 D SystemServerTiming: StartAudioService took to complete: 60ms
06-24 20:51:55.367   591   591 I SystemServerTiming: StartSoundTriggerMiddlewareService
06-24 20:51:55.367   591   591 I SystemServiceManager: Starting com.android.server.soundtrigger_middleware.SoundTriggerMiddlewareService$Lifecycle
06-24 20:51:55.380   591   591 D SystemServerTiming: StartSoundTriggerMiddlewareService took to complete: 13ms
06-24 20:51:55.380   591   591 I SystemServerTiming: StartDockObserver
06-24 20:51:55.380   591   591 I SystemServiceManager: Starting com.android.server.DockObserver
06-24 20:51:55.381   591   591 W DockObserver: This kernel does not have dock station support
06-24 20:51:55.382   591   591 D SystemServerTiming: StartDockObserver took to complete: 3ms
06-24 20:51:55.383   591   591 I SystemServerTiming: StartWiredAccessoryManager
06-24 20:51:55.383   591   591 W WiredAccessoryManager: This kernel does not have wired headset support
06-24 20:51:55.385   591   591 W WiredAccessoryManager: This kernel does not have usb audio support
06-24 20:51:55.386   591   591 W WiredAccessoryManager: This kernel does not have HDMI audio support
06-24 20:51:55.387   591   591 D SystemServerTiming: StartWiredAccessoryManager took to complete: 4ms
06-24 20:51:55.387   591   591 I SystemServerTiming: StartAdbService
06-24 20:51:55.387   591   591 I SystemServiceManager: Starting com.android.server.adb.AdbService$Lifecycle
06-24 20:51:55.390   591   591 D SystemServerTiming: StartAdbService took to complete: 3ms
06-24 20:51:55.390   591   591 I SystemServerTiming: StartUsbService
06-24 20:51:55.390   591   591 I SystemServiceManager: Starting com.android.server.usb.UsbService$Lifecycle
06-24 20:51:55.391   591   591 D SystemServerTiming: StartUsbService took to complete: 0ms
06-24 20:51:55.391   591   591 I SystemServerTiming: StartSerialService
06-24 20:51:55.391   591   674 I SystemServerTimingAsync: InitThreadPoolExec:UsbService$Lifecycle#onStart
06-24 20:51:55.391   591   674 D SystemServerInitThreadPool: Started executing UsbService$Lifecycle#onStart
06-24 20:51:55.392   591   591 D SystemServerTiming: StartSerialService took to complete: 1ms
06-24 20:51:55.392   591   591 I SystemServerTiming: StartHardwarePropertiesManagerService
06-24 20:51:55.393   591   674 E UsbDeviceManager: failed to write to /sys/class/android_usb/android0/f_rndis/ethaddr
06-24 20:51:55.399   591   591 D SystemServerTiming: StartHardwarePropertiesManagerService took to complete: 6ms
06-24 20:51:55.399   591   591 I SystemServerTiming: StartTwilightService
06-24 20:51:55.400     0     0 I         : [   26.152093@0]  read descriptors
06-24 20:51:55.400     0     0 I         : [   26.152136@0]  read strings
06-24 20:51:55.400     0     0 I         : [   26.152266@0]  read descriptors
