06-24 20:51:55.827   591   591 D SystemServerTiming: StartBootPhaseLockSettingsReady took to complete: 17ms
06-24 20:51:55.827   591   591 I SystemServerTiming: StartBootPhaseSystemServicesReady
06-24 20:51:55.827   591   591 I SystemServiceManager: Starting phase 500
06-24 20:51:55.827   591   591 I SystemServerTiming: OnBootPhase_500
06-24 20:51:55.827   591   591 I SystemServerTiming: OnBootPhase_500_com.android.server.security.FileIntegrityService
06-24 20:51:55.828   591   591 D SystemServerTiming: OnBootPhase_500_com.android.server.security.FileIntegrityService took to complete: 0ms
06-24 20:51:55.828   591   591 I SystemServerTiming: OnBootPhase_500_com.android.server.pm.Installer
06-24 20:51:55.828   591   591 D SystemServerTiming: OnBootPhase_500_com.android.server.pm.Installer took to complete: 0ms
06-24 20:51:55.828   591   591 I SystemServerTiming: OnBootPhase_500_com.android.server.os.DeviceIdentifiersPolicyService
06-24 20:51:55.828   591   591 D SystemServerTiming: OnBootPhase_500_com.android.server.os.DeviceIdentifiersPolicyService took to complete: 0ms
06-24 20:51:55.828   591   591 I SystemServerTiming: OnBootPhase_500_com.android.server.uri.UriGrantsManagerService$Lifecycle
06-24 20:51:55.828   591   591 D SystemServerTiming: OnBootPhase_500_com.android.server.uri.UriGrantsManagerService$Lifecycle took to complete: 0ms
06-24 20:51:55.828   591   591 I SystemServerTiming: OnBootPhase_500_com.android.server.powerstats.PowerStatsService
06-24 20:51:55.829   591   591 E StatsPullAtomCallbackImpl: Failed to start PowerStatsService statsd pullers
06-24 20:51:55.829   591   591 D SystemServerTiming: OnBootPhase_500_com.android.server.powerstats.PowerStatsService took to complete: 1ms
06-24 20:51:55.829   591   591 I SystemServerTiming: OnBootPhase_500_com.android.server.wm.ActivityTaskManagerService$Lifecycle
06-24 20:51:55.829   591   591 D SystemServerTiming: OnBootPhase_500_com.android.server.wm.ActivityTaskManagerService$Lifecycle took to complete: 0ms
06-24 20:51:55.829   591   591 I SystemServerTiming: OnBootPhase_500_com.android.server.am.ActivityManagerService$Lifecycle
06-24 20:51:55.835   591   591 E BatteryStatsService: Could not register PowerStatsInternal
06-24 20:51:55.840   591   591 D SystemServerTiming: OnBootPhase_500_com.android.server.am.ActivityManagerService$Lifecycle took to complete: 10ms
06-24 20:51:55.840   591   591 I SystemServerTiming: OnBootPhase_500_com.android.server.pm.DataLoaderManagerService
06-24 20:51:55.840   591   591 D SystemServerTiming: OnBootPhase_500_com.android.server.pm.DataLoaderManagerService took to complete: 0ms
06-24 20:51:55.840   591   591 I SystemServerTiming: OnBootPhase_500_com.android.server.power.PowerManagerService
06-24 20:51:55.840   591   591 D SystemServerTiming: OnBootPhase_500_com.android.server.power.PowerManagerService took to complete: 1ms
06-24 20:51:55.840   591   591 I SystemServerTiming: OnBootPhase_500_com.android.server.power.ThermalManagerService
06-24 20:51:55.840   591   591 D SystemServerTiming: OnBootPhase_500_com.android.server.power.ThermalManagerService took to complete: 0ms
06-24 20:51:55.840   591   591 I SystemServerTiming: OnBootPhase_500_com.android.server.power.hint.HintManagerService
06-24 20:51:55.848   591   591 D SLog    : static_init took to complete: 1ms
06-24 20:51:55.848   591   591 V HintManagerService: Initializing HintManager service...
06-24 20:51:55.848   591   591 V HistoricalRegistry: Interaction before persistence initialized
06-24 20:51:55.848   591   591 D SystemServerTiming: OnBootPhase_500_com.android.server.power.hint.HintManagerService took to complete: 1ms
06-24 20:51:55.848   591   591 I SystemServerTiming: OnBootPhase_500_com.android.server.recoverysystem.RecoverySystemService$Lifecycle
06-24 20:51:55.848   591   591 D SystemServerTiming: OnBootPhase_500_com.android.server.recoverysystem.RecoverySystemService$Lifecycle took to complete: 1ms
06-24 20:51:55.848   591   591 I SystemServerTiming: OnBootPhase_500_com.android.server.lights.LightsService
06-24 20:51:55.848   591   591 D SystemServerTiming: OnBootPhase_500_com.android.server.lights.LightsService took to complete: 0ms
06-24 20:51:55.848   591   591 I SystemServerTiming: OnBootPhase_500_com.android.server.display.DisplayManagerService
06-24 20:51:55.848   591   591 D SystemServerTiming: OnBootPhase_500_com.android.server.display.DisplayManagerService took to complete: 0ms
06-24 20:51:55.848   591   591 I SystemServerTiming: OnBootPhase_500_com.android.server.pm.verify.domain.DomainVerificationService
06-24 20:51:55.848   591   591 D SystemServerTiming: OnBootPhase_500_com.android.server.pm.verify.domain.DomainVerificationService took to complete: 0ms
06-24 20:51:55.848   591   591 I SystemServerTiming: OnBootPhase_500_com.android.server.pm.PackageInstallerService$Lifecycle
06-24 20:51:55.848   591   591 D SystemServerTiming: OnBootPhase_500_com.android.server.pm.PackageInstallerService$Lifecycle took to complete: 0ms
06-24 20:51:55.848   591   591 I SystemServerTiming: OnBootPhase_500_com.android.server.pm.UserManagerService$LifeCycle
06-24 20:51:55.849   591   591 D SystemServerTiming: OnBootPhase_500_com.android.server.pm.UserManagerService$LifeCycle took to complete: 0ms
06-24 20:51:55.849   591   591 I SystemServerTiming: OnBootPhase_500_com.android.server.om.OverlayManagerService
06-24 20:51:55.849   591   591 D SystemServerTiming: OnBootPhase_500_com.android.server.om.OverlayManagerService took to complete: 0ms
06-24 20:51:55.849   591   591 I SystemServerTiming: OnBootPhase_500_com.android.server.SensorPrivacyService
06-24 20:51:55.854   591   591 D SystemServerTiming: OnBootPhase_500_com.android.server.SensorPrivacyService took to complete: 5ms
06-24 20:51:55.854   591   591 I SystemServerTiming: OnBootPhase_500_com.android.server.sensors.SensorService
06-24 20:51:55.854   591   591 D SystemServerTiming: OnBootPhase_500_com.android.server.sensors.SensorService took to complete: 0ms
06-24 20:51:55.854   591   591 I SystemServerTiming: OnBootPhase_500_com.android.server.SystemConfigService
06-24 20:51:55.854   591   591 D SystemServerTiming: OnBootPhase_500_com.android.server.SystemConfigService took to complete: 0ms
06-24 20:51:55.854   591   591 I SystemServerTiming: OnBootPhase_500_com.android.server.BatteryService
06-24 20:51:55.854   591   591 D SystemServerTiming: OnBootPhase_500_com.android.server.BatteryService took to complete: 0ms
06-24 20:51:55.854   591   591 I SystemServerTiming: OnBootPhase_500_com.android.server.usage.UsageStatsService
06-24 20:51:55.863   591   591 D AppStandbyController: Setting app idle enabled state
06-24 20:51:55.871   591   591 V HistoricalRegistry: Interaction before persistence initialized
06-24 20:51:55.871   591   591 D SystemServerTiming: OnBootPhase_500_com.android.server.usage.UsageStatsService took to complete: 17ms
06-24 20:51:55.872   591   591 I SystemServerTiming: OnBootPhase_500_com.android.server.webkit.WebViewUpdateService
06-24 20:51:55.872   591   591 D SystemServerTiming: OnBootPhase_500_com.android.server.webkit.WebViewUpdateService took to complete: 0ms
06-24 20:51:55.872   591   591 I SystemServerTiming: OnBootPhase_500_com.android.server.CachedDeviceStateService
06-24 20:51:55.872   591   591 D SystemServerTiming: OnBootPhase_500_com.android.server.CachedDeviceStateService took to complete: 0ms
06-24 20:51:55.872   591   591 I SystemServerTiming: OnBootPhase_500_com.android.server.BinderCallsStatsService$LifeCycle
06-24 20:51:55.877   591   591 D SystemServerTiming: OnBootPhase_500_com.android.server.BinderCallsStatsService$LifeCycle took to complete: 5ms
06-24 20:51:55.878   591   591 I SystemServerTiming: OnBootPhase_500_com.android.server.LooperStatsService$Lifecycle
06-24 20:51:55.878   591   591 D SystemServerTiming: OnBootPhase_500_com.android.server.LooperStatsService$Lifecycle took to complete: 1ms
06-24 20:51:55.879   591   591 I SystemServerTiming: OnBootPhase_500_com.android.server.rollback.RollbackManagerService
06-24 20:51:55.879   591   591 D SystemServerTiming: OnBootPhase_500_com.android.server.rollback.RollbackManagerService took to complete: 0ms
06-24 20:51:55.879   591   591 I SystemServerTiming: OnBootPhase_500_com.android.server.os.NativeTombstoneManagerService
06-24 20:51:55.879   591   591 D SystemServerTiming: OnBootPhase_500_com.android.server.os.NativeTombstoneManagerService took to complete: 0ms
06-24 20:51:55.879   591   591 I SystemServerTiming: OnBootPhase_500_com.android.server.os.BugreportManagerService
06-24 20:51:55.879   591   591 D SystemServerTiming: OnBootPhase_500_com.android.server.os.BugreportManagerService took to complete: 0ms
06-24 20:51:55.879   591   591 I SystemServerTiming: OnBootPhase_500_com.android.server.gpu.GpuService
06-24 20:51:55.879   591   591 D SystemServerTiming: OnBootPhase_500_com.android.server.gpu.GpuService took to complete: 0ms
06-24 20:51:55.879   591   591 I SystemServerTiming: OnBootPhase_500_com.android.server.security.KeyChainSystemService
06-24 20:51:55.879   591   591 D SystemServerTiming: OnBootPhase_500_com.android.server.security.KeyChainSystemService took to complete: 0ms
06-24 20:51:55.879   591   591 I SystemServerTiming: OnBootPhase_500_com.android.server.telecom.TelecomLoaderService
06-24 20:51:55.879   591   591 D SystemServerTiming: OnBootPhase_500_com.android.server.telecom.TelecomLoaderService took to complete: 0ms
06-24 20:51:55.879   591   591 I SystemServerTiming: OnBootPhase_500_com.android.server.accounts.AccountManagerService$Lifecycle
06-24 20:51:55.879   591   591 D SystemServerTiming: OnBootPhase_500_com.android.server.accounts.AccountManagerService$Lifecycle took to complete: 0ms
06-24 20:51:55.879   591   591 I SystemServerTiming: OnBootPhase_500_com.android.server.content.ContentService$Lifecycle
06-24 20:51:55.879   591   591 D SystemServerTiming: OnBootPhase_500_com.android.server.content.ContentService$Lifecycle took to complete: 0ms
06-24 20:51:55.879   591   591 I SystemServerTiming: OnBootPhase_500_com.android.server.DropBoxManagerService
06-24 20:51:55.880   591   591 D SystemServerTiming: OnBootPhase_500_com.android.server.DropBoxManagerService took to complete: 1ms
06-24 20:51:55.881   591   591 I SystemServerTiming: OnBootPhase_500_com.android.role.RoleService
06-24 20:51:55.881   591   591 D SystemServerTiming: OnBootPhase_500_com.android.role.RoleService took to complete: 0ms
06-24 20:51:55.881   591   591 I SystemServerTiming: OnBootPhase_500_com.android.server.vibrator.VibratorManagerService$Lifecycle
06-24 20:51:55.881   591   591 V VibratorManagerService: Initializing VibratorManager service...
06-24 20:51:55.881   591   591 V HistoricalRegistry: Interaction before persistence initialized
06-24 20:51:55.884   591   591 V VibratorManagerService: VibratorManager service initialized
06-24 20:51:55.884   591   591 D SystemServerTiming: OnBootPhase_500_com.android.server.vibrator.VibratorManagerService$Lifecycle took to complete: 4ms
06-24 20:51:55.885   591   591 I SystemServerTiming: OnBootPhase_500_com.android.server.alarm.AlarmManagerService
06-24 20:51:55.890   591   591 D SystemServerTiming: OnBootPhase_500_com.android.server.alarm.AlarmManagerService took to complete: 5ms
06-24 20:51:55.890   591   591 I SystemServerTiming: OnBootPhase_500_com.android.server.devicestate.DeviceStateManagerService
06-24 20:51:55.890   591   591 D SystemServerTiming: OnBootPhase_500_com.android.server.devicestate.DeviceStateManagerService took to complete: 0ms
06-24 20:51:55.890   591   591 I SystemServerTiming: OnBootPhase_500_com.android.server.camera.CameraServiceProxy
06-24 20:51:55.890   591   591 D SystemServerTiming: OnBootPhase_500_com.android.server.camera.CameraServiceProxy took to complete: 0ms
06-24 20:51:55.890   591   591 I SystemServerTiming: OnBootPhase_500_com.android.server.BluetoothService
06-24 20:51:55.892   591   591 D SystemServerTiming: OnBootPhase_500_com.android.server.BluetoothService took to complete: 2ms
06-24 20:51:55.892   591   591 I SystemServerTiming: OnBootPhase_500_com.android.server.connectivity.IpConnectivityMetrics
06-24 20:51:55.900   591   591 D SystemServerTiming: OnBootPhase_500_com.android.server.connectivity.IpConnectivityMetrics took to complete: 7ms
06-24 20:51:55.900   591   591 I SystemServerTiming: OnBootPhase_500_com.android.server.net.watchlist.NetworkWatchlistService$Lifecycle
06-24 20:51:55.900   591   591 D SystemServerTiming: OnBootPhase_500_com.android.server.net.watchlist.NetworkWatchlistService$Lifecycle took to complete: 0ms
06-24 20:51:55.900   591   591 I SystemServerTiming: OnBootPhase_500_com.android.server.PinnerService
06-24 20:51:55.902   591   591 D SystemServerTiming: OnBootPhase_500_com.android.server.PinnerService took to complete: 2ms
06-24 20:51:55.902   591   591 I SystemServerTiming: OnBootPhase_500_com.google.android.startop.iorap.IorapForwardingService
06-24 20:51:55.902   591   591 D SystemServerTiming: OnBootPhase_500_com.google.android.startop.iorap.IorapForwardingService took to complete: 0ms
06-24 20:51:55.902   591   591 I SystemServerTiming: OnBootPhase_500_com.android.server.integrity.AppIntegrityManagerService
06-24 20:51:55.902   591   591 D SystemServerTiming: OnBootPhase_500_com.android.server.integrity.AppIntegrityManagerService took to complete: 0ms
06-24 20:51:55.902   591   591 I SystemServerTiming: OnBootPhase_500_com.android.server.inputmethod.InputMethodManagerService$Lifecycle
06-24 20:51:55.902   591   591 D SystemServerTiming: OnBootPhase_500_com.android.server.inputmethod.InputMethodManagerService$Lifecycle took to complete: 0ms
06-24 20:51:55.902   591   591 I SystemServerTiming: OnBootPhase_500_com.android.server.accessibility.AccessibilityManagerService$Lifecycle
06-24 20:51:55.902   591   591 D SystemServerTiming: OnBootPhase_500_com.android.server.accessibility.AccessibilityManagerService$Lifecycle took to complete: 0ms
06-24 20:51:55.902   591   591 I SystemServerTiming: OnBootPhase_500_com.android.server.StorageManagerService$Lifecycle
06-24 20:51:55.904   591   591 D SystemServerTiming: OnBootPhase_500_com.android.server.StorageManagerService$Lifecycle took to complete: 1ms
06-24 20:51:55.904   591   591 I SystemServerTiming: OnBootPhase_500_com.android.server.usage.StorageStatsService$Lifecycle
06-24 20:51:55.904   591   591 D SystemServerTiming: OnBootPhase_500_com.android.server.usage.StorageStatsService$Lifecycle took to complete: 0ms
06-24 20:51:55.904   591   591 I SystemServerTiming: OnBootPhase_500_com.android.server.UiModeManagerService
06-24 20:51:55.908   591   591 I ActivityTaskManager: Config changes=200 {1.0 ?mcc?mnc [en_US] ldltr sw540dp w960dp h540dp 320dpi lrg long land television night -touch -keyb/v/h dpad/v winConfig={ mBounds=Rect(0, 0 - 1920, 1080) mAppBounds=Rect(0, 0 - 1920, 1080) mMaxBounds=Rect(0, 0 - 1920, 1080) mWindowingMode=fullscreen mDisplayWindowingMode=fullscreen mActivityType=undefined mAlwaysOnTop=undefined mRotation=ROTATION_0} s.4 ?fontWeightAdjustment}
06-24 20:51:55.911   591   591 I WindowManager: Override config changes=200 {1.0 ?mcc?mnc [en_US] ldltr sw540dp w960dp h540dp 320dpi lrg long land television night -touch -keyb/v/h dpad/v winConfig={ mBounds=Rect(0, 0 - 1920, 1080) mAppBounds=Rect(0, 0 - 1920, 1080) mMaxBounds=Rect(0, 0 - 1920, 1080) mWindowingMode=fullscreen mDisplayWindowingMode=fullscreen mActivityType=undefined mAlwaysOnTop=undefined mRotation=ROTATION_0} s.4 ?fontWeightAdjustment} for displayId=0
06-24 20:51:55.921   591   591 D SystemServerTiming: OnBootPhase_500_com.android.server.UiModeManagerService took to complete: 18ms
06-24 20:51:55.921   591   591 I SystemServerTiming: OnBootPhase_500_com.android.server.locksettings.LockSettingsService$Lifecycle
06-24 20:51:55.921   591   591 D SystemServerTiming: OnBootPhase_500_com.android.server.locksettings.LockSettingsService$Lifecycle took to complete: 0ms
06-24 20:51:55.921   591   591 I SystemServerTiming: OnBootPhase_500_com.android.server.PersistentDataBlockService
06-24 20:51:55.922   591   591 D SystemServerTiming: OnBootPhase_500_com.android.server.PersistentDataBlockService took to complete: 0ms
06-24 20:51:55.922   591   591 I SystemServerTiming: OnBootPhase_500_com.android.server.testharness.TestHarnessModeService
06-24 20:51:55.922   591   591 D TestHarnessModeService: Setting up test harness mode
06-24 20:51:55.922   591   591 D TestHarnessModeService: Getting PersistentDataBlockManagerInternal from LocalServices
06-24 20:51:55.972   591   591 D SystemServerTiming: OnBootPhase_500_com.android.server.testharness.TestHarnessModeService took to complete: 50ms
06-24 20:51:55.972   591   591 I SystemServerTiming: OnBootPhase_500_com.android.server.oemlock.OemLockService
06-24 20:51:55.972   591   591 D SystemServerTiming: OnBootPhase_500_com.android.server.oemlock.OemLockService took to complete: 0ms
06-24 20:51:55.972   591   591 I SystemServerTiming: OnBootPhase_500_com.android.server.DeviceIdleController
06-24 20:51:55.978   591   591 V HistoricalRegistry: Interaction before persistence initialized
06-24 20:51:55.980   591   591 D SystemServerTiming: OnBootPhase_500_com.android.server.DeviceIdleController took to complete: 9ms
06-24 20:51:55.980   591   591 I SystemServerTiming: OnBootPhase_500_com.android.server.devicepolicy.DevicePolicyManagerService$Lifecycle
06-24 20:51:55.980   591   591 D SystemServerTiming: OnBootPhase_500_com.android.server.devicepolicy.DevicePolicyManagerService$Lifecycle took to complete: 0ms
06-24 20:51:55.980   591   591 I SystemServerTiming: OnBootPhase_500_com.android.server.texttospeech.TextToSpeechManagerService
06-24 20:51:55.980   591   591 D SystemServerTiming: OnBootPhase_500_com.android.server.texttospeech.TextToSpeechManagerService took to complete: 0ms
06-24 20:51:55.980   591   591 I SystemServerTiming: OnBootPhase_500_com.android.server.speech.SpeechRecognitionManagerService
06-24 20:51:55.980   591   591 D SystemServerTiming: OnBootPhase_500_com.android.server.speech.SpeechRecognitionManagerService took to complete: 0ms
06-24 20:51:55.981   591   591 I SystemServerTiming: OnBootPhase_500_com.android.server.searchui.SearchUiManagerService
06-24 20:51:55.981   591   591 D SystemServerTiming: OnBootPhase_500_com.android.server.searchui.SearchUiManagerService took to complete: 0ms
06-24 20:51:55.981   591   591 I SystemServerTiming: OnBootPhase_500_com.android.server.smartspace.SmartspaceManagerService
06-24 20:51:55.981   591   591 D SystemServerTiming: OnBootPhase_500_com.android.server.smartspace.SmartspaceManagerService took to complete: 0ms
06-24 20:51:55.981   591   591 I SystemServerTiming: OnBootPhase_500_com.android.server.graphics.fonts.FontManagerService$Lifecycle
06-24 20:51:55.981   591   591 D SystemServerTiming: OnBootPhase_500_com.android.server.graphics.fonts.FontManagerService$Lifecycle took to complete: 0ms
06-24 20:51:55.981   591   591 I SystemServerTiming: OnBootPhase_500_com.android.server.textservices.TextServicesManagerService$Lifecycle
06-24 20:51:55.981   591   591 D SystemServerTiming: OnBootPhase_500_com.android.server.textservices.TextServicesManagerService$Lifecycle took to complete: 0ms
06-24 20:51:55.981   591   591 I SystemServerTiming: OnBootPhase_500_com.android.server.textclassifier.TextClassificationManagerService$Lifecycle
06-24 20:51:55.981   591   591 D SystemServerTiming: OnBootPhase_500_com.android.server.textclassifier.TextClassificationManagerService$Lifecycle took to complete: 0ms
06-24 20:51:55.981   591   591 I SystemServerTiming: OnBootPhase_500_com.android.server.NetworkScoreService$Lifecycle
06-24 20:51:55.982   591   591 D SystemServerTiming: OnBootPhase_500_com.android.server.NetworkScoreService$Lifecycle took to complete: 1ms
06-24 20:51:55.982   591   591 I SystemServerTiming: OnBootPhase_500_com.android.server.wifi.WifiService
06-24 20:51:55.982   591   591 D SystemServerTiming: OnBootPhase_500_com.android.server.wifi.WifiService took to complete: 1ms
06-24 20:51:55.983   591   591 I SystemServerTiming: OnBootPhase_500_com.android.server.wifi.scanner.WifiScanningService
06-24 20:51:55.983   591   591 D SystemServerTiming: OnBootPhase_500_com.android.server.wifi.scanner.WifiScanningService took to complete: 0ms
06-24 20:51:55.983   591   591 I SystemServerTiming: OnBootPhase_500_com.android.server.wifi.p2p.WifiP2pService
06-24 20:51:55.995   591   591 D SystemServerTiming: OnBootPhase_500_com.android.server.wifi.p2p.WifiP2pService took to complete: 12ms
06-24 20:51:55.995   591   591 I SystemServerTiming: OnBootPhase_500_com.android.server.ethernet.EthernetService
06-24 20:51:56.008   591   591 D SystemServerTiming: OnBootPhase_500_com.android.server.ethernet.EthernetService took to complete: 13ms
06-24 20:51:56.009   591   591 I SystemServerTiming: OnBootPhase_500_com.android.server.ConnectivityServiceInitializer
06-24 20:51:56.009   591   591 D SystemServerTiming: OnBootPhase_500_com.android.server.ConnectivityServiceInitializer took to complete: 0ms
06-24 20:51:56.009   591   591 I SystemServerTiming: OnBootPhase_500_com.android.server.notification.NotificationManagerService
06-24 20:51:56.088     0     0 I         : [   26.838705@1]  custrom_internal_config
06-24 20:51:56.088     0     0 I         : [   26.839461@3]  set phy setup_amp = 2
06-24 20:51:56.088     0     0 I         : [   26.839741@3]  meson8b-dwmac fdc00000.ethernet eth0: PHY [0.1:08] driver [Meson G12A Internal PHY]
06-24 20:51:56.107   386   386 E android.hardware.wifi@1.0-service.droidlogic: wifi_get_sdio_device_id,fp is null: No such file or directory
06-24 20:51:56.107   386   386 E android.hardware.wifi@1.0-service.droidlogic: wifi_get_sdio_device_id,fp is null: Permission denied
06-24 20:51:56.107   386   386 E android.hardware.wifi@1.0-service.droidlogic: wifi_get_sdio_device_id,ret:3: Permission denied
06-24 20:51:56.107   386   386 E android.hardware.wifi@1.0-service.droidlogic: wifi_get_sdio_device_id is not  WIFI_INVALID_DEVICE: Permission denied
06-24 20:51:56.107   386   386 I android.hardware.wifi@1.0-service.droidlogic: ===wifi_load_driver== device_id=3
06-24 20:51:56.109     0     0 I         : [   26.858697@2]  meson8b-dwmac fdc00000.ethernet eth0: No Safety Features support found
06-24 20:51:56.109     0     0 W         : [   26.859007@2]  meson8b-dwmac fdc00000.ethernet eth0: PTP not supported by HW
06-24 20:51:56.109     0     0 I         : [   26.859881@2]  meson8b-dwmac fdc00000.ethernet eth0: configuring for phy/rmii link mode
06-24 20:51:56.125   386   386 I android.hardware.wifi@1.0-service.droidlogic: ===wifi_load_driver rtk wifi module
06-24 20:51:56.156   591   591 W SystemServiceManager: Service com.android.server.notification.NotificationManagerService took 148 ms in onBootPhase
06-24 20:51:56.156   591   591 D SystemServerTiming: OnBootPhase_500_com.android.server.notification.NotificationManagerService took to complete: 148ms
06-24 20:51:56.157   591   591 I SystemServerTiming: OnBootPhase_500_com.android.server.storage.DeviceStorageMonitorService
06-24 20:51:56.157   591   591 D SystemServerTiming: OnBootPhase_500_com.android.server.storage.DeviceStorageMonitorService took to complete: 0ms
06-24 20:51:56.157   591   591 I SystemServerTiming: OnBootPhase_500_com.android.server.location.LocationManagerService$Lifecycle
06-24 20:51:56.161   591   591 V HistoricalRegistry: Interaction before persistence initialized
06-24 20:51:56.162   591   591 D SystemServerTiming: OnBootPhase_500_com.android.server.location.LocationManagerService$Lifecycle took to complete: 6ms
06-24 20:51:56.162   591   591 I SystemServerTiming: OnBootPhase_500_com.android.server.timedetector.TimeDetectorService$Lifecycle
06-24 20:51:56.163   591   591 D SystemServerTiming: OnBootPhase_500_com.android.server.timedetector.TimeDetectorService$Lifecycle took to complete: 0ms
06-24 20:51:56.163   591   591 I SystemServerTiming: OnBootPhase_500_com.android.server.timezonedetector.TimeZoneDetectorService$Lifecycle
06-24 20:51:56.163   591   591 D SystemServerTiming: OnBootPhase_500_com.android.server.timezonedetector.TimeZoneDetectorService$Lifecycle took to complete: 0ms
06-24 20:51:56.163   591   591 I SystemServerTiming: OnBootPhase_500_com.android.server.timezonedetector.location.LocationTimeZoneManagerService$Lifecycle
06-24 20:51:56.163   591   591 D SystemServerTiming: OnBootPhase_500_com.android.server.timezonedetector.location.LocationTimeZoneManagerService$Lifecycle took to complete: 0ms
06-24 20:51:56.163   591   591 I SystemServerTiming: OnBootPhase_500_com.android.server.search.SearchManagerService$Lifecycle
06-24 20:51:56.163   591   591 D SystemServerTiming: OnBootPhase_500_com.android.server.search.SearchManagerService$Lifecycle took to complete: 0ms
06-24 20:51:56.163   591   591 I SystemServerTiming: OnBootPhase_500_com.android.server.wallpaper.WallpaperManagerService$Lifecycle
06-24 20:51:56.163   591   591 D SystemServerTiming: OnBootPhase_500_com.android.server.wallpaper.WallpaperManagerService$Lifecycle took to complete: 1ms
06-24 20:51:56.164   591   591 I SystemServerTiming: OnBootPhase_500_com.android.server.audio.AudioService$Lifecycle
06-24 20:51:56.164   591   591 D SystemServerTiming: OnBootPhase_500_com.android.server.audio.AudioService$Lifecycle took to complete: 0ms
06-24 20:51:56.164   591   591 I SystemServerTiming: OnBootPhase_500_com.android.server.soundtrigger_middleware.SoundTriggerMiddlewareService$Lifecycle
06-24 20:51:56.164   591   591 D SystemServerTiming: OnBootPhase_500_com.android.server.soundtrigger_middleware.SoundTriggerMiddlewareService$Lifecycle took to complete: 0ms
06-24 20:51:56.164   591   591 I SystemServerTiming: OnBootPhase_500_com.android.server.DockObserver
06-24 20:51:56.164   591   591 D SystemServerTiming: OnBootPhase_500_com.android.server.DockObserver took to complete: 0ms
06-24 20:51:56.164   591   591 I SystemServerTiming: OnBootPhase_500_com.android.server.adb.AdbService$Lifecycle
06-24 20:51:56.164   591   591 D SystemServerTiming: OnBootPhase_500_com.android.server.adb.AdbService$Lifecycle took to complete: 0ms
06-24 20:51:56.164   591   591 I SystemServerTiming: OnBootPhase_500_com.android.server.usb.UsbService$Lifecycle
06-24 20:51:56.164   591   591 D SystemServerTiming: OnBootPhase_500_com.android.server.usb.UsbService$Lifecycle took to complete: 0ms
06-24 20:51:56.170   591   591 I SystemServerTiming: OnBootPhase_500_com.android.server.twilight.TwilightService
06-24 20:51:56.171   591   591 D SystemServerTiming: OnBootPhase_500_com.android.server.twilight.TwilightService took to complete: 0ms
06-24 20:51:56.171   591   591 I SystemServerTiming: OnBootPhase_500_com.android.server.display.color.ColorDisplayService
06-24 20:51:56.171   591   591 D SystemServerTiming: OnBootPhase_500_com.android.server.display.color.ColorDisplayService took to complete: 0ms
06-24 20:51:56.171   591   591 I SystemServerTiming: OnBootPhase_500_com.android.server.job.JobSchedulerService
06-24 20:51:56.208   591   591 V HistoricalRegistry: Interaction before persistence initialized
06-24 20:51:56.241   591   591 W SystemServiceManager: Service com.android.server.job.JobSchedulerService took 70 ms in onBootPhase
06-24 20:51:56.241   591   591 D SystemServerTiming: OnBootPhase_500_com.android.server.job.JobSchedulerService took to complete: 70ms
06-24 20:51:56.241   591   591 I SystemServerTiming: OnBootPhase_500_com.android.server.soundtrigger.SoundTriggerService
06-24 20:51:56.241   591   591 D SoundTriggerService: onBootPhase: 500 : false
06-24 20:51:56.241   591   591 D SystemServerTiming: OnBootPhase_500_com.android.server.soundtrigger.SoundTriggerService took to complete: 0ms
06-24 20:51:56.241   591   591 I SystemServerTiming: OnBootPhase_500_com.android.server.trust.TrustManagerService
06-24 20:51:56.244   591   591 D SystemServerTiming: OnBootPhase_500_com.android.server.trust.TrustManagerService took to complete: 2ms
06-24 20:51:56.244   591   591 I SystemServerTiming: OnBootPhase_500_com.android.server.backup.BackupManagerService$Lifecycle
06-24 20:51:56.244   591   591 D SystemServerTiming: OnBootPhase_500_com.android.server.backup.BackupManagerService$Lifecycle took to complete: 0ms
06-24 20:51:56.244   591   591 I SystemServerTiming: OnBootPhase_500_com.android.server.appwidget.AppWidgetService
06-24 20:51:56.244   591   591 D SystemServerTiming: OnBootPhase_500_com.android.server.appwidget.AppWidgetService took to complete: 0ms
06-24 20:51:56.244   591   591 I SystemServerTiming: OnBootPhase_500_com.android.server.voiceinteraction.VoiceInteractionManagerService
06-24 20:51:56.244   591   591 D SystemServerTiming: OnBootPhase_500_com.android.server.voiceinteraction.VoiceInteractionManagerService took to complete: 0ms
06-24 20:51:56.244   591   591 I SystemServerTiming: OnBootPhase_500_com.android.server.apphibernation.AppHibernationService
06-24 20:51:56.249   591   591 D SystemServerTiming: OnBootPhase_500_com.android.server.apphibernation.AppHibernationService took to complete: 4ms
06-24 20:51:56.249   591   591 I SystemServerTiming: OnBootPhase_500_com.android.server.GestureLauncherService
06-24 20:51:56.249   591   591 D SystemServerTiming: OnBootPhase_500_com.android.server.GestureLauncherService took to complete: 0ms
06-24 20:51:56.249   591   591 I SystemServerTiming: OnBootPhase_500_com.android.server.SensorNotificationService
06-24 20:51:56.249   591   591 D SystemServerTiming: OnBootPhase_500_com.android.server.SensorNotificationService took to complete: 0ms
06-24 20:51:56.249   591   591 I SystemServerTiming: OnBootPhase_500_com.android.server.emergency.EmergencyAffordanceService
06-24 20:51:56.249   591   591 D SystemServerTiming: OnBootPhase_500_com.android.server.emergency.EmergencyAffordanceService took to complete: 0ms
06-24 20:51:56.249   591   591 I SystemServerTiming: OnBootPhase_500_com.android.server.dreams.DreamManagerService
06-24 20:51:56.249   591   591 D SystemServerTiming: OnBootPhase_500_com.android.server.dreams.DreamManagerService took to complete: 0ms
06-24 20:51:56.249   591   591 I SystemServerTiming: OnBootPhase_500_com.android.server.blob.BlobStoreManagerService
06-24 20:51:56.249   591   591 D SystemServerTiming: OnBootPhase_500_com.android.server.blob.BlobStoreManagerService took to complete: 0ms
06-24 20:51:56.249   591   591 I SystemServerTiming: OnBootPhase_500_com.android.server.restrictions.RestrictionsManagerService
06-24 20:51:56.249   591   591 D SystemServerTiming: OnBootPhase_500_com.android.server.restrictions.RestrictionsManagerService took to complete: 0ms
06-24 20:51:56.249   591   591 I SystemServerTiming: OnBootPhase_500_com.android.server.media.MediaSessionService
06-24 20:51:56.249   591   591 D SystemServerTiming: OnBootPhase_500_com.android.server.media.MediaSessionService took to complete: 0ms
06-24 20:51:56.249   591   591 I SystemServerTiming: OnBootPhase_500_com.android.server.hdmi.HdmiControlService
06-24 20:51:56.255   591   591 D SystemServerTiming: OnBootPhase_500_com.android.server.hdmi.HdmiControlService took to complete: 5ms
06-24 20:51:56.255   591   591 I SystemServerTiming: OnBootPhase_500_com.android.server.tv.TvInputManagerService
06-24 20:51:56.284     0     0 W [   27.037887@2]  RTW: module init start
06-24 20:51:56.284     0     0 W [   27.037923@2]  RTW: rtl88x2cs v5.14.0.2-0-g4c549b2.20240603_COEX20211210-2727_kvr_csr
06-24 20:51:56.288     0     0 W [   27.038890@2]  RTW: build time: Jun  4 2025 16:52:49
06-24 20:51:56.288     0     0 W [   27.039480@2]  RTW: rtl88x2cs BT-Coex version = COEX20211210-2727
06-24 20:51:56.288     0     0 W [   27.040086@2]  RTW: rtw_inetaddr_notifier_register
06-24 20:51:56.288     0     0 W [   27.040883@2]  RTW: == SDIO Card Info ==
06-24 20:51:56.288     0     0 W [   27.041100@2]  RTW: card: 000000005a231c46
06-24 20:51:56.288     0     0 W [   27.041627@2]  RTW: clock: 167000000 Hz
06-24 20:51:56.288     0     0 W [   27.042125@2]  RTW: timing spec: sd uhs SDR104
06-24 20:51:56.294     0     0 W [   27.043093@2]  RTW: sd3_bus_mode: TRUE
06-24 20:51:56.294     0     0 W [   27.043189@2]  RTW: func num: 1
06-24 20:51:56.297     0     0 W [   27.043602@2]  RTW: func1: 00000000e3588e06 (*)
06-24 20:51:56.297     0     0 W [   27.044183@2]  RTW: ================
06-24 20:51:56.297     0     0 W [   27.044632@2]  RTW: CHIP TYPE: RTL8822C
06-24 20:51:56.297     0     0 W [   27.045162@2]  RTW: loadparam, Select P2P interface: iface_id:1
06-24 20:51:56.297     0     0 W [   27.045927@2]  RTW: [HALMAC]55772M
06-24 20:51:56.297     0     0 W         : [   27.045927@2]  HALMAC_MAJOR_VER = 1
06-24 20:51:56.297     0     0 W         : [   27.045927@2]  HALMAC_PROTOTYPE_VER = 6
06-24 20:51:56.297     0     0 W         : [   27.045927@2]  HALMAC_MINOR_VER = 6
06-24 20:51:56.297     0     0 W         : [   27.045927@2]  HALMAC_PATCH_VER = 26
06-24 20:51:56.307     0     0 W [   27.055119@1]  RTW: Chip Version Info: CHIP_8822C_U4_2T2R_RomVer(3)
06-24 20:51:56.312     0     0 W [   27.065688@2]  RTW: SetHwReg: bMacPwrCtrlOn=1
06-24 20:51:56.331   591   591 W SystemServiceManager: Service com.android.server.tv.TvInputManagerService took 75 ms in onBootPhase
06-24 20:51:56.331   591   591 D SystemServerTiming: OnBootPhase_500_com.android.server.tv.TvInputManagerService took to complete: 76ms
06-24 20:51:56.331   591   591 I SystemServerTiming: OnBootPhase_500_com.android.server.media.MediaResourceMonitorService
06-24 20:51:56.331   591   591 D SystemServerTiming: OnBootPhase_500_com.android.server.media.MediaResourceMonitorService took to complete: 0ms
06-24 20:51:56.331   591   591 I SystemServerTiming: OnBootPhase_500_com.android.server.tv.TvRemoteService
06-24 20:51:56.331   591   591 D SystemServerTiming: OnBootPhase_500_com.android.server.tv.TvRemoteService took to complete: 0ms
06-24 20:51:56.331   591   591 I SystemServerTiming: OnBootPhase_500_com.android.server.biometrics.BiometricService
06-24 20:51:56.331   591   591 D SystemServerTiming: OnBootPhase_500_com.android.server.biometrics.BiometricService took to complete: 0ms
06-24 20:51:56.331   591   591 I SystemServerTiming: OnBootPhase_500_com.android.server.biometrics.AuthService
06-24 20:51:56.331   591   591 D SystemServerTiming: OnBootPhase_500_com.android.server.biometrics.AuthService took to complete: 0ms
06-24 20:51:56.331   591   591 I SystemServerTiming: OnBootPhase_500_com.android.server.pm.ShortcutService$Lifecycle
06-24 20:51:56.331   591   591 D SystemServerTiming: OnBootPhase_500_com.android.server.pm.ShortcutService$Lifecycle took to complete: 0ms
06-24 20:51:56.331   591   591 I SystemServerTiming: OnBootPhase_500_com.android.server.pm.LauncherAppsService
06-24 20:51:56.332   591   591 D SystemServerTiming: OnBootPhase_500_com.android.server.pm.LauncherAppsService took to complete: 0ms
06-24 20:51:56.332   591   591 I SystemServerTiming: OnBootPhase_500_com.android.server.pm.CrossProfileAppsService
06-24 20:51:56.332   591   591 D SystemServerTiming: OnBootPhase_500_com.android.server.pm.CrossProfileAppsService took to complete: 0ms
06-24 20:51:56.332   591   591 I SystemServerTiming: OnBootPhase_500_com.android.server.people.PeopleService
06-24 20:51:56.332   591   591 D SystemServerTiming: OnBootPhase_500_com.android.server.people.PeopleService took to complete: 1ms
06-24 20:51:56.333   591   591 I SystemServerTiming: OnBootPhase_500_com.android.server.media.metrics.MediaMetricsManagerService
06-24 20:51:56.333   591   591 D SystemServerTiming: OnBootPhase_500_com.android.server.media.metrics.MediaMetricsManagerService took to complete: 0ms
06-24 20:51:56.333   591   591 I SystemServerTiming: OnBootPhase_500_com.android.server.media.projection.MediaProjectionManagerService
06-24 20:51:56.333   591   591 D SystemServerTiming: OnBootPhase_500_com.android.server.media.projection.MediaProjectionManagerService took to complete: 0ms
06-24 20:51:56.333   591   591 I SystemServerTiming: OnBootPhase_500_com.android.server.slice.SliceManagerService$Lifecycle
06-24 20:51:56.333   591   591 D SystemServerTiming: OnBootPhase_500_com.android.server.slice.SliceManagerService$Lifecycle took to complete: 0ms
06-24 20:51:56.333   591   591 I SystemServerTiming: OnBootPhase_500_com.android.server.stats.StatsCompanion$Lifecycle
06-24 20:51:56.333   591   591 D SystemServerTiming: OnBootPhase_500_com.android.server.stats.StatsCompanion$Lifecycle took to complete: 0ms
06-24 20:51:56.333   591   591 I SystemServerTiming: OnBootPhase_500_com.android.server.scheduling.RebootReadinessManagerService$Lifecycle
06-24 20:51:56.333   591   591 D SystemServerTiming: OnBootPhase_500_com.android.server.scheduling.RebootReadinessManagerService$Lifecycle took to complete: 0ms
06-24 20:51:56.333   591   591 I SystemServerTiming: OnBootPhase_500_com.android.server.stats.pull.StatsPullAtomService
06-24 20:51:56.333   591   591 D SystemServerTiming: OnBootPhase_500_com.android.server.stats.pull.StatsPullAtomService took to complete: 1ms
06-24 20:51:56.333   591   591 I SystemServerTiming: OnBootPhase_500_com.android.server.incident.IncidentCompanionService
06-24 20:51:56.333   591   591 D SystemServerTiming: OnBootPhase_500_com.android.server.incident.IncidentCompanionService took to complete: 0ms
06-24 20:51:56.334   591   591 I SystemServerTiming: OnBootPhase_500_com.android.server.MmsServiceBroker
06-24 20:51:56.334   591   591 D SystemServerTiming: OnBootPhase_500_com.android.server.MmsServiceBroker took to complete: 0ms
06-24 20:51:56.334   591   591 I SystemServerTiming: OnBootPhase_500_com.android.server.autofill.AutofillManagerService
06-24 20:51:56.334   591   591 D SystemServerTiming: OnBootPhase_500_com.android.server.autofill.AutofillManagerService took to complete: 0ms
06-24 20:51:56.334   591   591 I SystemServerTiming: OnBootPhase_500_com.android.server.clipboard.ClipboardService
06-24 20:51:56.334   591   591 D SystemServerTiming: OnBootPhase_500_com.android.server.clipboard.ClipboardService took to complete: 0ms
06-24 20:51:56.334   591   591 I SystemServerTiming: OnBootPhase_500_com.android.server.appbinding.AppBindingService$Lifecycle
06-24 20:51:56.334   591   591 D SystemServerTiming: OnBootPhase_500_com.android.server.appbinding.AppBindingService$Lifecycle took to complete: 0ms
06-24 20:51:56.334   591   591 I SystemServerTiming: OnBootPhase_500_com.android.server.tracing.TracingServiceProxy
06-24 20:51:56.341   591   591 D SystemServerTiming: OnBootPhase_500_com.android.server.tracing.TracingServiceProxy took to complete: 0ms
06-24 20:51:56.341   591   591 D SystemServerTiming: OnBootPhase_500 took to complete: 513ms
06-24 20:51:56.341   591   591 D SystemServerTiming: StartBootPhaseSystemServicesReady took to complete: 513ms
06-24 20:51:56.341   591   591 I SystemServerTiming: MakeWindowManagerServiceReady
06-24 20:51:56.341   591   628 E KernelCpuThreadReader: Failed to initialize KernelCpuThreadReader
06-24 20:51:56.341   591   628 E KernelCpuThreadReader: java.nio.file.NoSuchFileException: /proc/self/time_in_state
06-24 20:51:56.341   591   628 E KernelCpuThreadReader: 	at sun.nio.fs.UnixFileSystemProvider.newByteChannel(UnixFileSystemProvider.java:214)
06-24 20:51:56.341   591   628 E KernelCpuThreadReader: 	at java.nio.file.Files.newByteChannel(Files.java:361)
06-24 20:51:56.341   591   628 E KernelCpuThreadReader: 	at java.nio.file.Files.newByteChannel(Files.java:407)
06-24 20:51:56.341   591   628 E KernelCpuThreadReader: 	at java.nio.file.Files.readAllBytes(Files.java:3152)
06-24 20:51:56.341   591   628 E KernelCpuThreadReader: 	at com.android.internal.os.ProcTimeInStateReader.initializeTimeInStateFormat(ProcTimeInStateReader.java:159)
06-24 20:51:56.341   591   628 E KernelCpuThreadReader: 	at com.android.internal.os.ProcTimeInStateReader.<init>(ProcTimeInStateReader.java:106)
06-24 20:51:56.341   591   628 E KernelCpuThreadReader: 	at com.android.internal.os.KernelCpuThreadReader.<init>(KernelCpuThreadReader.java:138)
06-24 20:51:56.341   591   628 E KernelCpuThreadReader: 	at com.android.internal.os.KernelCpuThreadReader.create(KernelCpuThreadReader.java:151)
06-24 20:51:56.341   591   628 E KernelCpuThreadReader: 	at com.android.internal.os.KernelCpuThreadReaderSettingsObserver.<init>(KernelCpuThreadReaderSettingsObserver.java:95)
06-24 20:51:56.341   591   628 E KernelCpuThreadReader: 	at com.android.internal.os.KernelCpuThreadReaderSettingsObserver.getSettingsModifiedReader(KernelCpuThreadReaderSettingsObserver.java:80)
06-24 20:51:56.341   591   628 E KernelCpuThreadReader: 	at com.android.server.stats.pull.StatsPullAtomService.initializePullersState(StatsPullAtomService.java:798)
06-24 20:51:56.341   591   628 E KernelCpuThreadReader: 	at com.android.server.stats.pull.StatsPullAtomService.lambda$onBootPhase$0$StatsPullAtomService(StatsPullAtomService.java:757)
06-24 20:51:56.341   591   628 E KernelCpuThreadReader: 	at com.android.server.stats.pull.StatsPullAtomService$$ExternalSyntheticLambda14.run(Unknown Source:2)
06-24 20:51:56.341   591   628 E KernelCpuThreadReader: 	at android.os.Handler.handleCallback(Handler.java:938)
06-24 20:51:56.341   591   628 E KernelCpuThreadReader: 	at android.os.Handler.dispatchMessage(Handler.java:99)
06-24 20:51:56.341   591   628 E KernelCpuThreadReader: 	at android.os.Looper.loopOnce(Looper.java:201)
06-24 20:51:56.341   591   628 E KernelCpuThreadReader: 	at android.os.Looper.loop(Looper.java:288)
06-24 20:51:56.341   591   628 E KernelCpuThreadReader: 	at android.os.HandlerThread.run(HandlerThread.java:67)
06-24 20:51:56.345   591   591 D SystemServerTiming: MakeWindowManagerServiceReady took to complete: 5ms
06-24 20:51:56.348   591   591 I SystemServerTiming: MakePowerManagerServiceReady
06-24 20:51:56.357     0     0 W [   27.107790@1]  RTW: is_valid_id_status: HALMAC_FEATURE_DUMP_LOGICAL_EFUSE
06-24 20:51:56.357     0     0 W [   27.107992@1]  RTW: HW EFUSE
06-24 20:51:56.357     0     0 W [   27.108313@1]  RTW: 0x000: 29 81 00 8F  FF 20 28 00  9A 04 ED 75  10 0F F1 EB
06-24 20:51:56.357     0     0 W [   27.109303@1]  RTW: 0x010: 4E 50 54 54  54 54 44 44  4A 4A 4A 02  00 00 FF FF
06-24 20:51:56.357     0     0 W [   27.110199@1]  RTW: 0x020: FF FF 52 52  50 50 50 50  50 50 50 50  48 48 48 48
06-24 20:51:56.358   591   591 I AttentionDetector: readValuesFromDeviceConfig():
06-24 20:51:56.358   591   591 I AttentionDetector: mMaximumExtensionMillis=900000
06-24 20:51:56.358   591   591 I AttentionDetector: mPreDimCheckDurationMillis=2000
06-24 20:51:56.358   591   591 I AttentionDetector: mRequestedPostDimTimeoutMillis=0
06-24 20:51:56.360     0     0 W [   27.111456@1]  RTW: 0x030: 02 00 FF FF  00 FF 00 00  FF FF 5C 5C  5E 5E 5E 5E
06-24 20:51:56.360     0     0 W [   27.112439@1]  RTW: 0x040: 52 52 54 54  54 02 00 00  FF FF FF FF  54 54 52 52
06-24 20:51:56.360     0     0 W [   27.113031@1]  RTW: 0x050: 4C 4E 4E 50  50 50 4C 4C  4C 4C 02 00  FF FF 00 FF
06-24 20:51:56.360     0     0 W [   27.113834@1]  RTW: 0x060: 00 00 FF FF  FF FF FF FF  FF FF FF FF  FF FF FF FF
06-24 20:51:56.360     0     0 W [   27.114753@1]  RTW: 0x070: FF FF FF FF  FF FF FF FF  FF FF FF FF  FF FF FF FF
06-24 20:51:56.365   591   628 I HealthServiceWrapper: health: HealthServiceWrapper listening to instance default
06-24 20:51:56.367   591   591 E DisplayPowerController[0]: failed to set up display white-balance: java.lang.IllegalStateException: cannot find light sensor
06-24 20:51:56.367   591   591 W DisplayPowerController[0]: Screen brightness nits configuration is unavailable; falling back
06-24 20:51:56.368   591   628 D StatsPullAtomService: Registering pullers with statsd
06-24 20:51:56.375     0     0 W [   27.115654@1]  RTW: 0x080: FF FF FF FF  FF FF FF FF  FF FF FF FF  FF FF FF FF
06-24 20:51:56.375     0     0 W [   27.116659@1]  RTW: 0x090: FF FF FF FF  FF FF FF FF  FF FF FF FF  FF FF FF FF
06-24 20:51:56.375     0     0 W [   27.117473@1]  RTW: 0x0A0: FF FF FF FF  FF FF FF FF  FF FF FF FF  FF FF FF FF
06-24 20:51:56.375     0     0 W [   27.118364@1]  RTW: 0x0B0: FF FF FF FF  FF FF FF FF  7F 1E FF 00  FF FF FF FF
06-24 20:51:56.375     0     0 W [   27.119332@1]  RTW: 0x0C0: FF 21 00 10  00 00 FF FF  00 33 04 FF  FF FF FF FF
06-24 20:51:56.375     0     0 W [   27.120144@1]  RTW: 0x0D0: 26 26 FF FF  FF FF FF FF  FF FF FF FF  FF FF FF FF
06-24 20:51:56.375     0     0 W [   27.121064@1]  RTW: 0x0E0: FF FF FF FF  FF FF FF FF  FF FF FF FF  FF FF FF FF
06-24 20:51:56.375     0     0 W [   27.121962@1]  RTW: 0x0F0: FF FF FF FF  FF FF FF FF  FF FF FF FF  FF FF FF FF
06-24 20:51:56.375     0     0 W [   27.123259@1]  RTW: 0x100: F0 94 65 D3  58 C5 FF FF  CD F0 FF FF  FF FF FF FF
06-24 20:51:56.375     0     0 W [   27.123783@1]  RTW: 0x110: 1E 1E FC A0  D8 D8 FD FF  35 8C FF FF  FF FF FF FF
06-24 20:51:56.375     0     0 W [   27.125752@1]  RTW: 0x120: FE DF 01 23  34 FF FF FF  FF FF FF FF  FF FF FF FF
06-24 20:51:56.375     0     0 W [   27.126002@1]  RTW: 0x130: FF FF FF FF  FF FF FF FF  FF FF FF FF  FF FF FF FF
06-24 20:51:56.375     0     0 W [   27.126937@1]  RTW: 0x140: FF FF FF FF  FF FF FF FF  FF FF FF FF  FF FF FF FF
06-24 20:51:56.375     0     0 W [   27.127823@1]  RTW: 0x150: FF FF FF FF  FF FF FF FF  FF FF FF FF  FF FF FF FF
06-24 20:51:56.375     0     0 W [   27.128732@1]  RTW: 0x160: FF FF FF FF  FF FF FF FF  FF FF BC C7  DA 4D DD FA
06-24 20:51:56.375     0     0 W [   27.129641@1]  RTW: 0x170: FF FF FF FF  FF FF FF FF  FF FF FF FF  FF FF FF FF
06-24 20:51:56.374   591   628 I StatsPullAtomService: register thermal listener successfully
06-24 20:51:56.382     0     0 W [   27.130892@1]  RTW: 0x180: FF FF FF FF  FF FF FF FF  FF FF FF FF  FF FF FF FF
06-24 20:51:56.382     0     0 W [   27.131464@1]  RTW: 0x190: FF FF FF FF  FF FF FF FF  FF FF FF FF  FF FF FF FF
06-24 20:51:56.382     0     0 W [   27.132372@1]  RTW: 0x1A0: FF FF FF FF  FF FF FF FF  FF FF FF FF  FF FF FF FF
06-24 20:51:56.382     0     0 W [   27.133282@1]  RTW: 0x1B0: FF FF FF FF  FF FF FF FF  FF FF FF FF  FF FF FF FF
06-24 20:51:56.382     0     0 W [   27.134251@1]  RTW: 0x1C0: FF FF FF FF  FF FF FF FF  FF FF FF FF  FF FF FF FF
06-24 20:51:56.382     0     0 W [   27.135146@1]  RTW: 0x1D0: FF FF FF FF  FF FF FF FF  FF FF FF FF  FF FF FF FF
06-24 20:51:56.382     0     0 W [   27.136013@1]  RTW: 0x1E0: FF FF FF FF  FF FF FF FF  FF FF FF FF  FF FF FF FF
06-24 20:51:56.402     0     0 W [   27.136923@1]  RTW: 0x1F0: FF FF FF FF  FF FF FF FF  FF FF FF FF  FF FF FF FF
06-24 20:51:56.402     0     0 W [   27.137832@1]  RTW: 0x200: FF FF FF FF  FF FF FF FF  FF FF FF FF  FF FF FF FF
06-24 20:51:56.402     0     0 W [   27.138924@1]  RTW: 0x210: FF FF FF FF  FF FF FF FF  FF FF FF FF  FF FF FF FF
06-24 20:51:56.402     0     0 W [   27.140840@1]  RTW: 0x220: FF FF FF FF  FF FF FF FF  FF FF FF FF  FF FF FF FF
06-24 20:51:56.402     0     0 W [   27.141088@1]  RTW: 0x230: FF FF FF FF  FF FF FF FF  FF FF FF FF  FF FF FF FF
06-24 20:51:56.402     0     0 W [   27.141997@1]  RTW: 0x240: FF FF FF FF  FF FF FF FF  FF FF FF FF  FF FF FF FF
06-24 20:51:56.402     0     0 W [   27.142987@1]  RTW: 0x250: FF FF FF FF  FF FF FF FF  FF FF FF FF  FF FF FF FF
06-24 20:51:56.402     0     0 W [   27.143819@1]  RTW: 0x260: FF FF FF FF  FF FF FF FF  FF FF FF FF  FF FF FF FF
06-24 20:51:56.402     0     0 W [   27.144728@1]  RTW: 0x270: FF FF FF FF  FF FF FF FF  FF FF FF FF  FF FF FF FF
06-24 20:51:56.402     0     0 W [   27.145637@1]  RTW: 0x280: FF FF FF FF  FF FF FF FF  FF FF FF FF  FF FF FF FF
06-24 20:51:56.402     0     0 W [   27.146548@1]  RTW: 0x290: FF FF FF FF  FF FF FF FF  FF FF FF FF  FF FF FF FF
06-24 20:51:56.402     0     0 W [   27.147976@1]  RTW: 0x2A0: FF FF FF FF  FF FF FF FF  FF FF FF FF  FF FF FF FF
06-24 20:51:56.402     0     0 W [   27.149109@1]  RTW: 0x2B0: FF FF FF FF  FF FF FF FF  FF FF FF FF  FF FF FF FF
06-24 20:51:56.402     0     0 W [   27.149372@1]  RTW: 0x2C0: FF FF FF FF  FF FF FF FF  FF FF FF FF  FF FF FF FF
06-24 20:51:56.402     0     0 W [   27.153014@1]  RTW: 0x2D0: FF FF FF FF  FF FF FF FF  FF FF FF FF  FF FF FF FF
06-24 20:51:56.402     0     0 W [   27.153264@1]  RTW: 0x2E0: FF FF FF FF  FF FF FF FF  FF FF FF FF  FF FF FF FF
06-24 20:51:56.402     0     0 W [   27.154173@1]  RTW: 0x2F0: FF FF FF FF  FF FF FF FF  FF FF FF FF  FF FF FF FF
06-24 20:51:56.402     0     0 W [   27.155132@1]  RTW: EEPROM ID = 0x8129
06-24 20:51:56.402     0     0 W [   27.155551@1]  RTW: EEPROM Version = 0
06-24 20:51:56.402     0     0 W [   27.156020@1]  RTW: Hal_EfuseParseTxPowerInfo tpt_mode=0, PG with PWR_IDX
06-24 20:51:56.412     0     0 W [   27.156863@1]  RTW: EEPROM Regulatory=0x01
06-24 20:51:56.412     0     0 W [   27.157371@1]  RTW: EEPROM Board Type=0x01
06-24 20:51:56.412     0     0 W [   27.157881@1]  RTW: EEPROM Enable BT-coex, ant_num=2
06-24 20:51:56.412     0     0 W [   27.158929@1]  RTW: rtw_rfctl_decide_init_chplan chplan:0x4D
06-24 20:51:56.412     0     0 W [   27.159202@1]  RTW: rtw_rfctl_decide_init_chplan country code:"MX"
06-24 20:51:56.412     0     0 W [   27.159973@1]  RTW: valid crystal_cap value 0x1E1E is found in XCAP_SRC_H_EFUSE_B9!
06-24 20:51:56.412     0     0 W [   27.160924@1]  RTW: EEPROM crystal_cap=0x1e
06-24 20:51:56.412     0     0 W [   27.161443@1]  RTW: EEPROM ThermalMeter=0x26
06-24 20:51:56.412     0     0 W [   27.161975@1]  RTW: EEPROM efuse[0xc9]=0x33 is valid
06-24 20:51:56.412     0     0 W [   27.162592@1]  RTW: EEPROM Customer ID=0x00
06-24 20:51:56.412     0     0 W [   27.163156@1]  RTW: EEPROM SupportRemoteWakeup=0
06-24 20:51:56.412     0     0 W [   27.163690@1]  RTW: EEPROM PAType_2G is 0x0, ExternalPA_2G = 0
06-24 20:51:56.412     0     0 W [   27.164411@1]  RTW: EEPROM PAType_5G is 0x0, external_pa_5g = 0
06-24 20:51:56.412     0     0 W [   27.165148@1]  RTW: EEPROM LNAType_2G is 0x0, ExternalLNA_2G = 0
06-24 20:51:56.412     0     0 W [   27.165896@1]  RTW: EEPROM LNAType_5G is 0x0, external_lna_5g = 0
06-24 20:51:56.391   591   646 W KeyguardServiceDelegate: onScreenTurningOn(): no keyguard service!
