06-25 22:02:55.358  4252  4252 W android.hardware.media.omx@1.0-service: libminijail[4252]: compile_file: /system/etc/seccomp_policy/crash_dump.arm.policy(28): syscall prctl redefined here
06-25 22:02:55.358  4252  4252 W android.hardware.media.omx@1.0-service: libminijail[4252]: compile_file: <fd>(6): previous definition here
06-25 22:02:55.360  4252  4252 W android.hardware.media.omx@1.0-service: libminijail[4252]: compile_file: /system/etc/seccomp_policy/crash_dump.arm.policy(29): syscall madvise redefined here
06-25 22:02:55.360  4252  4252 W android.hardware.media.omx@1.0-service: libminijail[4252]: compile_file: <fd>(29): previous definition here
06-25 22:02:55.360  4252  4252 W android.hardware.media.omx@1.0-service: libminijail[4252]: compile_file: /system/etc/seccomp_policy/crash_dump.arm.policy(30): syscall mprotect redefined here
06-25 22:02:55.360  4252  4252 W android.hardware.media.omx@1.0-service: libminijail[4252]: compile_file: <fd>(28): previous definition here
06-25 22:02:55.361  4252  4252 W android.hardware.media.omx@1.0-service: libminijail[4252]: compile_file: /system/etc/seccomp_policy/crash_dump.arm.policy(31): syscall munmap redefined here
06-25 22:02:55.361  4252  4252 W android.hardware.media.omx@1.0-service: libminijail[4252]: compile_file: <fd>(27): previous definition here
06-25 22:02:55.361  4252  4252 W android.hardware.media.omx@1.0-service: libminijail[4252]: compile_file: /system/etc/seccomp_policy/crash_dump.arm.policy(32): syscall getuid32 redefined here
06-25 22:02:55.361  4252  4252 W android.hardware.media.omx@1.0-service: libminijail[4252]: compile_file: <fd>(34): previous definition here
06-25 22:02:55.361  4252  4252 W android.hardware.media.omx@1.0-service: libminijail[4252]: compile_file: /system/etc/seccomp_policy/crash_dump.arm.policy(33): syscall fstat64 redefined here
06-25 22:02:55.361  4252  4252 W android.hardware.media.omx@1.0-service: libminijail[4252]: compile_file: <fd>(35): previous definition here
06-25 22:02:55.361  4252  4252 W android.hardware.media.omx@1.0-service: libminijail[4252]: compile_file: /system/etc/seccomp_policy/crash_dump.arm.policy(34): syscall mmap2 redefined here
06-25 22:02:55.361  4252  4252 W android.hardware.media.omx@1.0-service: libminijail[4252]: compile_file: <fd>(14): previous definition here
06-25 22:02:55.363  4252  4252 W android.hardware.media.omx@1.0-service: libminijail[4252]: compile_file: <fd>(65): syscall readlinkat redefined here
06-25 22:02:55.363  4252  4252 W android.hardware.media.omx@1.0-service: libminijail[4252]: compile_file: <fd>(39): previous definition here
06-25 22:02:55.363  4252  4252 W android.hardware.media.omx@1.0-service: libminijail[4252]: compile_file: <fd>(66): syscall pread64 redefined here
06-25 22:02:55.363  4252  4252 W android.hardware.media.omx@1.0-service: libminijail[4252]: compile_file: <fd>(37): previous definition here
06-25 22:02:55.363  4252  4252 W android.hardware.media.omx@1.0-service: libminijail[4252]: compile_file: <fd>(70): syscall getdents64 redefined here
06-25 22:02:55.363  4252  4252 W android.hardware.media.omx@1.0-service: libminijail[4252]: compile_file: <fd>(58): previous definition here
06-25 22:02:55.363  4252  4252 W android.hardware.media.omx@1.0-service: libminijail[4252]: compile_file: <fd>(73): syscall _llseek redefined here
06-25 22:02:55.364  4252  4252 W android.hardware.media.omx@1.0-service: libminijail[4252]: compile_file: <fd>(51): previous definition here
06-25 22:02:55.364  4252  4252 W android.hardware.media.omx@1.0-service: libminijail[4252]: logging seccomp filter failures
06-25 22:02:55.364  4252  4252 D ProcessState: Binder ioctl to enable oneway spam detection failed: Invalid argument
06-25 22:02:55.365  4252  4252 D hw-ProcessState: Binder ioctl to enable oneway spam detection failed: Invalid argument
06-25 22:02:55.391  3819  4300 W libc    : Unable to set property "ctl.interface_start" to "aidl/package_native": error code: 0x20
06-25 22:02:55.391  3819  4300 I servicemanager: Tried to start aidl service package_native as a lazy service, but was unable to. Usually this happens when a service is not installed, but if the service is intended to be used as a lazy service, then it may be configured incorrectly.
06-25 22:02:55.416  4186  4186 I MsDisplayAdapterWraper: mesonDisplayAdater_ops enter
06-25 22:02:55.424  4186  4186 I VideoTunnelDisplay: videoTunnelLibInit ok
06-25 22:02:55.424  4186  4186 V VideoTunnelDisplay: ctor videotunnel_ops
06-25 22:02:55.425  4097  4097 I zygote  : fcntl(F_ADD_SEALS) failed: Invalid argument, no memfd support.
06-25 22:02:55.425  4097  4097 I zygote  : Falling back to ashmem implementation for JIT zygote mapping
06-25 22:02:55.426  4163  4163 W HidlServiceManagement: Waited one second for vendor.amlogic.hardware.hdmicec@1.0::IDroidHdmiCEC/default
06-25 22:02:55.427  3820  3820 I hw-BpHwBinder: onLastStrongRef automatically unlinking death recipients
06-25 22:02:55.428  4163  4163 I hdmicecd-client: Link to hdmi cec daemon service death notification successful
06-25 22:02:55.428  4163  4163 I hdmicecd-client: open cec device fd:6
06-25 22:02:55.430  4163  4163 I HidlServiceManagement: Registered android.hardware.tv.cec@1.0::IHdmiCec/default
06-25 22:02:55.431  4163  4163 I HidlServiceManagement: Removing namespace from process name android.hardware.tv.cec@1.0-service to cec@1.0-service.
06-25 22:02:55.431  4163  4163 I LegacySupport: Registration complete for android.hardware.tv.cec@1.0::IHdmiCec/default.
06-25 22:02:55.432  4186  4186 W vendor.skyworth: type=1400 audit(0.0:35): avc: denied { search } for name="codec_mm" dev="sysfs" ino=7395 scontext=u:r:stbmedia:s0 tcontext=u:object_r:sysfs_mm:s0 tclass=dir permissive=0
06-25 22:02:55.438     0     0 I [   11.326952@3]- resman: 2 appname:secmem, type=3
06-25 22:02:55.435  4186  4186 E secmem_tz: [Secure_Load:1588] 
06-25 22:02:55.435  4186  4186 E secmem_tz: MM-module-name:Secmem libsecmem,Version:2.2.28-gdcb041d(build:1879)
06-25 22:02:55.435  4257  4257 I mediaswcodec: media swcodec service starting
06-25 22:02:55.452     0     0 W         : [   11.343273@3]- avc open
06-25 22:02:55.435  4186  4186 E secmem_tz: [Secure_Check_Resm_tvp_support:609] secmem support resmanager tvp
06-25 22:02:55.449  4252  4252 I omx_core: OMX_Init 66 gInitCount=1
06-25 22:02:55.449  4252  4252 V AML_all_components: 
06-25 22:02:55.449  4252  4252 V AML_all_components: --------------------------------
06-25 22:02:55.449  4252  4252 V AML_all_components: ARCH = arm
06-25 22:02:55.449  4252  4252 V AML_all_components: Author:aml.sh multi-media team
06-25 22:02:55.449  4252  4252 V AML_all_components: Branch name:   * (HEAD detached at ff578ed)
06-25 22:02:55.449  4252  4252 V AML_all_components: Last Commit Info:
06-25 22:02:55.449  4252  4252 V AML_all_components:     commit ff578ed5bbfb653c4a48e1850160c26319fdcc90
06-25 22:02:55.449  4252  4252 V AML_all_components:     Author: chuntian.miao <chuntian.miao@amlogic.com>
06-25 22:02:55.449  4252  4252 V AML_all_components:     Date: Mon Jul 25 15:47:12 2022 +0800
06-25 22:02:55.449  4252  4252 V AML_all_components:      audio: CB1 fix dolby decoder crash issue for specific file [1/1]
06-25 22:02:55.449  4252  4252 V AML_all_components:      PD#OTT-32452
06-25 22:02:55.449  4252  4252 V AML_all_components:      Change-Id: Idb9334a858d651f5de28bda449f0c12af826a7d6
06-25 22:02:55.449  4252  4252 V AML_all_components: Uncommitted-file-num:1
06-25 22:02:55.449  4252  4252 V AML_all_components: Build-time:     Wed Aug 10 10:57:08 CST 2022
06-25 22:02:55.449  4252  4252 V AML_all_components: Build-name:     drm.autobuild
06-25 22:02:55.449  4252  4252 V AML_all_components: Version:    2.1.17-gff578ed(build:1985)
06-25 22:02:55.449  4252  4252 V AML_all_components: --------------------------------
06-25 22:02:55.449  4252  4252 V OmxComponentManagerImpl: loadLibrary:517 Loading OMX library libOmxVideo.so.
06-25 22:02:55.450  4252  4252 I omx_video: support video layer1 layer_cap=707
06-25 22:02:55.450  4252  4252 D omx_video: use omx2, skip omx video_decoder.avc
06-25 22:02:55.451  4252  4252 D omx_video: registerFactory for 1 OMX.amlogic.avc.decoder.awesome2
06-25 22:02:55.451  4252  4252 D omx_video: use omx2, skip omx video_decoder.hevc
06-25 22:02:55.451  4252  4252 D omx_video: registerFactory for 3 OMX.amlogic.hevc.decoder.awesome2
06-25 22:02:55.451  4252  4252 D omx_video: use omx2, skip omx video_decoder.hevc
06-25 22:02:55.451  4252  4252 E omx_video: here OMX.amlogic.hevc.decoder.awesome2.secure 1
06-25 22:02:55.451  4252  4252 D omx_video: registerFactory for 5 OMX.amlogic.hevc.decoder.awesome2.secure
06-25 22:02:55.451  4252  4252 D omx_video: use omx2, skip omx video_decoder.avc
06-25 22:02:55.451  4252  4252 E omx_video: here OMX.amlogic.avc.decoder.awesome2.secure 1
06-25 22:02:55.451  4252  4252 D omx_video: registerFactory for 7 OMX.amlogic.avc.decoder.awesome2.secure
06-25 22:02:55.451  4252  4252 E omx_video: here OMX.amlogic.avc.decoder.awesome.hdcp.secure 1
06-25 22:02:55.451  4252  4252 D omx_video: registerFactory for 8 OMX.amlogic.avc.decoder.awesome.hdcp.secure
06-25 22:02:55.451  4252  4252 E omx_video: here OMX.amlogic.avc.decoder.awesome2.hdcp.secure 1
06-25 22:02:55.451  4252  4252 D omx_video: registerFactory for 9 OMX.amlogic.avc.decoder.awesome2.hdcp.secure
06-25 22:02:55.451  4252  4252 D omx_video: use omx2, skip omx video_decoder.mpeg4
06-25 22:02:55.451  4252  4252 D omx_video: registerFactory for 11 OMX.amlogic.mpeg4.decoder.awesome2
06-25 22:02:55.451  4252  4252 D omx_video: use omx2, skip omx video_decoder.mpeg2
06-25 22:02:55.451  4252  4252 D omx_video: registerFactory for 13 OMX.amlogic.mpeg2.decoder.awesome2
06-25 22:02:55.451  4252  4252 E omx_video: here OMX.amlogic.mpeg2.decoder.awesome.secure 1
06-25 22:02:55.451  4252  4252 D omx_video: registerFactory for 14 OMX.amlogic.mpeg2.decoder.awesome.secure
06-25 22:02:55.451  4252  4252 D omx_video: use omx2, skip omx video_decoder.mjpeg
06-25 22:02:55.451  4252  4252 D omx_video: registerFactory for 16 OMX.amlogic.mjpeg.decoder.awesome2
06-25 22:02:55.451  4252  4252 D omx_video: registerFactory for 17 OMX.amlogic.wmv3.decoder.awesome
06-25 22:02:55.451  4252  4252 D omx_video: registerFactory for 18 OMX.amlogic.mswmv3.decoder.awesome
06-25 22:02:55.451  4252  4252 D omx_video: registerFactory for 19 OMX.amlogic.vc1.decoder.awesome
06-25 22:02:55.451  4252  4252 D omx_video: registerFactory for 20 OMX.amlogic.wvc1.decoder.awesome
06-25 22:02:55.451  4252  4252 D omx_video: registerFactory for 21 OMX.amlogic.avs.decoder.awesome
06-25 22:02:55.451  4252  4252 D omx_video: registerFactory for 22 OMX.amlogic.avs2.decoder.awesome
06-25 22:02:55.451  4252  4252 D omx_video: registerFactory for 23 OMX.amlogic.h263.decoder.awesome
06-25 22:02:55.452  4252  4252 D omx_video: use omx2, skip omx video_decoder.vp9
06-25 22:02:55.452  4252  4252 D omx_video: registerFactory for 25 OMX.amlogic.vp9.decoder.awesome2
06-25 22:02:55.452  4252  4252 D omx_video: use omx2, skip omx video_decoder.vp9
06-25 22:02:55.452  4252  4252 E omx_video: here OMX.amlogic.vp9.decoder.awesome2.secure 1
06-25 22:02:55.463     0     0 W         : [   11.343283@3]- amvenc_avc  check CMA pool success, max instance: 3.
06-25 22:02:55.463     0     0 W         : [   11.344027@3]- allocating phys 0x58c00000, size 20480k, wq:ffffffc044877000.
06-25 22:02:55.463     0     0 W         : [   11.344035@3]- amvenc_avc  memory config success, buff start:0x58c00000, size is 0x1400000, wq:ffffffc044877000.
06-25 22:02:55.463     0     0 W         : [   11.344140@3]- avc release, wq:ffffffc044877000
06-25 22:02:55.463     0     0 W         : [   11.344149@3]- remove  encode_work_queue ffffffc044877000 success, _destroy_encode_work_queue line 3960.
06-25 22:02:55.463     0     0 W         : [   11.345333@3]- [+] vpu_open
06-25 22:02:55.463     0     0 W         : [   11.347607@3]- allocating phys 0x58c00000, virt addr 0x0, size 65536k
06-25 22:02:55.463     0     0 D         : [   11.347888@3]- the vdec            clock on, ref cnt: 1
06-25 22:02:55.463     0     0 W         : [   11.347914@3]- [-] vpu_open, ret: 0
06-25 22:02:55.463     0     0 W         : [   11.348036@3]- vpu_release
06-25 22:02:55.463     0     0 W         : [   11.348040@3]- vpu_free_buffers
06-25 22:02:55.463     0     0 W         : [   11.348043@3]- vpu_free_instances
06-25 22:02:55.463     0     0 W         : [   11.348047@3]- vpu_release, s_video_memory 0x58c00000
06-25 22:02:55.463     0     0 D         : [   11.351465@3]- the vdec            clock off, ref cnt: 0
06-25 22:02:55.452  4252  4252 D omx_video: registerFactory for 27 OMX.amlogic.vp9.decoder.awesome2.secure
06-25 22:02:55.453  4257  4257 W mediaswcodec: libminijail[4257]: failed to get path of fd 5: No such file or directory
06-25 22:02:55.453  4252  4252 D omx_video: get avc encoder max instance number: 3
06-25 22:02:55.453  4257  4257 W mediaswcodec: libminijail[4257]: allowing syscall: clock_gettime
06-25 22:02:55.453  4257  4257 W mediaswcodec: libminijail[4257]: allowing syscall: connect
06-25 22:02:55.453  4257  4257 W mediaswcodec: libminijail[4257]: allowing syscall: fcntl64
06-25 22:02:55.453  4257  4257 W mediaswcodec: libminijail[4257]: allowing syscall: socket
06-25 22:02:55.453  4257  4257 W mediaswcodec: libminijail[4257]: allowing syscall: writev
06-25 22:02:55.454  4252  4252 D omx_video: gFactories[i].num for OMX.amlogic.video.encoder.avc is 3
06-25 22:02:55.454  4252  4252 D omx_video: registerFactory for 28 OMX.amlogic.video.encoder.avc
06-25 22:02:55.454  4257  4257 W mediaswcodec: libminijail[4257]: compile_file: <fd>(71): syscall futex redefined here
06-25 22:02:55.456  4257  4257 W mediaswcodec: libminijail[4257]: compile_file: <fd>(15): previous definition here
06-25 22:02:55.456  4252  4252 E omx_video: set hevc encoder max inst = 1
06-25 22:02:55.460  4252  4252 D omx_video: gFactories[i].num for OMX.amlogic.video.encoder.hevc is 1
06-25 22:02:55.460  4252  4252 D omx_video: registerFactory for 29 OMX.amlogic.video.encoder.hevc
06-25 22:02:55.460  4252  4252 V OmxComponentManagerImpl: loadLibrary:517 Loading OMX library libOmxAudio.so.
06-25 22:02:55.464  4257  4257 W mediaswcodec: libminijail[4257]: compile_file: <fd>(90): syscall clock_gettime redefined here
06-25 22:02:55.464  4257  4257 W mediaswcodec: libminijail[4257]: compile_file: <fd>(70): previous definition here
06-25 22:02:55.464  4257  4257 W mediaswcodec: libminijail[4257]: compile_file: <fd>(94): syscall writev redefined here
06-25 22:02:55.464  4257  4257 W mediaswcodec: libminijail[4257]: compile_file: <fd>(38): previous definition here
06-25 22:02:55.464  4257  4257 W mediaswcodec: libminijail[4257]: compile_file: <fd>(95): syscall madvise redefined here
06-25 22:02:55.464  4257  4257 W mediaswcodec: libminijail[4257]: compile_file: <fd>(66): previous definition here
06-25 22:02:55.465  4257  4257 W mediaswcodec: libminijail[4257]: logging seccomp filter failures
06-25 22:02:55.465  4186  4186 I secmem_tz: secmem initialized success 0xf288d894
06-25 22:02:55.469  4257  4257 D hw-ProcessState: Binder ioctl to enable oneway spam detection failed: Invalid argument
06-25 22:02:55.469  4257  4257 I CodecServiceRegistrant: Creating software Codec2 service...
06-25 22:02:55.470     0     0 I [   11.360452@1]- binder: 4257:4257 ioctl 40046210 ffc7ace0 returned -22
06-25 22:02:55.474  4252  4252 D omx_audio: OmxModuleInit 150, registerFactory, name[0]:OMX.amlogic.audio.decoder.ac3  num:0
06-25 22:02:55.474  4252  4252 D omx_audio: OmxModuleInit 150, registerFactory, name[1]:OMX.amlogic.audio.decoder.eac3  num:0
06-25 22:02:55.474  4252  4252 D omx_audio: OmxModuleInit 150, registerFactory, name[6]:OMX.amlogic.audio.decoder.mp2  num:0
06-25 22:02:55.474  4252  4252 D omx_audio: OmxModuleInit 150, registerFactory, name[7]:OMX.amlogic.audio.decoder.ffmpeg  num:0
06-25 22:02:55.474  4252  4252 D omx_audio: OmxModuleInit 150, registerFactory, name[8]:OMX.amlogic.audio.decoder.dts  num:0
06-25 22:02:55.474  4252  4252 D omx_audio: OmxModuleInit 150, registerFactory, name[9]:OMX.amlogic.audio.decoder.dtshd  num:0
06-25 22:02:55.474  4252  4252 D omx_audio: OmxModuleInit 150, registerFactory, name[10]:OMX.amlogic.audio.decoder.dtse  num:0
06-25 22:02:55.474  4252  4252 I omx_core: Core library has 28 components
06-25 22:02:55.474  4252  4252 V AmlogicSoftOMXPlugin: AmlogicSoftOMXPlugin 44
06-25 22:02:55.474  4252  4252 V AmlogicSoftOMXPlugin: Loading vendor omx library.
06-25 22:02:55.485  4257  4257 I HidlServiceManagement: Registered android.hardware.media.c2@1.2::IComponentStore/software
06-25 22:02:55.486  3820  3820 I hwservicemanager: getTransport: Cannot find entry android.hardware.media.c2@1.0::IComponentStore/default in either framework or device VINTF manifest.
06-25 22:02:55.486  4257  4257 I CodecServiceRegistrant: Preferred Codec2 store is defaulted to "software".
06-25 22:02:55.486  4257  4257 I CodecServiceRegistrant: Software Codec2 service created and registered.
06-25 22:02:55.487  4186  4186 D PORTTING: D[stbmedia,47]:
06-25 22:02:55.487  4186  4186 D PORTTING: 
06-25 22:02:55.487  4186  4186 D PORTTING: 
06-25 22:02:55.487  4186  4186 D PORTTING: 
06-25 22:02:55.487  4186  4186 D PORTTING:  service start XXXXXXXX ==>
06-25 22:02:55.487  4186  4186 I PORTTING: D[Common.cpp,portting_init,214]:==>
06-25 22:02:55.488  4186  4186 D SKHDI   : [sk_hdi_bsp_init,206]: HDI_BSP==>
06-25 22:02:55.488  4186  4186 D SKAPI   : [sk_task_create,296]: create the task: TickCB priority: 64 sk_pid: 1
06-25 22:02:55.488  4186  4186 I Aml_MP  : AMP [Aml_MP_Initialize:36] 
06-25 22:02:55.488  4186  4186 D SKHDI   : [sk_hdi_bsp_init,216]: AML_MP Version:0x20000-AML_MP v2.0
06-25 22:02:55.488  4186  4186 D SKAPI   : [sk_task_create,296]: create the task: sk_bsp_task priority: 64 sk_pid: 2
06-25 22:02:55.488  4186  4186 D SKHDI   : [sk_hdi_bsp_init,227]: HDI_BSP<==
06-25 22:02:55.488  4186  4186 I SKHDI   : HDI_DMD:[sk_hdi_dmd_init 93] ==> 
06-25 22:02:55.488  4186  4186 I SKHDI   : [sk_hdi_dmd_init,144]: Init FRONTEND_MXL248
06-25 22:02:55.488  4186  4186 I SKHDI   : [sk_hdi_dmd_drv_cab_mxl248_init,324]: sk_hdi_dmd_drv_cab_mxl248_init
06-25 22:02:55.490  4252  4252 V AmlogicSoftOMXPlugin: getNumOfComponent 180
06-25 22:02:55.490  4252  4252 V AmlogicSoftOMXPlugin: enumerateComponents 123
06-25 22:02:55.490  4252  4252 V AmlogicSoftOMXPlugin: enumerateComponents 123
06-25 22:02:55.490  4252  4252 V AmlogicSoftOMXPlugin: enumerateComponents 123
06-25 22:02:55.490  4252  4252 V AmlogicSoftOMXPlugin: enumerateComponents 123
06-25 22:02:55.490  4252  4252 V AmlogicSoftOMXPlugin: enumerateComponents 123
06-25 22:02:55.490  4252  4252 V AmlogicSoftOMXPlugin: enumerateComponents 123
06-25 22:02:55.490  4252  4252 V AmlogicSoftOMXPlugin: enumerateComponents 123
06-25 22:02:55.490  4252  4252 V AmlogicSoftOMXPlugin: enumerateComponents 123
06-25 22:02:55.490  4252  4252 V AmlogicSoftOMXPlugin: enumerateComponents 123
06-25 22:02:55.490  4252  4252 V AmlogicSoftOMXPlugin: enumerateComponents 123
06-25 22:02:55.490  4252  4252 V AmlogicSoftOMXPlugin: enumerateComponents 123
06-25 22:02:55.490  4252  4252 V AmlogicSoftOMXPlugin: enumerateComponents 123
06-25 22:02:55.499  4186  4186 I SKHDI   : Host Debug logs Disabled 
06-25 22:02:55.499  4186  4186 I SKHDI   : 
06-25 22:02:55.499  4186  4186 I SKHDI   : [MxL_EAGLE_Oem_Init,226]: MXL248 reset_gpio [498], I2C channel:2, i2c add:0xc6
06-25 22:02:55.502  4186  4313 D SKAPI   : [wrap_task_fun,111]: the task_name: sk_bsp_task task_id: 4313 task_pro: 64 pro: 0 thread_id: 4313
06-25 22:02:55.502  4186  4313 D SKHDI   : [bsp_task,62]: task ==>
06-25 22:02:55.502  4252  4252 I SoftOMXPlugin: createOMXPlugin
06-25 22:02:55.502  4186  4312 D SKAPI   : [wrap_task_fun,111]: the task_name: TickCB task_id: 4312 task_pro: 64 pro: 0 thread_id: 4312
06-25 22:02:55.503  4252  4252 W libc    : Access denied finding property "ro.media.xml_variant.codecs_ext"
06-25 22:02:55.505  4252  4252 D MediaCodecsXmlParser: parsing /vendor/etc/media_codecs_ext.xml...
06-25 22:02:55.506  4242  4242 I MediaExtractorFactory: plugin directory not present (/system_ext/lib/extractors)
06-25 22:02:55.508  4252  4252 D MediaCodecsXmlParser: parsing /vendor/etc/media_codecs.xml...
06-25 22:02:55.500  4252  4252 W android.hardwar: type=1400 audit(0.0:36): avc: denied { read } for name="u:object_r:default_prop:s0" dev="tmpfs" ino=1393 scontext=u:r:mediacodec:s0 tcontext=u:object_r:default_prop:s0 tclass=file permissive=0
06-25 22:02:55.525     0     0 I         : [   11.413042@1]- aml_tdm_open
06-25 22:02:55.530     0     0 D [   11.420368@1]- audio_ddr_mngr: toddrs[0] registered by device ff642000.audiobus:tdmc
06-25 22:02:55.531     0     0 E [   11.420387@1]- ASoC: multicodec <-> TDM-C No matching channels
06-25 22:02:55.531     0     0 D [   11.420531@1]- audio_ddr_mngr: toddrs[0] released by device ff642000.audiobus:tdmc
06-25 22:02:55.531     0     0 I         : [   11.420863@1]- loopback_dai_startup
06-25 22:02:55.541     0     0 D [   11.426003@1]- audio_ddr_mngr: toddrs[0] registered by device ff642000.audiobus:loopback@0
06-25 22:02:55.541     0     0 I         : [   11.426369@1]- loopback_dai_shutdown
06-25 22:02:55.541     0     0 D [   11.426670@1]- audio_ddr_mngr: toddrs[0] released by device ff642000.audiobus:loopback@0
06-25 22:02:55.516  4111  4111 D audio_hw_primary: adev_open: enter
06-25 22:02:55.516  4252  4252 D MediaCodecsXmlParser: parsing /vendor/etc/media_codecs_ext.xml...
06-25 22:02:55.517  4111  4111 I WT_Hardware: Kehwin audio :20190308
06-25 22:02:55.517  4252  4252 D MediaCodecsXmlParser: MediaCodec: cannot add existing codec: OMX.amlogic.mjpeg.decoder.awesome2 at line 115 of /vendor/etc/media_codecs_ext.xml
06-25 22:02:55.517  4252  4252 D MediaCodecsXmlParser: MediaCodec: cannot add existing codec: OMX.amlogic.avs.decoder.awesome at line 124 of /vendor/etc/media_codecs_ext.xml
06-25 22:02:55.517  4252  4252 D MediaCodecsXmlParser: MediaCodec: cannot add existing codec: OMX.amlogic.vp6a.decoder.sw at line 141 of /vendor/etc/media_codecs_ext.xml
06-25 22:02:55.517  4111  4111 I WT_Hardware: initAudio isUseGoogleVoice:1
06-25 22:02:55.517  4252  4252 D MediaCodecsXmlParser: MediaCodec: cannot add existing codec: OMX.amlogic.vp6f.decoder.sw at line 142 of /vendor/etc/media_codecs_ext.xml
06-25 22:02:55.517  4252  4252 D MediaCodecsXmlParser: MediaCodec: cannot add existing codec: OMX.amlogic.audio.decoder.ffmpeg at line 160 of /vendor/etc/media_codecs_ext.xml
06-25 22:02:55.517  4252  4252 D MediaCodecsXmlParser: MediaCodec: cannot add existing codec: OMX.amlogic.audio.decoder.dts at line 163 of /vendor/etc/media_codecs_ext.xml
06-25 22:02:55.517  4252  4252 D MediaCodecsXmlParser: MediaCodec: cannot add existing codec: OMX.amlogic.audio.decoder.dtshd at line 168 of /vendor/etc/media_codecs_ext.xml
06-25 22:02:55.517  4252  4252 D MediaCodecsXmlParser: MediaCodec: cannot add existing codec: OMX.amlogic.audio.decoder.dtse at line 173 of /vendor/etc/media_codecs_ext.xml
06-25 22:02:55.518  4252  4252 I MediaCodecsXmlParser: Did not find media_codecs_ext.xml.xml in search path
06-25 22:02:55.518  4252  4252 D MediaCodecsXmlParser: parsing /vendor/etc/media_codecs_ext.xml...
06-25 22:02:55.518  4111  4111 D AudioALSADeviceParser: card open success
06-25 22:02:55.518  4111  4111 D AudioALSADeviceParser: 	current mCardIndex = 0, Rch =  0 
06-25 22:02:55.518  4111  4111 D AudioALSADeviceParser: 	current sound card name = AMLAUGESOUND
06-25 22:02:55.518  4111  4111 D AudioALSADeviceParser: 	 auge sound cardIndex found = 0
06-25 22:02:55.518  4111  4111 D AudioALSADeviceParser: reach EOF
06-25 22:02:55.518  4111  4111 D AudioALSADeviceParser: alsa_device_get_card_index() parse card index:0
06-25 22:02:55.518  4252  4252 D MediaCodecsXmlParser: MediaCodec: cannot add existing codec: OMX.amlogic.mjpeg.decoder.awesome2 at line 115 of /vendor/etc/media_codecs_ext.xml
06-25 22:02:55.518  4252  4252 D MediaCodecsXmlParser: MediaCodec: cannot add existing codec: OMX.amlogic.avs.decoder.awesome at line 124 of /vendor/etc/media_codecs_ext.xml
06-25 22:02:55.518  4252  4252 D MediaCodecsXmlParser: MediaCodec: cannot add existing codec: OMX.amlogic.vp6a.decoder.sw at line 141 of /vendor/etc/media_codecs_ext.xml
06-25 22:02:55.518  4252  4252 D MediaCodecsXmlParser: MediaCodec: cannot add existing codec: OMX.amlogic.vp6f.decoder.sw at line 142 of /vendor/etc/media_codecs_ext.xml
06-25 22:02:55.518  4252  4252 D MediaCodecsXmlParser: MediaCodec: cannot add existing codec: OMX.amlogic.audio.decoder.ffmpeg at line 160 of /vendor/etc/media_codecs_ext.xml
06-25 22:02:55.518  4252  4252 D MediaCodecsXmlParser: MediaCodec: cannot add existing codec: OMX.amlogic.audio.decoder.dts at line 163 of /vendor/etc/media_codecs_ext.xml
06-25 22:02:55.518  4252  4252 D MediaCodecsXmlParser: MediaCodec: cannot add existing codec: OMX.amlogic.audio.decoder.dtshd at line 168 of /vendor/etc/media_codecs_ext.xml
06-25 22:02:55.518  4252  4252 D MediaCodecsXmlParser: MediaCodec: cannot add existing codec: OMX.amlogic.audio.decoder.dtse at line 173 of /vendor/etc/media_codecs_ext.xml
06-25 22:02:55.521  4111  4315 D AudioHAL:AudioHotplugThread: AudioHotplugThread::getDeviceInfo opening /dev/snd/pcmC0D2c
06-25 22:02:55.522  4111  4111 W audio_route: Control 'SPK mute' doesn't exist - skipping
06-25 22:02:55.523  4111  4111 W audio_route: Control 'SPK mute' doesn't exist - skipping
06-25 22:02:55.523  4111  4111 D audio_eq_drc_compensation: eq_drc_init: device num = 2
06-25 22:02:55.523  4111  4111 D audio_eq_drc_compensation: get_model_name: Model Name -> 
06-25 22:02:55.524  4111  4111 D IniParser: IniParser, entering...
06-25 22:02:55.524  4111  4111 D IniParser: parse, entering...
06-25 22:02:55.524  4111  4111 D audio_eq_drc_parser: handle_audio_sum_ini, INI load file error, use default file
06-25 22:02:55.524  4111  4111 D audio_eq_drc_parser: handle_audio_sum_ini, INI File -> /odm/etc/tvconfig/audio/AMLOGIC_SOC_DEFAULT.ini
06-25 22:02:55.524  4111  4111 D IniParser: ~IniParser, entering...
06-25 22:02:55.524  4111  4111 D IniParser: free, entering...
06-25 22:02:55.524  4111  4111 D IniParser: fun_name = free
06-25 22:02:55.524  4111  4111 D IniParser: fun_name = printNewMemND, fun_name = , total_cnt = 0
06-25 22:02:55.524  4111  4111 D IniParser: fun_name = free
06-25 22:02:55.524  4111  4111 D IniParser: fun_name = printDelMemND, fun_name = , total_cnt = 0
06-25 22:02:55.529  4111  4315 E AudioHAL:AudioHotplugThread: AudioHotplugThread::getDeviceInfo open failed for /dev/snd/pcmC0D2c
06-25 22:02:55.529  4111  4315 D AudioHAL:AudioHotplugThread: AudioHotplugThread::getDeviceInfo opening /dev/snd/pcmC0D6c
06-25 22:02:55.535  4111  4315 D AudioHAL:AudioHotplugThread: AudioHotplugThread get_alsa_card_name returned 13, AMLAUGESOUND
06-25 22:02:55.535  4252  4252 D MediaCodecsXmlParser: parsing /vendor/etc/media_codecs_performance.xml...
06-25 22:02:55.536  4111  4315 D AudioHAL:AudioHotplugThread: AudioHotplugThread::getDeviceInfo opening /dev/snd/pcmC0D3c
06-25 22:02:55.537  4111  4111 D IniParser: IniParser, entering...
06-25 22:02:55.537  4111  4111 D IniParser: parse, entering...
06-25 22:02:55.537  4252  4252 D MediaCodecsXmlParser: MediaCodec: cannot update non-existing codec: c2.android.h263.encoder at line 41 of /vendor/etc/media_codecs_performance.xml
06-25 22:02:55.537  4252  4252 D MediaCodecsXmlParser: MediaCodec: cannot update non-existing codec: c2.android.mpeg4.encoder at line 44 of /vendor/etc/media_codecs_performance.xml
06-25 22:02:55.538  4252  4252 D MediaCodecsXmlParser: MediaCodec: cannot update non-existing codec: c2.android.avc.encoder at line 47 of /vendor/etc/media_codecs_performance.xml
06-25 22:02:55.538  4111  4111 D audio_eq_drc_parser: handle_audio_eq_drc_ini, ini load file error!
06-25 22:02:55.538  4111  4111 D IniParser: ~IniParser, entering...
06-25 22:02:55.538  4252  4252 D MediaCodecsXmlParser: MediaCodec: cannot update non-existing codec: c2.android.vp8.encoder at line 53 of /vendor/etc/media_codecs_performance.xml
06-25 22:02:55.538  4111  4111 D IniParser: free, entering...
06-25 22:02:55.538  4111  4111 D IniParser: fun_name = free
06-25 22:02:55.538  4111  4111 D IniParser: fun_name = printNewMemND, fun_name = , total_cnt = 0
06-25 22:02:55.538  4111  4111 D IniParser: fun_name = free
06-25 22:02:55.538  4111  4111 D IniParser: fun_name = printDelMemND, fun_name = , total_cnt = 0
06-25 22:02:55.538  4111  4111 E audio_eq_drc_compensation: eq_drc_init: Get device 0  EQ&DRC config failed
06-25 22:02:55.538  4252  4252 D MediaCodecsXmlParser: MediaCodec: cannot update non-existing codec: OMX.google.h264.decoder at line 159 of /vendor/etc/media_codecs_performance.xml
06-25 22:02:55.539  4111  4111 I audio_hw_primary: aml_audio_output_routing: outport OUTPORT_SPEAKER already exists, do nothing
06-25 22:02:55.540  4111  4111 I audio_hw_primary: detect_dolby_lib_type, failed to load libdolbyms12 lib dlopen failed: library "/vendor/lib/libdolbyms12.so" not found
06-25 22:02:55.542  4252  4252 D MediaCodecsXmlParser: MediaCodec: cannot update non-existing codec: c2.android.h263.decoder at line 186 of /vendor/etc/media_codecs_performance.xml
06-25 22:02:55.542  4252  4252 D MediaCodecsXmlParser: MediaCodec: cannot update non-existing codec: c2.android.mpeg4.decoder at line 190 of /vendor/etc/media_codecs_performance.xml
06-25 22:02:55.543  4252  4252 D MediaCodecsXmlParser: MediaCodec: cannot update non-existing codec: c2.android.vp8.decoder at line 193 of /vendor/etc/media_codecs_performance.xml
06-25 22:02:55.543  4252  4252 D MediaCodecsXmlParser: MediaCodec: cannot update non-existing codec: c2.android.vp9.decoder at line 198 of /vendor/etc/media_codecs_performance.xml
06-25 22:02:55.543  4252  4252 D MediaCodecsXmlParser: MediaCodec: cannot update non-existing codec: c2.android.hevc.decoder at line 204 of /vendor/etc/media_codecs_performance.xml
06-25 22:02:55.544  4252  4252 D MediaCodecsXmlParser: MediaCodec: cannot update non-existing codec: c2.android.avc.decoder at line 211 of /vendor/etc/media_codecs_performance.xml
06-25 22:02:55.544  4252  4252 D MediaCodecsXmlParser: MediaCodec: cannot update non-existing codec: OMX.amlogic.vp8.decoder.sw at line 217 of /vendor/etc/media_codecs_performance.xml
06-25 22:02:55.545  4252  4252 D MediaCodecsXmlParser: parsing /vendor/etc/media_codecs_ext.xml...
06-25 22:02:55.545  4252  4252 D MediaCodecsXmlParser: MediaCodec: cannot add existing codec: OMX.amlogic.mjpeg.decoder.awesome2 at line 115 of /vendor/etc/media_codecs_ext.xml
06-25 22:02:55.545  4252  4252 D MediaCodecsXmlParser: MediaCodec: cannot add existing codec: OMX.amlogic.avs.decoder.awesome at line 124 of /vendor/etc/media_codecs_ext.xml
06-25 22:02:55.545  4252  4252 D MediaCodecsXmlParser: MediaCodec: cannot add existing codec: OMX.amlogic.vp6a.decoder.sw at line 141 of /vendor/etc/media_codecs_ext.xml
06-25 22:02:55.546  4252  4252 D MediaCodecsXmlParser: MediaCodec: cannot add existing codec: OMX.amlogic.vp6f.decoder.sw at line 142 of /vendor/etc/media_codecs_ext.xml
06-25 22:02:55.546  4252  4252 D MediaCodecsXmlParser: MediaCodec: cannot add existing codec: OMX.amlogic.audio.decoder.ffmpeg at line 160 of /vendor/etc/media_codecs_ext.xml
06-25 22:02:55.546  4252  4252 D MediaCodecsXmlParser: MediaCodec: cannot add existing codec: OMX.amlogic.audio.decoder.dts at line 163 of /vendor/etc/media_codecs_ext.xml
06-25 22:02:55.546  4252  4252 D MediaCodecsXmlParser: MediaCodec: cannot add existing codec: OMX.amlogic.audio.decoder.dtshd at line 168 of /vendor/etc/media_codecs_ext.xml
06-25 22:02:55.558     0     0 D [   11.449560@2]- audio_ddr_mngr: toddrs[0] registered by device ff642000.audiobus:pdm
06-25 22:02:55.546  4252  4252 D MediaCodecsXmlParser: MediaCodec: cannot add existing codec: OMX.amlogic.audio.decoder.dtse at line 173 of /vendor/etc/media_codecs_ext.xml
06-25 22:02:55.550  4252  4252 I MediaCodecsXmlParser: Did not find media_codecs_shaping.xml in search path
06-25 22:02:55.554  4252  4252 I HidlServiceManagement: Registered android.hardware.media.omx@1.0::IOmx/default
06-25 22:02:55.555  4252  4252 I HidlServiceManagement: Removing namespace from process name android.hardware.media.omx@1.0-service to omx@1.0-service.
06-25 22:02:55.556  4252  4252 I android.hardware.media.omx@1.0-service: IOmx HAL service created.
06-25 22:02:55.556  4252  4252 V AmlogicSoftOMXPlugin: getRolesOfComponent 133
06-25 22:02:55.557  4252  4252 V AmlogicSoftOMXPlugin: getRolesOfComponent 133
06-25 22:02:55.557  4252  4252 V AmlogicSoftOMXPlugin: getRolesOfComponent 133
06-25 22:02:55.557  4252  4252 V AmlogicSoftOMXPlugin: getRolesOfComponent 133
06-25 22:02:55.557  4252  4252 V AmlogicSoftOMXPlugin: getRolesOfComponent 133
06-25 22:02:55.557  4252  4252 V AmlogicSoftOMXPlugin: getRolesOfComponent 133
06-25 22:02:55.557  4252  4252 V AmlogicSoftOMXPlugin: getRolesOfComponent 133
06-25 22:02:55.557  4252  4252 V AmlogicSoftOMXPlugin: getRolesOfComponent 133
06-25 22:02:55.557  4252  4252 V AmlogicSoftOMXPlugin: getRolesOfComponent 133
06-25 22:02:55.557  4252  4252 V AmlogicSoftOMXPlugin: getRolesOfComponent 133
06-25 22:02:55.557  4252  4252 V AmlogicSoftOMXPlugin: getRolesOfComponent 133
06-25 22:02:55.557  4252  4252 V AmlogicSoftOMXPlugin: getRolesOfComponent 133
06-25 22:02:55.558  4252  4252 I OmxStore: omx common prefix: 'OMX.'
06-25 22:02:55.558  4252  4252 D MediaCodecsXmlParser: parsing /vendor/etc/media_codecs_ext.xml...
06-25 22:02:55.558  4111  4315 D AudioHAL:AudioHotplugThread: AudioHotplugThread get_alsa_card_name returned 13, AMLAUGESOUND
06-25 22:02:55.559  4111  4315 D AudioHAL:AudioHotplugThread: AudioHotplugThread::getDeviceInfo opening /dev/snd/pcmC0D0c
06-25 22:02:55.559  4252  4252 D MediaCodecsXmlParser: parsing /vendor/etc/media_codecs.xml...
06-25 22:02:55.560  4111  4315 D AudioHAL:AudioHotplugThread: AudioHotplugThread get_alsa_card_name returned 13, AMLAUGESOUND
06-25 22:02:55.560  4111  4315 D AudioHAL:AudioHotplugThread: AudioHotplugThread::getDeviceInfo opening /dev/snd/pcmC0D1c
06-25 22:02:55.561  4252  4252 D MediaCodecsXmlParser: parsing /vendor/etc/media_codecs_ext.xml...
06-25 22:02:55.561  4252  4252 D MediaCodecsXmlParser: MediaCodec: cannot add existing codec: OMX.amlogic.mjpeg.decoder.awesome2 at line 115 of /vendor/etc/media_codecs_ext.xml
06-25 22:02:55.562  4252  4252 D MediaCodecsXmlParser: MediaCodec: cannot add existing codec: OMX.amlogic.avs.decoder.awesome at line 124 of /vendor/etc/media_codecs_ext.xml
06-25 22:02:55.562  4252  4252 D MediaCodecsXmlParser: MediaCodec: cannot add existing codec: OMX.amlogic.vp6a.decoder.sw at line 141 of /vendor/etc/media_codecs_ext.xml
06-25 22:02:55.562  4252  4252 D MediaCodecsXmlParser: MediaCodec: cannot add existing codec: OMX.amlogic.vp6f.decoder.sw at line 142 of /vendor/etc/media_codecs_ext.xml
06-25 22:02:55.562  4252  4252 D MediaCodecsXmlParser: MediaCodec: cannot add existing codec: OMX.amlogic.audio.decoder.ffmpeg at line 160 of /vendor/etc/media_codecs_ext.xml
06-25 22:02:55.562  4252  4252 D MediaCodecsXmlParser: MediaCodec: cannot add existing codec: OMX.amlogic.audio.decoder.dts at line 163 of /vendor/etc/media_codecs_ext.xml
06-25 22:02:55.562  4252  4252 D MediaCodecsXmlParser: MediaCodec: cannot add existing codec: OMX.amlogic.audio.decoder.dtshd at line 168 of /vendor/etc/media_codecs_ext.xml
06-25 22:02:55.562  4252  4252 D MediaCodecsXmlParser: MediaCodec: cannot add existing codec: OMX.amlogic.audio.decoder.dtse at line 173 of /vendor/etc/media_codecs_ext.xml
06-25 22:02:55.562  4252  4252 I MediaCodecsXmlParser: Did not find media_codecs_ext.xml.xml in search path
06-25 22:02:55.562  4252  4252 D MediaCodecsXmlParser: parsing /vendor/etc/media_codecs_ext.xml...
06-25 22:02:55.569  4111  4111 I audio_hw_primary: detect_dolby_lib_type,FOUND libHwAudio_dcvdec lib (null)
06-25 22:02:55.571  4111  4315 D AudioHAL:AudioHotplugThread: AudioHotplugThread get_alsa_card_name returned 13, AMLAUGESOUND
06-25 22:02:55.572  4111  4315 D AudioHAL:AudioHotplugThread: AudioHotplugThread::getDeviceInfo opening /dev/snd/pcmC0D4c
06-25 22:02:55.572  4111  4315 D AudioHAL:AudioHotplugThread: AudioHotplugThread get_alsa_card_name returned 13, AMLAUGESOUND
06-25 22:02:55.575  4252  4252 D MediaCodecsXmlParser: MediaCodec: cannot add existing codec: OMX.amlogic.mjpeg.decoder.awesome2 at line 115 of /vendor/etc/media_codecs_ext.xml
06-25 22:02:55.575  4252  4252 D MediaCodecsXmlParser: MediaCodec: cannot add existing codec: OMX.amlogic.avs.decoder.awesome at line 124 of /vendor/etc/media_codecs_ext.xml
06-25 22:02:55.575  4252  4252 D MediaCodecsXmlParser: MediaCodec: cannot add existing codec: OMX.amlogic.vp6a.decoder.sw at line 141 of /vendor/etc/media_codecs_ext.xml
06-25 22:02:55.575  4252  4252 D MediaCodecsXmlParser: MediaCodec: cannot add existing codec: OMX.amlogic.vp6f.decoder.sw at line 142 of /vendor/etc/media_codecs_ext.xml
06-25 22:02:55.575  4252  4252 D MediaCodecsXmlParser: MediaCodec: cannot add existing codec: OMX.amlogic.audio.decoder.ffmpeg at line 160 of /vendor/etc/media_codecs_ext.xml
06-25 22:02:55.575  4252  4252 D MediaCodecsXmlParser: MediaCodec: cannot add existing codec: OMX.amlogic.audio.decoder.dts at line 163 of /vendor/etc/media_codecs_ext.xml
06-25 22:02:55.575  4252  4252 D MediaCodecsXmlParser: MediaCodec: cannot add existing codec: OMX.amlogic.audio.decoder.dtshd at line 168 of /vendor/etc/media_codecs_ext.xml
06-25 22:02:55.575  4252  4252 D MediaCodecsXmlParser: MediaCodec: cannot add existing codec: OMX.amlogic.audio.decoder.dtse at line 173 of /vendor/etc/media_codecs_ext.xml
06-25 22:02:55.575  4252  4252 D MediaCodecsXmlParser: parsing /vendor/etc/media_codecs_performance.xml...
06-25 22:02:55.576  4252  4252 D MediaCodecsXmlParser: MediaCodec: cannot update non-existing codec: c2.android.h263.encoder at line 41 of /vendor/etc/media_codecs_performance.xml
06-25 22:02:55.576  4252  4252 D MediaCodecsXmlParser: MediaCodec: cannot update non-existing codec: c2.android.mpeg4.encoder at line 44 of /vendor/etc/media_codecs_performance.xml
06-25 22:02:55.576  4252  4252 D MediaCodecsXmlParser: MediaCodec: cannot update non-existing codec: c2.android.avc.encoder at line 47 of /vendor/etc/media_codecs_performance.xml
06-25 22:02:55.576  4252  4252 D MediaCodecsXmlParser: MediaCodec: cannot update non-existing codec: c2.android.vp8.encoder at line 53 of /vendor/etc/media_codecs_performance.xml
06-25 22:02:55.576  4252  4252 D MediaCodecsXmlParser: MediaCodec: cannot update non-existing codec: OMX.google.h264.decoder at line 159 of /vendor/etc/media_codecs_performance.xml
06-25 22:02:55.577  4252  4252 D MediaCodecsXmlParser: MediaCodec: cannot update non-existing codec: c2.android.h263.decoder at line 186 of /vendor/etc/media_codecs_performance.xml
06-25 22:02:55.577  4252  4252 D MediaCodecsXmlParser: MediaCodec: cannot update non-existing codec: c2.android.mpeg4.decoder at line 190 of /vendor/etc/media_codecs_performance.xml
06-25 22:02:55.577  4252  4252 D MediaCodecsXmlParser: MediaCodec: cannot update non-existing codec: c2.android.vp8.decoder at line 193 of /vendor/etc/media_codecs_performance.xml
06-25 22:02:55.577  4252  4252 D MediaCodecsXmlParser: MediaCodec: cannot update non-existing codec: c2.android.vp9.decoder at line 198 of /vendor/etc/media_codecs_performance.xml
06-25 22:02:55.577  4252  4252 D MediaCodecsXmlParser: MediaCodec: cannot update non-existing codec: c2.android.hevc.decoder at line 204 of /vendor/etc/media_codecs_performance.xml
06-25 22:02:55.577  4252  4252 D MediaCodecsXmlParser: MediaCodec: cannot update non-existing codec: c2.android.avc.decoder at line 211 of /vendor/etc/media_codecs_performance.xml
06-25 22:02:55.577  4252  4252 D MediaCodecsXmlParser: MediaCodec: cannot update non-existing codec: OMX.amlogic.vp8.decoder.sw at line 217 of /vendor/etc/media_codecs_performance.xml
06-25 22:02:55.577  4252  4252 D MediaCodecsXmlParser: parsing /vendor/etc/media_codecs_ext.xml...
06-25 22:02:55.578  4252  4252 D MediaCodecsXmlParser: MediaCodec: cannot add existing codec: OMX.amlogic.mjpeg.decoder.awesome2 at line 115 of /vendor/etc/media_codecs_ext.xml
06-25 22:02:55.578  4252  4252 D MediaCodecsXmlParser: MediaCodec: cannot add existing codec: OMX.amlogic.avs.decoder.awesome at line 124 of /vendor/etc/media_codecs_ext.xml
06-25 22:02:55.578  4252  4252 D MediaCodecsXmlParser: MediaCodec: cannot add existing codec: OMX.amlogic.vp6a.decoder.sw at line 141 of /vendor/etc/media_codecs_ext.xml
06-25 22:02:55.578  4252  4252 D MediaCodecsXmlParser: MediaCodec: cannot add existing codec: OMX.amlogic.vp6f.decoder.sw at line 142 of /vendor/etc/media_codecs_ext.xml
06-25 22:02:55.578  4252  4252 D MediaCodecsXmlParser: MediaCodec: cannot add existing codec: OMX.amlogic.audio.decoder.ffmpeg at line 160 of /vendor/etc/media_codecs_ext.xml
06-25 22:02:55.578  4252  4252 D MediaCodecsXmlParser: MediaCodec: cannot add existing codec: OMX.amlogic.audio.decoder.dts at line 163 of /vendor/etc/media_codecs_ext.xml
06-25 22:02:55.578  4252  4252 D MediaCodecsXmlParser: MediaCodec: cannot add existing codec: OMX.amlogic.audio.decoder.dtshd at line 168 of /vendor/etc/media_codecs_ext.xml
06-25 22:02:55.578  4252  4252 D MediaCodecsXmlParser: MediaCodec: cannot add existing codec: OMX.amlogic.audio.decoder.dtse at line 173 of /vendor/etc/media_codecs_ext.xml
06-25 22:02:55.584  4252  4252 I MediaCodecsXmlParser: Did not find media_codecs_shaping.xml in search path
06-25 22:02:55.584  4252  4252 I MediaCodecsXmlParser: AmAVUtils::getComponentRole break
06-25 22:02:55.584  4252  4252 I MediaCodecsXmlParser: AmAVUtils::getComponentRole break
06-25 22:02:55.584  4252  4252 I MediaCodecsXmlParser: AmAVUtils::getComponentRole break
06-25 22:02:55.584  4252  4252 I MediaCodecsXmlParser: AmAVUtils::getComponentRole break
06-25 22:02:55.584  4252  4252 I MediaCodecsXmlParser: AmAVUtils::getComponentRole break
06-25 22:02:55.586  4252  4252 I MediaCodecsXmlParser: AmAVUtils::getComponentRole break
06-25 22:02:55.586  4252  4252 I MediaCodecsXmlParser: AmAVUtils::getComponentRole break
06-25 22:02:55.586  4252  4252 I MediaCodecsXmlParser: AmAVUtils::getComponentRole break
06-25 22:02:55.586  4252  4252 E MediaCodecsXmlParser: AmAVUtils::have no Component role isEncoder :0 mime:audio/adpcm-ima
06-25 22:02:55.586  4252  4252 E MediaCodecsXmlParser: Cannot find the role for a decoder of type audio/adpcm-ima
06-25 22:02:55.586  4252  4252 E MediaCodecsXmlParser: AmAVUtils::have no Component role isEncoder :0 mime:audio/adpcm-ms
06-25 22:02:55.586  4252  4252 E MediaCodecsXmlParser: Cannot find the role for a decoder of type audio/adpcm-ms
06-25 22:02:55.586  4252  4252 E MediaCodecsXmlParser: AmAVUtils::have no Component role isEncoder :0 mime:audio/alac
06-25 22:02:55.586  4252  4252 E MediaCodecsXmlParser: Cannot find the role for a decoder of type audio/alac
06-25 22:02:55.586  4252  4252 E MediaCodecsXmlParser: AmAVUtils::have no Component role isEncoder :0 mime:audio/ape
06-25 22:02:55.586  4252  4252 E MediaCodecsXmlParser: Cannot find the role for a decoder of type audio/ape
06-25 22:02:55.589  4111  4111 I vaudio_apps: 06-25 22:02:55.575 nano_init(195): (nano_init)Version Build In Time Jul  1 2020-18:42:41 0
06-25 22:02:55.594     0     0 D [   11.450131@2]- audio_ddr_mngr: toddrs[0] released by device ff642000.audiobus:pdm
06-25 22:02:55.595     0     0 I         : [   11.450558@2]- aml_tdm_open
06-25 22:02:55.595     0     0 D [   11.450803@1]- audio_ddr_mngr: toddrs[0] registered by device ff642000.audiobus:tdma
06-25 22:02:55.595     0     0 D         : [   11.451446@1]- tdm capture mute: 1
06-25 22:02:55.595     0     0 D [   11.451567@1]- audio_ddr_mngr: toddrs[0] released by device ff642000.audiobus:tdma
06-25 22:02:55.595     0     0 I         : [   11.452042@1]- aml_tdm_open
06-25 22:02:55.595     0     0 D [   11.462427@2]- audio_ddr_mngr: toddrs[0] registered by device ff642000.audiobus:tdmb
06-25 22:02:55.595     0     0 D         : [   11.462847@2]- tdm capture mute: 1
06-25 22:02:55.595     0     0 D [   11.463028@2]- audio_ddr_mngr: toddrs[0] released by device ff642000.audiobus:tdmb
06-25 22:02:55.595     0     0 I         : [   11.463470@1]- aml_spdif_open
06-25 22:02:55.595     0     0 D [   11.463658@1]- audio_ddr_mngr: toddrs[0] registered by device ff642000.audiobus:spdif
06-25 22:02:55.595     0     0 I         : [   11.464011@1]- aml_spdif_close
06-25 22:02:55.595     0     0 D [   11.464190@1]- audio_ddr_mngr: toddrs[0] released by device ff642000.audiobus:spdif
06-25 22:02:55.598  4252  4252 I HidlServiceManagement: Registered android.hardware.media.omx@1.0::IOmxStore/default
06-25 22:02:55.599  4252  4252 I HidlServiceManagement: Removing namespace from process name android.hardware.media.omx@1.0-service to omx@1.0-service.
06-25 22:02:55.602  4111  4111 I vaudio_apps: 06-25 22:02:55.602 Nano_SetStandby(940): (1)
06-25 22:02:55.611  4111  4329 I vaudio_apps: 06-25 22:02:55.611 open_luther_gliethttp_socket(73): bind socket 0xa1e0100f 0x1 
06-25 22:02:55.616  4111  4111 I vaudio_apps: 06-25 22:02:55.616 Nano_SysOpen(2281): Nano_SysOpen init succeed
06-25 22:02:55.616  4111  4111 I vaudio_apps: 06-25 22:02:55.616 Nano_SysOpen(2282): Version Build In Time Jul  1 2020-18:42:43
06-25 22:02:55.622     0     0 I         : [   11.513732@1]- aml_tdm_open
06-25 22:02:55.623     0     0 I         : [   11.513740@1]- Not init audio effects
06-25 22:02:55.619  4111  4111 I audio_hw_primary: adev_open() adev->dolby_lib_type = 1
06-25 22:02:55.619  4111  4111 I audio_hw_primary: adev_open(), OTT platform
06-25 22:02:55.619  4111  4111 I audio_hw_primary: adev_open(), with macro SUBMIXER_V1_1, set useSubMix = TRUE
06-25 22:02:55.619  4111  4111 I audio-subMixingFactory: initHalSubMixing(), type 1, isTV 0
06-25 22:02:55.619  4111  4111 I audio-subMixingFactory: newSubMixingFactory(), type 1
06-25 22:02:55.620  4111  4111 D AudioALSADeviceParser: Pcm open success
06-25 22:02:55.620  4111  4111 D AudioALSADeviceParser: AddPcmString p_info:0xeb347810, InputBuffer = 00-00: TDM-A-dummy-alsaPORT-pcm multicodec-0 :  : playback 1 : capture 1
06-25 22:02:55.621  4111  4111 D AudioALSADeviceParser: alsa_device_parser_pcm_string mCardindex:0, mPcmindex:0, PortName:alsaPORT-pcm
06-25 22:02:55.621  4111  4111 D AudioALSADeviceParser: AddPcmString p_info:0xeb347810, InputBuffer = 00-01: TDM-B-dummy-alsaPORT-i2s multicodec-1 :  : playback 1 : capture 1
06-25 22:02:55.621  4111  4111 D AudioALSADeviceParser: alsa_device_parser_pcm_string mCardindex:0, mPcmindex:1, PortName:alsaPORT-i2s
06-25 22:02:55.621  4111  4111 D AudioALSADeviceParser: AddPcmString p_info:0xeb347810, InputBuffer = 00-02: TDM-C-dummy-alsaPORT-i2s2hdmi multicodec-2 :  : playback 1 : capture 1
06-25 22:02:55.621  4111  4111 D AudioALSADeviceParser: alsa_device_parser_pcm_string mCardindex:0, mPcmindex:2, PortName:alsaPORT-i2s2hdmi
06-25 22:02:55.621  4111  4111 D AudioALSADeviceParser: AddPcmString p_info:0xeb347810, InputBuffer = 00-03: PDM-dummy-alsaPORT-pdm-builtinmic dummy-3 :  : capture 1
06-25 22:02:55.621  4111  4111 D AudioALSADeviceParser: alsa_device_parser_pcm_string mCardindex:0, mPcmindex:3, PortName:alsaPORT-pdm-builtinmic
06-25 22:02:55.621  4111  4111 D AudioALSADeviceParser: AddPcmString p_info:0xeb347810, InputBuffer = 00-04: SPDIF-dummy-alsaPORT-spdif dummy-4 :  : playback 1 : capture 1
06-25 22:02:55.621  4111  4111 D AudioALSADeviceParser: alsa_device_parser_pcm_string mCardindex:0, mPcmindex:4, PortName:alsaPORT-spdif
06-25 22:02:55.621  4111  4111 D AudioALSADeviceParser: AddPcmString p_info:0xeb347810, InputBuffer = 00-05: SPDIF-B-dummy-alsaPORT-spdifb dummy-5 :  : playback 1
06-25 22:02:55.621  4111  4111 D AudioALSADeviceParser: alsa_device_parser_pcm_string mCardindex:0, mPcmindex:5, PortName:alsaPORT-spdifb
06-25 22:02:55.621  4111  4111 D AudioALSADeviceParser: AddPcmString p_info:0xeb347810, InputBuffer = 00-06: LOOPBACK-A-dummy-alsaPORT-loopback dummy-6 :  : capture 1
06-25 22:02:55.621  4111  4111 D AudioALSADeviceParser: alsa_device_parser_pcm_string mCardindex:0, mPcmindex:6, PortName:alsaPORT-loopback
06-25 22:02:55.621  4111  4111 D AudioALSADeviceParser: AddPcmString p_info:0xeb347810, InputBuffer = 
06-25 22:02:55.621  4111  4111 D AudioALSADeviceParser: reach EOF
06-25 22:02:55.621  4111  4111 D AudioALSADeviceParser: auge sound card, pAdd=0xe87012d0 fix alsaPORT:0 to :1
06-25 22:02:55.621  4111  4111 I audio-subMixingFactory: initSubMixngOutput(), open ALSA hw:0,1
06-25 22:02:55.627     0     0 D [   11.515181@1]- audio_ddr_mngr: frddrs[0] registered by device ff642000.audiobus:tdmb
06-25 22:02:55.627     0     0 D         : [   11.515283@1]- aml_dai_set_tdm_sysclk(), mpll no change, keep clk
06-25 22:02:55.627     0     0 D         : [   11.515287@1]- aml_dai_set_tdm_sysclk(), mclk no change, keep clk
06-25 22:02:55.627     0     0 D         : [   11.515294@1]- set mclk:12288000, mpll:24576000, get mclk:12287994, mpll:24575987
06-25 22:02:55.627     0     0 D         : [   11.515300@1]- asoc aml_dai_set_tdm_fmt, 0x4001, ffffffc053c49a18, id(1), clksel(1)
06-25 22:02:55.627     0     0 D         : [   11.515303@1]- aml_dai_set_tdm_fmt(), fmt not change
06-25 22:02:55.627     0     0 D         : [   11.515310@1]- dump_pcm_setting(ffffffc053c49a18)
06-25 22:02:55.627     0     0 D         : [   11.515313@1]- 	pcm_mode(1)
06-25 22:02:55.627     0     0 D         : [   11.515317@1]- 	sysclk(12288000)
06-25 22:02:55.627     0     0 D         : [   11.515320@1]- 	sysclk_bclk_ratio(4)
06-25 22:02:55.627     0     0 D         : [   11.515324@1]- 	bclk(3072000)
06-25 22:02:55.627     0     0 D         : [   11.515327@1]- 	bclk_lrclk_ratio(64)
06-25 22:02:55.627     0     0 D         : [   11.515330@1]- 	lrclk(48000)
06-25 22:02:55.627     0     0 D         : [   11.515333@1]- 	tx_mask(0x3)
06-25 22:02:55.627     0     0 D         : [   11.515336@1]- 	rx_mask(0x3)
