06-26 01:40:18.940     0     0 W [   28.681122@2]  RTW: 0x260: FF FF FF FF  FF FF FF FF  FF FF FF FF  FF FF FF FF
06-26 01:40:18.940     0     0 W [   28.681836@2]  RTW: 0x270: FF FF FF FF  FF FF FF FF  FF FF FF FF  FF FF FF FF
06-26 01:40:18.940     0     0 W [   28.682788@2]  RTW: 0x280: FF FF FF FF  FF FF FF FF  FF FF FF FF  FF FF FF FF
06-26 01:40:18.943     0     0 W [   28.684056@2]  RTW: 0x290: FF FF FF FF  FF FF FF FF  FF FF FF FF  FF FF FF FF
06-26 01:40:18.943     0     0 W [   28.684566@2]  RTW: 0x2A0: FF FF FF FF  FF FF FF FF  FF FF FF FF  FF FF FF FF
06-26 01:40:18.943     0     0 W [   28.686372@2]  RTW: 0x2B0: FF FF FF FF  FF FF FF FF  FF FF FF FF  FF FF FF FF
06-26 01:40:18.943     0     0 W [   28.686674@2]  RTW: 0x2C0: FF FF FF FF  FF FF FF FF  FF FF FF FF  FF FF FF FF
06-26 01:40:18.932   589   640 W KeyguardServiceDelegate: onScreenTurningOn(): no keyguard service!
06-26 01:40:18.935   589   640 V DisplayPowerController[0]: Brightness [0.39763778] reason changing to: 'override', previous reason: '0'.
06-26 01:40:18.938   589   618 I DisplayDeviceRepository: Display device changed state: "Built-in Screen", ON
06-26 01:40:18.941   589   766 E DisplayDeviceConfig: requesting nits when no mapping exists.
06-26 01:40:18.951     0     0 W [   28.692786@2]  RTW: 0x2D0: FF FF FF FF  FF FF FF FF  FF FF FF FF  FF FF FF FF
06-26 01:40:18.954     0     0 W [   28.693037@2]  RTW: 0x2E0: FF FF FF FF  FF FF FF FF  FF FF FF FF  FF FF FF FF
06-26 01:40:18.954     0     0 W [   28.694194@2]  RTW: 0x2F0: FF FF FF FF  FF FF FF FF  FF FF FF FF  FF FF FF FF
06-26 01:40:18.954     0     0 W [   28.695199@2]  RTW: EEPROM ID = 0x8129
06-26 01:40:18.954     0     0 W [   28.695320@2]  RTW: EEPROM Version = 0
06-26 01:40:18.954     0     0 W [   28.696361@2]  RTW: Hal_EfuseParseTxPowerInfo tpt_mode=0, PG with PWR_IDX
06-26 01:40:18.954     0     0 W [   28.696632@2]  RTW: EEPROM Regulatory=0x01
06-26 01:40:18.954     0     0 W [   28.697283@2]  RTW: EEPROM Board Type=0x01
06-26 01:40:18.954     0     0 W [   28.697652@2]  RTW: EEPROM Enable BT-coex, ant_num=2
06-26 01:40:18.943   589   766 E DisplayDeviceConfig: requesting nits when no mapping exists.
06-26 01:40:18.959     0     0 W [   28.699201@2]  RTW: rtw_rfctl_decide_init_chplan chplan:0x4D
06-26 01:40:18.959     0     0 W [   28.699233@2]  RTW: rtw_rfctl_decide_init_chplan country code:"MX"
06-26 01:40:18.945   589   625 I DropBoxManagerService: add tag=system_server_wtf isTagEnabled=true flags=0x2
06-26 01:40:18.947   589   616 I WindowManager: onDisplayChanged, oldSize= Point(1920, 1080), newSize= Point(1920, 1080)
06-26 01:40:18.953   589   624 I HealthServiceWrapper: health: HealthServiceWrapper listening to instance default
06-26 01:40:18.956   589   589 I FaceDownDetector: readValuesFromDeviceConfig():
06-26 01:40:18.956   589   589 I FaceDownDetector: mAccelerationThreshold=0.2
06-26 01:40:18.956   589   589 I FaceDownDetector: mZAccelerationThreshold=-9.5
06-26 01:40:18.956   589   589 I FaceDownDetector: mTimeThreshold=PT1S
06-26 01:40:18.956   589   589 I FaceDownDetector: mIsEnabled=true
06-26 01:40:18.963     0     0 W [   28.703244@2]  RTW: valid crystal_cap value 0x1E1E is found in XCAP_SRC_H_EFUSE_B9!
06-26 01:40:18.963     0     0 W [   28.703513@2]  RTW: EEPROM crystal_cap=0x1e
06-26 01:40:18.963     0     0 W [   28.705035@2]  RTW: EEPROM ThermalMeter=0x26
06-26 01:40:18.963     0     0 W [   28.705067@2]  RTW: EEPROM efuse[0xc9]=0x33 is valid
06-26 01:40:18.963     0     0 W [   28.706034@2]  RTW: EEPROM Customer ID=0x00
06-26 01:40:18.963     0     0 W [   28.706063@2]  RTW: EEPROM SupportRemoteWakeup=0
06-26 01:40:18.963     0     0 W [   28.706804@2]  RTW: EEPROM PAType_2G is 0x0, ExternalPA_2G = 0
06-26 01:40:18.971     0     0 W [   28.707674@2]  RTW: EEPROM PAType_5G is 0x0, external_pa_5g = 0
06-26 01:40:18.971     0     0 W [   28.708933@2]  RTW: EEPROM LNAType_2G is 0x0, ExternalLNA_2G = 0
06-26 01:40:18.971     0     0 W [   28.708997@2]  RTW: EEPROM LNAType_5G is 0x0, external_lna_5g = 0
06-26 01:40:18.971     0     0 W [   28.710467@2]  RTW: EEPROM TypeGPA = 0x0
06-26 01:40:18.971     0     0 W [   28.710496@2]  RTW: EEPROM TypeAPA = 0x0
06-26 01:40:18.971     0     0 W [   28.711801@2]  RTW: EEPROM TypeGLNA = 0x0
06-26 01:40:18.971     0     0 W [   28.711831@2]  RTW: EEPROM TypeALNA = 0x0
06-26 01:40:18.972     0     0 W [   28.712117@2]  RTW: EEPROM rfe_type=0x4
06-26 01:40:18.962   589   624 D StatsPullAtomService: Registering pullers with statsd
06-26 01:40:18.975   589   624 I StatsPullAtomService: register thermal listener successfully
06-26 01:40:18.982     0     0 W [   28.723584@0]  RTW: rtl8822c_fw_dl fw source from array
06-26 01:40:18.977   589   589 D PowerManagerService: sdt acquireBlocker
06-26 01:40:18.979   589   589 D SystemServerTiming: MakePowerManagerServiceReady took to complete: 79ms
06-26 01:40:18.979   589   589 I SystemServerTiming: StartPermissionPolicyService
06-26 01:40:18.979   589   589 I SystemServiceManager: Starting com.android.server.policy.PermissionPolicyService
06-26 01:40:18.997   589   589 D SystemServerTiming: StartPermissionPolicyService took to complete: 18ms
06-26 01:40:18.998   589   589 I SystemServerTiming: MakePackageManagerServiceReady
06-26 01:40:19.015     0     0 W [   28.753896@0]  RTW: _rtw_hal_set_fw_rsvd_page((null)) Get [ NOR ] RsvdPageNUm  ==>
06-26 01:40:19.015     0     0 W [   28.754159@0]  RTW: LocPsPoll: 16
06-26 01:40:19.015     0     0 W [   28.754574@0]  RTW: WARN Invalid rate 0x0 in MRateToHwRate
06-26 01:40:19.015     0     0 W [   28.755331@0]  RTW: LocNullData: 17
06-26 01:40:19.015     0     0 W [   28.755690@0]  RTW: WARN Invalid rate 0x0 in MRateToHwRate
06-26 01:40:19.015     0     0 W [   28.756368@0]  RTW: LocQosNull: 18
06-26 01:40:19.015     0     0 W [   28.756791@0]  RTW: WARN Invalid rate 0x0 in MRateToHwRate
06-26 01:40:19.015     0     0 W [   28.757471@0]  RTW: LocBTQosNull: 19
06-26 01:40:19.015     0     0 W [   28.757917@0]  RTW: WARN Invalid rate 0x0 in MRateToHwRate
06-26 01:40:19.015     0     0 W [   28.758599@0]  RTW: _rtw_hal_set_fw_rsvd_page((null)) Get [ NOR ] RsvdPageNUm <==
06-26 01:40:19.026     0     0 W [   28.769111@0]  RTW: _cfg_drv_rsvd_pg_num: request 20 pages => halmac 24 pages success
06-26 01:40:19.034   589   589 V UserDataPreparer: Found /data/user_de/0 with serial number 0
06-26 01:40:19.035   589   589 V UserDataPreparer: Found /data/user/0 with serial number 0
06-26 01:40:19.035   589   589 V UserDataPreparer: Found /data/system_de/0 with serial number 0
06-26 01:40:19.035   589   589 V UserDataPreparer: Found /data/system_ce/0 with serial number 0
06-26 01:40:19.035   589   589 V UserDataPreparer: Found /data/misc_ce/0 with serial number 0
06-26 01:40:19.046     0     0 W [   28.788626@3]  RTW: rtw_halmac_rx_agg_switch: RX aggregation threshold: timeout=32 size=255
06-26 01:40:19.051     0     0 W [   28.791001@3]  RTW: rtl8822c_fw_dl Download Firmware from array success
06-26 01:40:19.051     0     0 W [   28.791397@3]  RTW: NIC FW Version:9 SubVersion:13 FW size:196888
06-26 01:40:19.051     0     0 W [   28.794011@3]  RTW: hal_read_mac_hidden_rpt OK! (1, 0ms), fwdl:1, id:0x19
06-26 01:40:19.051     0     0 W [   28.794280@3]  RTW: SetHwReg: bMacPwrCtrlOn=0
06-26 01:40:19.055     0     0 W [   28.798257@3]  RTW: rtw_hal_read_chip_info in 208 ms
06-26 01:40:19.055     0     0 W [   28.798338@3]  RTW: [RF_PATH] ver_id.RF_TYPE:RF_2T2R
06-26 01:40:19.059     0     0 W [   28.799169@3]  RTW: [RF_PATH] HALSPEC's rf_reg_trx_path_bmp:0x33, rf_reg_path_avail_num:2, max_tx_cnt:2
06-26 01:40:19.059     0     0 W [   28.800086@3]  RTW: [RF_PATH] PG's trx_path_bmp:0x33, max_tx_cnt:0
06-26 01:40:19.059     0     0 W [   28.800964@3]  RTW: [RF_PATH] Registry's trx_path_bmp:0x00, tx_path_lmt:0, rx_path_lmt:0
06-26 01:40:19.059     0     0 W [   28.801849@3]  RTW: [RF_PATH] HALDATA's trx_path_bmp:0x33, max_tx_cnt:2
06-26 01:40:19.064     0     0 W [   28.803379@3]  RTW: [RF_PATH] HALDATA's rf_type:RF_2T2R, NumTotalRFPath:2
06-26 01:40:19.064     0     0 W [   28.803543@3]  RTW: rtw_hal_rfpath_init trx_path_bmp:0x33(RF_2T2R), NumTotalRFPath:2, max_tx_cnt:2
06-26 01:40:19.064     0     0 W [   28.804869@3]  RTW: [TRX_Nss] HALSPEC - tx_nss:2, rx_nss:2
06-26 01:40:19.064     0     0 W [   28.805827@3]  RTW: [TRX_Nss] Registry - tx_nss:0, rx_nss:0
06-26 01:40:19.064     0     0 W [   28.806444@3]  RTW: [TRX_Nss] HALDATA - tx_nss:2, rx_nss:2
06-26 01:40:19.064     0     0 W [   28.806776@3]  RTW: rtw_hal_trxnss_init tx_nss:2, rx_nss:2
06-26 01:40:19.064     0     0 W [   28.807402@3]  RTW: txpath=0x3, rxpath=0x3
06-26 01:40:19.066     0     0 W [   28.808567@3]  RTW: txpath_1ss:0x1, num:1
06-26 01:40:19.066     0     0 W [   28.808594@3]  RTW: txpath_2ss:0x3, num:2
06-26 01:40:19.066     0     0 W [   28.809075@3]  RTW: init_mlme_default_rate_set: support CCK
06-26 01:40:19.067     0     0 W [   28.809597@3]  RTW: init_mlme_default_rate_set: support OFDM
06-26 01:40:19.068   589   589 I PackageManager: Permission ownership changed. Updating all permissions.
06-26 01:40:19.071     0     0 W [   28.812166@3]  RTW: rtw_alloc_macid((null)) if1, mac_addr:ff:ff:ff:ff:ff:ff macid:1
06-26 01:40:19.071     0     0 W [   28.812443@3]  RTW: rtw_init_pwrctrl_priv: IPS_mode=0, LPS_mode=0, LPS_level=0, LPS_1T1R=0
06-26 01:40:19.071     0     0 W [   28.813961@3]  RTW: ADAPTIVITY_VERSION 9.7.08
06-26 01:40:19.071     0     0 W [   28.814078@3]  RTW: RTW_ADAPTIVITY_EN_ENABLE
06-26 01:40:19.074     0     0 W [   28.815313@3]  RTW: RTW_ADAPTIVITY_MODE_NORMAL
06-26 01:40:19.074     0     0 W [   28.815350@3]  RTW: IQK FW offload:disable
06-26 01:40:19.074     0     0 W [   28.815703@3]  RTW: init_phydm_cominfo: Fv=1 Cv=3
06-26 01:40:19.074     0     0 W [   28.816353@3]  RTW: rtw_regsty_chk_target_tx_power_valid return _FALSE for band:0, path:0, rs:0, t:-1
06-26 01:40:19.074     0     0 W [   28.817928@3]  RTW: rtw_is_file_readable_with_size() Android GKI prohibbit kernel_read, return _TRUE
06-26 01:40:19.079     0     0 W [   28.820202@3]  RTW: retriveFromFile() Success. retrieve file : PHY_REG_PG.txt, file size : 4699
06-26 01:40:19.079     0     0 W [   28.820757@3]  RTW: phy_ParseBBPgParaFile return 1
06-26 01:40:19.079     0     0 W [   28.821334@3]  RTW: init_channel_set_from_rtk_priv_2g_5g((null)) chplan:0x4D
06-26 01:40:19.079     0     0 W [   28.822086@3]  RTW: init_channel_set_from_rtk_priv((null)) ch num:34
06-26 01:40:19.083     0     0 W [   28.824984@3]  RTW: rtw_macaddr_cfg mac addr:bc:c7:da:4d:dd:fa
06-26 01:40:19.083     0     0 W [   28.825032@3]  RTW: _rtw_mbid_cam_search_by_macaddr mac:bc:c7:da:4d:dd:fa - cam_id:255
06-26 01:40:19.083     0     0 W [   28.826017@3]  RTW: rtw_mbid_camid_alloc mac:bc:c7:da:4d:dd:fa - cam_id:0
06-26 01:40:19.087     0     0 W [   28.827237@3]  RTW: disable_interrupt: update SDIO HIMR=0
06-26 01:40:19.087     0     0 W [   28.827534@3]  RTW: bDriverStopped:True, bSurpriseRemoved:False, bup:0, hw_init_completed:0
06-26 01:40:19.087     0     0 W [   28.828619@3]  RTW: loadparam, Select P2P interface: iface_id:1
06-26 01:40:19.087     0     0 W [   28.829554@3]  RTW: init_mlme_default_rate_set: support CCK
06-26 01:40:19.087     0     0 W [   28.830000@3]  RTW: init_mlme_default_rate_set: support OFDM
06-26 01:40:19.090     0     0 W [   28.832366@3]  RTW: rtw_alloc_macid((null)) if2, mac_addr:ff:ff:ff:ff:ff:ff macid:1
06-26 01:40:19.090     0     0 W [   28.832655@3]  RTW: _rtw_mbid_cam_search_by_macaddr mac:be:c7:da:4d:dd:fa - cam_id:255
06-26 01:40:19.090     0     0 W [   28.833629@3]  RTW: rtw_mbid_camid_alloc mac:be:c7:da:4d:dd:fa - cam_id:1
06-26 01:40:19.099     0     0 W [   28.834883@3]  RTW: rtw_drv_add_vir_if if2 mac_addr : be:c7:da:4d:dd:fa
06-26 01:40:19.099     0     0 W [   28.836545@3]  RTW: loadparam, Select P2P interface: iface_id:1
06-26 01:40:19.099     0     0 W [   28.836845@3]  RTW: init_mlme_default_rate_set: support CCK
06-26 01:40:19.099     0     0 W [   28.837694@3]  RTW: init_mlme_default_rate_set: support OFDM
06-26 01:40:19.099     0     0 W [   28.839340@3]  RTW: rtw_alloc_macid((null)) if3, mac_addr:ff:ff:ff:ff:ff:ff macid:1
06-26 01:40:19.099     0     0 W [   28.839626@3]  RTW: _rtw_mbid_cam_search_by_macaddr mac:b6:c7:da:4d:dd:fa - cam_id:255
06-26 01:40:19.099     0     0 W [   28.840599@3]  RTW: rtw_mbid_camid_alloc mac:b6:c7:da:4d:dd:fa - cam_id:2
06-26 01:40:19.099     0     0 W [   28.841442@3]  RTW: rtw_drv_add_vir_if if3 mac_addr : b6:c7:da:4d:dd:fa
06-26 01:40:19.099     0     0 W [   28.842286@3]  RTW: rtw_cfg80211_init_wiphy_band:rf_type=2
06-26 01:40:19.103     0     0 W [   28.843413@3]  RTW: [HT] HAL Support LDPC = 0x03
06-26 01:40:19.103     0     0 W [   28.843523@3]  RTW: [HT] HAL Support STBC = 0x01
06-26 01:40:19.103     0     0 W [   28.844102@3]  RTW: [HT] HAL Support LDPC = 0x03
06-26 01:40:19.103     0     0 W [   28.844669@3]  RTW: [HT] HAL Support STBC = 0x01
06-26 01:40:19.103     0     0 W [   28.845245@3]  RTW: [VHT] Support LDPC = 0x03
06-26 01:40:19.103     0     0 W [   28.845785@3]  RTW: [VHT] Support STBC = 0x03
06-26 01:40:19.103     0     0 W [   28.846326@3]  RTW: [VHT] Support Beamformee
06-26 01:40:19.103     0     0 W [   28.846910@3]  RTW: [VHT] Support MU-MIMO STA
06-26 01:40:19.107     0     0 W [   28.847744@3]  RTW: [VHT] Declare supporting MAX MPDU len = 11454 bytes
06-26 01:40:19.107     0     0 W [   28.848223@3]  RTW: [VHT] Declare supporting RX LDPC
06-26 01:40:19.107     0     0 W [   28.848950@3]  RTW: [VHT] Declare supporting SGI 80MHz
06-26 01:40:19.107     0     0 W [   28.849480@3]  RTW: [VHT] Declare supporting TX STBC
06-26 01:40:19.107     0     0 W [   28.850096@3]  RTW: [VHT] Declare supporting 1SS RX STBC
06-26 01:40:19.110     0     0 W [   28.851370@3]  RTW: [VHT] Declare supporting SU Beamformee
06-26 01:40:19.110     0     0 W [   28.851441@3]  RTW: [VHT] Declare supporting MU Beamformee
06-26 01:40:19.110     0     0 W [   28.852922@3]  RTW: [VHT] Declare supporting VHT variant HT Control
06-26 01:40:19.110     0     0 W [   28.853023@3]  RTW: [VHT] Declare supporting RX A-MPDU Length Exponent = 7
06-26 01:40:19.111     0     0 W [   28.854387@3]  RTW: rtw_wiphy_alloc(phy0)
06-26 01:40:19.111     0     0 W [   28.854449@3]  RTW: rtw_wdev_alloc(padapter=00000000f086ac35)
06-26 01:40:19.114     0     0 W [   28.855676@3]  RTW: rtw_wdev_alloc(padapter=000000006061c86f)
06-26 01:40:19.114     0     0 W [   28.855831@3]  RTW: rtw_wdev_alloc(padapter=000000006add32aa)
06-26 01:40:19.114     0     0 W [   28.856526@3]  RTW: rtw_wiphy_register(phy0)
06-26 01:40:19.114     0     0 W [   28.857052@3]  RTW: Register RTW cfg80211 vendor cmd(0x67) interface
06-26 01:40:19.118     0     0 W [   28.861152@3]  RTW: rtw_ndev_init(wlan0) if1 mac_addr=bc:c7:da:4d:dd:fa
06-26 01:40:19.118     0     0 W [   28.861553@3]  RTW: rtw_ndev_notifier_call(wlan0) state:17
06-26 01:40:19.134     0     0 W [   28.876259@3]  RTW: cfg80211_rtw_get_txpower(wlan0) total max: -10000 mbm
06-26 01:40:19.134     0     0 W [   28.876581@3]  RTW: rtw_ndev_notifier_call(wlan0) state:5
06-26 01:40:19.134     0     0 W [   28.877220@3]  RTW: rtw_ndev_init(p2p0) if2 mac_addr=be:c7:da:4d:dd:fa
06-26 01:40:19.134     0     0 W [   28.878172@3]  RTW: rtw_ndev_notifier_call(p2p0) state:17
06-26 01:40:19.157     0     0 W [   28.896055@3]  RTW: cfg80211_rtw_get_txpower(p2p0) total max: -10000 mbm
06-26 01:40:19.157     0     0 W [   28.896379@3]  RTW: rtw_ndev_notifier_call(p2p0) state:5
06-26 01:40:19.157     0     0 W [   28.897017@3]  RTW: rtw_ndev_init(wlan1) if3 mac_addr=b6:c7:da:4d:dd:fa
06-26 01:40:19.157     0     0 W [   28.899126@3]  RTW: rtw_ndev_notifier_call(wlan1) state:17
06-26 01:40:19.187     0     0 W [   28.917767@3]  RTW: cfg80211_rtw_get_txpower(wlan1) total max: -10000 mbm
06-26 01:40:19.187     0     0 W [   28.918201@3]  RTW: rtw_ndev_notifier_call(wlan1) state:5
06-26 01:40:19.187     0     0 W [   28.920557@3]  RTW: module init ret=0
06-26 01:40:19.175   589   625 I DropBoxManagerService: add tag=system_server_wtf isTagEnabled=true flags=0x2
06-26 01:40:19.180   379   379 I android.hardware.wifi@1.0-service.droidlogic: getChipModesForPrimary wifi module is RTL8822CS
06-26 01:40:19.180   379   379 I android.hardware.wifi@1.0-service.droidlogic: Using debug chip mode: <STA + AP Concurrency> set via property: persist.vendor.debug.wifi.hal.preset_interface_combination_idx
06-26 01:40:19.181   379   379 I android.hardware.wifi@1.0-service.droidlogic: Wifi HAL started
06-26 01:40:19.197   379   379 W android.hardware.wifi@1.0-service.droidlogic: No active wlan interfaces in use! Using default
06-26 01:40:19.197   379   379 E android.hardware.wifi@1.0-service.droidlogic: Unknown iface name: wlan0
06-26 01:40:19.197   379   379 E android.hardware.wifi@1.0-service.droidlogic: Unknown iface name: wlan0
06-26 01:40:19.207     0     0 W [   28.948640@3]  RTW: rtw_ndev_notifier_call(wlan0) state:14
06-26 01:40:19.207     0     0 W [   28.948683@3]  RTW: rtw_ndev_notifier_call: bDriverStopped=True, bup=0, hw_init_completed=0
06-26 01:40:19.207     0     0 W [   28.949685@3]  RTW: _netdev_open(wlan0) start
06-26 01:40:19.207     0     0 W [   28.950225@3]  RTW: rtl8822c_hal_init fw source from array
06-26 01:40:19.222     0     0 W [   28.963324@3]  RTW: SetHwReg: bMacPwrCtrlOn=1
06-26 01:40:19.249     0     0 W [   28.989235@3]  RTW: _rtw_hal_set_fw_rsvd_page(wlan0) Get [ NOR ] RsvdPageNUm  ==>
06-26 01:40:19.249     0     0 W [   28.989499@3]  RTW: LocPsPoll: 16
06-26 01:40:19.249     0     0 W [   28.990086@3]  RTW: LocNullData: 17
06-26 01:40:19.249     0     0 W [   28.990337@3]  RTW: LocQosNull: 18
06-26 01:40:19.249     0     0 W [   28.990818@3]  RTW: LocBTQosNull: 19
06-26 01:40:19.249     0     0 W [   28.991205@3]  RTW: _rtw_hal_set_fw_rsvd_page(wlan0) Get [ NOR ] RsvdPageNUm <==
06-26 01:40:19.249     0     0 W [   28.992127@3]  RTW: _cfg_drv_rsvd_pg_num: request 20 pages => halmac 24 pages success
06-26 01:40:19.259     0     0 W [   29.001992@3]  RTW: rtw_halmac_rx_agg_switch: RX aggregation threshold: timeout=32 size=255
06-26 01:40:19.262     0     0 W [   29.003260@3]  RTW: rtw_start_drv_threads(wlan0) enter
06-26 01:40:19.262     0     0 W [   29.003294@3]  RTW: rtw_start_drv_threads(wlan0) start RTW_XMIT_THREAD
06-26 01:40:19.263     0     0 W [   29.005138@3]  RTW: rtw_start_drv_threads(wlan0) start RTW_RECV_THREAD
06-26 01:40:19.263     0     0 W [   29.006514@3]  RTW: rtw_start_drv_threads(wlan0) start RTW_CMD_THREAD
06-26 01:40:19.267     0     0 W [   29.007278@3]  RTW: rtw_recv_thread(wlan0) enter
06-26 01:40:19.271     0     0 W [   29.011742@3]  RTW: _run_thread(wlan0) start RTWHALXT
06-26 01:40:19.271     0     0 W [   29.012396@3]  RTW: rtw_start_drv_threads(p2p0) enter
06-26 01:40:19.271     0     0 W [   29.012436@3]  RTW: _run_thread(p2p0) start RTWHALXT
06-26 01:40:19.271     0     0 W [   29.013216@3]  RTW: start rtl8822cs_xmit_thread(wlan0)
06-26 01:40:19.271     0     0 W [   29.014289@3]  RTW: rtw_start_drv_threads(wlan1) enter
06-26 01:40:19.271     0     0 W [   29.014325@3]  RTW: _run_thread(wlan1) start RTWHALXT
06-26 01:40:19.274     0     0 W [   29.015612@3]  RTW: start rtl8822cs_xmit_thread(p2p0)
06-26 01:40:19.274     0     0 W [   29.016058@3]  RTW: start rtl8822cs_xmit_thread(wlan1)
06-26 01:40:19.274     0     0 W [   29.017562@3]  RTW: enable_interrupt(wlan0): update SDIO HIMR=0x00000001
06-26 01:40:19.300   589   589 D StagingManagerTiming: restoreSessions took to complete: 11ms
06-26 01:40:19.300   589   589 D SystemServerTiming: MakePackageManagerServiceReady took to complete: 302ms
06-26 01:40:19.300   589   589 I SystemServerTiming: MakeDisplayManagerServiceReady
06-26 01:40:19.303   589   618 E DisplayModeDirector: Asked about unknown display, returning empty display mode specs!(id=0)
06-26 01:40:19.303   589   618 E DisplayModeDirector: Asked about unknown display, returning empty display mode specs!(id=0)
06-26 01:40:19.317   589   650 E DefaultPermGrantPolicy: Package not found: com.google.android.tv.axel
06-26 01:40:19.318   589   589 D SystemServerTiming: MakeDisplayManagerServiceReady took to complete: 18ms
06-26 01:40:19.318   589   589 I SystemServerTiming: StartDeviceSpecificServices
06-26 01:40:19.318   589   589 D SystemServerTiming: StartDeviceSpecificServices took to complete: 0ms
06-26 01:40:19.318   589   589 I SystemServerTiming: GameManagerService
06-26 01:40:19.318   589   589 I SystemServiceManager: Starting com.android.server.app.GameManagerService$Lifecycle
06-26 01:40:19.321   589   650 E DefaultPermGrantPolicy: Package not found: com.google.android.tv.dfuservice
06-26 01:40:19.334   589   589 D SystemServerTiming: GameManagerService took to complete: 16ms
06-26 01:40:19.335   589   589 I SystemServerTiming: StartBootPhaseDeviceSpecificServicesReady
06-26 01:40:19.335   589   589 I SystemServiceManager: Starting phase 520
06-26 01:40:19.335   589   589 I SystemServerTiming: OnBootPhase_520
06-26 01:40:19.335   589   589 I SystemServerTiming: OnBootPhase_520_com.android.server.security.FileIntegrityService
06-26 01:40:19.335   589   589 D SystemServerTiming: OnBootPhase_520_com.android.server.security.FileIntegrityService took to complete: 0ms
06-26 01:40:19.335   589   589 I SystemServerTiming: OnBootPhase_520_com.android.server.pm.Installer
06-26 01:40:19.335   589   589 D SystemServerTiming: OnBootPhase_520_com.android.server.pm.Installer took to complete: 0ms
06-26 01:40:19.335   589   589 I SystemServerTiming: OnBootPhase_520_com.android.server.os.DeviceIdentifiersPolicyService
06-26 01:40:19.335   589   589 D SystemServerTiming: OnBootPhase_520_com.android.server.os.DeviceIdentifiersPolicyService took to complete: 0ms
06-26 01:40:19.335   589   589 I SystemServerTiming: OnBootPhase_520_com.android.server.uri.UriGrantsManagerService$Lifecycle
06-26 01:40:19.335   589   589 D SystemServerTiming: OnBootPhase_520_com.android.server.uri.UriGrantsManagerService$Lifecycle took to complete: 0ms
06-26 01:40:19.335   589   589 I SystemServerTiming: OnBootPhase_520_com.android.server.powerstats.PowerStatsService
06-26 01:40:19.335   589   589 D SystemServerTiming: OnBootPhase_520_com.android.server.powerstats.PowerStatsService took to complete: 0ms
06-26 01:40:19.335   589   589 I SystemServerTiming: OnBootPhase_520_com.android.server.wm.ActivityTaskManagerService$Lifecycle
06-26 01:40:19.335   589   589 D SystemServerTiming: OnBootPhase_520_com.android.server.wm.ActivityTaskManagerService$Lifecycle took to complete: 0ms
06-26 01:40:19.335   589   589 I SystemServerTiming: OnBootPhase_520_com.android.server.am.ActivityManagerService$Lifecycle
06-26 01:40:19.335   589   589 D SystemServerTiming: OnBootPhase_520_com.android.server.am.ActivityManagerService$Lifecycle took to complete: 0ms
06-26 01:40:19.335   589   589 I SystemServerTiming: OnBootPhase_520_com.android.server.pm.DataLoaderManagerService
06-26 01:40:19.335   589   589 D SystemServerTiming: OnBootPhase_520_com.android.server.pm.DataLoaderManagerService took to complete: 0ms
06-26 01:40:19.335   589   589 I SystemServerTiming: OnBootPhase_520_com.android.server.power.PowerManagerService
06-26 01:40:19.335   589   589 D SystemServerTiming: OnBootPhase_520_com.android.server.power.PowerManagerService took to complete: 0ms
06-26 01:40:19.335   589   589 I SystemServerTiming: OnBootPhase_520_com.android.server.power.ThermalManagerService
06-26 01:40:19.335   589   589 D SystemServerTiming: OnBootPhase_520_com.android.server.power.ThermalManagerService took to complete: 0ms
06-26 01:40:19.335   589   589 I SystemServerTiming: OnBootPhase_520_com.android.server.power.hint.HintManagerService
06-26 01:40:19.335   589   589 D SystemServerTiming: OnBootPhase_520_com.android.server.power.hint.HintManagerService took to complete: 0ms
06-26 01:40:19.336   589   589 I SystemServerTiming: OnBootPhase_520_com.android.server.recoverysystem.RecoverySystemService$Lifecycle
06-26 01:40:19.336   589   589 D SystemServerTiming: OnBootPhase_520_com.android.server.recoverysystem.RecoverySystemService$Lifecycle took to complete: 0ms
06-26 01:40:19.336   589   589 I SystemServerTiming: OnBootPhase_520_com.android.server.lights.LightsService
06-26 01:40:19.336   589   589 D SystemServerTiming: OnBootPhase_520_com.android.server.lights.LightsService took to complete: 0ms
06-26 01:40:19.337   589   589 I SystemServerTiming: OnBootPhase_520_com.android.server.display.DisplayManagerService
06-26 01:40:19.337   589   589 D SystemServerTiming: OnBootPhase_520_com.android.server.display.DisplayManagerService took to complete: 0ms
06-26 01:40:19.337   589   589 I SystemServerTiming: OnBootPhase_520_com.android.server.pm.verify.domain.DomainVerificationService
06-26 01:40:19.337   589   589 D SystemServerTiming: OnBootPhase_520_com.android.server.pm.verify.domain.DomainVerificationService took to complete: 0ms
06-26 01:40:19.337   589   589 I SystemServerTiming: OnBootPhase_520_com.android.server.pm.PackageInstallerService$Lifecycle
06-26 01:40:19.337   589   589 D SystemServerTiming: OnBootPhase_520_com.android.server.pm.PackageInstallerService$Lifecycle took to complete: 0ms
06-26 01:40:19.337   589   589 I SystemServerTiming: OnBootPhase_520_com.android.server.pm.UserManagerService$LifeCycle
06-26 01:40:19.337   589   589 D SystemServerTiming: OnBootPhase_520_com.android.server.pm.UserManagerService$LifeCycle took to complete: 0ms
06-26 01:40:19.338   589   589 I SystemServerTiming: OnBootPhase_520_com.android.server.om.OverlayManagerService
06-26 01:40:19.338   589   589 D SystemServerTiming: OnBootPhase_520_com.android.server.om.OverlayManagerService took to complete: 0ms
06-26 01:40:19.339   589   589 I SystemServerTiming: OnBootPhase_520_com.android.server.SensorPrivacyService
06-26 01:40:19.339   589   589 D SystemServerTiming: OnBootPhase_520_com.android.server.SensorPrivacyService took to complete: 0ms
06-26 01:40:19.339   589   589 I SystemServerTiming: OnBootPhase_520_com.android.server.sensors.SensorService
06-26 01:40:19.339   589   589 D SystemServerTiming: OnBootPhase_520_com.android.server.sensors.SensorService took to complete: 0ms
06-26 01:40:19.339   589   589 I SystemServerTiming: OnBootPhase_520_com.android.server.SystemConfigService
06-26 01:40:19.339   589   589 D SystemServerTiming: OnBootPhase_520_com.android.server.SystemConfigService took to complete: 0ms
06-26 01:40:19.339   589   589 I SystemServerTiming: OnBootPhase_520_com.android.server.BatteryService
06-26 01:40:19.339   589   589 D SystemServerTiming: OnBootPhase_520_com.android.server.BatteryService took to complete: 0ms
06-26 01:40:19.339   589   589 I SystemServerTiming: OnBootPhase_520_com.android.server.usage.UsageStatsService
06-26 01:40:19.339   589   589 D SystemServerTiming: OnBootPhase_520_com.android.server.usage.UsageStatsService took to complete: 0ms
06-26 01:40:19.339   589   589 I SystemServerTiming: OnBootPhase_520_com.android.server.webkit.WebViewUpdateService
06-26 01:40:19.339   589   589 D SystemServerTiming: OnBootPhase_520_com.android.server.webkit.WebViewUpdateService took to complete: 0ms
06-26 01:40:19.340   589   589 I SystemServerTiming: OnBootPhase_520_com.android.server.CachedDeviceStateService
06-26 01:40:19.340   589   589 D SystemServerTiming: OnBootPhase_520_com.android.server.CachedDeviceStateService took to complete: 0ms
06-26 01:40:19.340   589   589 I SystemServerTiming: OnBootPhase_520_com.android.server.BinderCallsStatsService$LifeCycle
06-26 01:40:19.340   589   589 D SystemServerTiming: OnBootPhase_520_com.android.server.BinderCallsStatsService$LifeCycle took to complete: 0ms
06-26 01:40:19.340   589   589 I SystemServerTiming: OnBootPhase_520_com.android.server.LooperStatsService$Lifecycle
06-26 01:40:19.340   589   589 D SystemServerTiming: OnBootPhase_520_com.android.server.LooperStatsService$Lifecycle took to complete: 0ms
06-26 01:40:19.340   589   589 I SystemServerTiming: OnBootPhase_520_com.android.server.rollback.RollbackManagerService
06-26 01:40:19.340   589   589 D SystemServerTiming: OnBootPhase_520_com.android.server.rollback.RollbackManagerService took to complete: 0ms
06-26 01:40:19.340   589   589 I SystemServerTiming: OnBootPhase_520_com.android.server.os.NativeTombstoneManagerService
06-26 01:40:19.340   589   589 D SystemServerTiming: OnBootPhase_520_com.android.server.os.NativeTombstoneManagerService took to complete: 0ms
06-26 01:40:19.340   589   589 I SystemServerTiming: OnBootPhase_520_com.android.server.os.BugreportManagerService
06-26 01:40:19.340   589   589 D SystemServerTiming: OnBootPhase_520_com.android.server.os.BugreportManagerService took to complete: 0ms
06-26 01:40:19.340   589   589 I SystemServerTiming: OnBootPhase_520_com.android.server.gpu.GpuService
06-26 01:40:19.340   589   589 D SystemServerTiming: OnBootPhase_520_com.android.server.gpu.GpuService took to complete: 0ms
06-26 01:40:19.340   589   589 I SystemServerTiming: OnBootPhase_520_com.android.server.security.KeyChainSystemService
06-26 01:40:19.340   589   589 D SystemServerTiming: OnBootPhase_520_com.android.server.security.KeyChainSystemService took to complete: 0ms
06-26 01:40:19.340   589   589 I SystemServerTiming: OnBootPhase_520_com.android.server.telecom.TelecomLoaderService
06-26 01:40:19.340   589   589 D SystemServerTiming: OnBootPhase_520_com.android.server.telecom.TelecomLoaderService took to complete: 0ms
06-26 01:40:19.340   589   589 I SystemServerTiming: OnBootPhase_520_com.android.server.accounts.AccountManagerService$Lifecycle
06-26 01:40:19.341   589   589 D SystemServerTiming: OnBootPhase_520_com.android.server.accounts.AccountManagerService$Lifecycle took to complete: 0ms
06-26 01:40:19.341   589   589 I SystemServerTiming: OnBootPhase_520_com.android.server.content.ContentService$Lifecycle
06-26 01:40:19.341   589   589 D SystemServerTiming: OnBootPhase_520_com.android.server.content.ContentService$Lifecycle took to complete: 0ms
06-26 01:40:19.341   589   589 I SystemServerTiming: OnBootPhase_520_com.android.server.DropBoxManagerService
06-26 01:40:19.341   589   589 D SystemServerTiming: OnBootPhase_520_com.android.server.DropBoxManagerService took to complete: 0ms
06-26 01:40:19.341   589   589 I SystemServerTiming: OnBootPhase_520_com.android.role.RoleService
06-26 01:40:19.341   589   589 D SystemServerTiming: OnBootPhase_520_com.android.role.RoleService took to complete: 0ms
06-26 01:40:19.341   589   589 I SystemServerTiming: OnBootPhase_520_com.android.server.vibrator.VibratorManagerService$Lifecycle
06-26 01:40:19.341   589   589 D SystemServerTiming: OnBootPhase_520_com.android.server.vibrator.VibratorManagerService$Lifecycle took to complete: 0ms
06-26 01:40:19.341   589   589 I SystemServerTiming: OnBootPhase_520_com.android.server.alarm.AlarmManagerService
06-26 01:40:19.341   589   589 D SystemServerTiming: OnBootPhase_520_com.android.server.alarm.AlarmManagerService took to complete: 0ms
06-26 01:40:19.350   589   589 I SystemServerTiming: OnBootPhase_520_com.android.server.devicestate.DeviceStateManagerService
06-26 01:40:19.350   589   589 D SystemServerTiming: OnBootPhase_520_com.android.server.devicestate.DeviceStateManagerService took to complete: 0ms
06-26 01:40:19.350   589   589 I SystemServerTiming: OnBootPhase_520_com.android.server.camera.CameraServiceProxy
06-26 01:40:19.350   589   589 D SystemServerTiming: OnBootPhase_520_com.android.server.camera.CameraServiceProxy took to complete: 0ms
06-26 01:40:19.350   589   589 I SystemServerTiming: OnBootPhase_520_com.android.server.BluetoothService
06-26 01:40:19.350   589   589 D SystemServerTiming: OnBootPhase_520_com.android.server.BluetoothService took to complete: 0ms
06-26 01:40:19.350   589   589 I SystemServerTiming: OnBootPhase_520_com.android.server.connectivity.IpConnectivityMetrics
06-26 01:40:19.350   589   589 D SystemServerTiming: OnBootPhase_520_com.android.server.connectivity.IpConnectivityMetrics took to complete: 0ms
06-26 01:40:19.350   589   589 I SystemServerTiming: OnBootPhase_520_com.android.server.net.watchlist.NetworkWatchlistService$Lifecycle
06-26 01:40:19.350   589   589 D SystemServerTiming: OnBootPhase_520_com.android.server.net.watchlist.NetworkWatchlistService$Lifecycle took to complete: 0ms
06-26 01:40:19.351   589   589 I SystemServerTiming: OnBootPhase_520_com.android.server.PinnerService
06-26 01:40:19.351   589   589 D SystemServerTiming: OnBootPhase_520_com.android.server.PinnerService took to complete: 0ms
06-26 01:40:19.351   589   589 I SystemServerTiming: OnBootPhase_520_com.google.android.startop.iorap.IorapForwardingService
06-26 01:40:19.351   589   589 D SystemServerTiming: OnBootPhase_520_com.google.android.startop.iorap.IorapForwardingService took to complete: 0ms
06-26 01:40:19.351   589   589 I SystemServerTiming: OnBootPhase_520_com.android.server.integrity.AppIntegrityManagerService
06-26 01:40:19.351   589   589 D SystemServerTiming: OnBootPhase_520_com.android.server.integrity.AppIntegrityManagerService took to complete: 0ms
06-26 01:40:19.351   589   589 I SystemServerTiming: OnBootPhase_520_com.android.server.inputmethod.InputMethodManagerService$Lifecycle
06-26 01:40:19.351   589   589 D SystemServerTiming: OnBootPhase_520_com.android.server.inputmethod.InputMethodManagerService$Lifecycle took to complete: 0ms
06-26 01:40:19.351   589   589 I SystemServerTiming: OnBootPhase_520_com.android.server.accessibility.AccessibilityManagerService$Lifecycle
06-26 01:40:19.351   589   589 D SystemServerTiming: OnBootPhase_520_com.android.server.accessibility.AccessibilityManagerService$Lifecycle took to complete: 0ms
06-26 01:40:19.351   589   589 I SystemServerTiming: OnBootPhase_520_com.android.server.StorageManagerService$Lifecycle
06-26 01:40:19.351   589   589 D SystemServerTiming: OnBootPhase_520_com.android.server.StorageManagerService$Lifecycle took to complete: 0ms
06-26 01:40:19.351   589   589 I SystemServerTiming: OnBootPhase_520_com.android.server.usage.StorageStatsService$Lifecycle
06-26 01:40:19.351   589   589 D SystemServerTiming: OnBootPhase_520_com.android.server.usage.StorageStatsService$Lifecycle took to complete: 0ms
06-26 01:40:19.351   589   589 I SystemServerTiming: OnBootPhase_520_com.android.server.UiModeManagerService
06-26 01:40:19.351   589   589 D SystemServerTiming: OnBootPhase_520_com.android.server.UiModeManagerService took to complete: 0ms
06-26 01:40:19.351   589   589 I SystemServerTiming: OnBootPhase_520_com.android.server.locksettings.LockSettingsService$Lifecycle
06-26 01:40:19.351   589   589 D SystemServerTiming: OnBootPhase_520_com.android.server.locksettings.LockSettingsService$Lifecycle took to complete: 0ms
06-26 01:40:19.351   589   589 I SystemServerTiming: OnBootPhase_520_com.android.server.PersistentDataBlockService
06-26 01:40:19.351   589   589 D SystemServerTiming: OnBootPhase_520_com.android.server.PersistentDataBlockService took to complete: 0ms
06-26 01:40:19.351   589   589 I SystemServerTiming: OnBootPhase_520_com.android.server.testharness.TestHarnessModeService
06-26 01:40:19.351   589   589 D SystemServerTiming: OnBootPhase_520_com.android.server.testharness.TestHarnessModeService took to complete: 0ms
06-26 01:40:19.351   589   589 I SystemServerTiming: OnBootPhase_520_com.android.server.oemlock.OemLockService
06-26 01:40:19.351   589   589 D SystemServerTiming: OnBootPhase_520_com.android.server.oemlock.OemLockService took to complete: 0ms
06-26 01:40:19.351   589   589 I SystemServerTiming: OnBootPhase_520_com.android.server.DeviceIdleController
06-26 01:40:19.351   589   589 D SystemServerTiming: OnBootPhase_520_com.android.server.DeviceIdleController took to complete: 0ms
06-26 01:40:19.351   589   589 I SystemServerTiming: OnBootPhase_520_com.android.server.devicepolicy.DevicePolicyManagerService$Lifecycle
06-26 01:40:19.351   589   589 D SystemServerTiming: OnBootPhase_520_com.android.server.devicepolicy.DevicePolicyManagerService$Lifecycle took to complete: 0ms
06-26 01:40:19.352   589   589 I SystemServerTiming: OnBootPhase_520_com.android.server.texttospeech.TextToSpeechManagerService
06-26 01:40:19.352   589   589 D SystemServerTiming: OnBootPhase_520_com.android.server.texttospeech.TextToSpeechManagerService took to complete: 0ms
06-26 01:40:19.352   589   589 I SystemServerTiming: OnBootPhase_520_com.android.server.speech.SpeechRecognitionManagerService
06-26 01:40:19.352   589   589 D SystemServerTiming: OnBootPhase_520_com.android.server.speech.SpeechRecognitionManagerService took to complete: 0ms
06-26 01:40:19.352   589   589 I SystemServerTiming: OnBootPhase_520_com.android.server.searchui.SearchUiManagerService
06-26 01:40:19.352   589   589 D SystemServerTiming: OnBootPhase_520_com.android.server.searchui.SearchUiManagerService took to complete: 0ms
06-26 01:40:19.352   589   589 I SystemServerTiming: OnBootPhase_520_com.android.server.smartspace.SmartspaceManagerService
06-26 01:40:19.352   589   589 D SystemServerTiming: OnBootPhase_520_com.android.server.smartspace.SmartspaceManagerService took to complete: 0ms
06-26 01:40:19.352   589   589 I SystemServerTiming: OnBootPhase_520_com.android.server.graphics.fonts.FontManagerService$Lifecycle
06-26 01:40:19.352   589   589 D SystemServerTiming: OnBootPhase_520_com.android.server.graphics.fonts.FontManagerService$Lifecycle took to complete: 0ms
06-26 01:40:19.352   589   589 I SystemServerTiming: OnBootPhase_520_com.android.server.textservices.TextServicesManagerService$Lifecycle
06-26 01:40:19.352   589   589 D SystemServerTiming: OnBootPhase_520_com.android.server.textservices.TextServicesManagerService$Lifecycle took to complete: 0ms
06-26 01:40:19.352   589   589 I SystemServerTiming: OnBootPhase_520_com.android.server.textclassifier.TextClassificationManagerService$Lifecycle
06-26 01:40:19.352   589   589 D SystemServerTiming: OnBootPhase_520_com.android.server.textclassifier.TextClassificationManagerService$Lifecycle took to complete: 0ms
06-26 01:40:19.352   589   589 I SystemServerTiming: OnBootPhase_520_com.android.server.NetworkScoreService$Lifecycle
06-26 01:40:19.352   589   589 D SystemServerTiming: OnBootPhase_520_com.android.server.NetworkScoreService$Lifecycle took to complete: 0ms
06-26 01:40:19.352   589   589 I SystemServerTiming: OnBootPhase_520_com.android.server.wifi.WifiService
06-26 01:40:19.352   589   589 D SystemServerTiming: OnBootPhase_520_com.android.server.wifi.WifiService took to complete: 0ms
06-26 01:40:19.352   589   589 I SystemServerTiming: OnBootPhase_520_com.android.server.wifi.scanner.WifiScanningService
06-26 01:40:19.352   589   589 D SystemServerTiming: OnBootPhase_520_com.android.server.wifi.scanner.WifiScanningService took to complete: 0ms
06-26 01:40:19.352   589   589 I SystemServerTiming: OnBootPhase_520_com.android.server.wifi.p2p.WifiP2pService
06-26 01:40:19.352   589   589 D SystemServerTiming: OnBootPhase_520_com.android.server.wifi.p2p.WifiP2pService took to complete: 0ms
06-26 01:40:19.352   589   589 I SystemServerTiming: OnBootPhase_520_com.android.server.ethernet.EthernetService
06-26 01:40:19.352   589   589 D SystemServerTiming: OnBootPhase_520_com.android.server.ethernet.EthernetService took to complete: 0ms
06-26 01:40:19.352   589   589 I SystemServerTiming: OnBootPhase_520_com.android.server.ConnectivityServiceInitializer
06-26 01:40:19.352   589   589 D SystemServerTiming: OnBootPhase_520_com.android.server.ConnectivityServiceInitializer took to complete: 0ms
06-26 01:40:19.352   589   589 I SystemServerTiming: OnBootPhase_520_com.android.server.notification.NotificationManagerService
06-26 01:40:19.352   589   589 D SystemServerTiming: OnBootPhase_520_com.android.server.notification.NotificationManagerService took to complete: 0ms
06-26 01:40:19.352   589   589 I SystemServerTiming: OnBootPhase_520_com.android.server.storage.DeviceStorageMonitorService
06-26 01:40:19.352   589   589 D SystemServerTiming: OnBootPhase_520_com.android.server.storage.DeviceStorageMonitorService took to complete: 0ms
06-26 01:40:19.352   589   589 I SystemServerTiming: OnBootPhase_520_com.android.server.location.LocationManagerService$Lifecycle
06-26 01:40:19.353   589   589 D SystemServerTiming: OnBootPhase_520_com.android.server.location.LocationManagerService$Lifecycle took to complete: 0ms
06-26 01:40:19.353   589   589 I SystemServerTiming: OnBootPhase_520_com.android.server.timedetector.TimeDetectorService$Lifecycle
06-26 01:40:19.353   589   589 D SystemServerTiming: OnBootPhase_520_com.android.server.timedetector.TimeDetectorService$Lifecycle took to complete: 0ms
06-26 01:40:19.353   589   589 I SystemServerTiming: OnBootPhase_520_com.android.server.timezonedetector.TimeZoneDetectorService$Lifecycle
06-26 01:40:19.353   589   589 D SystemServerTiming: OnBootPhase_520_com.android.server.timezonedetector.TimeZoneDetectorService$Lifecycle took to complete: 0ms
06-26 01:40:19.353   589   589 I SystemServerTiming: OnBootPhase_520_com.android.server.timezonedetector.location.LocationTimeZoneManagerService$Lifecycle
06-26 01:40:19.353   589   589 D SystemServerTiming: OnBootPhase_520_com.android.server.timezonedetector.location.LocationTimeZoneManagerService$Lifecycle took to complete: 0ms
06-26 01:40:19.353   589   589 I SystemServerTiming: OnBootPhase_520_com.android.server.search.SearchManagerService$Lifecycle
06-26 01:40:19.353   589   589 D SystemServerTiming: OnBootPhase_520_com.android.server.search.SearchManagerService$Lifecycle took to complete: 0ms
06-26 01:40:19.353   589   589 I SystemServerTiming: OnBootPhase_520_com.android.server.wallpaper.WallpaperManagerService$Lifecycle
06-26 01:40:19.353   589   589 D SystemServerTiming: OnBootPhase_520_com.android.server.wallpaper.WallpaperManagerService$Lifecycle took to complete: 1ms
06-26 01:40:19.353   589   589 I SystemServerTiming: OnBootPhase_520_com.android.server.audio.AudioService$Lifecycle
06-26 01:40:19.354   589   589 D SystemServerTiming: OnBootPhase_520_com.android.server.audio.AudioService$Lifecycle took to complete: 0ms
06-26 01:40:19.354   589   589 I SystemServerTiming: OnBootPhase_520_com.android.server.soundtrigger_middleware.SoundTriggerMiddlewareService$Lifecycle
06-26 01:40:19.354   589   589 D SystemServerTiming: OnBootPhase_520_com.android.server.soundtrigger_middleware.SoundTriggerMiddlewareService$Lifecycle took to complete: 0ms
06-26 01:40:19.354   589   589 I SystemServerTiming: OnBootPhase_520_com.android.server.DockObserver
06-26 01:40:19.354   589   589 D SystemServerTiming: OnBootPhase_520_com.android.server.DockObserver took to complete: 0ms
06-26 01:40:19.354   589   589 I SystemServerTiming: OnBootPhase_520_com.android.server.adb.AdbService$Lifecycle
06-26 01:40:19.354   589   589 D SystemServerTiming: OnBootPhase_520_com.android.server.adb.AdbService$Lifecycle took to complete: 0ms
06-26 01:40:19.354   589   589 I SystemServerTiming: OnBootPhase_520_com.android.server.usb.UsbService$Lifecycle
06-26 01:40:19.354   589   589 D SystemServerTiming: OnBootPhase_520_com.android.server.usb.UsbService$Lifecycle took to complete: 0ms
06-26 01:40:19.354   589   589 I SystemServerTiming: OnBootPhase_520_com.android.server.twilight.TwilightService
06-26 01:40:19.354   589   589 D SystemServerTiming: OnBootPhase_520_com.android.server.twilight.TwilightService took to complete: 0ms
06-26 01:40:19.354   589   589 I SystemServerTiming: OnBootPhase_520_com.android.server.display.color.ColorDisplayService
06-26 01:40:19.354   589   589 D SystemServerTiming: OnBootPhase_520_com.android.server.display.color.ColorDisplayService took to complete: 0ms
06-26 01:40:19.354   589   589 I SystemServerTiming: OnBootPhase_520_com.android.server.job.JobSchedulerService
06-26 01:40:19.354   589   589 D SystemServerTiming: OnBootPhase_520_com.android.server.job.JobSchedulerService took to complete: 0ms
06-26 01:40:19.354   589   589 I SystemServerTiming: OnBootPhase_520_com.android.server.soundtrigger.SoundTriggerService
06-26 01:40:19.354   589   589 D SoundTriggerService: onBootPhase: 520 : false
06-26 01:40:19.354   589   589 D SystemServerTiming: OnBootPhase_520_com.android.server.soundtrigger.SoundTriggerService took to complete: 0ms
06-26 01:40:19.354   589   589 I SystemServerTiming: OnBootPhase_520_com.android.server.trust.TrustManagerService
06-26 01:40:19.354   589   589 D SystemServerTiming: OnBootPhase_520_com.android.server.trust.TrustManagerService took to complete: 0ms
06-26 01:40:19.354   589   589 I SystemServerTiming: OnBootPhase_520_com.android.server.backup.BackupManagerService$Lifecycle
06-26 01:40:19.355   589   589 D SystemServerTiming: OnBootPhase_520_com.android.server.backup.BackupManagerService$Lifecycle took to complete: 0ms
06-26 01:40:19.355   589   589 I SystemServerTiming: OnBootPhase_520_com.android.server.appwidget.AppWidgetService
06-26 01:40:19.355   589   589 D SystemServerTiming: OnBootPhase_520_com.android.server.appwidget.AppWidgetService took to complete: 0ms
06-26 01:40:19.355   589   589 I SystemServerTiming: OnBootPhase_520_com.android.server.voiceinteraction.VoiceInteractionManagerService
06-26 01:40:19.355   589   589 D SystemServerTiming: OnBootPhase_520_com.android.server.voiceinteraction.VoiceInteractionManagerService took to complete: 0ms
06-26 01:40:19.355   589   589 I SystemServerTiming: OnBootPhase_520_com.android.server.apphibernation.AppHibernationService
06-26 01:40:19.355   589   589 D SystemServerTiming: OnBootPhase_520_com.android.server.apphibernation.AppHibernationService took to complete: 0ms
06-26 01:40:19.355   589   589 I SystemServerTiming: OnBootPhase_520_com.android.server.GestureLauncherService
06-26 01:40:19.355   589   589 D SystemServerTiming: OnBootPhase_520_com.android.server.GestureLauncherService took to complete: 0ms
06-26 01:40:19.355   589   589 I SystemServerTiming: OnBootPhase_520_com.android.server.SensorNotificationService
06-26 01:40:19.355   589   589 D SystemServerTiming: OnBootPhase_520_com.android.server.SensorNotificationService took to complete: 0ms
06-26 01:40:19.355   589   589 I SystemServerTiming: OnBootPhase_520_com.android.server.emergency.EmergencyAffordanceService
06-26 01:40:19.355   589   589 D SystemServerTiming: OnBootPhase_520_com.android.server.emergency.EmergencyAffordanceService took to complete: 0ms
06-26 01:40:19.355   589   589 I SystemServerTiming: OnBootPhase_520_com.android.server.dreams.DreamManagerService
06-26 01:40:19.355   589   589 D SystemServerTiming: OnBootPhase_520_com.android.server.dreams.DreamManagerService took to complete: 0ms
06-26 01:40:19.355   589   589 I SystemServerTiming: OnBootPhase_520_com.android.server.blob.BlobStoreManagerService
06-26 01:40:19.355   589   589 D SystemServerTiming: OnBootPhase_520_com.android.server.blob.BlobStoreManagerService took to complete: 0ms
06-26 01:40:19.355   589   589 I SystemServerTiming: OnBootPhase_520_com.android.server.restrictions.RestrictionsManagerService
06-26 01:40:19.355   589   589 D SystemServerTiming: OnBootPhase_520_com.android.server.restrictions.RestrictionsManagerService took to complete: 0ms
06-26 01:40:19.356   589   589 I SystemServerTiming: OnBootPhase_520_com.android.server.media.MediaSessionService
06-26 01:40:19.356   589   589 D SystemServerTiming: OnBootPhase_520_com.android.server.media.MediaSessionService took to complete: 0ms
06-26 01:40:19.356   589   589 I SystemServerTiming: OnBootPhase_520_com.android.server.hdmi.HdmiControlService
06-26 01:40:19.356   589   589 D SystemServerTiming: OnBootPhase_520_com.android.server.hdmi.HdmiControlService took to complete: 0ms
06-26 01:40:19.356   589   589 I SystemServerTiming: OnBootPhase_520_com.android.server.tv.TvInputManagerService
06-26 01:40:19.356   589   589 D SystemServerTiming: OnBootPhase_520_com.android.server.tv.TvInputManagerService took to complete: 0ms
06-26 01:40:19.356   589   589 I SystemServerTiming: OnBootPhase_520_com.android.server.media.MediaResourceMonitorService
06-26 01:40:19.356   589   589 D SystemServerTiming: OnBootPhase_520_com.android.server.media.MediaResourceMonitorService took to complete: 0ms
06-26 01:40:19.356   589   589 I SystemServerTiming: OnBootPhase_520_com.android.server.tv.TvRemoteService
06-26 01:40:19.356   589   589 D SystemServerTiming: OnBootPhase_520_com.android.server.tv.TvRemoteService took to complete: 0ms
06-26 01:40:19.356   589   589 I SystemServerTiming: OnBootPhase_520_com.android.server.biometrics.BiometricService
06-26 01:40:19.356   589   589 D SystemServerTiming: OnBootPhase_520_com.android.server.biometrics.BiometricService took to complete: 0ms
06-26 01:40:19.356   589   589 I SystemServerTiming: OnBootPhase_520_com.android.server.biometrics.AuthService
06-26 01:40:19.356   589   589 D SystemServerTiming: OnBootPhase_520_com.android.server.biometrics.AuthService took to complete: 0ms
06-26 01:40:19.356   589   589 I SystemServerTiming: OnBootPhase_520_com.android.server.pm.ShortcutService$Lifecycle
06-26 01:40:19.356   589   589 D SystemServerTiming: OnBootPhase_520_com.android.server.pm.ShortcutService$Lifecycle took to complete: 0ms
06-26 01:40:19.356   589   589 I SystemServerTiming: OnBootPhase_520_com.android.server.pm.LauncherAppsService
06-26 01:40:19.356   589   589 D SystemServerTiming: OnBootPhase_520_com.android.server.pm.LauncherAppsService took to complete: 0ms
06-26 01:40:19.356   589   589 I SystemServerTiming: OnBootPhase_520_com.android.server.pm.CrossProfileAppsService
06-26 01:40:19.356   589   589 D SystemServerTiming: OnBootPhase_520_com.android.server.pm.CrossProfileAppsService took to complete: 0ms
06-26 01:40:19.356   589   589 I SystemServerTiming: OnBootPhase_520_com.android.server.people.PeopleService
06-26 01:40:19.356   589   589 D SystemServerTiming: OnBootPhase_520_com.android.server.people.PeopleService took to complete: 0ms
