06-26 01:32:19.393  4230  4230 W mediaextractor: libminijail[4230]: compile_file: <fd>(60): previous definition here
06-26 01:32:19.393  4230  4230 W mediaextractor: libminijail[4230]: compile_file: <fd>(67): syscall pread64 redefined here
06-26 01:32:19.393  4230  4230 W mediaextractor: libminijail[4230]: compile_file: <fd>(49): previous definition here
06-26 01:32:19.393  4230  4230 W mediaextractor: libminijail[4230]: compile_file: <fd>(68): nonexistent syscall 'mmap'
06-26 01:32:19.393  4230  4230 W mediaextractor: libminijail[4230]: compile_file: <fd>(70): nonexistent syscall 'newfstatat'
06-26 01:32:19.393  4230  4230 W mediaextractor: libminijail[4230]: compile_file: <fd>(71): nonexistent syscall 'getrlimit'
06-26 01:32:19.393  4230  4230 W mediaextractor: libminijail[4230]: compile_file: <fd>(72): syscall sched_setscheduler redefined here
06-26 01:32:19.393  4268  4285 I adbd    : Waiting for persist.adb.tls_server.enable=1
06-26 01:32:19.393  4230  4230 W mediaextractor: libminijail[4230]: compile_file: <fd>(33): previous definition here
06-26 01:32:19.393  4230  4230 W mediaextractor: libminijail[4230]: compile_file: <fd>(73): syscall recvfrom redefined here
06-26 01:32:19.393  4230  4230 W mediaextractor: libminijail[4230]: compile_file: /apex/com.android.media/etc/seccomp_policy/crash_dump.arm.policy(22): previous definition here
06-26 01:32:19.394  4268  4268 I adbd    : adbd listening on tcp:5555
06-26 01:32:19.394  4268  4268 I adbd    : adbd listening on vsock:5555
06-26 01:32:19.495     0     0 D [   11.406232@0]- audio_ddr_mngr: toddrs[0] registered by device ff642000.audiobus:loopback@0
06-26 01:32:19.495     0     0 I         : [   11.406612@0]- loopback_dai_shutdown
06-26 01:32:19.495     0     0 D [   11.406894@0]- audio_ddr_mngr: toddrs[0] released by device ff642000.audiobus:loopback@0
06-26 01:32:19.495     0     0 I         : [   11.407286@0]- aml_tdm_open
06-26 01:32:19.394  4268  4268 I adbd    : adbd started
06-26 01:32:19.395  4268  4287 I adbd    : opening control endpoint /dev/usb-ffs/adb/ep0
06-26 01:32:19.395  4230  4230 W mediaextractor: libminijail[4230]: logging seccomp filter failures
06-26 01:32:19.396  4230  4230 D ProcessState: Binder ioctl to enable oneway spam detection failed: Invalid argument
06-26 01:32:19.398  4162  4283 I libusbconfigfs: GADGET pulled up
06-26 01:32:19.401  4245  4245 I mediaswcodec: media swcodec service starting
06-26 01:32:19.413  4268  4287 I adbd    : UsbFfsConnection constructed
06-26 01:32:19.413  4245  4245 W mediaswcodec: libminijail[4245]: failed to get path of fd 5: No such file or directory
06-26 01:32:19.413  4245  4245 W mediaswcodec: libminijail[4245]: allowing syscall: clock_gettime
06-26 01:32:19.413  4245  4245 W mediaswcodec: libminijail[4245]: allowing syscall: connect
06-26 01:32:19.413  4245  4245 W mediaswcodec: libminijail[4245]: allowing syscall: fcntl64
06-26 01:32:19.413  4245  4245 W mediaswcodec: libminijail[4245]: allowing syscall: socket
06-26 01:32:19.413  4245  4245 W mediaswcodec: libminijail[4245]: allowing syscall: writev
06-26 01:32:19.422  4245  4245 W mediaswcodec: libminijail[4245]: compile_file: <fd>(71): syscall futex redefined here
06-26 01:32:19.423  4245  4245 W mediaswcodec: libminijail[4245]: compile_file: <fd>(15): previous definition here
06-26 01:32:19.426  4245  4245 W mediaswcodec: libminijail[4245]: compile_file: <fd>(90): syscall clock_gettime redefined here
06-26 01:32:19.426  4245  4245 W mediaswcodec: libminijail[4245]: compile_file: <fd>(70): previous definition here
06-26 01:32:19.426  4245  4245 W mediaswcodec: libminijail[4245]: compile_file: <fd>(94): syscall writev redefined here
06-26 01:32:19.426  4245  4245 W mediaswcodec: libminijail[4245]: compile_file: <fd>(38): previous definition here
06-26 01:32:19.426  4245  4245 W mediaswcodec: libminijail[4245]: compile_file: <fd>(95): syscall madvise redefined here
06-26 01:32:19.427  4245  4245 W mediaswcodec: libminijail[4245]: compile_file: <fd>(66): previous definition here
06-26 01:32:19.427  4245  4245 W mediaswcodec: libminijail[4245]: logging seccomp filter failures
06-26 01:32:19.428  4245  4245 D hw-ProcessState: Binder ioctl to enable oneway spam detection failed: Invalid argument
06-26 01:32:19.429  4245  4245 I CodecServiceRegistrant: Creating software Codec2 service...
06-26 01:32:19.444  4245  4245 I HidlServiceManagement: Registered android.hardware.media.c2@1.2::IComponentStore/software
06-26 01:32:19.445  3820  3820 I hwservicemanager: getTransport: Cannot find entry android.hardware.media.c2@1.0::IComponentStore/default in either framework or device VINTF manifest.
06-26 01:32:19.446  4245  4245 I CodecServiceRegistrant: Preferred Codec2 store is defaulted to "software".
06-26 01:32:19.446  4245  4245 I CodecServiceRegistrant: Software Codec2 service created and registered.
06-26 01:32:19.448  4159  4159 W HidlServiceManagement: Waited one second for vendor.amlogic.hardware.hdmicec@1.0::IDroidHdmiCEC/default
06-26 01:32:19.450  3820  3820 I hw-BpHwBinder: onLastStrongRef automatically unlinking death recipients
06-26 01:32:19.451  4159  4159 I hdmicecd-client: Link to hdmi cec daemon service death notification successful
06-26 01:32:19.451  4159  4159 I hdmicecd-client: open cec device fd:6
06-26 01:32:19.452  4268  4294 I adbd    : UsbFfs-monitor thread spawned
06-26 01:32:19.452  4268  4294 I adbd    : USB event: FUNCTIONFS_BIND
06-26 01:32:19.455  4159  4159 I HidlServiceManagement: Registered android.hardware.tv.cec@1.0::IHdmiCec/default
06-26 01:32:19.455  4159  4159 I HidlServiceManagement: Removing namespace from process name android.hardware.tv.cec@1.0-service to cec@1.0-service.
06-26 01:32:19.456  4159  4159 I LegacySupport: Registration complete for android.hardware.tv.cec@1.0::IHdmiCec/default.
06-26 01:32:19.457  4179  4179 I MsDisplayAdapterWraper: mesonDisplayAdater_ops enter
06-26 01:32:19.466  4179  4179 I VideoTunnelDisplay: videoTunnelLibInit ok
06-26 01:32:19.467  4179  4179 V VideoTunnelDisplay: ctor videotunnel_ops
06-26 01:32:19.467  4094  4094 I zygote  : fcntl(F_ADD_SEALS) failed: Invalid argument, no memfd support.
06-26 01:32:19.467  4094  4094 I zygote  : Falling back to ashmem implementation for JIT zygote mapping
06-26 01:32:19.472  4107  4298 D AudioHAL:AudioHotplugThread: AudioHotplugThread::getDeviceInfo opening /dev/snd/pcmC0D2c
06-26 01:32:19.508     0     0 D [   11.416642@3]- audio_ddr_mngr: toddrs[0] registered by device ff642000.audiobus:tdmb
06-26 01:32:19.473  4107  4107 D audio_hw_primary: adev_open: enter
06-26 01:32:19.473  4107  4107 I WT_Hardware: Kehwin audio :20190308
06-26 01:32:19.473  4107  4107 I WT_Hardware: initAudio isUseGoogleVoice:1
06-26 01:32:19.473  4107  4107 D AudioALSADeviceParser: card open success
06-26 01:32:19.474  4107  4107 D AudioALSADeviceParser: 	current mCardIndex = 0, Rch =  0 
06-26 01:32:19.474  4107  4107 D AudioALSADeviceParser: 	current sound card name = AMLAUGESOUND
06-26 01:32:19.474  4107  4107 D AudioALSADeviceParser: 	 auge sound cardIndex found = 0
06-26 01:32:19.474  4107  4107 D AudioALSADeviceParser: reach EOF
06-26 01:32:19.474  4107  4107 D AudioALSADeviceParser: alsa_device_get_card_index() parse card index:0
06-26 01:32:19.477  4107  4298 E AudioHAL:AudioHotplugThread: AudioHotplugThread::getDeviceInfo open failed for /dev/snd/pcmC0D2c
06-26 01:32:19.477  4107  4298 D AudioHAL:AudioHotplugThread: AudioHotplugThread::getDeviceInfo opening /dev/snd/pcmC0D6c
06-26 01:32:19.477  4107  4107 W audio_route: Control 'SPK mute' doesn't exist - skipping
06-26 01:32:19.477  4107  4107 W audio_route: Control 'SPK mute' doesn't exist - skipping
06-26 01:32:19.477  4107  4107 D audio_eq_drc_compensation: eq_drc_init: device num = 2
06-26 01:32:19.478  4179  4179 E secmem_tz: [Secure_Load:1588] 
06-26 01:32:19.478  4179  4179 E secmem_tz: MM-module-name:Secmem libsecmem,Version:2.2.28-gdcb041d(build:1879)
06-26 01:32:19.478  4107  4107 D audio_eq_drc_compensation: get_model_name: Model Name -> 
06-26 01:32:19.478  4107  4107 D IniParser: IniParser, entering...
06-26 01:32:19.478  4107  4107 D IniParser: parse, entering...
06-26 01:32:19.478  4107  4107 D audio_eq_drc_parser: handle_audio_sum_ini, INI load file error, use default file
06-26 01:32:19.478  4107  4107 D audio_eq_drc_parser: handle_audio_sum_ini, INI File -> /odm/etc/tvconfig/audio/AMLOGIC_SOC_DEFAULT.ini
06-26 01:32:19.478  4179  4179 E secmem_tz: [Secure_Check_Resm_tvp_support:609] secmem support resmanager tvp
06-26 01:32:19.478  4107  4107 D IniParser: ~IniParser, entering...
06-26 01:32:19.478  4107  4107 D IniParser: free, entering...
06-26 01:32:19.478  4107  4107 D IniParser: fun_name = free
06-26 01:32:19.478  4107  4107 D IniParser: fun_name = printNewMemND, fun_name = , total_cnt = 0
06-26 01:32:19.478  4107  4107 D IniParser: fun_name = free
06-26 01:32:19.478  4107  4107 D IniParser: fun_name = printDelMemND, fun_name = , total_cnt = 0
06-26 01:32:19.479  4107  4107 D IniParser: IniParser, entering...
06-26 01:32:19.479  4107  4107 D IniParser: parse, entering...
06-26 01:32:19.479  4107  4107 D audio_eq_drc_parser: handle_audio_eq_drc_ini, ini load file error!
06-26 01:32:19.479  4107  4107 D IniParser: ~IniParser, entering...
06-26 01:32:19.479  4107  4107 D IniParser: free, entering...
06-26 01:32:19.479  4107  4107 D IniParser: fun_name = free
06-26 01:32:19.479  4107  4107 D IniParser: fun_name = printNewMemND, fun_name = , total_cnt = 0
06-26 01:32:19.479  4107  4107 D IniParser: fun_name = free
06-26 01:32:19.479  4107  4107 D IniParser: fun_name = printDelMemND, fun_name = , total_cnt = 0
06-26 01:32:19.479  4107  4107 E audio_eq_drc_compensation: eq_drc_init: Get device 0  EQ&DRC config failed
06-26 01:32:19.480  4107  4107 I audio_hw_primary: aml_audio_output_routing: outport OUTPORT_SPEAKER already exists, do nothing
06-26 01:32:19.481  4107  4107 I audio_hw_primary: detect_dolby_lib_type, failed to load libdolbyms12 lib dlopen failed: library "/vendor/lib/libdolbyms12.so" not found
06-26 01:32:19.492  4107  4298 D AudioHAL:AudioHotplugThread: AudioHotplugThread get_alsa_card_name returned 13, AMLAUGESOUND
06-26 01:32:19.493  4107  4298 D AudioHAL:AudioHotplugThread: AudioHotplugThread::getDeviceInfo opening /dev/snd/pcmC0D1c
06-26 01:32:19.495  4107  4107 I audio_hw_primary: detect_dolby_lib_type,FOUND libHwAudio_dcvdec lib (null)
06-26 01:32:19.498  4107  4107 I vaudio_apps: 06-26 01:32:19.497 nano_init(195): (nano_init)Version Build In Time Jul  1 2020-18:42:41 0
06-26 01:32:19.502  4240  4240 I omx_core: OMX_Init 66 gInitCount=1
06-26 01:32:19.503  4107  4298 D AudioHAL:AudioHotplugThread: AudioHotplugThread get_alsa_card_name returned 13, AMLAUGESOUND
06-26 01:32:19.503  4107  4107 I vaudio_apps: 06-26 01:32:19.503 Nano_SetStandby(940): (1)
06-26 01:32:19.504  4107  4298 D AudioHAL:AudioHotplugThread: AudioHotplugThread::getDeviceInfo opening /dev/snd/pcmC0D4c
06-26 01:32:19.504  4240  4240 V AML_all_components: 
06-26 01:32:19.504  4240  4240 V AML_all_components: --------------------------------
06-26 01:32:19.504  4240  4240 V AML_all_components: ARCH = arm
06-26 01:32:19.504  4240  4240 V AML_all_components: Author:aml.sh multi-media team
06-26 01:32:19.504  4240  4240 V AML_all_components: Branch name:   * (HEAD detached at ff578ed)
06-26 01:32:19.504  4240  4240 V AML_all_components: Last Commit Info:
06-26 01:32:19.504  4240  4240 V AML_all_components:     commit ff578ed5bbfb653c4a48e1850160c26319fdcc90
06-26 01:32:19.504  4240  4240 V AML_all_components:     Author: chuntian.miao <chuntian.miao@amlogic.com>
06-26 01:32:19.504  4240  4240 V AML_all_components:     Date: Mon Jul 25 15:47:12 2022 +0800
06-26 01:32:19.504  4240  4240 V AML_all_components:      audio: CB1 fix dolby decoder crash issue for specific file [1/1]
06-26 01:32:19.504  4240  4240 V AML_all_components:      PD#OTT-32452
06-26 01:32:19.504  4240  4240 V AML_all_components:      Change-Id: Idb9334a858d651f5de28bda449f0c12af826a7d6
06-26 01:32:19.504  4240  4240 V AML_all_components: Uncommitted-file-num:1
06-26 01:32:19.504  4240  4240 V AML_all_components: Build-time:     Wed Aug 10 10:57:08 CST 2022
06-26 01:32:19.504  4240  4240 V AML_all_components: Build-name:     drm.autobuild
06-26 01:32:19.504  4240  4240 V AML_all_components: Version:    2.1.17-gff578ed(build:1985)
06-26 01:32:19.504  4240  4240 V AML_all_components: --------------------------------
06-26 01:32:19.504  4240  4240 V OmxComponentManagerImpl: loadLibrary:517 Loading OMX library libOmxVideo.so.
06-26 01:32:19.505  4240  4240 I omx_video: support video layer1 layer_cap=707
06-26 01:32:19.505  4240  4240 D omx_video: use omx2, skip omx video_decoder.avc
06-26 01:32:19.505  4240  4240 D omx_video: registerFactory for 1 OMX.amlogic.avc.decoder.awesome2
06-26 01:32:19.505  4240  4240 D omx_video: use omx2, skip omx video_decoder.hevc
06-26 01:32:19.505  4240  4240 D omx_video: registerFactory for 3 OMX.amlogic.hevc.decoder.awesome2
06-26 01:32:19.506  4240  4240 D omx_video: use omx2, skip omx video_decoder.hevc
06-26 01:32:19.506  4240  4240 E omx_video: here OMX.amlogic.hevc.decoder.awesome2.secure 1
06-26 01:32:19.506  4240  4240 D omx_video: registerFactory for 5 OMX.amlogic.hevc.decoder.awesome2.secure
06-26 01:32:19.506  4240  4240 D omx_video: use omx2, skip omx video_decoder.avc
06-26 01:32:19.506  4240  4240 E omx_video: here OMX.amlogic.avc.decoder.awesome2.secure 1
06-26 01:32:19.506  4240  4240 D omx_video: registerFactory for 7 OMX.amlogic.avc.decoder.awesome2.secure
06-26 01:32:19.506  4240  4240 E omx_video: here OMX.amlogic.avc.decoder.awesome.hdcp.secure 1
06-26 01:32:19.506  4240  4240 D omx_video: registerFactory for 8 OMX.amlogic.avc.decoder.awesome.hdcp.secure
06-26 01:32:19.506  4240  4240 E omx_video: here OMX.amlogic.avc.decoder.awesome2.hdcp.secure 1
06-26 01:32:19.506  4240  4240 D omx_video: registerFactory for 9 OMX.amlogic.avc.decoder.awesome2.hdcp.secure
06-26 01:32:19.506  4240  4240 D omx_video: use omx2, skip omx video_decoder.mpeg4
06-26 01:32:19.506  4240  4240 D omx_video: registerFactory for 11 OMX.amlogic.mpeg4.decoder.awesome2
06-26 01:32:19.506  4240  4240 D omx_video: use omx2, skip omx video_decoder.mpeg2
06-26 01:32:19.507  4240  4240 D omx_video: registerFactory for 13 OMX.amlogic.mpeg2.decoder.awesome2
06-26 01:32:19.507  4240  4240 E omx_video: here OMX.amlogic.mpeg2.decoder.awesome.secure 1
06-26 01:32:19.507  4240  4240 D omx_video: registerFactory for 14 OMX.amlogic.mpeg2.decoder.awesome.secure
06-26 01:32:19.507  4240  4240 D omx_video: use omx2, skip omx video_decoder.mjpeg
06-26 01:32:19.507  4240  4240 D omx_video: registerFactory for 16 OMX.amlogic.mjpeg.decoder.awesome2
06-26 01:32:19.507  4240  4240 D omx_video: registerFactory for 17 OMX.amlogic.wmv3.decoder.awesome
06-26 01:32:19.507  4240  4240 D omx_video: registerFactory for 18 OMX.amlogic.mswmv3.decoder.awesome
06-26 01:32:19.507  4240  4240 D omx_video: registerFactory for 19 OMX.amlogic.vc1.decoder.awesome
06-26 01:32:19.507  4240  4240 D omx_video: registerFactory for 20 OMX.amlogic.wvc1.decoder.awesome
06-26 01:32:19.507  4240  4240 D omx_video: registerFactory for 21 OMX.amlogic.avs.decoder.awesome
06-26 01:32:19.507  4240  4240 D omx_video: registerFactory for 22 OMX.amlogic.avs2.decoder.awesome
06-26 01:32:19.507  4240  4240 D omx_video: registerFactory for 23 OMX.amlogic.h263.decoder.awesome
06-26 01:32:19.507  4240  4240 D omx_video: use omx2, skip omx video_decoder.vp9
06-26 01:32:19.507  4240  4240 D omx_video: registerFactory for 25 OMX.amlogic.vp9.decoder.awesome2
06-26 01:32:19.507  4240  4240 D omx_video: use omx2, skip omx video_decoder.vp9
06-26 01:32:19.507  4240  4240 E omx_video: here OMX.amlogic.vp9.decoder.awesome2.secure 1
06-26 01:32:19.507  4240  4240 D omx_video: registerFactory for 27 OMX.amlogic.vp9.decoder.awesome2.secure
06-26 01:32:19.510     0     0 D         : [   11.416989@3]- tdm capture mute: 1
06-26 01:32:19.510     0     0 D [   11.417706@3]- audio_ddr_mngr: toddrs[0] released by device ff642000.audiobus:tdmb
06-26 01:32:19.510     0     0 I         : [   11.418078@3]- aml_spdif_open
06-26 01:32:19.510     0     0 W         : [   11.421465@3]- avc open
06-26 01:32:19.510     0     0 W         : [   11.421475@3]- amvenc_avc  check CMA pool success, max instance: 3.
06-26 01:32:19.511  4107  4298 D AudioHAL:AudioHotplugThread: AudioHotplugThread get_alsa_card_name returned 13, AMLAUGESOUND
06-26 01:32:19.511  4107  4298 D AudioHAL:AudioHotplugThread: AudioHotplugThread::getDeviceInfo opening /dev/snd/pcmC0D3c
06-26 01:32:19.512  4240  4240 D omx_video: get avc encoder max instance number: 3
06-26 01:32:19.515     0     0 D [   11.424823@3]- audio_ddr_mngr: toddrs[0] registered by device ff642000.audiobus:spdif
06-26 01:32:19.515     0     0 I         : [   11.425275@3]- aml_spdif_close
06-26 01:32:19.515     0     0 D [   11.425378@3]- audio_ddr_mngr: toddrs[0] released by device ff642000.audiobus:spdif
06-26 01:32:19.515     0     0 W         : [   11.425907@3]- allocating phys 0x58c00000, size 20480k, wq:ffffffc0405a0800.
06-26 01:32:19.515     0     0 W         : [   11.425915@3]- amvenc_avc  memory config success, buff start:0x58c00000, size is 0x1400000, wq:ffffffc0405a0800.
06-26 01:32:19.515     0     0 W         : [   11.426046@3]- avc release, wq:ffffffc0405a0800
06-26 01:32:19.515     0     0 W         : [   11.426055@3]- remove  encode_work_queue ffffffc0405a0800 success, _destroy_encode_work_queue line 3960.
06-26 01:32:19.515     0     0 W         : [   11.427295@3]- [+] vpu_open
06-26 01:32:19.513  4240  4240 D omx_video: gFactories[i].num for OMX.amlogic.video.encoder.avc is 3
06-26 01:32:19.513  4240  4240 D omx_video: registerFactory for 28 OMX.amlogic.video.encoder.avc
06-26 01:32:19.517  4240  4240 E omx_video: set hevc encoder max inst = 1
06-26 01:32:19.518     0     0 W         : [   11.430808@3]- allocating phys 0x58c00000, virt addr 0x0, size 65536k
06-26 01:32:19.520  4240  4240 D omx_video: gFactories[i].num for OMX.amlogic.video.encoder.hevc is 1
06-26 01:32:19.520  4240  4240 D omx_video: registerFactory for 29 OMX.amlogic.video.encoder.hevc
06-26 01:32:19.520  4240  4240 V OmxComponentManagerImpl: loadLibrary:517 Loading OMX library libOmxAudio.so.
06-26 01:32:19.521  4107  4312 I vaudio_apps: 06-26 01:32:19.521 open_luther_gliethttp_socket(73): bind socket 0xa1e0100b 0x1 
06-26 01:32:19.521  4107  4298 D AudioHAL:AudioHotplugThread: AudioHotplugThread get_alsa_card_name returned 13, AMLAUGESOUND
06-26 01:32:19.522  4107  4298 D AudioHAL:AudioHotplugThread: AudioHotplugThread::getDeviceInfo opening /dev/snd/pcmC0D0c
06-26 01:32:19.522  4179  4179 I secmem_tz: secmem initialized success 0xefd60894
06-26 01:32:19.525  4107  4298 D AudioHAL:AudioHotplugThread: AudioHotplugThread get_alsa_card_name returned 13, AMLAUGESOUND
06-26 01:32:19.529  4238  4238 D hw-ProcessState: Binder ioctl to enable oneway spam detection failed: Invalid argument
06-26 01:32:19.531     0     0 D         : [   11.431087@3]- the vdec            clock on, ref cnt: 1
06-26 01:32:19.531     0     0 W         : [   11.431114@3]- [-] vpu_open, ret: 0
06-26 01:32:19.531     0     0 W         : [   11.431256@3]- vpu_release
06-26 01:32:19.531     0     0 W         : [   11.431261@3]- vpu_free_buffers
06-26 01:32:19.531     0     0 W         : [   11.431264@3]- vpu_free_instances
06-26 01:32:19.531     0     0 W         : [   11.431269@3]- vpu_release, s_video_memory 0x58c00000
06-26 01:32:19.531     0     0 D         : [   11.434533@3]- the vdec            clock off, ref cnt: 0
06-26 01:32:19.531     0     0 D [   11.435327@2]- audio_ddr_mngr: toddrs[0] registered by device ff642000.audiobus:pdm
06-26 01:32:19.531     0     0 D [   11.435812@2]- audio_ddr_mngr: toddrs[0] released by device ff642000.audiobus:pdm
06-26 01:32:19.531     0     0 I         : [   11.436239@3]- aml_tdm_open
06-26 01:32:19.531     0     0 D [   11.439266@2]- audio_ddr_mngr: toddrs[0] registered by device ff642000.audiobus:tdma
06-26 01:32:19.531     0     0 D         : [   11.439611@2]- tdm capture mute: 1
06-26 01:32:19.531     0     0 D [   11.439739@3]- audio_ddr_mngr: toddrs[0] released by device ff642000.audiobus:tdma
06-26 01:32:19.531     0     0 I [   11.442947@0]- binder: 4238:4238 ioctl 40046210 ffdf3a38 returned -22
06-26 01:32:19.536  4238  4238 D ProcessState: Binder ioctl to enable oneway spam detection failed: Invalid argument
06-26 01:32:19.537  4240  4240 D omx_audio: OmxModuleInit 150, registerFactory, name[0]:OMX.amlogic.audio.decoder.ac3  num:0
06-26 01:32:19.537  4240  4240 D omx_audio: OmxModuleInit 150, registerFactory, name[1]:OMX.amlogic.audio.decoder.eac3  num:0
06-26 01:32:19.537  4240  4240 D omx_audio: OmxModuleInit 150, registerFactory, name[6]:OMX.amlogic.audio.decoder.mp2  num:0
06-26 01:32:19.538  4240  4240 D omx_audio: OmxModuleInit 150, registerFactory, name[7]:OMX.amlogic.audio.decoder.ffmpeg  num:0
06-26 01:32:19.538  4240  4240 D omx_audio: OmxModuleInit 150, registerFactory, name[8]:OMX.amlogic.audio.decoder.dts  num:0
06-26 01:32:19.538  4240  4240 D omx_audio: OmxModuleInit 150, registerFactory, name[9]:OMX.amlogic.audio.decoder.dtshd  num:0
06-26 01:32:19.538  4240  4240 D omx_audio: OmxModuleInit 150, registerFactory, name[10]:OMX.amlogic.audio.decoder.dtse  num:0
06-26 01:32:19.538  4240  4240 I omx_core: Core library has 28 components
06-26 01:32:19.538  4240  4240 V AmlogicSoftOMXPlugin: AmlogicSoftOMXPlugin 44
06-26 01:32:19.538  4240  4240 V AmlogicSoftOMXPlugin: Loading vendor omx library.
06-26 01:32:19.538  4238  4238 I ServiceManager: Waiting for service 'package_native' on '/dev/binder'...
06-26 01:32:19.538     0     0 I [   11.449941@3]- binder: 4238:4238 ioctl 40046210 ffdf3a00 returned -22
06-26 01:32:19.539  4107  4107 I vaudio_apps: 06-26 01:32:19.539 Nano_SysOpen(2281): Nano_SysOpen init succeed
06-26 01:32:19.539  4107  4107 I vaudio_apps: 06-26 01:32:19.539 Nano_SysOpen(2282): Version Build In Time Jul  1 2020-18:42:43
06-26 01:32:19.539  4107  4107 I audio_hw_primary: adev_open() adev->dolby_lib_type = 1
06-26 01:32:19.539  4107  4107 I audio_hw_primary: adev_open(), OTT platform
06-26 01:32:19.542     0     0 I         : [   11.454780@3]- aml_tdm_open
06-26 01:32:19.542     0     0 I         : [   11.454788@3]- Not init audio effects
06-26 01:32:19.539  4107  4107 I audio_hw_primary: adev_open(), with macro SUBMIXER_V1_1, set useSubMix = TRUE
06-26 01:32:19.539  4107  4107 I audio-subMixingFactory: initHalSubMixing(), type 1, isTV 0
06-26 01:32:19.539  4107  4107 I audio-subMixingFactory: newSubMixingFactory(), type 1
06-26 01:32:19.539  4107  4107 D AudioALSADeviceParser: Pcm open success
06-26 01:32:19.539  4107  4107 D AudioALSADeviceParser: AddPcmString p_info:0xe9e87770, InputBuffer = 00-00: TDM-A-dummy-alsaPORT-pcm multicodec-0 :  : playback 1 : capture 1
06-26 01:32:19.539  4107  4107 D AudioALSADeviceParser: alsa_device_parser_pcm_string mCardindex:0, mPcmindex:0, PortName:alsaPORT-pcm
06-26 01:32:19.539  4107  4107 D AudioALSADeviceParser: AddPcmString p_info:0xe9e87770, InputBuffer = 00-01: TDM-B-dummy-alsaPORT-i2s multicodec-1 :  : playback 1 : capture 1
06-26 01:32:19.539  4107  4107 D AudioALSADeviceParser: alsa_device_parser_pcm_string mCardindex:0, mPcmindex:1, PortName:alsaPORT-i2s
06-26 01:32:19.539  4107  4107 D AudioALSADeviceParser: AddPcmString p_info:0xe9e87770, InputBuffer = 00-02: TDM-C-dummy-alsaPORT-i2s2hdmi multicodec-2 :  : playback 1 : capture 1
06-26 01:32:19.540  4107  4107 D AudioALSADeviceParser: alsa_device_parser_pcm_string mCardindex:0, mPcmindex:2, PortName:alsaPORT-i2s2hdmi
06-26 01:32:19.540  4107  4107 D AudioALSADeviceParser: AddPcmString p_info:0xe9e87770, InputBuffer = 00-03: PDM-dummy-alsaPORT-pdm-builtinmic dummy-3 :  : capture 1
06-26 01:32:19.540  4107  4107 D AudioALSADeviceParser: alsa_device_parser_pcm_string mCardindex:0, mPcmindex:3, PortName:alsaPORT-pdm-builtinmic
06-26 01:32:19.540  4107  4107 D AudioALSADeviceParser: AddPcmString p_info:0xe9e87770, InputBuffer = 00-04: SPDIF-dummy-alsaPORT-spdif dummy-4 :  : playback 1 : capture 1
06-26 01:32:19.540  4107  4107 D AudioALSADeviceParser: alsa_device_parser_pcm_string mCardindex:0, mPcmindex:4, PortName:alsaPORT-spdif
06-26 01:32:19.540  4107  4107 D AudioALSADeviceParser: AddPcmString p_info:0xe9e87770, InputBuffer = 00-05: SPDIF-B-dummy-alsaPORT-spdifb dummy-5 :  : playback 1
06-26 01:32:19.540  4107  4107 D AudioALSADeviceParser: alsa_device_parser_pcm_string mCardindex:0, mPcmindex:5, PortName:alsaPORT-spdifb
06-26 01:32:19.540  4107  4107 D AudioALSADeviceParser: AddPcmString p_info:0xe9e87770, InputBuffer = 00-06: LOOPBACK-A-dummy-alsaPORT-loopback dummy-6 :  : capture 1
06-26 01:32:19.540  4107  4107 D AudioALSADeviceParser: alsa_device_parser_pcm_string mCardindex:0, mPcmindex:6, PortName:alsaPORT-loopback
06-26 01:32:19.540  4107  4107 D AudioALSADeviceParser: AddPcmString p_info:0xe9e87770, InputBuffer = 
06-26 01:32:19.540  4107  4107 D AudioALSADeviceParser: reach EOF
06-26 01:32:19.540  4107  4107 D AudioALSADeviceParser: auge sound card, pAdd=0xe7281cd0 fix alsaPORT:0 to :1
06-26 01:32:19.540  4107  4107 I audio-subMixingFactory: initSubMixngOutput(), open ALSA hw:0,1
06-26 01:32:19.540  4179  4179 D PORTTING: D[stbmedia,47]:
06-26 01:32:19.540  4179  4179 D PORTTING: 
06-26 01:32:19.540  4179  4179 D PORTTING: 
06-26 01:32:19.540  4179  4179 D PORTTING: 
06-26 01:32:19.540  4179  4179 D PORTTING:  service start XXXXXXXX ==>
06-26 01:32:19.540  4179  4179 I PORTTING: D[Common.cpp,portting_init,214]:==>
06-26 01:32:19.541  4179  4179 D SKHDI   : [sk_hdi_bsp_init,206]: HDI_BSP==>
06-26 01:32:19.541  4179  4179 D SKAPI   : [sk_task_create,296]: create the task: TickCB priority: 64 sk_pid: 1
06-26 01:32:19.543  4179  4179 I Aml_MP  : AMP [Aml_MP_Initialize:36] 
06-26 01:32:19.543  4179  4179 D SKHDI   : [sk_hdi_bsp_init,216]: AML_MP Version:0x20000-AML_MP v2.0
06-26 01:32:19.543  4179  4179 D SKAPI   : [sk_task_create,296]: create the task: sk_bsp_task priority: 64 sk_pid: 2
06-26 01:32:19.543  4179  4179 D SKHDI   : [sk_hdi_bsp_init,227]: HDI_BSP<==
06-26 01:32:19.543  4179  4179 I SKHDI   : HDI_DMD:[sk_hdi_dmd_init 93] ==> 
06-26 01:32:19.543  4179  4179 I SKHDI   : [sk_hdi_dmd_init,144]: Init FRONTEND_MXL248
06-26 01:32:19.543  4179  4179 I SKHDI   : [sk_hdi_dmd_drv_cab_mxl248_init,324]: sk_hdi_dmd_drv_cab_mxl248_init
06-26 01:32:19.546  4179  4179 I SKHDI   : Host Debug logs Disabled 
06-26 01:32:19.546  4179  4179 I SKHDI   : 
06-26 01:32:19.546  4179  4179 I SKHDI   : [MxL_EAGLE_Oem_Init,226]: MXL248 reset_gpio [498], I2C channel:2, i2c add:0xc6
06-26 01:32:19.548  4179  4317 D SKAPI   : [wrap_task_fun,111]: the task_name: TickCB task_id: 4317 task_pro: 64 pro: 0 thread_id: 4317
06-26 01:32:19.553     0     0 I [   11.465272@3]- binder: 4237:4237 ioctl 40046210 ffc5cb78 returned -22
06-26 01:32:19.549  4240  4240 V AmlogicSoftOMXPlugin: getNumOfComponent 180
06-26 01:32:19.552  4240  4240 W android.hardwar: type=1400 audit(0.0:36): avc: denied { read } for name="u:object_r:default_prop:s0" dev="tmpfs" ino=1423 scontext=u:r:mediacodec:s0 tcontext=u:object_r:default_prop:s0 tclass=file permissive=0
06-26 01:32:19.559     0     0 D [   11.465282@0]- audio_ddr_mngr: frddrs[0] registered by device ff642000.audiobus:tdmb
06-26 01:32:19.559     0     0 D         : [   11.465364@0]- aml_dai_set_tdm_sysclk(), mpll no change, keep clk
06-26 01:32:19.559     0     0 D         : [   11.465368@0]- aml_dai_set_tdm_sysclk(), mclk no change, keep clk
06-26 01:32:19.559     0     0 D         : [   11.465374@0]- set mclk:12288000, mpll:24576000, get mclk:12287994, mpll:24575987
06-26 01:32:19.559     0     0 D         : [   11.465380@0]- asoc aml_dai_set_tdm_fmt, 0x4001, ffffffc053c7a818, id(1), clksel(1)
06-26 01:32:19.559     0     0 D         : [   11.465384@0]- aml_dai_set_tdm_fmt(), fmt not change
06-26 01:32:19.559     0     0 D         : [   11.465390@0]- dump_pcm_setting(ffffffc053c7a818)
06-26 01:32:19.559     0     0 D         : [   11.465393@0]- 	pcm_mode(1)
06-26 01:32:19.559     0     0 D         : [   11.465396@0]- 	sysclk(12288000)
06-26 01:32:19.559     0     0 D         : [   11.465399@0]- 	sysclk_bclk_ratio(4)
06-26 01:32:19.559     0     0 D         : [   11.465403@0]- 	bclk(3072000)
06-26 01:32:19.559     0     0 D         : [   11.465406@0]- 	bclk_lrclk_ratio(64)
06-26 01:32:19.559     0     0 D         : [   11.465409@0]- 	lrclk(48000)
06-26 01:32:19.559     0     0 D         : [   11.465413@0]- 	tx_mask(0x3)
06-26 01:32:19.559     0     0 D         : [   11.465416@0]- 	rx_mask(0x3)
06-26 01:32:19.559     0     0 D         : [   11.465419@0]- 	slots(2)
06-26 01:32:19.559     0     0 D         : [   11.465422@0]- 	slot_width(32)
06-26 01:32:19.560     0     0 D         : [   11.465425@0]- 	lane_mask_in(0x2)
06-26 01:32:19.560     0     0 D         : [   11.465428@0]- 	lane_mask_out(0x1)
06-26 01:32:19.560     0     0 D         : [   11.465431@0]- 	lane_oe_mask_in(0x0)
06-26 01:32:19.560     0     0 D         : [   11.465434@0]- 	lane_oe_mask_out(0x0)
06-26 01:32:19.560     0     0 D         : [   11.465437@0]- 	lane_lb_mask_in(0x0)
06-26 01:32:19.560     0     0 D         : [   11.465441@0]- aml_dai_set_tdm_sysclk(), mpll no change, keep clk
06-26 01:32:19.560     0     0 D         : [   11.465444@0]- aml_dai_set_tdm_sysclk(), mclk no change, keep clk
06-26 01:32:19.560     0     0 D         : [   11.465448@0]- set mclk:12288000, mpll:24576000, get mclk:12287994, mpll:24575987
06-26 01:32:19.560     0     0 D         : [   11.465453@0]- aml_dai_set_clkdiv, div 4, clksel(1)
06-26 01:32:19.560     0     0 D         : [   11.465462@0]- aml_dai_set_bclk_ratio, select I2S mode
06-26 01:32:19.560     0     0 D         : [   11.465490@0]- aml_dai_tdm_hw_params(), enable mclk for TDM-B
06-26 01:32:19.560     0     0 E [   11.472620@3]- init: Control message: Could not find 'aidl/package_native' for ctl.interface_start from pid: 3819 (/system/bin/servicemanager)
06-26 01:32:19.566     0     0 D         : [   11.479064@2]- spdif_a fifo ctrl, frddr:0 type:1, 16 bits, chmask 0x3, swap 0x10
06-26 01:32:19.566     0     0 D [   11.479076@2]- spdif_info: rate: 48000, channel status ch0_l:0x100, ch0_r:0x100, ch1_l:0x200, ch1_r:0x200
06-26 01:32:19.566     0     0 D [   11.479086@2]- audio_ddr_mngr: frddr_set_sharebuffer_enable sel:1, dst_src:3
06-26 01:32:19.566     0     0 D         : [   11.479710@3]- tdm playback mute: 0, lane_cnt = 4
06-26 01:32:19.549  4240  4240 V AmlogicSoftOMXPlugin: enumerateComponents 123
06-26 01:32:19.549  4240  4240 V AmlogicSoftOMXPlugin: enumerateComponents 123
06-26 01:32:19.549  4240  4240 V AmlogicSoftOMXPlugin: enumerateComponents 123
06-26 01:32:19.550  4240  4240 V AmlogicSoftOMXPlugin: enumerateComponents 123
06-26 01:32:19.550  4240  4240 V AmlogicSoftOMXPlugin: enumerateComponents 123
06-26 01:32:19.550  4240  4240 V AmlogicSoftOMXPlugin: enumerateComponents 123
06-26 01:32:19.550  4240  4240 V AmlogicSoftOMXPlugin: enumerateComponents 123
06-26 01:32:19.550  4240  4240 V AmlogicSoftOMXPlugin: enumerateComponents 123
06-26 01:32:19.550  4240  4240 V AmlogicSoftOMXPlugin: enumerateComponents 123
06-26 01:32:19.550  4240  4240 V AmlogicSoftOMXPlugin: enumerateComponents 123
06-26 01:32:19.550  4240  4240 V AmlogicSoftOMXPlugin: enumerateComponents 123
06-26 01:32:19.550  4240  4240 V AmlogicSoftOMXPlugin: enumerateComponents 123
06-26 01:32:19.550  4237  4237 D mediatuner: Tuner service starting
06-26 01:32:19.590     0     0 I         : [   11.503021@3]- asoc-aml-card auge_sound: tdm playback enable
06-26 01:32:19.551  4237  4237 D ProcessState: Binder ioctl to enable oneway spam detection failed: Invalid argument
06-26 01:32:19.552  4237  4237 D mediatuner: ServiceManager: 0xf3740cf0
06-26 01:32:19.553  4107  4107 D amlaudioMixer: newAmlAudioMixer()
06-26 01:32:19.553  4107  4107 I amlaudioMixer: ++pcm_mixer_thread_run()
06-26 01:32:19.553  4107  4107 I amlaudioMixer: ++pcm_mixer_thread_run() audio_mixer->mixing_enable -1
06-26 01:32:19.553  4107  4107 I amlaudioMixer: ++pcm_mixer_thread_run() audio_mixer->mixing_enable -1, pthread_create ret 0
06-26 01:32:19.553  4107  4107 D audio_hw_primary: adev_open: exit
06-26 01:32:19.554  3819  3819 I servicemanager: Since 'package_native' could not be found, trying to start it as a lazy AIDL service
06-26 01:32:19.554  4240  4240 I SoftOMXPlugin: createOMXPlugin
06-26 01:32:19.554  4179  4319 D SKAPI   : [wrap_task_fun,111]: the task_name: sk_bsp_task task_id: 4319 task_pro: 64 pro: 0 thread_id: 4319
06-26 01:32:19.555  4179  4319 D SKHDI   : [bsp_task,62]: task ==>
06-26 01:32:19.555  4107  4322 I amlaudioMixer: [mixer_16b_threadloop:1294] began create thread
06-26 01:32:19.556  4107  4107 D audio_hw_primary: adev_set_mode(0xeaa62860, 0)
06-26 01:32:19.556  4240  4240 W libc    : Access denied finding property "ro.media.xml_variant.codecs_ext"
06-26 01:32:19.556  4184  4184 I AudioFlinger: loadHwModule() Loaded primary audio interface, handle 10
06-26 01:32:19.556  4184  4184 I AudioFlinger: openOutput() this 0xf5c41ff0, module 10 Device type:0x2,@:, SamplingRate 48000, Format 0x000001, Channels 0x3, flags 0x2
06-26 01:32:19.556  4240  4240 D MediaCodecsXmlParser: parsing /vendor/etc/media_codecs_ext.xml...
06-26 01:32:19.556  4107  4107 D audio_hw_primary: adev_open_output_stream_new: enter
06-26 01:32:19.556  4107  4107 D audio_hw_primary: adev_open_output_stream: enter: devices(0x2) channel_mask(0x3) rate(48000) format(0x1) flags(0x2)
06-26 01:32:19.557  4107  4322 D audio_hw_utils: [aml_set_thread_priority:1382] thread:amlAudioMixer16 set priority, ret:0 policy:1 priority:5
06-26 01:32:19.557  4107  4322 D audio_virtual_buf: audio_virtual_buf_open mixer_16bit_thread buf_begin=32000000 buf_target=32000000 time=0
06-26 01:32:19.557  4107  4107 I audio_hwsync: aml_audio_hwsync_init open tsync fd 16
06-26 01:32:19.557  4107  4107 I audio_hwsync: aml_audio_hwsync_init done
06-26 01:32:19.557  4107  4107 D audio_hw_primary: adev_open_output_stream: exit
06-26 01:32:19.557  4107  4107 D audio_hw_profile: get_hdmi_sink_cap_new is running...
06-26 01:32:19.558  4107  4107 D audio_hw_profile: query hdmi format...
06-26 01:32:19.558  4107  4107 D audio_hw_profile: get_hdmi_sink_cap_new ddp is unsupported; ddp-joc(atmos) is unsupported;
06-26 01:32:19.558  4107  4107 I audio_hw_profile: PCM cap Max channel =2
06-26 01:32:19.558  4107  4107 I audio_hw_primary: get_sink_capability mbox+dvb case sink_capability =  0x1
06-26 01:32:19.607     0     0 D         : [   11.503033@3]- spdif_a is set to enable
06-26 01:32:19.558  4107  4107 I audio_hw_primary: !!!get_sink_format() Sink devices 0 Source format 0x1 digital_format(hdmi_format) 0x5 Sink Capability 0x1
06-26 01:32:19.558  4107  4107 I audio_hw_primary: get_sink_format() HDMI ARC or mbox + dvb case
06-26 01:32:19.558  4107  4107 I audio_hw_primary: get_sink_format sink_format 0x1 optical_format 0x1, dual_output 0
06-26 01:32:19.558  4107  4107 I audio-subMixingFactory: ++initSubMixingInput()
06-26 01:32:19.558  4107  4107 I audio-subMixingFactory: ++initSubMixingInputPcm(), out 0xe70832d0, flags 0x2, hwsync lpcm 0, out format 0x1
06-26 01:32:19.558  4107  4107 I audio-subMixingFactory: initSubMixingInputPcm(), primary presentation
06-26 01:32:19.558  4107  4107 D audio_hw_primary: -adev_open_output_stream_new: out 0xe70832d0: usecase:[0]PCM_NORMAL card:0 alsa devices:0
06-26 01:32:19.560  3819  4323 W libc    : Unable to set property "ctl.interface_start" to "aidl/package_native": error code: 0x20
06-26 01:32:19.560  3819  4323 I servicemanager: Tried to start aidl service package_native as a lazy service, but was unable to. Usually this happens when a service is not installed, but if the service is intended to be used as a lazy service, then it may be configured incorrectly.
06-26 01:32:19.562  4107  4107 I audio_hw_primary: out_get_buffer_size(out->config.rate=48000, format 1,stream format 1)
06-26 01:32:19.562  4184  4184 I AudioFlinger: HAL output buffer size 2048 frames, normal sink buffer size 2048 frames
06-26 01:32:19.562  3820  3820 I hwservicemanager: getTransport: Cannot find entry android.hardware.audio.effect@7.0::IEffectsFactory/default in either framework or device VINTF manifest.
06-26 01:32:19.563  3820  3820 I hwservicemanager: getTransport: Cannot find entry android.hardware.audio.effect@6.0::IEffectsFactory/default in either framework or device VINTF manifest.
06-26 01:32:19.570  4240  4240 D MediaCodecsXmlParser: parsing /vendor/etc/media_codecs.xml...
06-26 01:32:19.580  4240  4240 D MediaCodecsXmlParser: parsing /vendor/etc/media_codecs_ext.xml...
06-26 01:32:19.580  4240  4240 D MediaCodecsXmlParser: MediaCodec: cannot add existing codec: OMX.amlogic.mjpeg.decoder.awesome2 at line 115 of /vendor/etc/media_codecs_ext.xml
06-26 01:32:19.581  4240  4240 D MediaCodecsXmlParser: MediaCodec: cannot add existing codec: OMX.amlogic.avs.decoder.awesome at line 124 of /vendor/etc/media_codecs_ext.xml
06-26 01:32:19.581  4240  4240 D MediaCodecsXmlParser: MediaCodec: cannot add existing codec: OMX.amlogic.vp6a.decoder.sw at line 141 of /vendor/etc/media_codecs_ext.xml
06-26 01:32:19.581  4240  4240 D MediaCodecsXmlParser: MediaCodec: cannot add existing codec: OMX.amlogic.vp6f.decoder.sw at line 142 of /vendor/etc/media_codecs_ext.xml
06-26 01:32:19.581  4240  4240 D MediaCodecsXmlParser: MediaCodec: cannot add existing codec: OMX.amlogic.audio.decoder.ffmpeg at line 160 of /vendor/etc/media_codecs_ext.xml
06-26 01:32:19.581  4240  4240 D MediaCodecsXmlParser: MediaCodec: cannot add existing codec: OMX.amlogic.audio.decoder.dts at line 163 of /vendor/etc/media_codecs_ext.xml
06-26 01:32:19.581  4240  4240 D MediaCodecsXmlParser: MediaCodec: cannot add existing codec: OMX.amlogic.audio.decoder.dtshd at line 168 of /vendor/etc/media_codecs_ext.xml
06-26 01:32:19.581  4240  4240 D MediaCodecsXmlParser: MediaCodec: cannot add existing codec: OMX.amlogic.audio.decoder.dtse at line 173 of /vendor/etc/media_codecs_ext.xml
06-26 01:32:19.581  4240  4240 I MediaCodecsXmlParser: Did not find media_codecs_ext.xml.xml in search path
06-26 01:32:19.581  4240  4240 D MediaCodecsXmlParser: parsing /vendor/etc/media_codecs_ext.xml...
06-26 01:32:19.583  4240  4240 D MediaCodecsXmlParser: MediaCodec: cannot add existing codec: OMX.amlogic.mjpeg.decoder.awesome2 at line 115 of /vendor/etc/media_codecs_ext.xml
06-26 01:32:19.583  4240  4240 D MediaCodecsXmlParser: MediaCodec: cannot add existing codec: OMX.amlogic.avs.decoder.awesome at line 124 of /vendor/etc/media_codecs_ext.xml
06-26 01:32:19.583  4240  4240 D MediaCodecsXmlParser: MediaCodec: cannot add existing codec: OMX.amlogic.vp6a.decoder.sw at line 141 of /vendor/etc/media_codecs_ext.xml
06-26 01:32:19.583  4240  4240 D MediaCodecsXmlParser: MediaCodec: cannot add existing codec: OMX.amlogic.vp6f.decoder.sw at line 142 of /vendor/etc/media_codecs_ext.xml
06-26 01:32:19.583  4240  4240 D MediaCodecsXmlParser: MediaCodec: cannot add existing codec: OMX.amlogic.audio.decoder.ffmpeg at line 160 of /vendor/etc/media_codecs_ext.xml
06-26 01:32:19.583  4240  4240 D MediaCodecsXmlParser: MediaCodec: cannot add existing codec: OMX.amlogic.audio.decoder.dts at line 163 of /vendor/etc/media_codecs_ext.xml
06-26 01:32:19.583  4240  4240 D MediaCodecsXmlParser: MediaCodec: cannot add existing codec: OMX.amlogic.audio.decoder.dtshd at line 168 of /vendor/etc/media_codecs_ext.xml
06-26 01:32:19.584  4240  4240 D MediaCodecsXmlParser: MediaCodec: cannot add existing codec: OMX.amlogic.audio.decoder.dtse at line 173 of /vendor/etc/media_codecs_ext.xml
06-26 01:32:19.585  4240  4240 D MediaCodecsXmlParser: parsing /vendor/etc/media_codecs_performance.xml...
06-26 01:32:19.587  4240  4240 D MediaCodecsXmlParser: MediaCodec: cannot update non-existing codec: c2.android.h263.encoder at line 41 of /vendor/etc/media_codecs_performance.xml
06-26 01:32:19.587  4240  4240 D MediaCodecsXmlParser: MediaCodec: cannot update non-existing codec: c2.android.mpeg4.encoder at line 44 of /vendor/etc/media_codecs_performance.xml
06-26 01:32:19.587  4240  4240 D MediaCodecsXmlParser: MediaCodec: cannot update non-existing codec: c2.android.avc.encoder at line 47 of /vendor/etc/media_codecs_performance.xml
06-26 01:32:19.587  4240  4240 D MediaCodecsXmlParser: MediaCodec: cannot update non-existing codec: c2.android.vp8.encoder at line 53 of /vendor/etc/media_codecs_performance.xml
06-26 01:32:19.591  4240  4240 D MediaCodecsXmlParser: MediaCodec: cannot update non-existing codec: OMX.google.h264.decoder at line 159 of /vendor/etc/media_codecs_performance.xml
06-26 01:32:19.591  4240  4240 D MediaCodecsXmlParser: MediaCodec: cannot update non-existing codec: c2.android.h263.decoder at line 186 of /vendor/etc/media_codecs_performance.xml
06-26 01:32:19.591  4240  4240 D MediaCodecsXmlParser: MediaCodec: cannot update non-existing codec: c2.android.mpeg4.decoder at line 190 of /vendor/etc/media_codecs_performance.xml
06-26 01:32:19.611  4240  4240 D MediaCodecsXmlParser: MediaCodec: cannot update non-existing codec: c2.android.vp8.decoder at line 193 of /vendor/etc/media_codecs_performance.xml
06-26 01:32:19.611  4240  4240 D MediaCodecsXmlParser: MediaCodec: cannot update non-existing codec: c2.android.vp9.decoder at line 198 of /vendor/etc/media_codecs_performance.xml
06-26 01:32:19.611  4240  4240 D MediaCodecsXmlParser: MediaCodec: cannot update non-existing codec: c2.android.hevc.decoder at line 204 of /vendor/etc/media_codecs_performance.xml
06-26 01:32:19.611  4240  4240 D MediaCodecsXmlParser: MediaCodec: cannot update non-existing codec: c2.android.avc.decoder at line 211 of /vendor/etc/media_codecs_performance.xml
06-26 01:32:19.611  4240  4240 D MediaCodecsXmlParser: MediaCodec: cannot update non-existing codec: OMX.amlogic.vp8.decoder.sw at line 217 of /vendor/etc/media_codecs_performance.xml
06-26 01:32:19.611  4240  4240 D MediaCodecsXmlParser: parsing /vendor/etc/media_codecs_ext.xml...
06-26 01:32:19.613  4240  4240 D MediaCodecsXmlParser: MediaCodec: cannot add existing codec: OMX.amlogic.mjpeg.decoder.awesome2 at line 115 of /vendor/etc/media_codecs_ext.xml
06-26 01:32:19.613  4240  4240 D MediaCodecsXmlParser: MediaCodec: cannot add existing codec: OMX.amlogic.avs.decoder.awesome at line 124 of /vendor/etc/media_codecs_ext.xml
06-26 01:32:19.613  4240  4240 D MediaCodecsXmlParser: MediaCodec: cannot add existing codec: OMX.amlogic.vp6a.decoder.sw at line 141 of /vendor/etc/media_codecs_ext.xml
06-26 01:32:19.613  4240  4240 D MediaCodecsXmlParser: MediaCodec: cannot add existing codec: OMX.amlogic.vp6f.decoder.sw at line 142 of /vendor/etc/media_codecs_ext.xml
06-26 01:32:19.613  4240  4240 D MediaCodecsXmlParser: MediaCodec: cannot add existing codec: OMX.amlogic.audio.decoder.ffmpeg at line 160 of /vendor/etc/media_codecs_ext.xml
06-26 01:32:19.614  4240  4240 D MediaCodecsXmlParser: MediaCodec: cannot add existing codec: OMX.amlogic.audio.decoder.dts at line 163 of /vendor/etc/media_codecs_ext.xml
06-26 01:32:19.614  4240  4240 D MediaCodecsXmlParser: MediaCodec: cannot add existing codec: OMX.amlogic.audio.decoder.dtshd at line 168 of /vendor/etc/media_codecs_ext.xml
06-26 01:32:19.614  4240  4240 D MediaCodecsXmlParser: MediaCodec: cannot add existing codec: OMX.amlogic.audio.decoder.dtse at line 173 of /vendor/etc/media_codecs_ext.xml
06-26 01:32:19.614  4240  4240 I MediaCodecsXmlParser: Did not find media_codecs_shaping.xml in search path
06-26 01:32:19.623  4230  4230 I MediaExtractorFactory: plugin directory not present (/system_ext/lib/extractors)
06-26 01:32:19.630  4240  4240 I HidlServiceManagement: Registered android.hardware.media.omx@1.0::IOmx/default
06-26 01:32:19.631  4240  4240 I HidlServiceManagement: Removing namespace from process name android.hardware.media.omx@1.0-service to omx@1.0-service.
06-26 01:32:19.633  4240  4240 I android.hardware.media.omx@1.0-service: IOmx HAL service created.
06-26 01:32:19.634  4240  4240 V AmlogicSoftOMXPlugin: getRolesOfComponent 133
06-26 01:32:19.634  4240  4240 V AmlogicSoftOMXPlugin: getRolesOfComponent 133
06-26 01:32:19.634  4240  4240 V AmlogicSoftOMXPlugin: getRolesOfComponent 133
06-26 01:32:19.634  4240  4240 V AmlogicSoftOMXPlugin: getRolesOfComponent 133
06-26 01:32:19.634  4240  4240 V AmlogicSoftOMXPlugin: getRolesOfComponent 133
06-26 01:32:19.635  4240  4240 V AmlogicSoftOMXPlugin: getRolesOfComponent 133
06-26 01:32:19.635  4240  4240 V AmlogicSoftOMXPlugin: getRolesOfComponent 133
06-26 01:32:19.635  4240  4240 V AmlogicSoftOMXPlugin: getRolesOfComponent 133
06-26 01:32:19.635  4240  4240 V AmlogicSoftOMXPlugin: getRolesOfComponent 133
06-26 01:32:19.636  4240  4240 V AmlogicSoftOMXPlugin: getRolesOfComponent 133
06-26 01:32:19.636  4240  4240 V AmlogicSoftOMXPlugin: getRolesOfComponent 133
06-26 01:32:19.636  4240  4240 V AmlogicSoftOMXPlugin: getRolesOfComponent 133
06-26 01:32:19.637  4240  4240 I OmxStore: omx common prefix: 'OMX.'
06-26 01:32:19.637  4240  4240 D MediaCodecsXmlParser: parsing /vendor/etc/media_codecs_ext.xml...
06-26 01:32:19.639  4240  4240 D MediaCodecsXmlParser: parsing /vendor/etc/media_codecs.xml...
06-26 01:32:19.660  4240  4240 D MediaCodecsXmlParser: parsing /vendor/etc/media_codecs_ext.xml...
06-26 01:32:19.663  4240  4240 D MediaCodecsXmlParser: MediaCodec: cannot add existing codec: OMX.amlogic.mjpeg.decoder.awesome2 at line 115 of /vendor/etc/media_codecs_ext.xml
06-26 01:32:19.663  4240  4240 D MediaCodecsXmlParser: MediaCodec: cannot add existing codec: OMX.amlogic.avs.decoder.awesome at line 124 of /vendor/etc/media_codecs_ext.xml
06-26 01:32:19.664  4240  4240 D MediaCodecsXmlParser: MediaCodec: cannot add existing codec: OMX.amlogic.vp6a.decoder.sw at line 141 of /vendor/etc/media_codecs_ext.xml
06-26 01:32:19.671  4240  4240 D MediaCodecsXmlParser: MediaCodec: cannot add existing codec: OMX.amlogic.vp6f.decoder.sw at line 142 of /vendor/etc/media_codecs_ext.xml
06-26 01:32:19.671  4240  4240 D MediaCodecsXmlParser: MediaCodec: cannot add existing codec: OMX.amlogic.audio.decoder.ffmpeg at line 160 of /vendor/etc/media_codecs_ext.xml
06-26 01:32:19.671  4240  4240 D MediaCodecsXmlParser: MediaCodec: cannot add existing codec: OMX.amlogic.audio.decoder.dts at line 163 of /vendor/etc/media_codecs_ext.xml
06-26 01:32:19.671  4240  4240 D MediaCodecsXmlParser: MediaCodec: cannot add existing codec: OMX.amlogic.audio.decoder.dtshd at line 168 of /vendor/etc/media_codecs_ext.xml
06-26 01:32:19.672  4240  4240 D MediaCodecsXmlParser: MediaCodec: cannot add existing codec: OMX.amlogic.audio.decoder.dtse at line 173 of /vendor/etc/media_codecs_ext.xml
06-26 01:32:19.672  4240  4240 I MediaCodecsXmlParser: Did not find media_codecs_ext.xml.xml in search path
06-26 01:32:19.672  4240  4240 D MediaCodecsXmlParser: parsing /vendor/etc/media_codecs_ext.xml...
06-26 01:32:19.673  4240  4240 D MediaCodecsXmlParser: MediaCodec: cannot add existing codec: OMX.amlogic.mjpeg.decoder.awesome2 at line 115 of /vendor/etc/media_codecs_ext.xml
06-26 01:32:19.673  4240  4240 D MediaCodecsXmlParser: MediaCodec: cannot add existing codec: OMX.amlogic.avs.decoder.awesome at line 124 of /vendor/etc/media_codecs_ext.xml
06-26 01:32:19.673  4240  4240 D MediaCodecsXmlParser: MediaCodec: cannot add existing codec: OMX.amlogic.vp6a.decoder.sw at line 141 of /vendor/etc/media_codecs_ext.xml
06-26 01:32:19.674  4240  4240 D MediaCodecsXmlParser: MediaCodec: cannot add existing codec: OMX.amlogic.vp6f.decoder.sw at line 142 of /vendor/etc/media_codecs_ext.xml
06-26 01:32:19.674  4240  4240 D MediaCodecsXmlParser: MediaCodec: cannot add existing codec: OMX.amlogic.audio.decoder.ffmpeg at line 160 of /vendor/etc/media_codecs_ext.xml
06-26 01:32:19.674  4240  4240 D MediaCodecsXmlParser: MediaCodec: cannot add existing codec: OMX.amlogic.audio.decoder.dts at line 163 of /vendor/etc/media_codecs_ext.xml
06-26 01:32:19.674  4240  4240 D MediaCodecsXmlParser: MediaCodec: cannot add existing codec: OMX.amlogic.audio.decoder.dtshd at line 168 of /vendor/etc/media_codecs_ext.xml
06-26 01:32:19.675  4240  4240 D MediaCodecsXmlParser: MediaCodec: cannot add existing codec: OMX.amlogic.audio.decoder.dtse at line 173 of /vendor/etc/media_codecs_ext.xml
06-26 01:32:19.675  4240  4240 D MediaCodecsXmlParser: parsing /vendor/etc/media_codecs_performance.xml...
06-26 01:32:19.675  4240  4240 D MediaCodecsXmlParser: MediaCodec: cannot update non-existing codec: c2.android.h263.encoder at line 41 of /vendor/etc/media_codecs_performance.xml
06-26 01:32:19.675  4240  4240 D MediaCodecsXmlParser: MediaCodec: cannot update non-existing codec: c2.android.mpeg4.encoder at line 44 of /vendor/etc/media_codecs_performance.xml
06-26 01:32:19.675  4240  4240 D MediaCodecsXmlParser: MediaCodec: cannot update non-existing codec: c2.android.avc.encoder at line 47 of /vendor/etc/media_codecs_performance.xml
06-26 01:32:19.675  4240  4240 D MediaCodecsXmlParser: MediaCodec: cannot update non-existing codec: c2.android.vp8.encoder at line 53 of /vendor/etc/media_codecs_performance.xml
06-26 01:32:19.677  4107  4107 E EffectsFactoryConfigLoader: Error querying effect 4b8b4260-3429-11e6-a6c7-0002a5d5c51b on lib audio_pre_processing
06-26 01:32:19.677  4107  4107 E EffectsFactoryConfigLoader: Error querying effect 5dbdc480-3429-11e6-a499-0002a5d5c51b on lib audio_pre_processing
06-26 01:32:19.678  4107  4107 E EffectsFactoryConfigLoader: 2 errors during loading of configuration: /vendor/etc/audio_effects.xml
06-26 01:32:19.678  4107  4107 E EffectsFactory: Effect config is partially invalid, skipped 2 elements
06-26 01:32:19.678  4184  4184 I BufferProvider: found effect "Multichannel Downmix To Stereo" from The Android Open Source Project
06-26 01:32:19.678  4107  4107 I audio_hw_primary: out_get_buffer_size(out->config.rate=48000, format 1,stream format 1)
06-26 01:32:19.679  4184  4184 D AudioFlinger: Failed to add event callback
