06-26 01:08:38.528  4142  4142 E MesonHwc: Unkown function description (44)
06-26 01:08:38.528  4142  4142 E MesonHwc: Unkown function description (45)
06-26 01:08:38.528  4142  4142 E MesonHwc: Unkown function description (46)
06-26 01:08:38.528  4142  4142 E MesonHwc: Unkown function description (47)
06-26 01:08:38.528  4142  4142 E MesonHwc: Unkown function description (48)
06-26 01:08:38.528  4142  4142 E MesonHwc: Unkown function description (49)
06-26 01:08:38.528  4142  4142 E MesonHwc: Unkown function description (52)
06-26 01:08:38.528  4142  4142 E MesonHwc: Unkown function description (55)
06-26 01:08:38.528  4142  4142 E MesonHwc: Unkown function description (56)
06-26 01:08:38.528  4142  4142 E MesonHwc: Unkown function description (57)
06-26 01:08:38.528  4142  4142 E MesonHwc: Unkown function description (58)
06-26 01:08:38.528  4142  4142 E MesonHwc: Unkown function description (59)
06-26 01:08:38.528  4142  4142 E MesonHwc: Unkown function description (68)
06-26 01:08:38.528  4142  4142 E MesonHwc: Unkown function description (69)
06-26 01:08:38.528  4142  4142 E MesonHwc: Unkown function description (70)
06-26 01:08:38.532  4142  4142 I HidlServiceManagement: Registered android.hardware.graphics.composer@2.4::IComposer/default
06-26 01:08:38.532  4142  4142 I HidlServiceManagement: Removing namespace from process name android.hardware.graphics.composer@2.4-service.droidlogic to composer@2.4-service.droidlogic.
06-26 01:08:38.539  4108  4108 D MesonDisplayClient: Try get meson_ipc service(3)
06-26 01:08:38.539  4097  4097 W zygote  : ART APEX data files are untrusted.
06-26 01:08:38.542  4097  4097 I zygote  : Core platform API reporting enabled, enforcing=false
06-26 01:08:38.545  4142  4142 D MesonHwc: get existing connector 13-0xf1841bac
06-26 01:08:38.546  4142  4142 V MesonDisplayServer: GetDisplayMode:480cvbs
06-26 01:08:38.546  4108  4108 I SystemControl: [/DisplayMode.cpp, getDisplayMode, 2184] getDisplayMode mode:480cvbs
06-26 01:08:38.546  4108  4108 I SystemControl: [/DisplayMode.cpp, getBootEnv, 360] key:ubootenv.var.hdmimode value:720p60hz
06-26 01:08:38.546  4108  4108 I SystemControl: [/DisplayMode.cpp, getBootEnv, 360] key:ubootenv.var.cvbsmode value:480cvbs
06-26 01:08:38.546  4108  4108 I SystemControl: [/DisplayMode.cpp, getCommonData, 1505] hdmi_current_mode:480cvbs, ubootenv hdmimode:720p60hz cvbsmode:480cvbs
06-26 01:08:38.551  4142  4216 D MesonDisplayServer: getDisplayAttribute "HDMI Color ATTR": "444,8bit"
06-26 01:08:38.551  4108  4108 I SystemControl: [/DisplayMode.cpp, getBootEnv, 360] key:ubootenv.var.colorattribute value:444,8bit
06-26 01:08:38.551  4108  4108 I SystemControl: [/DisplayMode.cpp, getCommonData, 1513] hdmi_current_attr:444,8bit, ubootenv_colorattribute:444,8bit
06-26 01:08:38.551  4108  4108 I SystemControl: [/DisplayMode.cpp, getBootEnv, 360] key:ubootenv.var.dv_enable value:(null)
06-26 01:08:38.551  4108  4108 I SystemControl: [/DisplayMode.cpp, getCommonData, 1527] dv_enable:0
06-26 01:08:38.551  4108  4108 I SystemControl: [/DisplayMode.cpp, getBootEnv, 360] key:ubootenv.var.dv_type value:(null)
06-26 01:08:38.551  4108  4108 I SystemControl: [/DisplayMode.cpp, getCommonData, 1538] ubootenv_dv_type:0
06-26 01:08:38.552  4108  4108 I SystemControl: [/DisplayMode.cpp, getHdmiData, 1659] display sink type:0 [0:none, 1:sink, 2:repeater]
06-26 01:08:38.558     0     0 I [   10.442952@2]- hdmitx: system: sname = invalid
06-26 01:08:38.559     0     0 I [   10.442961@2]- hdmitx: system: char_clk = 0
06-26 01:08:38.559     0     0 I [   10.442964@2]- hdmitx: system: cd = 4
06-26 01:08:38.559     0     0 I [   10.442968@2]- hdmitx: system: cs = 0
06-26 01:08:38.559     0     0 I [   10.442973@2]- hdmitx: asion == EDID == prxcap->IDProductCode =
06-26 01:08:38.559     0     0 I [   10.442976@2]- hdmitx: asion == EDID == prxcap->IDManufacturerName =
06-26 01:08:38.552  4108  4108 I SystemControl: [/DisplayMode.cpp, filterHdmiDispcap, 1404] before filtered HdmiDispcap: 
06-26 01:08:38.552  4108  4108 I SystemControl: [/DisplayMode.cpp, filterHdmiDispcap, 1433] after filtered HdmiDispcap: 
06-26 01:08:38.555  4142  4216 D MesonDisplayServer: getDisplayAttribute "Dolby Vision CAP2": "The Rx don't support DolbyVision"
06-26 01:08:38.555  4108  4108 E SystemControl: [/DisplayMode.cpp, getHdmiDvCap, 1578] TV isn't support dolby vision: The Rx don't support DolbyVision
06-26 01:08:38.555  4108  4108 I SystemControl: [/DisplayMode.cpp, sceneProcess, 517] scene mode:0
06-26 01:08:38.555  4108  4108 I SystemControl: [/DisplayMode.cpp, getBootEnv, 360] key:ubootenv.var.is.bestmode value:false
06-26 01:08:38.556  4108  4108 I SystemControl: [/DisplayMode.cpp, getBootEnv, 360] key:ubootenv.var.colorattribute value:444,8bit
06-26 01:08:38.556  4108  4108 I SystemControl: [/SceneProcess.cpp, UpdateSceneInputInfo, 986] state:0, isbestcolorspace:1, isbestpolicy:0, cur_displaymode:720p60hz
06-26 01:08:38.556  4108  4108 I SystemControl: [/SceneProcess.cpp, UpdateSceneInputInfo, 994] isDvEnable:0, isTvSupportDv:0, isTvSupportHDR:0, isHdrResolutionPriority:0, hdr_priority:0, hdr_policy:0
06-26 01:08:38.556  4108  4108 I SystemControl: [/SceneProcess.cpp, UpdateSceneInputInfo, 1001] dv_cap:The Rx don't support DolbyVision, ubootenv_dv_type:0, dv_deepcolor:, dv_displaymode:
06-26 01:08:38.556  4108  4108 I SystemControl: [/SceneProcess.cpp, UpdateSceneInputInfo, 1007] isframeratepriority:1, isLowPowerMode:0, isDeepColor:1
06-26 01:08:38.556  4108  4108 I SystemControl: [/SceneProcess.cpp, UpdateSceneInputInfo, 1011] isSupport4K:1, isSupport4K30Hz:1
06-26 01:08:38.556  4108  4108 I SystemControl: [/SceneProcess.cpp, UpdateSceneInputInfo, 1015] sinkType:0, edidParsing:ng
06-26 01:08:38.556  4108  4108 I SystemControl: [/SceneProcess.cpp, UpdateSceneInputInfo, 1018] dc_cap:
06-26 01:08:38.556  4108  4108 I SystemControl: [/SceneProcess.cpp, UpdateSceneInputInfo, 1021] disp_cap:
06-26 01:08:38.556  4108  4108 I SystemControl: [/SceneProcess.cpp, UpdateSceneInputInfo, 1025] ubootenv_cvbsmode:480cvbs, ubootenv_colorattribute:444,8bit
06-26 01:08:38.556  4108  4108 I SystemControl: [/SceneProcess.cpp, SDRSceneProcess, 1315] final_displaymode:480cvbs
06-26 01:08:38.556  4108  4108 I SystemControl: [/SysWrite.cpp, writeSys, 242] write /sys/class/amhdmitx/amhdmitx0/valid_mode, val:480cvbsrgb,8bit end
06-26 01:08:38.556  4108  4108 E SystemControl: [/SceneProcess.cpp, isModeSupportDeepColorAttr, 838] check DISPLAY_HDMI_VALID_MODE: 480cvbsrgb,8bit
06-26 01:08:38.556  4108  4108 E SystemControl: [/SceneProcess.cpp, isModeSupportDeepColorAttr, 839] return DISPLAY_HDMI_VALID_MODE: 0
06-26 01:08:38.556  4108  4108 I SystemControl: [/SceneProcess.cpp, getHdmiColorAttribute, 957] get hdmi color attribute : [rgb,8bit], outputmode is: [480cvbs] , and support color list is: [rgb,8bit]
06-26 01:08:38.556  4108  4108 I SystemControl: [/SceneProcess.cpp, updateHdmiDeepColor, 969] colorAttribute = rgb,8bit
06-26 01:08:38.556  4108  4108 I SystemControl: [/SceneProcess.cpp, SDRSceneProcess, 1328] final_deepcolor = rgb,8bit
06-26 01:08:38.556  4108  4108 I SystemControl: [/SceneProcess.cpp, Process, 1379] final_displaymode:480cvbs, final_deepcolor:rgb,8bit, dv_type:0
06-26 01:08:38.556  4108  4108 I SystemControl: [/DisplayMode.cpp, sceneProcess, 574] final_displaymode:480cvbs, final_deepcolor:rgb,8bit, dv_type:0
06-26 01:08:38.557  4108  4108 I SystemControl: [/DisplayMode.cpp, applyDisplaySetting, 687] quiescent_mode is 0
06-26 01:08:38.557  4108  4108 I SystemControl: [/DisplayMode.cpp, getBootEnv, 360] key:ubootenv.var.frac_rate_policy value:1
06-26 01:08:38.557  4108  4108 I SystemControl: [/DisplayMode.cpp, applyDisplaySetting, 722] cur frac_rate_policy is equals
06-26 01:08:38.559  4142  4216 D MesonDisplayServer: getDisplayAttribute "HDMI Color ATTR": "444,8bit"
06-26 01:08:38.559  4108  4108 I SystemControl: [/DisplayMode.cpp, applyDisplaySetting, 744] curDeepcolor[444,8bit] final_deepcolor[rgb,8bit]
06-26 01:08:38.559  4108  4108 I SystemControl: [/DisplayMode.cpp, applyDisplaySetting, 747] set color space from:444,8bit to rgb,8bit
06-26 01:08:38.564  4142  4216 D MesonDisplayServer: SetDisplay[HDMI Color ATTR] attr to "rgb,8bit"
06-26 01:08:38.564  4108  4108 I SystemControl: [/DisplayMode.cpp, getBootEnv, 360] key:ubootenv.var.hdr_policy value:0
06-26 01:08:38.564  4108  4108 I SystemControl: [/DisplayMode.cpp, getHdrStrategy, 2750] getHdrStrategy is [0]
06-26 01:08:38.566  4142  4216 D MesonDisplayServer: getDisplayAttribute "Dolby Vision Enable": "N"
06-26 01:08:38.567  4142  4216 D MesonDisplayServer: getDisplayAttribute "Dolby Vision LL Policy": "0"
06-26 01:08:38.567  4108  4108 I SystemControl: [/DisplayMode.cpp, checkDolbyVisionStatusChanged, 3439] curDvMode 0, want DvMode 0
06-26 01:08:38.568  4108  4108 I SystemControl: [/DisplayMode.cpp, applyDisplaySetting, 795] cur DvMode is equals
06-26 01:08:38.575  4142  4216 D MesonHwc: get existing connector 13-0xf1841bac
06-26 01:08:38.575  4142  4216 V MesonDisplayServer: GetDisplayMode:480cvbs
06-26 01:08:38.575  4108  4108 I SystemControl: [/DisplayMode.cpp, getDisplayMode, 2184] getDisplayMode mode:480cvbs
06-26 01:08:38.575  4108  4108 I SystemControl: [/DisplayMode.cpp, applyDisplaySetting, 805] curMode:[480cvbs] ,final_displaymode[480cvbs]
06-26 01:08:38.575  4108  4108 I SystemControl: [/DisplayMode.cpp, isMatchMode, 1323] curmode:480cvbs, tmpMode:480cvbs, outputmode:480cvbs
06-26 01:08:38.575  4108  4108 I SystemControl: [/DisplayMode.cpp, applyDisplaySetting, 810] cur mode is equals
06-26 01:08:38.576  4108  4108 I SystemControl: [/SysWrite.cpp, writeSys, 242] write /sys/devices/virtual/amhdmitx/amhdmitx0/avmute, val:1 end
06-26 01:08:38.578     0     0 I [   10.462444@0]- hdmitx: store_avmute 1
06-26 01:08:38.578     0     0 I [   10.462455@0]- hdmitx: hw: avmute set to 2
06-26 01:08:38.577  4218  4218 I bootstat: Service started: /system/bin/bootstat --set_system_boot_reason 
06-26 01:08:38.578  4218  4218 I bootstat: Canonical boot reason: reboot,shell
06-26 01:08:38.578  4218  4218 I bootstat: Canonical boot reason: reboot,shell
06-26 01:08:38.619  4218  4218 I bootstat: Last reboot reason read from /metadata/bootstat/persist.sys.boot.reason : reboot,shell. Last reboot reason read from persist.sys.boot.reason : reboot,shell
06-26 01:08:38.619  4218  4218 I bootstat: Normalized last reboot reason : reboot,shell
06-26 01:08:38.628     0     0 I [   10.512552@3]- binder: 4193:4193 ioctl 40046210 ff96de18 returned -22
06-26 01:08:38.626  4193  4193 D hw-ProcessState: Binder ioctl to enable oneway spam detection failed: Invalid argument
06-26 01:08:38.628  4220  4220 I perfetto: probes.cc:84            Starting /system/bin/traced_probes service
06-26 01:08:38.631     0     0 I [   10.516580@1]- binder: 4193:4193 ioctl 40046210 ff96de30 returned -22
06-26 01:08:38.630  4193  4193 D ProcessState: Binder ioctl to enable oneway spam detection failed: Invalid argument
06-26 01:08:38.632  4220  4223 I perfetto: _activity_trigger.cc:71 mm_events ftrace instance not found. Triggering of traces on memory pressure will not be available on this device.
06-26 01:08:38.635  4220  4220 I perfetto: probes_producer.cc:129  Disconnected from tracing service
06-26 01:08:38.640  4193  4193 I SurfaceFlinger: Using HWComposer service: default
06-26 01:08:38.640  4193  4193 I SurfaceFlinger: SurfaceFlinger is starting
06-26 01:08:38.643     0     0 I [   10.528584@0]- binder: 4219:4219 ioctl 40046210 ffe90ef8 returned -22
06-26 01:08:38.642  4219  4219 D ProcessState: Binder ioctl to enable oneway spam detection failed: Invalid argument
06-26 01:08:38.643  4193  4193 I SurfaceFlinger: Disabling blur effects, they are not supported.
06-26 01:08:38.647  4193  4193 I SurfaceFlinger: SurfaceFlinger's main thread ready to run. Initializing graphics H/W...
06-26 01:08:38.647  4193  4193 D RenderEngine: Threaded RenderEngine with SkiaGL Backend
06-26 01:08:38.664  4184  4184 I FastMixerState: sMaxFastTracks = 8
06-26 01:08:38.677  4108  4108 I SystemControl: [/SysWrite.cpp, writeSys, 242] write /sys/class/amhdmitx/amhdmitx0/hdcp_mode, val:-1 end
06-26 01:08:38.677  4108  4108 I SystemControl: [/SysWrite.cpp, writeSys, 242] write /sys/class/amhdmitx/amhdmitx0/phy, val:0 end
06-26 01:08:38.678     0     0 I [   10.563182@0]- hdmitx: system: hdcp: set mode as -1
06-26 01:08:38.678     0     0 I [   10.563490@0]- hdmitx: system: store_phy 0
06-26 01:08:38.677  4221  4221 W perfetto: service.cc:207          Started traced, listening on /dev/socket/traced_producer /dev/socket/traced_consumer
06-26 01:08:38.686  4184  4184 V MediaUtils: physMem: 2032029696
06-26 01:08:38.686  4184  4184 V MediaUtils: requested limit: 406405920
06-26 01:08:38.686  4184  4184 I libc    : malloc_limit: Allocation limit enabled, max size 406405920 bytes
06-26 01:08:38.686  4184  4184 D hw-ProcessState: Binder ioctl to enable oneway spam detection failed: Invalid argument
06-26 01:08:38.687     0     0 I [   10.572912@0]- binder: 4184:4184 ioctl 40046210 ffa95cf0 returned -22
06-26 01:08:38.687     0     0 I [   10.573488@0]- binder: 4184:4184 ioctl 40046210 ffa95d08 returned -22
06-26 01:08:38.687  4184  4184 D ProcessState: Binder ioctl to enable oneway spam detection failed: Invalid argument
06-26 01:08:38.687  4184  4184 I audioserver: ServiceManager: 0xeb700c50
06-26 01:08:38.689  4184  4184 W BatteryNotifier: batterystats service unavailable!
06-26 01:08:38.690  3820  3820 I hwservicemanager: getTransport: Cannot find entry android.hardware.audio@7.0::IDevicesFactory/default in either framework or device VINTF manifest.
06-26 01:08:38.691  3820  3820 I hwservicemanager: getTransport: Cannot find entry android.hardware.audio@6.0::IDevicesFactory/default in either framework or device VINTF manifest.
06-26 01:08:38.727  4108  4108 I SystemControl: [/HDCPTxAuth.cpp, stopVerAll, 320] hdcp_tx 2.2 & 1.4 stop hdcp pwr
06-26 01:08:38.728  4108  4108 I SystemControl: [/SysWrite.cpp, writeSys, 242] write /sys/class/amhdmitx/amhdmitx0/hdcp_pwr, val:1 end
06-26 01:08:38.731     0     0 I [   10.614229@3]- hdmitx: system: set hdcp_pwr 1
06-26 01:08:38.754     0     0 I [   10.640928@1]- binder: 4233:4233 ioctl 40046210 ffc207d8 returned -22
06-26 01:08:38.754  4233  4233 D ProcessState: Binder ioctl to enable oneway spam detection failed: Invalid argument
06-26 01:08:38.774  4236  4236 I installd: installd firing up
06-26 01:08:38.782     0     0 I [   10.667175@0]- binder: 4232:4232 ioctl 40046210 ffa0d160 returned -22
06-26 01:08:38.781  4232  4232 D ProcessState: Binder ioctl to enable oneway spam detection failed: Invalid argument
06-26 01:08:38.784  4236  4236 D ProcessState: Binder ioctl to enable oneway spam detection failed: Invalid argument
06-26 01:08:38.788     0     0 I [   10.670807@0]- binder: 4236:4236 ioctl 40046210 ff9434f0 returned -22
06-26 01:08:38.844  3820  3820 I hwservicemanager: getTransport: Cannot find entry android.hardware.audio.effect@7.0::IEffectsFactory/default in either framework or device VINTF manifest.
06-26 01:08:38.845  3820  3820 I hwservicemanager: getTransport: Cannot find entry android.hardware.audio.effect@6.0::IEffectsFactory/default in either framework or device VINTF manifest.
06-26 01:08:38.846  4220  4220 I perfetto: probes_producer.cc:112  Connected to the service
06-26 01:08:38.856  4184  4184 I ServiceManager: Waiting for service 'media.metrics' on '/dev/binder'...
06-26 01:08:38.906     0     0 I [   10.789606@1]- hdmitx: system: restore hdcp_pwr 0
06-26 01:08:38.903  4108  4108 I SystemControl: [/SysWrite.cpp, writeSys, 242] write /sys/class/amhdmitx/amhdmitx0/hdcp_ctrl, val:stop14 end
06-26 01:08:38.903  4108  4108 I SystemControl: [/SysWrite.cpp, writeSys, 242] write /sys/class/amhdmitx/amhdmitx0/hdcp_ctrl, val:stop22 end
06-26 01:08:38.905  4108  4108 I SystemControl: [/DisplayMode.cpp, setDisplayMode, 2194] setDisplayMode mode:480cvbs
06-26 01:08:38.907  4142  4216 D MesonDisplayServer: SetDisplay[dummy] Mode to "480cvbs"
06-26 01:08:38.908  4142  4216 D MesonHwc: get existing connector 13-0xf1841bac
06-26 01:08:38.908  4142  4216 I MesonHwc: Crtc setMode: 480cvbs
06-26 01:08:38.911     0     0 I [   10.795704@0]- vout: vmode set to 480cvbs
06-26 01:08:38.911     0     0 I [   10.795713@0]- vout: don't set the same mode as current, exit
06-26 01:08:38.911  4142  4142 D MesonHwc: get existing connector 13-0xf1841bac
06-26 01:08:38.912  4142  4142 V MesonDisplayServer: GetDisplayMode:480cvbs
06-26 01:08:38.913  4108  4108 I SystemControl: [/DisplayMode.cpp, getDisplayMode, 2184] getDisplayMode mode:480cvbs
06-26 01:08:38.915  4193  4228 D libEGL  : loaded /vendor/lib/egl/libGLES_mali.so
06-26 01:08:38.955     0     0 I [   10.840276@2]- binder: 4244:4244 ioctl 40046210 fff049b8 returned -22
06-26 01:08:38.953  4244  4244 I wificond: wificond is starting up...
06-26 01:08:38.954  4244  4244 D ProcessState: Binder ioctl to enable oneway spam detection failed: Invalid argument
06-26 01:08:38.958  4238  4238 V MediaUtils: physMem: 2032029696
06-26 01:08:38.958  4238  4238 V MediaUtils: requested limit: 134217728
06-26 01:08:38.958  4238  4238 I libc    : malloc_limit: Allocation limit enabled, max size 134217728 bytes
06-26 01:08:38.959  4238  4238 D ProcessState: Binder ioctl to enable oneway spam detection failed: Invalid argument
06-26 01:08:38.971  4193  4228 W libc    : Access denied finding property "vendor.mali.config"
06-26 01:08:38.972  4108  4108 I SystemControl: [/DisplayMode.cpp, getContentTypeSupport, 3082] getContentTypeSupport: game is false
06-26 01:08:38.973  4108  4108 I SystemControl: [/DisplayMode.cpp, applyDisplaySetting, 876] set display-size:720x480
06-26 01:08:38.973  4108  4108 I SystemControl: [/DisplayMode.cpp, getPosition, 2086] getPosition curMode:480cvbs position[0]:0 position[1]:0 position[2]:720 position[3]:480
06-26 01:08:38.973  4108  4108 I SystemControl: [/DisplayMode.cpp, setPosition, 2102] setPosition curMode:480cvbs left:0 top:0 width:720 height:480
06-26 01:08:38.973  4108  4108 I SystemControl: [/Ubootenv.cpp, updateValue, 68] [ubootenv] update value name [ubootenv.var.480cvbs_x]: value [0] 
06-26 01:08:38.973  4108  4108 I SystemControl: [/Ubootenv.cpp, updateValue, 68] [ubootenv] update value name [ubootenv.var.480cvbs_y]: value [0] 
06-26 01:08:38.973  4108  4108 I SystemControl: [/Ubootenv.cpp, updateValue, 68] [ubootenv] update value name [ubootenv.var.480cvbs_w]: value [720] 
06-26 01:08:38.973  4108  4108 I SystemControl: [/Ubootenv.cpp, updateValue, 68] [ubootenv] update value name [ubootenv.var.480cvbs_h]: value [480] 
06-26 01:08:38.973  4244  4244 D hw-ProcessState: Binder ioctl to enable oneway spam detection failed: Invalid argument
06-26 01:08:38.976  4142  4142 V MesonDisplayServer: SetDisplay[cvbs] DisplayRect to "(0,0,720,480)"
06-26 01:08:38.976  4142  4142 V MesonDisplayServer: SetDisplayViewPort done
06-26 01:08:38.978  4238  4238 D AudioPowerUsage: AudioPowerUsage
06-26 01:08:38.978  4238  4238 D AudioAnalytics: AudioAnalytics
06-26 01:08:38.978  4238  4238 D MediaMetricsService: MediaMetricsService
06-26 01:08:38.979  4244  4244 I HidlServiceManagement: Registered android.system.wifi.keystore@1.0::IKeystore/default
06-26 01:08:38.990     0     0 I [   10.845353@2]- binder: 4238:4238 ioctl 40046210 ffdd96d0 returned -22
06-26 01:08:38.990     0     0 I [   10.860162@3]- binder: 4244:4244 ioctl 40046210 fff04968 returned -22
06-26 01:08:38.991     0     0 I [   10.872168@3]- binder: 4255:4255 ioctl 40046210 ff9023f8 returned -22
06-26 01:08:39.010     0     0 I [   10.890077@1]- hdmitx: store_avmute -1
06-26 01:08:39.010     0     0 I [   10.890089@1]- hdmitx: hw: avmute set to 1
06-26 01:08:38.986  4255  4255 D hw-ProcessState: Binder ioctl to enable oneway spam detection failed: Invalid argument
06-26 01:08:38.996  4255  4255 I usbd    : Usb HAL found.
06-26 01:08:38.996  4255  4255 I usbd    : peristent prop is adb
06-26 01:08:39.003  4108  4108 E SystemControl: [/SysWrite.cpp, writeSys, 232] writeSysFs, open /sys/class/amhdmitx/amhdmitx0/aud_mute fail.
06-26 01:08:39.003  4108  4108 I SystemControl: [/SysWrite.cpp, writeSys, 242] write /sys/class/amhdmitx/amhdmitx0/aud_mute, val:1 end
06-26 01:08:39.003  4108  4108 E SystemControl: [/SysWrite.cpp, writeSys, 232] writeSysFs, open /sys/class/amhdmitx/amhdmitx0/aud_mute fail.
06-26 01:08:39.003  4108  4108 I SystemControl: [/SysWrite.cpp, writeSys, 242] write /sys/class/amhdmitx/amhdmitx0/aud_mute, val:0 end
06-26 01:08:39.003  4108  4108 I SystemControl: [/SysWrite.cpp, writeSys, 242] write /sys/devices/virtual/amhdmitx/amhdmitx0/avmute, val:-1 end
06-26 01:08:39.003  4108  4108 I SystemControl: [/SystemControlHal.cpp, onEvent, 74] onEvent event:0, client size:0
06-26 01:08:39.004  4108  4108 I SystemControl: [/DisplayMode.cpp, getBootEnv, 360] key:ubootenv.var.digitaudiooutput value:(null)
06-26 01:08:39.021  4142  4142 D MesonHwc: get existing connector 13-0xf1841bac
06-26 01:08:39.022  4142  4142 V MesonDisplayServer: GetDisplayMode:480cvbs
06-26 01:08:39.024  4108  4108 W systemcontrol: type=1400 audit(0.0:34): avc: denied { read } for name="u:object_r:default_prop:s0" dev="tmpfs" ino=1299 scontext=u:r:system_control:s0 tcontext=u:object_r:default_prop:s0 tclass=file permissive=0
06-26 01:08:39.029  4108  4108 I SystemControl: [/DisplayMode.cpp, getDisplayMode, 2184] getDisplayMode mode:480cvbs
06-26 01:08:39.029  4108  4108 I SystemControl: [/DisplayMode.cpp, getBootEnv, 360] key:ubootenv.var.hdmichecksum value:0x00000000
06-26 01:08:39.038     0     0 I [   10.921754@1]- binder: 4254:4254 ioctl 40046210 ffdac830 returned -22
06-26 01:08:39.029  4108  4108 I SystemControl: [/Ubootenv.cpp, updateValue, 68] [ubootenv] update value name [ubootenv.var.cvbsmode]: value [480cvbs] 
06-26 01:08:39.038     0     0 I [   10.922919@1]- binder: 4254:4254 ioctl 40046210 ffdac6b8 returned -22
06-26 01:08:39.030  4108  4108 W libc    : Access denied finding property "persist.systemcontrol.debug"
06-26 01:08:39.033  4193  4228 I RenderEngine: OpenGL ES informations:
06-26 01:08:39.033  4193  4228 I RenderEngine: vendor    : ARM
06-26 01:08:39.033  4193  4228 I RenderEngine: renderer  : Mali-G31
06-26 01:08:39.033  4193  4228 I RenderEngine: version   : OpenGL ES 3.2 v1.r32p1-01bet0.41b18dcf185382f01efb2f3854f9997f
06-26 01:08:39.033  4193  4228 I RenderEngine: extensions: GL_EXT_debug_marker GL_ARM_rgba8 GL_ARM_mali_shader_binary GL_OES_depth24 GL_OES_depth_texture GL_OES_depth_texture_cube_map GL_OES_packed_depth_stencil GL_OES_rgb8_rgba8 GL_EXT_read_format_bgra GL_OES_compressed_paletted_texture GL_OES_compressed_ETC1_RGB8_texture GL_OES_standard_derivatives GL_OES_EGL_image GL_OES_EGL_image_external GL_OES_EGL_image_external_essl3 GL_OES_EGL_sync GL_OES_texture_npot GL_OES_vertex_half_float GL_OES_required_internalformat GL_OES_vertex_array_object GL_OES_mapbuffer GL_EXT_texture_format_BGRA8888 GL_EXT_texture_rg GL_EXT_texture_type_2_10_10_10_REV GL_OES_fbo_render_mipmap GL_OES_element_index_uint GL_EXT_shadow_samplers GL_OES_texture_compression_astc GL_KHR_texture_compression_astc_ldr GL_KHR_texture_compression_astc_hdr GL_KHR_texture_compression_astc_sliced_3d GL_EXT_texture_compression_astc_decode_mode GL_EXT_texture_compression_astc_decode_mode_rgb9e5 GL_KHR_debug GL_EXT_occlusion_query_boolean GL_EXT_disjoint_timer_query GL_EXT_blend_minmax GL_EXT_discard_
06-26 01:08:39.033  4193  4228 I RenderEngine: GL_MAX_TEXTURE_SIZE = 16383
06-26 01:08:39.033  4193  4228 I RenderEngine: GL_MAX_VIEWPORT_DIMS = 16383
06-26 01:08:39.032  4254  4254 I gatekeeperd: Starting gatekeeperd...
06-26 01:08:39.035  4254  4254 D ProcessState: Binder ioctl to enable oneway spam detection failed: Invalid argument
06-26 01:08:39.036  4254  4254 D hw-ProcessState: Binder ioctl to enable oneway spam detection failed: Invalid argument
06-26 01:08:39.068  4142  4142 D ComposerResources: setUVM with pid 4193
06-26 01:08:39.074  4184  4184 I ServiceManager: Waiting for service 'media.metrics' on '/dev/binder' successful after waiting 218ms
06-26 01:08:39.075  4184  4184 I AudioFlinger: Using default 3000 mSec as standby time.
06-26 01:08:39.077  4238  4260 I ServiceManager: Waiting for service 'package_native' on '/dev/binder'...
06-26 01:08:39.082  4142  4142 E android.hardware.graphics.composer@2.4-service.droidlogic: halEventcallback onHotplug client2.4
06-26 01:08:39.083  4193  4193 I SurfaceFlinger: onComposerHalHotplug(0, connected)
06-26 01:08:39.083  4193  4193 I HWComposer: Switching to legacy multi-display mode
06-26 01:08:39.085  4193  4274 W EventThread: Ignoring VSYNC request while display is disconnected
06-26 01:08:39.085  4160  4160 I libusbconfigfs: setCurrentUsbFunctions None
06-26 01:08:39.086  4193  4274 W EventThread: Ignoring VSYNC request while display is disconnected
06-26 01:08:39.086  4193  4275 W EventThread: Ignoring VSYNC request while display is disconnected
06-26 01:08:39.086  4160  4160 I libusbconfigfs: Gadget cannot be pulled down
06-26 01:08:39.086  4193  4275 W EventThread: Ignoring VSYNC request while display is disconnected
06-26 01:08:39.087  4193  4274 W EventThread: Ignoring VSYNC request while display is disconnected
06-26 01:08:39.087  4193  4274 W EventThread: Ignoring VSYNC request while display is disconnected
06-26 01:08:39.087  4160  4160 I android.hardware.usb.gadget@1.2-service: mMonitor not running
06-26 01:08:39.087  4160  4160 I android.hardware.usb.gadget@1.2-service: Returned from tearDown gadget
06-26 01:08:39.087  4142  4142 D MesonHwc: cvbs connector getHadrCapabilities none
06-26 01:08:39.087  4142  4142 D MesonHwc: cvbs connector getHadrCapabilities none
06-26 01:08:39.087  4142  4142 D MesonHwc: cvbs connector getHadrCapabilities none
06-26 01:08:39.087  4142  4142 D MesonHwc: cvbs connector getHadrCapabilities none
06-26 01:08:39.088  4193  4193 W HwcComposer: getPerFrameMetadataKeys failed with 8
06-26 01:08:39.088  4184  4184 I APM_AudioPolicyManager: loading audio_policy_configuration.xml
06-26 01:08:39.096  4141  4164 E gralloc4: Format [id:0x110] which doesn't support linear should not have bpp defined
06-26 01:08:39.096  4141  4164 E gralloc4: Format [id:0x110] which doesn't support linear should not have bpp defined
06-26 01:08:39.096  4141  4164 E ion     : ioctl c0044901 failed with code -1: Invalid argument
06-26 01:08:39.097  4193  4193 E ion     : ioctl c0044901 failed with code -1: Invalid argument
06-26 01:08:39.120  4268  4268 I livelock: started
06-26 01:08:39.121  4268  4268 W livelock: [khungtaskd] not configurable
06-26 01:08:39.128  4268  4268 I livelock: ro.config.low_ram=false
06-26 01:08:39.128  4268  4268 I livelock: ro.llk.sysrq_t=true
06-26 01:08:39.128  4268  4268 I livelock: ro.llk.enable=true
06-26 01:08:39.128  4268  4268 I livelock: ro.khungtask.enable=true
06-26 01:08:39.128  4268  4268 I livelock: ro.llk.mlockall=true
06-26 01:08:39.128  4268  4268 I livelock: ro.llk.killtest=true
06-26 01:08:39.128  4268  4268 I livelock: ro.khungtask.timeout=720s
06-26 01:08:39.128  4268  4268 I livelock: ro.llk.timeout_ms=600.000s
06-26 01:08:39.128  4268  4268 I livelock: ro.llk.D.timeout_ms=600.000s
06-26 01:08:39.128  4268  4268 I livelock: ro.llk.Z.timeout_ms=600.000s
06-26 01:08:39.128  4268  4268 I livelock: ro.llk.stack.timeout_ms=600.000s
06-26 01:08:39.128  4268  4268 I livelock: ro.llk.check_ms=120.000s
06-26 01:08:39.128  4268  4268 I livelock: ro.llk.stack=wait_on_page_bit_killable,bit_wait_io,__get_user_pages,cma_alloc
06-26 01:08:39.128  4268  4268 I livelock: ro.llk.ignorelist.process.stack=apexd,ueventd,init,keystore,lmkd.llkd,keystore2,llkd
06-26 01:08:39.128  4268  4268 I livelock: ro.llk.ignorelist.process=[watchdog/3],[watchdogd/0],[watchdog/1],watchdogd,[khungtaskd],lmkd,[watchdogd],[kthreadd],llkd,1,0,4268,[watchdog/2],2,init
06-26 01:08:39.128  4268  4268 I livelock: ro.llk.ignorelist.parent=com.antutu.ABenchMark
06-26 01:08:39.128  4268  4268 I livelock: ro.llk.ignorelist.uid=
06-26 01:08:39.131  4193  4193 I SurfaceFlinger: Dispatching display hotplug event displayId=0, connected=1
06-26 01:08:39.132  4142  4142 E MesonHwc: register unknown callback (6)
06-26 01:08:39.136  4193  4193 I HidlServiceManagement: Registered android.frameworks.displayservice@1.0::IDisplayService/default
06-26 01:08:39.136  4193  4193 D SurfaceFlinger: Setting power mode 2 on display 0
06-26 01:08:39.136  4142  4142 D MesonHwc: ERR: PLEASE FIX NON-IMPLEMENT FUN(setPowerMode).
06-26 01:08:39.137  4193  4193 D SurfaceFlinger: Finished setting power mode 2 on display 0
06-26 01:08:39.138  4193  4278 W SurfaceFlinger: Failed to set thread name on dispatch thread
06-26 01:08:39.143     0     0 I [   11.028505@3]- binder: 4193:4228 ioctl 40046210 e5a3ae20 returned -22
06-26 01:08:39.142  4193  4228 D hw-ProcessState: Binder ioctl to enable oneway spam detection failed: Invalid argument
06-26 01:08:39.163  4184  4184 D APM_EngineLoader: Loaded engine from libaudiopolicyenginedefault.so
06-26 01:08:39.163  4184  4184 D APM::AudioPolicyEngine/Base: loadAudioPolicyEngineConfig: No configuration found, using default matching phone experience.
06-26 01:08:39.163  4184  4184 I APM::AudioPolicyEngine/Config: loading audio_policy_configuration.xml
06-26 01:08:39.165  4181  4181 I MsDisplayAdapterWraper: mesonDisplayAdater_ops enter
06-26 01:08:39.178  4181  4181 I VideoTunnelDisplay: videoTunnelLibInit ok
06-26 01:08:39.178  4181  4181 V VideoTunnelDisplay: ctor videotunnel_ops
06-26 01:08:39.188  4160  4160 I libusbconfigfs: setCurrentUsbFunctions Adb
06-26 01:08:39.188  4160  4160 I libusbconfigfs: Service started
06-26 01:08:39.188  4160  4160 I android.hardware.usb.gadget@1.2-service: Usb Gadget setcurrent functions called successfully
06-26 01:08:39.188  4181  4181 W vendor.skyworth: type=1400 audit(0.0:35): avc: denied { search } for name="codec_mm" dev="sysfs" ino=7395 scontext=u:r:stbmedia:s0 tcontext=u:object_r:sysfs_mm:s0 tclass=dir permissive=0
06-26 01:08:39.191  4181  4181 E secmem_tz: [Secure_Load:1588] 
06-26 01:08:39.191  4181  4181 E secmem_tz: MM-module-name:Secmem libsecmem,Version:2.2.28-gdcb041d(build:1879)
06-26 01:08:39.191  4181  4181 E secmem_tz: [Secure_Check_Resm_tvp_support:609] secmem support resmanager tvp
06-26 01:08:39.195     0     0 I [   11.078382@0]- resman: 2 appname:secmem, type=3
06-26 01:08:39.202  4246  4246 I android.hardware.media.omx@1.0-service: mediacodecservice starting
06-26 01:08:39.214  4184  4184 W APM::AudioPolicyEngine/Base: loadAudioPolicyEngineConfig: No configuration of AUDIO_STREAM_ASSISTANT found, using default volume configuration
06-26 01:08:39.215  4184  4184 W APM::AudioPolicyEngine/Base: loadAudioPolicyEngineConfig: No configuration of AUDIO_STREAM_CALL_ASSISTANT found, using default volume configuration
06-26 01:08:39.216  4246  4246 W android.hardware.media.omx@1.0-service: libminijail[4246]: failed to get path of fd 5: No such file or directory
06-26 01:08:39.216  4246  4246 W android.hardware.media.omx@1.0-service: libminijail[4246]: allowing syscall: clock_gettime
06-26 01:08:39.216  4246  4246 W android.hardware.media.omx@1.0-service: libminijail[4246]: allowing syscall: connect
06-26 01:08:39.216  4246  4246 W android.hardware.media.omx@1.0-service: libminijail[4246]: allowing syscall: fcntl64
06-26 01:08:39.216  4246  4246 W android.hardware.media.omx@1.0-service: libminijail[4246]: allowing syscall: socket
06-26 01:08:39.216  4246  4246 W android.hardware.media.omx@1.0-service: libminijail[4246]: allowing syscall: writev
06-26 01:08:39.217  4246  4246 W android.hardware.media.omx@1.0-service: libminijail[4246]: compile_file: <fd>(59): syscall getrandom redefined here
06-26 01:08:39.217  4246  4246 W android.hardware.media.omx@1.0-service: libminijail[4246]: compile_file: <fd>(15): previous definition here
06-26 01:08:39.240  4246  4246 W android.hardware.media.omx@1.0-service: libminijail[4246]: compile_file: /system/etc/seccomp_policy/crash_dump.arm.policy(1): syscall read redefined here
06-26 01:08:39.240  4246  4246 W android.hardware.media.omx@1.0-service: libminijail[4246]: compile_file: <fd>(9): previous definition here
06-26 01:08:39.240  4246  4246 W android.hardware.media.omx@1.0-service: libminijail[4246]: compile_file: /system/etc/seccomp_policy/crash_dump.arm.policy(2): syscall write redefined here
06-26 01:08:39.240  4246  4246 W android.hardware.media.omx@1.0-service: libminijail[4246]: compile_file: <fd>(5): previous definition here
06-26 01:08:39.240  4246  4246 W android.hardware.media.omx@1.0-service: libminijail[4246]: compile_file: /system/etc/seccomp_policy/crash_dump.arm.policy(3): syscall exit redefined here
06-26 01:08:39.241  4246  4246 W android.hardware.media.omx@1.0-service: libminijail[4246]: compile_file: <fd>(40): previous definition here
06-26 01:08:39.243  4246  4246 W android.hardware.media.omx@1.0-service: libminijail[4246]: compile_file: /system/etc/seccomp_policy/crash_dump.arm.policy(4): syscall rt_sigreturn redefined here
06-26 01:08:39.243  4246  4246 W android.hardware.media.omx@1.0-service: libminijail[4246]: compile_file: <fd>(45): previous definition here
06-26 01:08:39.243  4246  4246 W android.hardware.media.omx@1.0-service: libminijail[4246]: compile_file: /system/etc/seccomp_policy/crash_dump.arm.policy(6): syscall exit_group redefined here
06-26 01:08:39.243  4246  4246 W android.hardware.media.omx@1.0-service: libminijail[4246]: compile_file: <fd>(44): previous definition here
06-26 01:08:39.243  4246  4246 W android.hardware.media.omx@1.0-service: libminijail[4246]: compile_file: /system/etc/seccomp_policy/crash_dump.arm.policy(7): syscall clock_gettime redefined here
06-26 01:08:39.243  4246  4246 W android.hardware.media.omx@1.0-service: libminijail[4246]: compile_file: <fd>(7): previous definition here
06-26 01:08:39.243  4246  4246 W android.hardware.media.omx@1.0-service: libminijail[4246]: compile_file: /system/etc/seccomp_policy/crash_dump.arm.policy(8): syscall gettimeofday redefined here
06-26 01:08:39.243  4246  4246 W android.hardware.media.omx@1.0-service: libminijail[4246]: compile_file: <fd>(47): previous definition here
06-26 01:08:39.243  4246  4246 W android.hardware.media.omx@1.0-service: libminijail[4246]: compile_file: /system/etc/seccomp_policy/crash_dump.arm.policy(9): syscall futex redefined here
06-26 01:08:39.243  4246  4246 W android.hardware.media.omx@1.0-service: libminijail[4246]: compile_file: <fd>(3): previous definition here
06-26 01:08:39.244  4246  4246 W android.hardware.media.omx@1.0-service: libminijail[4246]: compile_file: /system/etc/seccomp_policy/crash_dump.arm.policy(10): syscall getrandom redefined here
06-26 01:08:39.244  4246  4246 W android.hardware.media.omx@1.0-service: libminijail[4246]: compile_file: <fd>(15): previous definition here
06-26 01:08:39.244  4246  4246 W android.hardware.media.omx@1.0-service: libminijail[4246]: compile_file: /system/etc/seccomp_policy/crash_dump.arm.policy(13): syscall ppoll redefined here
06-26 01:08:39.244  4246  4246 W android.hardware.media.omx@1.0-service: libminijail[4246]: compile_file: <fd>(13): previous definition here
06-26 01:08:39.244  4246  4246 W android.hardware.media.omx@1.0-service: libminijail[4246]: compile_file: /system/etc/seccomp_policy/crash_dump.arm.policy(14): syscall pipe2 redefined here
06-26 01:08:39.244  4246  4246 W android.hardware.media.omx@1.0-service: libminijail[4246]: compile_file: <fd>(46): previous definition here
06-26 01:08:39.244  4246  4246 W android.hardware.media.omx@1.0-service: libminijail[4246]: compile_file: /system/etc/seccomp_policy/crash_dump.arm.policy(15): syscall openat redefined here
06-26 01:08:39.244  4246  4246 W android.hardware.media.omx@1.0-service: libminijail[4246]: compile_file: <fd>(30): previous definition here
06-26 01:08:39.244  4246  4246 W android.hardware.media.omx@1.0-service: libminijail[4246]: compile_file: /system/etc/seccomp_policy/crash_dump.arm.policy(16): syscall dup redefined here
06-26 01:08:39.245  4246  4246 W android.hardware.media.omx@1.0-service: libminijail[4246]: compile_file: <fd>(12): previous definition here
06-26 01:08:39.245  4246  4246 W android.hardware.media.omx@1.0-service: libminijail[4246]: compile_file: /system/etc/seccomp_policy/crash_dump.arm.policy(17): syscall close redefined here
06-26 01:08:39.246  4246  4246 W android.hardware.media.omx@1.0-service: libminijail[4246]: compile_file: <fd>(10): previous definition here
06-26 01:08:39.246  4246  4246 W android.hardware.media.omx@1.0-service: libminijail[4246]: compile_file: /system/etc/seccomp_policy/crash_dump.arm.policy(18): syscall lseek redefined here
06-26 01:08:39.248  4246  4246 W android.hardware.media.omx@1.0-service: libminijail[4246]: compile_file: <fd>(50): previous definition here
06-26 01:08:39.248  4246  4246 W android.hardware.media.omx@1.0-service: libminijail[4246]: compile_file: /system/etc/seccomp_policy/crash_dump.arm.policy(19): syscall getdents64 redefined here
06-26 01:08:39.248  4246  4246 W android.hardware.media.omx@1.0-service: libminijail[4246]: compile_file: <fd>(58): previous definition here
06-26 01:08:39.248  4246  4246 W android.hardware.media.omx@1.0-service: libminijail[4246]: compile_file: /system/etc/seccomp_policy/crash_dump.arm.policy(20): syscall faccessat redefined here
06-26 01:08:39.248  4246  4246 W android.hardware.media.omx@1.0-service: libminijail[4246]: compile_file: <fd>(38): previous definition here
06-26 01:08:39.248  4246  4246 W android.hardware.media.omx@1.0-service: libminijail[4246]: compile_file: /system/etc/seccomp_policy/crash_dump.arm.policy(25): syscall rt_sigprocmask redefined here
06-26 01:08:39.248  4246  4246 W android.hardware.media.omx@1.0-service: libminijail[4246]: compile_file: <fd>(41): previous definition here
06-26 01:08:39.249  4246  4246 W android.hardware.media.omx@1.0-service: libminijail[4246]: compile_file: /system/etc/seccomp_policy/crash_dump.arm.policy(28): syscall prctl redefined here
06-26 01:08:39.249  4246  4246 W android.hardware.media.omx@1.0-service: libminijail[4246]: compile_file: <fd>(6): previous definition here
06-26 01:08:39.250  4246  4246 W android.hardware.media.omx@1.0-service: libminijail[4246]: compile_file: /system/etc/seccomp_policy/crash_dump.arm.policy(29): syscall madvise redefined here
06-26 01:08:39.252  4269  4269 I adbd    : persist.adb.watchdog set to ''
06-26 01:08:39.252  4269  4269 I adbd    : persist.sys.test_harness set to ''
06-26 01:08:39.252  4269  4269 I adbd    : adb watchdog timeout set to 600 seconds
06-26 01:08:39.253  4269  4269 I adbd    : Setup mdns on port= 5555
06-26 01:08:39.254  4269  4269 I adbd    : adbd listening on tcp:5555
06-26 01:08:39.254  4246  4246 W android.hardware.media.omx@1.0-service: libminijail[4246]: compile_file: <fd>(29): previous definition here
06-26 01:08:39.255  4246  4246 W android.hardware.media.omx@1.0-service: libminijail[4246]: compile_file: /system/etc/seccomp_policy/crash_dump.arm.policy(30): syscall mprotect redefined here
06-26 01:08:39.255  4246  4246 W android.hardware.media.omx@1.0-service: libminijail[4246]: compile_file: <fd>(28): previous definition here
06-26 01:08:39.256  4246  4246 W android.hardware.media.omx@1.0-service: libminijail[4246]: compile_file: /system/etc/seccomp_policy/crash_dump.arm.policy(31): syscall munmap redefined here
06-26 01:08:39.256  4246  4246 W android.hardware.media.omx@1.0-service: libminijail[4246]: compile_file: <fd>(27): previous definition here
06-26 01:08:39.256  4246  4246 W android.hardware.media.omx@1.0-service: libminijail[4246]: compile_file: /system/etc/seccomp_policy/crash_dump.arm.policy(32): syscall getuid32 redefined here
06-26 01:08:39.256  4246  4246 W android.hardware.media.omx@1.0-service: libminijail[4246]: compile_file: <fd>(34): previous definition here
06-26 01:08:39.256  4246  4246 W android.hardware.media.omx@1.0-service: libminijail[4246]: compile_file: /system/etc/seccomp_policy/crash_dump.arm.policy(33): syscall fstat64 redefined here
06-26 01:08:39.257  4246  4246 W android.hardware.media.omx@1.0-service: libminijail[4246]: compile_file: <fd>(35): previous definition here
06-26 01:08:39.257  4246  4246 W android.hardware.media.omx@1.0-service: libminijail[4246]: compile_file: /system/etc/seccomp_policy/crash_dump.arm.policy(34): syscall mmap2 redefined here
06-26 01:08:39.257  4246  4246 W android.hardware.media.omx@1.0-service: libminijail[4246]: compile_file: <fd>(14): previous definition here
06-26 01:08:39.264     0     0 I         : [   11.148000@2]- read descriptors
06-26 01:08:39.264     0     0 I         : [   11.148019@2]- read strings
06-26 01:08:39.290     0     0 I [   11.174147@3]- binder: 4246:4246 ioctl 40046210 ffd5e098 returned -22
06-26 01:08:39.295     0     0 I [   11.180698@3]- binder: 4246:4246 ioctl 40046210 ffd5e080 returned -22
06-26 01:08:39.259  4269  4269 I adbd    : adbd listening on vsock:5555
06-26 01:08:39.259  4269  4269 I adbd    : adbd started
06-26 01:08:39.261  4269  4291 I adbd    : opening control endpoint /dev/usb-ffs/adb/ep0
06-26 01:08:39.263  4160  4284 I libusbconfigfs: GADGET pulled up
06-26 01:08:39.263  4269  4291 I adbd    : UsbFfsConnection constructed
06-26 01:08:39.263  4269  4289 I adbd    : Waiting for persist.adb.tls_server.enable=1
06-26 01:08:39.270  4252  4252 I mediaswcodec: media swcodec service starting
06-26 01:08:39.278  4269  4297 I adbd    : UsbFfs-monitor thread spawned
06-26 01:08:39.339     0     0 I [   11.223248@0]- binder: 4252:4252 ioctl 40046210 ffa21f50 returned -22
06-26 01:08:39.282  4246  4246 W android.hardware.media.omx@1.0-service: libminijail[4246]: compile_file: <fd>(65): syscall readlinkat redefined here
06-26 01:08:39.282  4097  4097 D zygote  : Time zone APEX ICU file found: /apex/com.android.tzdata/etc/icu/icu_tzdata.dat
06-26 01:08:39.282  4269  4297 I adbd    : USB event: FUNCTIONFS_BIND
06-26 01:08:39.282  4246  4246 W android.hardware.media.omx@1.0-service: libminijail[4246]: compile_file: <fd>(39): previous definition here
06-26 01:08:39.283  4246  4246 W android.hardware.media.omx@1.0-service: libminijail[4246]: compile_file: <fd>(66): syscall pread64 redefined here
06-26 01:08:39.283  4246  4246 W android.hardware.media.omx@1.0-service: libminijail[4246]: compile_file: <fd>(37): previous definition here
06-26 01:08:39.284  4181  4181 I secmem_tz: secmem initialized success 0xec850894
06-26 01:08:39.285  4252  4252 W mediaswcodec: libminijail[4252]: failed to get path of fd 5: No such file or directory
06-26 01:08:39.283  4246  4246 W android.hardware.media.omx@1.0-service: libminijail[4246]: compile_file: <fd>(70): syscall getdents64 redefined here
06-26 01:08:39.286  4252  4252 W mediaswcodec: libminijail[4252]: allowing syscall: clock_gettime
06-26 01:08:39.286  4252  4252 W mediaswcodec: libminijail[4252]: allowing syscall: connect
06-26 01:08:39.286  4252  4252 W mediaswcodec: libminijail[4252]: allowing syscall: fcntl64
06-26 01:08:39.286  4252  4252 W mediaswcodec: libminijail[4252]: allowing syscall: socket
06-26 01:08:39.286  4252  4252 W mediaswcodec: libminijail[4252]: allowing syscall: writev
06-26 01:08:39.287  4246  4246 W android.hardware.media.omx@1.0-service: libminijail[4246]: compile_file: <fd>(58): previous definition here
06-26 01:08:39.287  4246  4246 W android.hardware.media.omx@1.0-service: libminijail[4246]: compile_file: <fd>(73): syscall _llseek redefined here
06-26 01:08:39.287  4246  4246 W android.hardware.media.omx@1.0-service: libminijail[4246]: compile_file: <fd>(51): previous definition here
06-26 01:08:39.287  4246  4246 W android.hardware.media.omx@1.0-service: libminijail[4246]: logging seccomp filter failures
06-26 01:08:39.288  4097  4097 D zygote  : I18n APEX ICU file found: /apex/com.android.i18n/etc/icu/icudt68l.dat
06-26 01:08:39.287  4246  4246 D ProcessState: Binder ioctl to enable oneway spam detection failed: Invalid argument
06-26 01:08:39.294  4246  4246 D hw-ProcessState: Binder ioctl to enable oneway spam detection failed: Invalid argument
06-26 01:08:39.296  4252  4252 W mediaswcodec: libminijail[4252]: compile_file: <fd>(71): syscall futex redefined here
06-26 01:08:39.297  4252  4252 W mediaswcodec: libminijail[4252]: compile_file: <fd>(15): previous definition here
06-26 01:08:39.315  4159  4159 W HidlServiceManagement: Waited one second for vendor.amlogic.hardware.hdmicec@1.0::IDroidHdmiCEC/default
06-26 01:08:39.316  3820  3820 I hw-BpHwBinder: onLastStrongRef automatically unlinking death recipients
06-26 01:08:39.319  4159  4159 I hdmicecd-client: Link to hdmi cec daemon service death notification successful
06-26 01:08:39.319  4181  4181 D PORTTING: D[stbmedia,47]:
06-26 01:08:39.319  4181  4181 D PORTTING: 
06-26 01:08:39.319  4181  4181 D PORTTING: 
06-26 01:08:39.319  4181  4181 D PORTTING: 
06-26 01:08:39.319  4181  4181 D PORTTING:  service start XXXXXXXX ==>
06-26 01:08:39.319  4181  4181 I PORTTING: D[Common.cpp,portting_init,214]:==>
06-26 01:08:39.319  4159  4159 I hdmicecd-client: open cec device fd:6
06-26 01:08:39.319  4181  4181 D SKHDI   : [sk_hdi_bsp_init,206]: HDI_BSP==>
06-26 01:08:39.320  4181  4181 D SKAPI   : [sk_task_create,296]: create the task: TickCB priority: 64 sk_pid: 1
06-26 01:08:39.320  4181  4181 I Aml_MP  : AMP [Aml_MP_Initialize:36] 
06-26 01:08:39.320  4181  4181 D SKHDI   : [sk_hdi_bsp_init,216]: AML_MP Version:0x20000-AML_MP v2.0
06-26 01:08:39.320  4181  4181 D SKAPI   : [sk_task_create,296]: create the task: sk_bsp_task priority: 64 sk_pid: 2
06-26 01:08:39.320  4181  4181 D SKHDI   : [sk_hdi_bsp_init,227]: HDI_BSP<==
06-26 01:08:39.320  4181  4181 I SKHDI   : HDI_DMD:[sk_hdi_dmd_init 93] ==> 
06-26 01:08:39.320  4181  4181 I SKHDI   : [sk_hdi_dmd_init,144]: Init FRONTEND_MXL248
06-26 01:08:39.320  4181  4181 I SKHDI   : [sk_hdi_dmd_drv_cab_mxl248_init,324]: sk_hdi_dmd_drv_cab_mxl248_init
06-26 01:08:39.321  4181  4181 I SKHDI   : Host Debug logs Disabled 
06-26 01:08:39.321  4181  4181 I SKHDI   : 
06-26 01:08:39.321  4181  4181 I SKHDI   : [MxL_EAGLE_Oem_Init,226]: MXL248 reset_gpio [498], I2C channel:2, i2c add:0xc6
06-26 01:08:39.322  4159  4159 I HidlServiceManagement: Registered android.hardware.tv.cec@1.0::IHdmiCec/default
06-26 01:08:39.322  4159  4159 I HidlServiceManagement: Removing namespace from process name android.hardware.tv.cec@1.0-service to cec@1.0-service.
06-26 01:08:39.322  4159  4159 I LegacySupport: Registration complete for android.hardware.tv.cec@1.0::IHdmiCec/default.
06-26 01:08:39.327  4181  4301 D SKAPI   : [wrap_task_fun,111]: the task_name: TickCB task_id: 4301 task_pro: 64 pro: 0 thread_id: 4301
06-26 01:08:39.329  4181  4302 D SKAPI   : [wrap_task_fun,111]: the task_name: sk_bsp_task task_id: 4302 task_pro: 64 pro: 0 thread_id: 4302
06-26 01:08:39.329  4181  4302 D SKHDI   : [bsp_task,62]: task ==>
06-26 01:08:39.336  4252  4252 W mediaswcodec: libminijail[4252]: compile_file: <fd>(90): syscall clock_gettime redefined here
06-26 01:08:39.336  4252  4252 W mediaswcodec: libminijail[4252]: compile_file: <fd>(70): previous definition here
06-26 01:08:39.336  4252  4252 W mediaswcodec: libminijail[4252]: compile_file: <fd>(94): syscall writev redefined here
06-26 01:08:39.336  4252  4252 W mediaswcodec: libminijail[4252]: compile_file: <fd>(38): previous definition here
06-26 01:08:39.336  4252  4252 W mediaswcodec: libminijail[4252]: compile_file: <fd>(95): syscall madvise redefined here
06-26 01:08:39.336  4252  4252 W mediaswcodec: libminijail[4252]: compile_file: <fd>(66): previous definition here
06-26 01:08:39.336  4252  4252 W mediaswcodec: libminijail[4252]: logging seccomp filter failures
06-26 01:08:39.337  4252  4252 D hw-ProcessState: Binder ioctl to enable oneway spam detection failed: Invalid argument
06-26 01:08:39.337  4252  4252 I CodecServiceRegistrant: Creating software Codec2 service...
06-26 01:08:39.354  4252  4252 I HidlServiceManagement: Registered android.hardware.media.c2@1.2::IComponentStore/software
06-26 01:08:39.355  3820  3820 I hwservicemanager: getTransport: Cannot find entry android.hardware.media.c2@1.0::IComponentStore/default in either framework or device VINTF manifest.
06-26 01:08:39.357  4252  4252 I CodecServiceRegistrant: Preferred Codec2 store is defaulted to "software".
06-26 01:08:39.357  4252  4252 I CodecServiceRegistrant: Software Codec2 service created and registered.
06-26 01:08:39.352  4240  4240 D mediatuner: Tuner service starting
06-26 01:08:39.363  4269  4292 I adbd    : adbd mDNS service _adb._tcp registered: 1
06-26 01:08:39.363  4240  4240 D ProcessState: Binder ioctl to enable oneway spam detection failed: Invalid argument
06-26 01:08:39.370  4097  4097 I zygote  : fcntl(F_ADD_SEALS) failed: Invalid argument, no memfd support.
06-26 01:08:39.370  4097  4097 I zygote  : Falling back to ashmem implementation for JIT zygote mapping
06-26 01:08:39.377     0     0 I [   11.249431@0]- binder: 4240:4240 ioctl 40046210 fff42338 returned -22
06-26 01:08:39.405     0     0 E [   11.279031@3]- init: Control message: Could not find 'aidl/package_native' for ctl.interface_start from pid: 3819 (/system/bin/servicemanager)
06-26 01:08:39.431     0     0 W         : [   11.313086@3]- avc open
06-26 01:08:39.431     0     0 W         : [   11.313096@3]- amvenc_avc  check CMA pool success, max instance: 3.
06-26 01:08:39.380  4240  4240 D mediatuner: ServiceManager: 0xf41c0d50
06-26 01:08:39.381  3819  3819 I servicemanager: Since 'package_native' could not be found, trying to start it as a lazy AIDL service
06-26 01:08:39.393  3819  4307 W libc    : Unable to set property "ctl.interface_start" to "aidl/package_native": error code: 0x20
06-26 01:08:39.393  3819  4307 I servicemanager: Tried to start aidl service package_native as a lazy service, but was unable to. Usually this happens when a service is not installed, but if the service is intended to be used as a lazy service, then it may be configured incorrectly.
