06-26 01:08:33.083  4031  4031 D hw-ProcessState: Binder ioctl to enable oneway spam detection failed: Invalid argument
06-26 01:08:33.084  4033  4033 I HidlServiceManagement: Registered android.hardware.keymaster@4.0::IKeymasterDevice/default
06-26 01:08:33.085  4033  4033 I HidlServiceManagement: Removing namespace from process name android.hardware.keymaster@4.0-service.amlogic to keymaster@4.0-service.amlogic.
06-26 01:08:33.086  4031  4031 I keystore2: found android.hardware.keymaster@4.0::IKeymasterDevice with interface name default and seclevel TRUSTED_ENVIRONMENT
06-26 01:08:33.086  4033  4033 D AmlogicKeymaster: id: 1, ctx: 0xe71001b0, cmd: 76
06-26 01:08:33.086     0     0 I [    4.969440@3]- binder: 4031:4031 ioctl 40046210 ffdf1278 returned -22
06-26 01:08:33.087  4033  4033 D AmlogicKeymaster: Received 40 byte response
06-26 01:08:33.087  4033  4033 D AmlogicKeymaster: id: 1, ctx: 0xe71001b0, cmd: 80
06-26 01:08:33.087  4033  4033 D AmlogicKeymaster: Received 40 byte response
06-26 01:08:33.088  4031  4043 I keystore2: keystore2::shared_secret_negotiation: Shared secret negotiation concluded successfully.
06-26 01:08:33.090  3819  3819 I servicemanager: getDeviceHalManifest: Reading VINTF information.
06-26 01:08:33.097  3819  3819 I servicemanager: getDeviceHalManifest: Successfully processed VINTF information
06-26 01:08:33.097  3819  3819 I servicemanager: getFrameworkHalManifest: Reading VINTF information.
06-26 01:08:33.099  3819  3819 I servicemanager: getFrameworkHalManifest: Successfully processed VINTF information
06-26 01:08:33.100  3819  3819 I servicemanager: Found android.system.keystore2.IKeystoreService/default in framework VINTF manifest.
06-26 01:08:33.102  4031  4031 I keystore2: keystore2_main: Successfully registered Keystore 2.0 service.
06-26 01:08:33.102  4031  4031 I keystore2: keystore2_main: Joining thread pool now.
06-26 01:08:33.167  3829  3829 I ServiceManager: Waiting for service 'android.security.maintenance' on '/dev/binder' successful after waiting 100ms
06-26 01:08:33.169  4031  4031 I keystore2: keystore2::maintenance: In early_boot_ended.
06-26 01:08:33.178  4031  4031 I keystore2: keystore2::globals: Touching Keystore 2.0 database for this first time since boot.
06-26 01:08:33.178  4031  4031 I keystore2: keystore2::globals: Calling cleanup leftovers.
06-26 01:08:33.182  4033  4033 D AmlogicKeymaster: id: 1, ctx: 0xe71001b0, cmd: 60
06-26 01:08:33.185  4033  4033 D AmlogicKeymaster: Received 117 byte response
06-26 01:08:33.185  4033  4033 D AmlogicKeymaster: id: 1, ctx: 0xe71001b0, cmd: 32
06-26 01:08:33.185  4033  4033 D AmlogicKeymaster: Received 4 byte response
06-26 01:08:33.185  4033  4033 D AmlogicKeymaster: id: 1, ctx: 0xe71001b0, cmd: 4
06-26 01:08:33.186  4033  4033 D AmlogicKeymaster: Received 24 byte response
06-26 01:08:33.186  4033  4033 D AmlogicKeymaster: id: 1, ctx: 0xe71001b0, cmd: 12
06-26 01:08:33.186  4033  4033 D AmlogicKeymaster: Received 52 byte response
06-26 01:08:33.187  4031  4031 I keystore2: keystore2::super_key: Starting boot level watcher.
06-26 01:08:33.187  4031  4031 I keystore2: keystore2::maintenance: Call to earlyBootEnded succeeded for security level TRUSTED_ENVIRONMENT.
06-26 01:08:33.187  4031  4049 I keystore2: keystore2::super_key: Read keystore.boot_level value 30
06-26 01:08:33.187  4031  4031 E keystore2: keystore2::maintenance: Call to earlyBootEnded failed for security level STRONGBOX: In call_with_watchdog: getting keymint device.
06-26 01:08:33.187  4031  4031 E keystore2: keystore2::error: In call_with_watchdog: getting keymint device
06-26 01:08:33.187  4031  4031 E keystore2: 
06-26 01:08:33.187  4031  4031 E keystore2: Caused by:
06-26 01:08:33.187  4031  4031 E keystore2:     0: In get_keymint_device.
06-26 01:08:33.187  4031  4031 E keystore2:     1: In connect_keymint: Trying to get Legacy wrapper.
06-26 01:08:33.187  4031  4031 E keystore2:     2: Error::Km(ErrorCode(-68))
06-26 01:08:33.187  3829  3829 E vold    : keystore2 Keystore earlyBootEnded returned service specific error: -68
06-26 01:08:33.188  4031  4049 I keystore2: keystore2::super_key: Read keystore.boot_level value 30
06-26 01:08:33.226     0     0 I [    5.110647@3]- apexd: This device does not support updatable APEX. Exiting
06-26 01:08:33.226     0     0 I [    5.110707@3]- apexd: Marking APEXd as activated
06-26 01:08:33.315  4052  4052 I derive_sdk: Read version 1 from 7
06-26 01:08:33.316  4052  4052 I derive_sdk: Read version 1 from 5
06-26 01:08:33.317  4052  4052 I derive_sdk: Read version 1 from 9
06-26 01:08:33.317  4052  4052 I derive_sdk: Read version 1 from 4
06-26 01:08:33.317  4052  4052 I derive_sdk: Read version 1 from 6
06-26 01:08:33.318  4052  4052 I derive_sdk: Read version 1 from 3
06-26 01:08:33.318  4052  4052 I derive_sdk: Read version 1 from 2
06-26 01:08:33.318  4052  4052 I derive_sdk: Read version 1 from 1
06-26 01:08:33.319  4052  4052 I derive_sdk: Read version 1 from 10
06-26 01:08:33.319  4052  4052 I derive_sdk: Read version 1 from 8
06-26 01:08:33.319  4052  4052 I derive_sdk: R extension version is 1
06-26 01:08:33.320  4052  4052 I derive_sdk: S extension version is 1
06-26 01:08:33.342     0     0 I [    5.228435@3]- binder: 4053:4053 ioctl 40046210 ffc38c78 returned -22
06-26 01:08:33.342     0     0 D [    5.228558@3]- ProcessState: Binder ioctl to enable oneway spam detection failed: Invalid argument
06-26 01:08:33.343  3829  3829 D vold    : fscrypt_init_user0
06-26 01:08:33.343  3829  3829 D vold    : fscrypt_prepare_user_storage for volume null, user 0, serial 0, flags 1
06-26 01:08:33.343  3829  3829 D vold    : Preparing: /data/system/users/0
06-26 01:08:33.344  3829  3829 D vold    : Preparing: /data/misc/profiles/cur/0
06-26 01:08:33.344  3829  3829 D vold    : Preparing: /data/system_de/0
06-26 01:08:33.345  3829  3829 D vold    : Preparing: /data/misc_de/0
06-26 01:08:33.345  3829  3829 D vold    : Preparing: /data/vendor_de/0
06-26 01:08:33.346  3829  3829 D vold    : Preparing: /data/user_de/0
06-26 01:08:33.346     0     0 D [    5.229219@0]- vdc: Waited 0ms for vold
06-26 01:08:33.346  3829  3829 D vold    : /system/bin/vold_prepare_subdirs
06-26 01:08:33.346  3829  3829 D vold    :     prepare
06-26 01:08:33.346  3829  3829 D vold    :     
06-26 01:08:33.346  3829  3829 D vold    :     0
06-26 01:08:33.346  3829  3829 D vold    :     1
06-26 01:08:33.377  4054  4054 D vold_prepare_subdirs: Setting up mode 771 uid 1000 gid 1000 context u:object_r:system_data_file:s0:c512,c768 on path: /data/user_de/0
06-26 01:08:33.378  4054  4054 D vold_prepare_subdirs: Setting up mode 700 uid 0 gid 0 context u:object_r:vold_data_file:s0 on path: /data/misc_de/0/vold
06-26 01:08:33.379  4054  4054 D vold_prepare_subdirs: Setting up mode 700 uid 0 gid 0 context u:object_r:storaged_data_file:s0 on path: /data/misc_de/0/storaged
06-26 01:08:33.380  4054  4054 D vold_prepare_subdirs: Setting up mode 700 uid 0 gid 0 context u:object_r:rollback_data_file:s0 on path: /data/misc_de/0/rollback
06-26 01:08:33.381  4054  4054 D vold_prepare_subdirs: Setting up mode 700 uid 0 gid 0 context u:object_r:apex_rollback_data_file:s0 on path: /data/misc_de/0/apexrollback
06-26 01:08:33.382  4054  4054 D vold_prepare_subdirs: Setting up mode 711 uid 0 gid 0 context u:object_r:apex_module_data_file:s0 on path: /data/misc_de/0/apexdata
06-26 01:08:33.383  4054  4054 D vold_prepare_subdirs: Setting up mode 771 uid 0 gid 1000 context u:object_r:apex_wifi_data_file:s0 on path: /data/misc_de/0/apexdata/com.android.wifi
06-26 01:08:33.384  4054  4054 D vold_prepare_subdirs: Setting up mode 771 uid 0 gid 1000 context u:object_r:apex_module_data_file:s0 on path: /data/misc_de/0/apexdata/com.android.vndk.v31
06-26 01:08:33.384  4054  4054 D vold_prepare_subdirs: Setting up mode 771 uid 0 gid 1000 context u:object_r:apex_module_data_file:s0 on path: /data/misc_de/0/apexdata/com.android.tzdata
06-26 01:08:33.385  4054  4054 D vold_prepare_subdirs: Setting up mode 771 uid 0 gid 1000 context u:object_r:apex_module_data_file:s0 on path: /data/misc_de/0/apexdata/com.android.tethering
06-26 01:08:33.386  4054  4054 D vold_prepare_subdirs: Setting up mode 771 uid 0 gid 1000 context u:object_r:apex_module_data_file:s0 on path: /data/misc_de/0/apexdata/com.android.sdkext
06-26 01:08:33.386  4054  4054 D vold_prepare_subdirs: Setting up mode 771 uid 0 gid 1000 context u:object_r:apex_module_data_file:s0 on path: /data/misc_de/0/apexdata/com.android.scheduling
06-26 01:08:33.387  4054  4054 D vold_prepare_subdirs: Setting up mode 771 uid 0 gid 1000 context u:object_r:apex_module_data_file:s0 on path: /data/misc_de/0/apexdata/com.android.runtime
06-26 01:08:33.387  4054  4054 D vold_prepare_subdirs: Setting up mode 771 uid 0 gid 1000 context u:object_r:apex_module_data_file:s0 on path: /data/misc_de/0/apexdata/com.android.resolv
06-26 01:08:33.388  4054  4054 D vold_prepare_subdirs: Setting up mode 771 uid 0 gid 1000 context u:object_r:apex_permission_data_file:s0 on path: /data/misc_de/0/apexdata/com.android.permission
06-26 01:08:33.389  4054  4054 D vold_prepare_subdirs: Setting up mode 771 uid 0 gid 1000 context u:object_r:apex_module_data_file:s0 on path: /data/misc_de/0/apexdata/com.android.os.statsd
06-26 01:08:33.389  4054  4054 D vold_prepare_subdirs: Setting up mode 771 uid 0 gid 1000 context u:object_r:apex_module_data_file:s0 on path: /data/misc_de/0/apexdata/com.android.neuralnetworks
06-26 01:08:33.390  4054  4054 D vold_prepare_subdirs: Setting up mode 771 uid 0 gid 1000 context u:object_r:apex_module_data_file:s0 on path: /data/misc_de/0/apexdata/com.android.mediaprovider
06-26 01:08:33.390  4054  4054 D vold_prepare_subdirs: Setting up mode 771 uid 0 gid 1000 context u:object_r:apex_module_data_file:s0 on path: /data/misc_de/0/apexdata/com.android.media.swcodec
06-26 01:08:33.391  4054  4054 D vold_prepare_subdirs: Setting up mode 771 uid 0 gid 1000 context u:object_r:apex_module_data_file:s0 on path: /data/misc_de/0/apexdata/com.android.media
06-26 01:08:33.392  4054  4054 D vold_prepare_subdirs: Setting up mode 771 uid 0 gid 1000 context u:object_r:apex_module_data_file:s0 on path: /data/misc_de/0/apexdata/com.android.ipsec
06-26 01:08:33.392  4054  4054 D vold_prepare_subdirs: Setting up mode 771 uid 0 gid 1000 context u:object_r:apex_module_data_file:s0 on path: /data/misc_de/0/apexdata/com.android.i18n
06-26 01:08:33.393  4054  4054 D vold_prepare_subdirs: Setting up mode 771 uid 0 gid 1000 context u:object_r:apex_module_data_file:s0 on path: /data/misc_de/0/apexdata/com.android.extservices
06-26 01:08:33.393  4054  4054 D vold_prepare_subdirs: Setting up mode 771 uid 0 gid 1000 context u:object_r:apex_module_data_file:s0 on path: /data/misc_de/0/apexdata/com.android.conscrypt
06-26 01:08:33.394  4054  4054 D vold_prepare_subdirs: Setting up mode 771 uid 0 gid 1000 context u:object_r:apex_module_data_file:s0 on path: /data/misc_de/0/apexdata/com.android.art
06-26 01:08:33.395  4054  4054 D vold_prepare_subdirs: Setting up mode 771 uid 0 gid 1000 context u:object_r:apex_module_data_file:s0 on path: /data/misc_de/0/apexdata/com.android.appsearch
06-26 01:08:33.395  4054  4054 D vold_prepare_subdirs: Setting up mode 771 uid 0 gid 1000 context u:object_r:apex_module_data_file:s0 on path: /data/misc_de/0/apexdata/com.android.adbd
06-26 01:08:33.396  4054  4054 D vold_prepare_subdirs: Setting up mode 771 uid 1000 gid 1000 context u:object_r:user_profile_root_file:s0:c512,c768 on path: /data/misc/profiles/cur/0
06-26 01:08:33.396  4054  4054 D vold_prepare_subdirs: Setting up mode 700 uid 1000 gid 1000 context u:object_r:fingerprint_vendor_data_file:s0 on path: /data/vendor_de/0/fpdata
06-26 01:08:33.398  4054  4054 D vold_prepare_subdirs: Setting up mode 700 uid 1000 gid 1000 context u:object_r:face_vendor_data_file:s0 on path: /data/vendor_de/0/facedata
06-26 01:08:33.399  3829  3829 D vold    : fscrypt_unlock_user_key 0 serial=0
06-26 01:08:33.423  4056  4056 I derive_classpath: ParseFragments for bootclasspath
06-26 01:08:33.430  4056  4056 I derive_classpath: ReadClasspathFragment /apex/com.android.art/etc/classpaths/bootclasspath.pb
06-26 01:08:33.431  4056  4056 I derive_classpath: ReadClasspathFragment /system/etc/classpaths/bootclasspath.pb
06-26 01:08:33.432  4056  4056 I derive_classpath: ReadClasspathFragment /apex/com.android.appsearch/etc/classpaths/bootclasspath.pb
06-26 01:08:33.432  4056  4056 I derive_classpath: ReadClasspathFragment /apex/com.android.conscrypt/etc/classpaths/bootclasspath.pb
06-26 01:08:33.432  4056  4056 I derive_classpath: ReadClasspathFragment /apex/com.android.i18n/etc/classpaths/bootclasspath.pb
06-26 01:08:33.432  4056  4056 I derive_classpath: ReadClasspathFragment /apex/com.android.ipsec/etc/classpaths/bootclasspath.pb
06-26 01:08:33.433  4056  4056 I derive_classpath: ReadClasspathFragment /apex/com.android.media/etc/classpaths/bootclasspath.pb
06-26 01:08:33.433  4056  4056 I derive_classpath: ReadClasspathFragment /apex/com.android.mediaprovider/etc/classpaths/bootclasspath.pb
06-26 01:08:33.434  4056  4056 I derive_classpath: ReadClasspathFragment /apex/com.android.os.statsd/etc/classpaths/bootclasspath.pb
06-26 01:08:33.434  4056  4056 I derive_classpath: ReadClasspathFragment /apex/com.android.permission/etc/classpaths/bootclasspath.pb
06-26 01:08:33.434  4056  4056 I derive_classpath: ReadClasspathFragment /apex/com.android.scheduling/etc/classpaths/bootclasspath.pb
06-26 01:08:33.435  4056  4056 I derive_classpath: ReadClasspathFragment /apex/com.android.sdkext/etc/classpaths/bootclasspath.pb
06-26 01:08:33.435  4056  4056 I derive_classpath: ReadClasspathFragment /apex/com.android.tethering/etc/classpaths/bootclasspath.pb
06-26 01:08:33.435  4056  4056 I derive_classpath: ReadClasspathFragment /apex/com.android.wifi/etc/classpaths/bootclasspath.pb
06-26 01:08:33.436  4056  4056 I derive_classpath: ParseFragments for systemserverclasspath
06-26 01:08:33.437  4056  4056 I derive_classpath: ReadClasspathFragment /system/etc/classpaths/systemserverclasspath.pb
06-26 01:08:33.438  4056  4056 I derive_classpath: ReadClasspathFragment /apex/com.android.appsearch/etc/classpaths/systemserverclasspath.pb
06-26 01:08:33.438  4056  4056 I derive_classpath: ReadClasspathFragment /apex/com.android.media/etc/classpaths/systemserverclasspath.pb
06-26 01:08:33.438  4056  4056 I derive_classpath: ReadClasspathFragment /apex/com.android.permission/etc/classpaths/systemserverclasspath.pb
06-26 01:08:33.439  4056  4056 I derive_classpath: WriteClasspathExports /data/system/environ/classpath
06-26 01:08:33.439  4056  4056 I derive_classpath: WriteClasspathExports content
06-26 01:08:33.439  4056  4056 I derive_classpath: export BOOTCLASSPATH /apex/com.android.art/javalib/core-oj.jar:/apex/com.android.art/javalib/core-libart.jar:/apex/com.android.art/javalib/okhttp.jar:/apex/com.android.art/javalib/bouncycastle.jar:/apex/com.android.art/javalib/apache-xml.jar:/system/framework/framework.jar:/system/framework/framework-graphics.jar:/system/framework/ext.jar:/system/framework/telephony-common.jar:/system/framework/voip-common.jar:/system/framework/ims-common.jar:/apex/com.android.i18n/javalib/core-icu4j.jar:/apex/com.android.appsearch/javalib/framework-appsearch.jar:/apex/com.android.conscrypt/javalib/conscrypt.jar:/apex/com.android.ipsec/javalib/android.net.ipsec.ike.jar:/apex/com.android.media/javalib/updatable-media.jar:/apex/com.android.mediaprovider/javalib/framework-mediaprovider.jar:/apex/com.android.os.statsd/javalib/framework-statsd.jar:/apex/com.android.permission/javalib/framework-permission.jar:/apex/com.android.permission/javalib/framework-permission-s.jar:/apex/com.android.scheduling/javalib/framework-scheduling.jar:/apex/com.android.sdkext/javalib/framework-sdkextensions.jar:/apex/com.android.tethering/javalib/framework-connectivity.jar:/apex/com.android.tethering/javalib/framework-tethering.jar:/apex/com.android.wifi/javalib/framework-wifi.jar
06-26 01:08:33.439  4056  4056 I derive_classpath: export DEX2OATBOOTCLASSPATH /apex/com.android.art/javalib/core-oj.jar:/apex/com.android.art/javalib/core-libart.jar:/apex/com.android.art/javalib/okhttp.jar:/apex/com.android.art/javalib/bouncycastle.jar:/apex/com.android.art/javalib/apache-xml.jar:/system/framework/framework.jar:/system/framework/framework-graphics.jar:/system/framework/ext.jar:/system/framework/telephony-common.jar:/system/framework/voip-common.jar:/system/framework/ims-common.jar:/apex/com.android.i18n/javalib/core-icu4j.jar
06-26 01:08:33.439  4056  4056 I derive_classpath: export SYSTEMSERVERCLASSPATH /system/framework/com.android.location.provider.jar:/system/framework/services.jar:/system/framework/ethernet-service.jar:/apex/com.android.appsearch/javalib/service-appsearch.jar:/apex/com.android.media/javalib/service-media-s.jar:/apex/com.android.permission/javalib/service-permission.jar
06-26 01:08:33.480  4057  4057 I odsign  : Device doesn't support updatable APEX, exiting.
06-26 01:08:33.500  4058  4058 E fsverity_init: Failed to find .fs-verity keyring id
06-26 01:08:33.502  4031  4049 I keystore2: keystore2::super_key: keystore.boot_level 1000000000 hits maximum 1000000000, finishing.
06-26 01:08:33.534     0     0 I [    5.418346@3]- apexd: This device does not support updatable APEX. Exiting
06-26 01:08:33.534     0     0 I [    5.418376@3]- apexd: Marking APEXd as ready
06-26 01:08:33.553  4060  4060 I tzdatacheck: timezone distro dir /data/misc/zoneinfo/current does not exist. No action required.
06-26 01:08:33.590     0     0 I         : [    5.474714@1]- mali ffe40000.bifrost: Kernel DDK version r32p1-01bet0
06-26 01:08:33.590     0     0 I         : [    5.475606@1]- mali ffe40000.bifrost: max pp is 2
06-26 01:08:33.590     0     0 I         : [    5.475613@1]- mali ffe40000.bifrost: set min pp to default 1
06-26 01:08:33.591     0     0 I         : [    5.475618@1]- mali ffe40000.bifrost: min pp is 1
06-26 01:08:33.591     0     0 I         : [    5.475623@1]- mali ffe40000.bifrost: set min clk default to 0
06-26 01:08:33.591     0     0 I         : [    5.475627@1]- mali ffe40000.bifrost: min clk  is 0
06-26 01:08:33.591     0     0 I         : [    5.475651@1]- mali ffe40000.bifrost: hiu io source  0xffffff800e68d000
06-26 01:08:33.591     0     0 I         : [    5.475666@1]- mali ffe40000.bifrost: aobus base 0xffffff800e851000
06-26 01:08:33.591     0     0 I         : [    5.475677@1]- mali ffe40000.bifrost: reset bus 0xffffff800e853000
06-26 01:08:33.591     0     0 I         : [    5.475682@1]- mali ffe40000.bifrost: clk cntl reg = 0x6c
06-26 01:08:33.591     0     0 I         : [    5.475687@1]- mali ffe40000.bifrost: num of pp used most of time 1
06-26 01:08:33.591     0     0 I         : [    5.475692@1]- mali ffe40000.bifrost: clock dvfs cfg table size is 6
06-26 01:08:33.591     0     0 I         : [    5.475704@1]- mali ffe40000.bifrost: no reset_cfg
06-26 01:08:33.591     0     0 I         : [    5.475712@1]- mali ffe40000.bifrost: no apb_reset
06-26 01:08:33.591     0     0 I         : [    5.475780@1]- mali ffe40000.bifrost: max clk set 4
06-26 01:08:33.591     0     0 I         : [    5.475785@1]- mali ffe40000.bifrost: max clk  is 4
06-26 01:08:33.591     0     0 I         : [    5.475790@1]- mali ffe40000.bifrost: turbo clk set to 5
06-26 01:08:33.591     0     0 I         : [    5.475794@1]- mali ffe40000.bifrost: turbo clk  is 5
06-26 01:08:33.591     0     0 I         : [    5.475799@1]- mali ffe40000.bifrost: default clk set to 4
06-26 01:08:33.591     0     0 I         : [    5.475804@1]- mali ffe40000.bifrost: default clk  is 4
06-26 01:08:33.591     0     0 I         : [    5.475811@1]- mali ffe40000.bifrost: ====================0====================
06-26 01:08:33.591     0     0 I         : [    5.475811@1]- clk_freq= 285714285, clk_parent=fclk_div7, voltage=1150, keep_count=5, threshod=<0 76>, clk_sample=285
06-26 01:08:33.591     0     0 I         : [    5.475817@1]- mali ffe40000.bifrost: ====================1====================
06-26 01:08:33.591     0     0 I         : [    5.475817@1]- clk_freq= 400000000, clk_parent=fclk_div5, voltage=1150, keep_count=5, threshod=<152 207>, clk_sample=400
06-26 01:08:33.591     0     0 I         : [    5.475823@1]- mali ffe40000.bifrost: ====================2====================
06-26 01:08:33.591     0     0 I         : [    5.475823@1]- clk_freq= 500000000, clk_parent=fclk_div4, voltage=1150, keep_count=5, threshod=<38 194>, clk_sample=500
06-26 01:08:33.591     0     0 I         : [    5.475829@1]- mali ffe40000.bifrost: ====================3====================
06-26 01:08:33.591     0     0 I         : [    5.475829@1]- clk_freq= 666666666, clk_parent=fclk_div3, voltage=1150, keep_count=5, threshod=<150 203>, clk_sample=666
06-26 01:08:33.591     0     0 I         : [    5.475836@1]- mali ffe40000.bifrost: ====================4====================
06-26 01:08:33.591     0     0 I         : [    5.475836@1]- clk_freq= 846000000, clk_parent=  gp0_pll, voltage=1150, keep_count=5, threshod=<156 255>, clk_sample=846
06-26 01:08:33.591     0     0 I         : [    5.475842@1]- mali ffe40000.bifrost: ====================5====================
06-26 01:08:33.591     0     0 I         : [    5.475842@1]- clk_freq= 846000000, clk_parent=  gp0_pll, voltage=1150, keep_count=5, threshod=<156 255>, clk_sample=846
06-26 01:08:33.591     0     0 I         : [    5.475846@1]- mali ffe40000.bifrost: clock dvfs table size is 6
06-26 01:08:33.591     0     0 I         : [    5.476940@1]- find tzd id: 0
06-26 01:08:33.591     0     0 W         : [    5.477107@1]- gpu cooling register okay with err=0
06-26 01:08:33.591     0     0 I         : [    5.477310@1]- find tzd id: 0
06-26 01:08:33.591     0     0 W         : [    5.477354@1]- gpu core cooling register okay with err=0
06-26 01:08:33.591     0     0 I         : [    5.477363@1]- mali ffe40000.bifrost: kbase_device_runtime_init
06-26 01:08:33.591     0     0 I         : [    5.477373@1]- mali ffe40000.bifrost: pm_callback_runtime_on
06-26 01:08:33.591     0     0 I         : [    5.477381@1]- mali ffe40000.bifrost: pm_runtime_get_sync ret=0
06-26 01:08:33.591     0     0 I         : [    5.477386@1]- mali ffe40000.bifrost: pm_runtime enabled
06-26 01:08:33.591     0     0 I         : [    5.477404@1]- mali ffe40000.bifrost: shader_present=1, tiler_present=1, l2_present=1
06-26 01:08:33.591     0     0 I         : [    5.477602@1]- mali ffe40000.bifrost: GPU identified as 0x3 arch 7.0.9 r0p0 status 0
06-26 01:08:33.594     0     0 I         : [    5.477668@1]- mali ffe40000.bifrost: No priority control manager is configured
06-26 01:08:33.594     0     0 I         : [    5.477677@1]- mali ffe40000.bifrost: No memory group manager is configured
06-26 01:08:33.594     0     0 I         : [    5.478738@3]- mali ffe40000.bifrost: Probed as mali0
06-26 01:08:33.602     0     0 W         : [    5.488345@3]- probe amlogic dvb driver [V2.02]
06-26 01:08:33.602     0     0 D         : [    5.488359@3]- the demux           clock on, ref cnt: 1
06-26 01:08:33.602     0     0 D         : [    5.488365@3]- the ahbarb0         clock on, ref cnt: 1
06-26 01:08:33.602     0     0 D         : [    5.488371@3]- the parser_top      clock on, ref cnt: 1
06-26 01:08:33.602     0     0 I [    5.488510@3]- DVB: registering new adapter (amlogic-dvb-demux)
06-26 01:08:33.620  3200  3200 W init    : type=1400 audit(0.0:9): avc: denied { getattr } for path="/data/media" dev="mmcblk0p22" ino=260098 scontext=u:r:vendor_init:s0 tcontext=u:object_r:media_rw_data_file:s0 tclass=dir permissive=0
06-26 01:08:33.626     0     0 W [    5.512109@3]- init: Top-level directory needs encryption action, eg mkdir /data/media <mode> <uid> <gid> encryption=Require
06-26 01:08:33.626     0     0 I [    5.512130@3]- init: Not setting encryption policy on: /data/media
06-26 01:08:33.634     0     0 W         : [    5.519219@1]- pci_register_driver success
06-26 01:08:33.635     0     0 I [    5.519263@1]- ######platform_wifi_power_on: is_pcie_wifi=0
06-26 01:08:33.635     0     0 I         : [    5.519284@1]- aml_wifi wifi: [extern_wifi_set_enable] WIFI  Disable! 482
06-26 01:08:34.154     0     0 I         : [    6.037025@1]- aml_wifi wifi: [extern_wifi_set_enable] WIFI  Enable! 482
06-26 01:08:34.666     0     0 E [    6.552476@0]h meson-mmc: sdio: resp_timeout,vstat:0xa1ff2800,virqc:3fff
06-26 01:08:34.666     0     0 E [    6.552482@0]h meson-mmc: sdio: err: wait for irq service, bus_fsm:0x8
06-26 01:08:34.666     0     0 I [    6.552504@3]- meson-mmc: meson_mmc_irq_thread_v3 655 sdio: cmd:52
06-26 01:08:34.667     0     0 E [    6.553633@0]h meson-mmc: sdio: resp_timeout,vstat:0x9dff0800,virqc:3fff
06-26 01:08:34.667     0     0 E [    6.553636@0]h meson-mmc: sdio: err: wait for desc write back, bus_fsm:0x7
06-26 01:08:34.667     0     0 I [    6.553648@3]- meson-mmc: meson_mmc_irq_thread_v3 655 sdio: cmd:52
06-26 01:08:34.672     0     0 E [    6.558423@0]h meson-mmc: sdio: resp_timeout,vstat:0x9dff0800,virqc:3fff
06-26 01:08:34.672     0     0 E [    6.558426@0]h meson-mmc: sdio: err: wait for desc write back, bus_fsm:0x7
06-26 01:08:34.672     0     0 I [    6.558436@3]- meson-mmc: meson_mmc_irq_thread_v3 655 sdio: cmd:8
06-26 01:08:34.726     0     0 I [    6.612887@1]- meson-mmc: sdio: clk 166666664 tuning start
06-26 01:08:34.734     0     0 I [    6.617952@1]- meson-mmc: sdio: adj_win: < 0 1 2 4 5 >
06-26 01:08:34.734     0     0 I [    6.617958@1]- meson-mmc: step:4, delay1:0x4104104, delay2:0x4004104
06-26 01:08:34.738     0     0 I [    6.622782@1]- meson-mmc: sdio: adj_win: < 0 1 2 4 5 >
06-26 01:08:34.738     0     0 I [    6.622787@1]- meson-mmc: step:8, delay1:0x8208208, delay2:0x8008208
06-26 01:08:34.742     0     0 I [    6.627031@1]- meson-mmc: sdio: adj_win: < 0 1 2 5 >
06-26 01:08:34.742     0     0 I [    6.627037@1]- meson-mmc: left:4, right:0, mid:5, size:5
06-26 01:08:34.742     0     0 I [    6.627041@1]- meson-mmc: step:0, delay1:0x0, delay2:0x0
06-26 01:08:34.742     0     0 I [    6.627047@1]- meson-mmc: sdio: sd_emmc_regs->gclock=0x10000246,sd_emmc_regs->gadjust=0x2000
06-26 01:08:34.746     0     0 I [    6.630035@1]- sdio: new ultra high speed SDR104 SDIO card at address 0001
06-26 01:08:34.746     0     0 I [    6.630040@2]- sdio: clock 166666664, 4-bit-bus-width
06-26 01:08:34.746     0     0 I         : [    6.630040@2]-
06-26 01:08:34.746     0     0 I [    6.630545@2]- meson-mmc: [sdio_reinit] finish
06-26 01:08:35.406     0     0 E [    7.288972@2]- WCN_ERR: marlin_find_sdio_device_id open /sys/bus/sdio/devices/sdio:8800:1/uevent fail no.1 cnt=6
06-26 01:08:36.054     0     0 E [    7.936969@2]- WCN_ERR: marlin_find_sdio_device_id open /sys/bus/sdio/devices/mmc1:8800:1/uevent fail no.1 cnt=6
06-26 01:08:36.702     0     0 E [    8.584969@2]- WCN_ERR: marlin_find_sdio_device_id open /sys/bus/sdio/devices/mmc2:8800:1/uevent fail no.1 cnt=6
06-26 01:08:37.350     0     0 E [    9.232972@2]- WCN_ERR: marlin_find_sdio_device_id open /sys/bus/sdio/devices/mmc0:8800:1/uevent fail no.1 cnt=6
06-26 01:08:37.350     0     0 W         : [    9.232977@2]- this is not uwe5621 module,error,exit!!!.
06-26 01:08:37.394     0     0 W [    9.279320@2]- sprdwl_ng: Unknown symbol get_wcn_bus_ops (err 0)
06-26 01:08:37.394     0     0 W [    9.279452@2]- sprdwl_ng: Unknown symbol marlin_get_ant_num (err 0)
06-26 01:08:37.394     0     0 W [    9.279523@2]- sprdwl_ng: Unknown symbol marlin_get_wcn_chipid (err 0)
06-26 01:08:37.394     0     0 W [    9.279597@2]- sprdwl_ng: Unknown symbol marlin_reset_unregister_notify (err 0)
06-26 01:08:37.394     0     0 W [    9.279631@2]- sprdwl_ng: Unknown symbol start_marlin (err 0)
06-26 01:08:37.395     0     0 W [    9.279652@2]- sprdwl_ng: Unknown symbol stop_marlin (err 0)
06-26 01:08:37.395     0     0 W [    9.279673@2]- sprdwl_ng: Unknown symbol mdbg_assert_interface (err 0)
06-26 01:08:37.395     0     0 W [    9.279696@2]- sprdwl_ng: Unknown symbol cali_ini_need_download (err 0)
06-26 01:08:37.395     0     0 W [    9.279748@2]- sprdwl_ng: Unknown symbol marlin_reset_callback_register (err 0)
06-26 01:08:37.395     0     0 W [    9.279769@2]- sprdwl_ng: Unknown symbol marlin_reset_register_notify (err 0)
06-26 01:08:37.395     0     0 W [    9.279844@2]- sprdwl_ng: Unknown symbol marlin_reset_callback_unregister (err 0)
06-26 01:08:37.395     0     0 W [    9.279896@2]- sprdwl_ng: Unknown symbol get_fw_version (err 0)
06-26 01:08:37.418     0     0 W [    9.303412@2]- sprdbt_tty: Unknown symbol marlin_get_wcn_module_vendor (err 0)
06-26 01:08:37.418     0     0 W [    9.303487@2]- sprdbt_tty: Unknown symbol wcn_get_chip_model (err 0)
06-26 01:08:37.418     0     0 W [    9.303504@2]- sprdbt_tty: Unknown symbol get_wcn_bus_ops (err 0)
06-26 01:08:37.418     0     0 W [    9.303522@2]- sprdbt_tty: Unknown symbol marlin_get_ant_num (err 0)
06-26 01:08:37.418     0     0 W [    9.303573@2]- sprdbt_tty: Unknown symbol start_marlin (err 0)
06-26 01:08:37.418     0     0 W [    9.303584@2]- sprdbt_tty: Unknown symbol stop_marlin (err 0)
06-26 01:08:37.418     0     0 W [    9.303609@2]- sprdbt_tty: Unknown symbol marlin_set_wakeup (err 0)
06-26 01:08:37.419     0     0 W [    9.303619@2]- sprdbt_tty: Unknown symbol marlin_set_sleep (err 0)
06-26 01:08:37.419     0     0 W [    9.303650@2]- sprdbt_tty: Unknown symbol marlin_get_power_state (err 0)
06-26 01:08:37.470     0     0 I [    9.353036@3]- logd: logd reinit
06-26 01:08:37.470     0     0 E [    9.354019@3]- logd: FrameworkListener: read() failed (Connection reset by peer)
06-26 01:08:37.470  4092  4092 I flags_health_check: ServerConfigurableFlagsReset reset_mode value: 0
06-26 01:08:37.471  4092  4092 I flags_health_check: ServerConfigurableFlagsReset attempted boot count is under threshold, skipping reset.
06-26 01:08:37.508  4094  4094 D LibBpfLoader: Loading critical for tethering ELF object /apex/com.android.tethering/etc/bpf/offload.o with license Apache 2.0
06-26 01:08:37.508  4094  4094 I LibBpfLoader: Section bpfloader_min_ver value is 0 [0x0]
06-26 01:08:37.509  4094  4094 I LibBpfLoader: Section bpfloader_max_ver value is 65536 [0x10000]
06-26 01:08:37.509  4094  4094 I LibBpfLoader: Section size_of_bpf_map_def value is 48 [0x30]
06-26 01:08:37.509  4094  4094 I LibBpfLoader: Section size_of_bpf_prog_def value is 28 [0x1c]
06-26 01:08:37.509  4094  4094 I LibBpfLoader: BpfLoader version 0x00002 processing ELF object /apex/com.android.tethering/etc/bpf/offload.o with ver [0x00000,0x10000)
06-26 01:08:37.513  4094  4094 D LibBpfLoader: Loaded code section 3 (schedcls_tether_downstream6_ether)
06-26 01:08:37.514  4094  4094 D LibBpfLoader: Loaded relo section 3 (.relschedcls/tether_downstream6_ether)
06-26 01:08:37.514  4094  4094 D LibBpfLoader: Adding section 3 to cs list
06-26 01:08:37.514  4094  4094 D LibBpfLoader: Loaded code section 5 (schedcls_tether_upstream6_ether)
06-26 01:08:37.515  4094  4094 D LibBpfLoader: Loaded relo section 5 (.relschedcls/tether_upstream6_ether)
06-26 01:08:37.515  4094  4094 D LibBpfLoader: Adding section 5 to cs list
06-26 01:08:37.515  4094  4094 D LibBpfLoader: Loaded code section 7 (schedcls_tether_downstream6_rawip$5_4)
06-26 01:08:37.516  4094  4094 D LibBpfLoader: Loaded relo section 7 (.relschedcls/tether_downstream6_rawip$5_4)
06-26 01:08:37.516  4094  4094 D LibBpfLoader: Adding section 7 to cs list
06-26 01:08:37.516  4094  4094 D LibBpfLoader: Loaded code section 9 (schedcls_tether_upstream6_rawip$5_4)
06-26 01:08:37.518  4094  4094 D LibBpfLoader: Loaded relo section 9 (.relschedcls/tether_upstream6_rawip$5_4)
06-26 01:08:37.518  4094  4094 D LibBpfLoader: Adding section 9 to cs list
06-26 01:08:37.518  4094  4094 D LibBpfLoader: Loaded code section 11 (schedcls_tether_downstream6_rawip$4_14)
06-26 01:08:37.519  4094  4094 D LibBpfLoader: Loaded relo section 11 (.relschedcls/tether_downstream6_rawip$4_14)
06-26 01:08:37.519  4094  4094 D LibBpfLoader: Adding section 11 to cs list
06-26 01:08:37.519  4094  4094 D LibBpfLoader: Loaded code section 13 (schedcls_tether_upstream6_rawip$4_14)
06-26 01:08:37.521  4094  4094 D LibBpfLoader: Loaded relo section 13 (.relschedcls/tether_upstream6_rawip$4_14)
06-26 01:08:37.521  4094  4094 D LibBpfLoader: Adding section 13 to cs list
06-26 01:08:37.521  4094  4094 D LibBpfLoader: Loaded code section 15 (schedcls_tether_downstream6_rawip$stub)
06-26 01:08:37.522  4094  4094 D LibBpfLoader: Adding section 15 to cs list
06-26 01:08:37.522  4094  4094 D LibBpfLoader: Loaded code section 16 (schedcls_tether_upstream6_rawip$stub)
06-26 01:08:37.523  4094  4094 D LibBpfLoader: Adding section 16 to cs list
06-26 01:08:37.523  4094  4094 D LibBpfLoader: Loaded code section 17 (schedcls_tether_downstream4_rawip$5_8)
06-26 01:08:37.525  4094  4094 D LibBpfLoader: Loaded relo section 17 (.relschedcls/tether_downstream4_rawip$5_8)
06-26 01:08:37.525  4094  4094 D LibBpfLoader: Adding section 17 to cs list
06-26 01:08:37.525  4094  4094 D LibBpfLoader: Loaded code section 19 (schedcls_tether_upstream4_rawip$5_8)
06-26 01:08:37.527  4094  4094 D LibBpfLoader: Loaded relo section 19 (.relschedcls/tether_upstream4_rawip$5_8)
06-26 01:08:37.527  4094  4094 D LibBpfLoader: Adding section 19 to cs list
06-26 01:08:37.527  4094  4094 D LibBpfLoader: Loaded code section 21 (schedcls_tether_downstream4_ether$5_8)
06-26 01:08:37.529  4094  4094 D LibBpfLoader: Loaded relo section 21 (.relschedcls/tether_downstream4_ether$5_8)
06-26 01:08:37.529  4094  4094 D LibBpfLoader: Adding section 21 to cs list
06-26 01:08:37.529  4094  4094 D LibBpfLoader: Loaded code section 23 (schedcls_tether_upstream4_ether$5_8)
06-26 01:08:37.531  4094  4094 D LibBpfLoader: Loaded relo section 23 (.relschedcls/tether_upstream4_ether$5_8)
06-26 01:08:37.531  4094  4094 D LibBpfLoader: Adding section 23 to cs list
06-26 01:08:37.531  4094  4094 D LibBpfLoader: Loaded code section 25 (schedcls_tether_downstream4_rawip$opt)
06-26 01:08:37.534  4094  4094 D LibBpfLoader: Loaded relo section 25 (.relschedcls/tether_downstream4_rawip$opt)
06-26 01:08:37.534  4094  4094 D LibBpfLoader: Adding section 25 to cs list
06-26 01:08:37.534  4094  4094 D LibBpfLoader: Loaded code section 27 (schedcls_tether_upstream4_rawip$opt)
06-26 01:08:37.536  4094  4094 D LibBpfLoader: Loaded relo section 27 (.relschedcls/tether_upstream4_rawip$opt)
06-26 01:08:37.536  4094  4094 D LibBpfLoader: Adding section 27 to cs list
06-26 01:08:37.536  4094  4094 D LibBpfLoader: Loaded code section 29 (schedcls_tether_downstream4_ether$opt)
06-26 01:08:37.538  4094  4094 D LibBpfLoader: Loaded relo section 29 (.relschedcls/tether_downstream4_ether$opt)
06-26 01:08:37.538  4094  4094 D LibBpfLoader: Adding section 29 to cs list
06-26 01:08:37.538  4094  4094 D LibBpfLoader: Loaded code section 31 (schedcls_tether_upstream4_ether$opt)
06-26 01:08:37.541  4094  4094 D LibBpfLoader: Loaded relo section 31 (.relschedcls/tether_upstream4_ether$opt)
06-26 01:08:37.541  4094  4094 D LibBpfLoader: Adding section 31 to cs list
06-26 01:08:37.541  4094  4094 D LibBpfLoader: Loaded code section 33 (schedcls_tether_downstream4_rawip$5_4)
06-26 01:08:37.543  4094  4094 D LibBpfLoader: Loaded relo section 33 (.relschedcls/tether_downstream4_rawip$5_4)
06-26 01:08:37.543  4094  4094 D LibBpfLoader: Adding section 33 to cs list
06-26 01:08:37.543  4094  4094 D LibBpfLoader: Loaded code section 35 (schedcls_tether_upstream4_rawip$5_4)
06-26 01:08:37.545  4094  4094 D LibBpfLoader: Loaded relo section 35 (.relschedcls/tether_upstream4_rawip$5_4)
06-26 01:08:37.545  4094  4094 D LibBpfLoader: Adding section 35 to cs list
06-26 01:08:37.546  4094  4094 D LibBpfLoader: Loaded code section 37 (schedcls_tether_downstream4_rawip$4_14)
06-26 01:08:37.548  4094  4094 D LibBpfLoader: Loaded relo section 37 (.relschedcls/tether_downstream4_rawip$4_14)
06-26 01:08:37.548  4094  4094 D LibBpfLoader: Adding section 37 to cs list
06-26 01:08:37.548  4094  4094 D LibBpfLoader: Loaded code section 39 (schedcls_tether_upstream4_rawip$4_14)
06-26 01:08:37.550  4094  4094 D LibBpfLoader: Loaded relo section 39 (.relschedcls/tether_upstream4_rawip$4_14)
06-26 01:08:37.551  4094  4094 D LibBpfLoader: Adding section 39 to cs list
06-26 01:08:37.551  4094  4094 D LibBpfLoader: Loaded code section 41 (schedcls_tether_downstream4_ether$4_14)
06-26 01:08:37.553  4094  4094 D LibBpfLoader: Loaded relo section 41 (.relschedcls/tether_downstream4_ether$4_14)
06-26 01:08:37.553  4094  4094 D LibBpfLoader: Adding section 41 to cs list
06-26 01:08:37.553  4094  4094 D LibBpfLoader: Loaded code section 43 (schedcls_tether_upstream4_ether$4_14)
06-26 01:08:37.556  4094  4094 D LibBpfLoader: Loaded relo section 43 (.relschedcls/tether_upstream4_ether$4_14)
06-26 01:08:37.556  4094  4094 D LibBpfLoader: Adding section 43 to cs list
06-26 01:08:37.556  4094  4094 D LibBpfLoader: Loaded code section 45 (schedcls_tether_downstream4_rawip$stub)
06-26 01:08:37.558  4094  4094 D LibBpfLoader: Adding section 45 to cs list
06-26 01:08:37.558  4094  4094 D LibBpfLoader: Loaded code section 46 (schedcls_tether_upstream4_rawip$stub)
06-26 01:08:37.559  4094  4094 D LibBpfLoader: Adding section 46 to cs list
06-26 01:08:37.560  4094  4094 D LibBpfLoader: Loaded code section 47 (schedcls_tether_downstream4_ether$stub)
06-26 01:08:37.561  4094  4094 D LibBpfLoader: Adding section 47 to cs list
06-26 01:08:37.561  4094  4094 D LibBpfLoader: Loaded code section 48 (schedcls_tether_upstream4_ether$stub)
06-26 01:08:37.563  4094  4094 D LibBpfLoader: Adding section 48 to cs list
06-26 01:08:37.563  4094  4094 D LibBpfLoader: Loaded code section 49 (xdp_tether_downstream_ether)
06-26 01:08:37.565  4094  4094 D LibBpfLoader: Adding section 49 to cs list
06-26 01:08:37.565  4094  4094 D LibBpfLoader: Loaded code section 50 (xdp_tether_downstream_rawip)
06-26 01:08:37.567  4094  4094 D LibBpfLoader: Adding section 50 to cs list
06-26 01:08:37.567  4094  4094 D LibBpfLoader: Loaded code section 51 (xdp_tether_upstream_ether)
06-26 01:08:37.569  4094  4094 D LibBpfLoader: Adding section 51 to cs list
06-26 01:08:37.569  4094  4094 D LibBpfLoader: Loaded code section 52 (xdp_tether_upstream_rawip)
06-26 01:08:37.571  4094  4094 D LibBpfLoader: Adding section 52 to cs list
06-26 01:08:37.574  4094  4094 D LibBpfLoader: bpf_create_map name tether_error_map, ret: 7
06-26 01:08:37.575  4094  4094 D LibBpfLoader: bpf_create_map name tether_stats_map, ret: 8
06-26 01:08:37.575  4094  4094 D LibBpfLoader: bpf_create_map name tether_limit_map, ret: 9
06-26 01:08:37.575  4094  4094 D LibBpfLoader: bpf_create_map name tether_downstream6_map, ret: 10
06-26 01:08:37.575  4094  4094 D LibBpfLoader: bpf_create_map name tether_downstream64_map, ret: 11
06-26 01:08:37.576  4094  4094 D LibBpfLoader: bpf_create_map name tether_upstream6_map, ret: 12
06-26 01:08:37.576  4094  4094 D LibBpfLoader: bpf_create_map name tether_downstream4_map, ret: 13
06-26 01:08:37.577  4094  4094 D LibBpfLoader: bpf_create_map name tether_upstream4_map, ret: 14
06-26 01:08:37.577  4094  4094 D LibBpfLoader: bpf_create_map name tether_dev_map, ret: 15
06-26 01:08:37.577  4094  4094 D LibBpfLoader: map_fd found at 0 is 7 in /apex/com.android.tethering/etc/bpf/offload.o
06-26 01:08:37.577  4094  4094 D LibBpfLoader: map_fd found at 1 is 8 in /apex/com.android.tethering/etc/bpf/offload.o
06-26 01:08:37.577  4094  4094 D LibBpfLoader: map_fd found at 2 is 9 in /apex/com.android.tethering/etc/bpf/offload.o
06-26 01:08:37.577  4094  4094 D LibBpfLoader: map_fd found at 3 is 10 in /apex/com.android.tethering/etc/bpf/offload.o
06-26 01:08:37.577  4094  4094 D LibBpfLoader: map_fd found at 4 is 11 in /apex/com.android.tethering/etc/bpf/offload.o
06-26 01:08:37.577  4094  4094 D LibBpfLoader: map_fd found at 5 is 12 in /apex/com.android.tethering/etc/bpf/offload.o
06-26 01:08:37.577  4094  4094 D LibBpfLoader: map_fd found at 6 is 13 in /apex/com.android.tethering/etc/bpf/offload.o
06-26 01:08:37.577  4094  4094 D LibBpfLoader: map_fd found at 7 is 14 in /apex/com.android.tethering/etc/bpf/offload.o
06-26 01:08:37.577  4094  4094 D LibBpfLoader: map_fd found at 8 is 15 in /apex/com.android.tethering/etc/bpf/offload.o
06-26 01:08:37.580  4094  4094 D LibBpfLoader: applying relo to instruction at byte offset: 296, 	       insn offset 37 , insn 118
06-26 01:08:37.580  4094  4094 D LibBpfLoader: applying relo to instruction at byte offset: 400, 	       insn offset 50 , insn 118
06-26 01:08:37.580  4094  4094 D LibBpfLoader: applying relo to instruction at byte offset: 528, 	       insn offset 66 , insn 118
06-26 01:08:37.580  4094  4094 D LibBpfLoader: applying relo to instruction at byte offset: 624, 	       insn offset 78 , insn 118
06-26 01:08:37.580  4094  4094 D LibBpfLoader: applying relo to instruction at byte offset: 744, 	       insn offset 93 , insn 118
06-26 01:08:37.580  4094  4094 D LibBpfLoader: applying relo to instruction at byte offset: 848, 	       insn offset 106 , insn 118
06-26 01:08:37.580  4094  4094 D LibBpfLoader: applying relo to instruction at byte offset: 1144, 	       insn offset 143 , insn 118
06-26 01:08:37.580  4094  4094 D LibBpfLoader: applying relo to instruction at byte offset: 1216, 	       insn offset 152 , insn 118
06-26 01:08:37.581  4094  4094 D LibBpfLoader: applying relo to instruction at byte offset: 1288, 	       insn offset 161 , insn 118
06-26 01:08:37.581  4094  4094 D LibBpfLoader: applying relo to instruction at byte offset: 1368, 	       insn offset 171 , insn 118
06-26 01:08:37.581  4094  4094 D LibBpfLoader: applying relo to instruction at byte offset: 1432, 	       insn offset 179 , insn 118
06-26 01:08:37.581  4094  4094 D LibBpfLoader: applying relo to instruction at byte offset: 1520, 	       insn offset 190 , insn 118
06-26 01:08:37.581  4094  4094 D LibBpfLoader: applying relo to instruction at byte offset: 1792, 	       insn offset 224 , insn 118
06-26 01:08:37.581  4094  4094 D LibBpfLoader: applying relo to instruction at byte offset: 296, 	       insn offset 37 , insn 118
06-26 01:08:37.581  4094  4094 D LibBpfLoader: applying relo to instruction at byte offset: 400, 	       insn offset 50 , insn 118
06-26 01:08:37.581  4094  4094 D LibBpfLoader: applying relo to instruction at byte offset: 528, 	       insn offset 66 , insn 118
06-26 01:08:37.581  4094  4094 D LibBpfLoader: applying relo to instruction at byte offset: 624, 	       insn offset 78 , insn 118
06-26 01:08:37.582  4094  4094 D LibBpfLoader: applying relo to instruction at byte offset: 752, 	       insn offset 94 , insn 118
06-26 01:08:37.582  4094  4094 D LibBpfLoader: applying relo to instruction at byte offset: 864, 	       insn offset 108 , insn 118
06-26 01:08:37.582  4094  4094 D LibBpfLoader: applying relo to instruction at byte offset: 968, 	       insn offset 121 , insn 118
06-26 01:08:37.582  4094  4094 D LibBpfLoader: applying relo to instruction at byte offset: 1184, 	       insn offset 148 , insn 118
06-26 01:08:37.582  4094  4094 D LibBpfLoader: applying relo to instruction at byte offset: 1256, 	       insn offset 157 , insn 118
06-26 01:08:37.582  4094  4094 D LibBpfLoader: applying relo to instruction at byte offset: 1328, 	       insn offset 166 , insn 118
06-26 01:08:37.582  4094  4094 D LibBpfLoader: applying relo to instruction at byte offset: 1408, 	       insn offset 176 , insn 118
06-26 01:08:37.582  4094  4094 D LibBpfLoader: applying relo to instruction at byte offset: 1472, 	       insn offset 184 , insn 118
06-26 01:08:37.582  4094  4094 D LibBpfLoader: applying relo to instruction at byte offset: 1560, 	       insn offset 195 , insn 118
06-26 01:08:37.583  4094  4094 D LibBpfLoader: applying relo to instruction at byte offset: 1832, 	       insn offset 229 , insn 118
06-26 01:08:37.583  4094  4094 D LibBpfLoader: applying relo to instruction at byte offset: 240, 	       insn offset 30 , insn 118
06-26 01:08:37.583  4094  4094 D LibBpfLoader: applying relo to instruction at byte offset: 344, 	       insn offset 43 , insn 118
06-26 01:08:37.583  4094  4094 D LibBpfLoader: applying relo to instruction at byte offset: 472, 	       insn offset 59 , insn 118
06-26 01:08:37.583  4094  4094 D LibBpfLoader: applying relo to instruction at byte offset: 568, 	       insn offset 71 , insn 118
06-26 01:08:37.583  4094  4094 D LibBpfLoader: applying relo to instruction at byte offset: 688, 	       insn offset 86 , insn 118
06-26 01:08:37.583  4094  4094 D LibBpfLoader: applying relo to instruction at byte offset: 792, 	       insn offset 99 , insn 118
06-26 01:08:37.583  4094  4094 D LibBpfLoader: applying relo to instruction at byte offset: 960, 	       insn offset 120 , insn 118
06-26 01:08:37.583  4094  4094 D LibBpfLoader: applying relo to instruction at byte offset: 1032, 	       insn offset 129 , insn 118
06-26 01:08:37.583  4094  4094 D LibBpfLoader: applying relo to instruction at byte offset: 1104, 	       insn offset 138 , insn 118
06-26 01:08:37.584  4094  4094 D LibBpfLoader: applying relo to instruction at byte offset: 1184, 	       insn offset 148 , insn 118
06-26 01:08:37.584  4094  4094 D LibBpfLoader: applying relo to instruction at byte offset: 1248, 	       insn offset 156 , insn 118
06-26 01:08:37.584  4094  4094 D LibBpfLoader: applying relo to instruction at byte offset: 1336, 	       insn offset 167 , insn 118
06-26 01:08:37.584  4094  4094 D LibBpfLoader: applying relo to instruction at byte offset: 1592, 	       insn offset 199 , insn 118
06-26 01:08:37.584  4094  4094 D LibBpfLoader: applying relo to instruction at byte offset: 1752, 	       insn offset 219 , insn 118
06-26 01:08:37.584  4094  4094 D LibBpfLoader: applying relo to instruction at byte offset: 1896, 	       insn offset 237 , insn 118
06-26 01:08:37.584  4094  4094 D LibBpfLoader: applying relo to instruction at byte offset: 240, 	       insn offset 30 , insn 118
06-26 01:08:37.584  4094  4094 D LibBpfLoader: applying relo to instruction at byte offset: 344, 	       insn offset 43 , insn 118
06-26 01:08:37.584  4094  4094 D LibBpfLoader: applying relo to instruction at byte offset: 472, 	       insn offset 59 , insn 118
06-26 01:08:37.585  4094  4094 D LibBpfLoader: applying relo to instruction at byte offset: 568, 	       insn offset 71 , insn 118
06-26 01:08:37.585  4094  4094 D LibBpfLoader: applying relo to instruction at byte offset: 696, 	       insn offset 87 , insn 118
06-26 01:08:37.585  4094  4094 D LibBpfLoader: applying relo to instruction at byte offset: 808, 	       insn offset 101 , insn 118
06-26 01:08:37.585  4094  4094 D LibBpfLoader: applying relo to instruction at byte offset: 912, 	       insn offset 114 , insn 118
06-26 01:08:37.585  4094  4094 D LibBpfLoader: applying relo to instruction at byte offset: 1008, 	       insn offset 126 , insn 118
06-26 01:08:37.585  4094  4094 D LibBpfLoader: applying relo to instruction at byte offset: 1080, 	       insn offset 135 , insn 118
06-26 01:08:37.585  4094  4094 D LibBpfLoader: applying relo to instruction at byte offset: 1152, 	       insn offset 144 , insn 118
06-26 01:08:37.585  4094  4094 D LibBpfLoader: applying relo to instruction at byte offset: 1232, 	       insn offset 154 , insn 118
06-26 01:08:37.585  4094  4094 D LibBpfLoader: applying relo to instruction at byte offset: 1296, 	       insn offset 162 , insn 118
06-26 01:08:37.586  4094  4094 D LibBpfLoader: applying relo to instruction at byte offset: 1384, 	       insn offset 173 , insn 118
06-26 01:08:37.586  4094  4094 D LibBpfLoader: applying relo to instruction at byte offset: 1640, 	       insn offset 205 , insn 118
06-26 01:08:37.586  4094  4094 D LibBpfLoader: applying relo to instruction at byte offset: 1800, 	       insn offset 225 , insn 118
06-26 01:08:37.586  4094  4094 D LibBpfLoader: applying relo to instruction at byte offset: 1944, 	       insn offset 243 , insn 118
06-26 01:08:37.586  4094  4094 D LibBpfLoader: applying relo to instruction at byte offset: 240, 	       insn offset 30 , insn 118
06-26 01:08:37.586  4094  4094 D LibBpfLoader: applying relo to instruction at byte offset: 344, 	       insn offset 43 , insn 118
06-26 01:08:37.586  4094  4094 D LibBpfLoader: applying relo to instruction at byte offset: 472, 	       insn offset 59 , insn 118
06-26 01:08:37.586  4094  4094 D LibBpfLoader: applying relo to instruction at byte offset: 568, 	       insn offset 71 , insn 118
06-26 01:08:37.586  4094  4094 D LibBpfLoader: applying relo to instruction at byte offset: 688, 	       insn offset 86 , insn 118
06-26 01:08:37.587  4094  4094 D LibBpfLoader: applying relo to instruction at byte offset: 792, 	       insn offset 99 , insn 118
06-26 01:08:37.587  4094  4094 D LibBpfLoader: applying relo to instruction at byte offset: 960, 	       insn offset 120 , insn 118
06-26 01:08:37.587  4094  4094 D LibBpfLoader: applying relo to instruction at byte offset: 1032, 	       insn offset 129 , insn 118
06-26 01:08:37.587  4094  4094 D LibBpfLoader: applying relo to instruction at byte offset: 1104, 	       insn offset 138 , insn 118
06-26 01:08:37.587  4094  4094 D LibBpfLoader: applying relo to instruction at byte offset: 1184, 	       insn offset 148 , insn 118
06-26 01:08:37.587  4094  4094 D LibBpfLoader: applying relo to instruction at byte offset: 1248, 	       insn offset 156 , insn 118
06-26 01:08:37.587  4094  4094 D LibBpfLoader: applying relo to instruction at byte offset: 1336, 	       insn offset 167 , insn 118
06-26 01:08:37.587  4094  4094 D LibBpfLoader: applying relo to instruction at byte offset: 1592, 	       insn offset 199 , insn 118
06-26 01:08:37.587  4094  4094 D LibBpfLoader: applying relo to instruction at byte offset: 1752, 	       insn offset 219 , insn 118
06-26 01:08:37.587  4094  4094 D LibBpfLoader: applying relo to instruction at byte offset: 1896, 	       insn offset 237 , insn 118
