06-26 20:29:15.903   593   593 I SystemServerTiming: OnBootPhase_480_com.android.server.appbinding.AppBindingService$Lifecycle
06-26 20:29:15.903   593   593 D SystemServerTiming: OnBootPhase_480_com.android.server.appbinding.AppBindingService$Lifecycle took to complete: 0ms
06-26 20:29:15.903   593   593 I SystemServerTiming: OnBootPhase_480_com.android.server.tracing.TracingServiceProxy
06-26 20:29:15.903   593   593 D SystemServerTiming: OnBootPhase_480_com.android.server.tracing.TracingServiceProxy took to complete: 0ms
06-26 20:29:15.903   593   593 D SystemServerTiming: OnBootPhase_480 took to complete: 17ms
06-26 20:29:15.903   593   593 D SystemServerTiming: StartBootPhaseLockSettingsReady took to complete: 17ms
06-26 20:29:15.903   593   593 I SystemServerTiming: StartBootPhaseSystemServicesReady
06-26 20:29:15.903   593   593 I SystemServiceManager: Starting phase 500
06-26 20:29:15.903   593   593 I SystemServerTiming: OnBootPhase_500
06-26 20:29:15.903   593   593 I SystemServerTiming: OnBootPhase_500_com.android.server.security.FileIntegrityService
06-26 20:29:15.903   593   593 D SystemServerTiming: OnBootPhase_500_com.android.server.security.FileIntegrityService took to complete: 0ms
06-26 20:29:15.903   593   593 I SystemServerTiming: OnBootPhase_500_com.android.server.pm.Installer
06-26 20:29:15.904   593   593 D SystemServerTiming: OnBootPhase_500_com.android.server.pm.Installer took to complete: 0ms
06-26 20:29:15.904   593   593 I SystemServerTiming: OnBootPhase_500_com.android.server.os.DeviceIdentifiersPolicyService
06-26 20:29:15.904   593   593 D SystemServerTiming: OnBootPhase_500_com.android.server.os.DeviceIdentifiersPolicyService took to complete: 0ms
06-26 20:29:15.904   593   593 I SystemServerTiming: OnBootPhase_500_com.android.server.uri.UriGrantsManagerService$Lifecycle
06-26 20:29:15.904   593   593 D SystemServerTiming: OnBootPhase_500_com.android.server.uri.UriGrantsManagerService$Lifecycle took to complete: 0ms
06-26 20:29:15.904   593   593 I SystemServerTiming: OnBootPhase_500_com.android.server.powerstats.PowerStatsService
06-26 20:29:15.905   593   593 E StatsPullAtomCallbackImpl: Failed to start PowerStatsService statsd pullers
06-26 20:29:15.905   593   593 D SystemServerTiming: OnBootPhase_500_com.android.server.powerstats.PowerStatsService took to complete: 1ms
06-26 20:29:15.905   593   593 I SystemServerTiming: OnBootPhase_500_com.android.server.wm.ActivityTaskManagerService$Lifecycle
06-26 20:29:15.905   593   593 D SystemServerTiming: OnBootPhase_500_com.android.server.wm.ActivityTaskManagerService$Lifecycle took to complete: 0ms
06-26 20:29:15.905   593   593 I SystemServerTiming: OnBootPhase_500_com.android.server.am.ActivityManagerService$Lifecycle
06-26 20:29:15.910   593   593 E BatteryStatsService: Could not register PowerStatsInternal
06-26 20:29:15.919   593   593 D SystemServerTiming: OnBootPhase_500_com.android.server.am.ActivityManagerService$Lifecycle took to complete: 14ms
06-26 20:29:15.919   593   593 I SystemServerTiming: OnBootPhase_500_com.android.server.pm.DataLoaderManagerService
06-26 20:29:15.919   593   593 D SystemServerTiming: OnBootPhase_500_com.android.server.pm.DataLoaderManagerService took to complete: 0ms
06-26 20:29:15.919   593   593 I SystemServerTiming: OnBootPhase_500_com.android.server.power.PowerManagerService
06-26 20:29:15.919   593   593 D SystemServerTiming: OnBootPhase_500_com.android.server.power.PowerManagerService took to complete: 0ms
06-26 20:29:15.920   593   593 I SystemServerTiming: OnBootPhase_500_com.android.server.power.ThermalManagerService
06-26 20:29:15.920   593   593 D SystemServerTiming: OnBootPhase_500_com.android.server.power.ThermalManagerService took to complete: 0ms
06-26 20:29:15.920   593   593 I SystemServerTiming: OnBootPhase_500_com.android.server.power.hint.HintManagerService
06-26 20:29:15.920   593   593 D SLog    : static_init took to complete: 1ms
06-26 20:29:15.921   593   593 V HintManagerService: Initializing HintManager service...
06-26 20:29:15.921   593   593 V HistoricalRegistry: Interaction before persistence initialized
06-26 20:29:15.921   593   593 D SystemServerTiming: OnBootPhase_500_com.android.server.power.hint.HintManagerService took to complete: 1ms
06-26 20:29:15.921   593   593 I SystemServerTiming: OnBootPhase_500_com.android.server.recoverysystem.RecoverySystemService$Lifecycle
06-26 20:29:15.921   593   593 D SystemServerTiming: OnBootPhase_500_com.android.server.recoverysystem.RecoverySystemService$Lifecycle took to complete: 0ms
06-26 20:29:15.921   593   593 I SystemServerTiming: OnBootPhase_500_com.android.server.lights.LightsService
06-26 20:29:15.921   593   593 D SystemServerTiming: OnBootPhase_500_com.android.server.lights.LightsService took to complete: 0ms
06-26 20:29:15.921   593   593 I SystemServerTiming: OnBootPhase_500_com.android.server.display.DisplayManagerService
06-26 20:29:15.921   593   593 D SystemServerTiming: OnBootPhase_500_com.android.server.display.DisplayManagerService took to complete: 0ms
06-26 20:29:15.921   593   593 I SystemServerTiming: OnBootPhase_500_com.android.server.pm.verify.domain.DomainVerificationService
06-26 20:29:15.922   593   593 D SystemServerTiming: OnBootPhase_500_com.android.server.pm.verify.domain.DomainVerificationService took to complete: 0ms
06-26 20:29:15.922   593   593 I SystemServerTiming: OnBootPhase_500_com.android.server.pm.PackageInstallerService$Lifecycle
06-26 20:29:15.922   593   593 D SystemServerTiming: OnBootPhase_500_com.android.server.pm.PackageInstallerService$Lifecycle took to complete: 0ms
06-26 20:29:15.922   593   593 I SystemServerTiming: OnBootPhase_500_com.android.server.pm.UserManagerService$LifeCycle
06-26 20:29:15.922   593   593 D SystemServerTiming: OnBootPhase_500_com.android.server.pm.UserManagerService$LifeCycle took to complete: 0ms
06-26 20:29:15.922   593   593 I SystemServerTiming: OnBootPhase_500_com.android.server.om.OverlayManagerService
06-26 20:29:15.922   593   593 D SystemServerTiming: OnBootPhase_500_com.android.server.om.OverlayManagerService took to complete: 0ms
06-26 20:29:15.922   593   593 I SystemServerTiming: OnBootPhase_500_com.android.server.SensorPrivacyService
06-26 20:29:15.928   593   593 D SystemServerTiming: OnBootPhase_500_com.android.server.SensorPrivacyService took to complete: 6ms
06-26 20:29:15.928   593   593 I SystemServerTiming: OnBootPhase_500_com.android.server.sensors.SensorService
06-26 20:29:15.928   593   593 D SystemServerTiming: OnBootPhase_500_com.android.server.sensors.SensorService took to complete: 0ms
06-26 20:29:15.928   593   593 I SystemServerTiming: OnBootPhase_500_com.android.server.SystemConfigService
06-26 20:29:15.928   593   593 D SystemServerTiming: OnBootPhase_500_com.android.server.SystemConfigService took to complete: 0ms
06-26 20:29:15.929   593   593 I SystemServerTiming: OnBootPhase_500_com.android.server.BatteryService
06-26 20:29:15.929   593   593 D SystemServerTiming: OnBootPhase_500_com.android.server.BatteryService took to complete: 0ms
06-26 20:29:15.929   593   593 I SystemServerTiming: OnBootPhase_500_com.android.server.usage.UsageStatsService
06-26 20:29:15.934   593   593 D AppStandbyController: Setting app idle enabled state
06-26 20:29:15.940   593   593 V HistoricalRegistry: Interaction before persistence initialized
06-26 20:29:15.940   593   593 D SystemServerTiming: OnBootPhase_500_com.android.server.usage.UsageStatsService took to complete: 12ms
06-26 20:29:15.940   593   593 I SystemServerTiming: OnBootPhase_500_com.android.server.webkit.WebViewUpdateService
06-26 20:29:15.940   593   593 D SystemServerTiming: OnBootPhase_500_com.android.server.webkit.WebViewUpdateService took to complete: 0ms
06-26 20:29:15.940   593   593 I SystemServerTiming: OnBootPhase_500_com.android.server.CachedDeviceStateService
06-26 20:29:15.941   593   593 D SystemServerTiming: OnBootPhase_500_com.android.server.CachedDeviceStateService took to complete: 0ms
06-26 20:29:15.941   593   593 I SystemServerTiming: OnBootPhase_500_com.android.server.BinderCallsStatsService$LifeCycle
06-26 20:29:15.946   593   593 D SystemServerTiming: OnBootPhase_500_com.android.server.BinderCallsStatsService$LifeCycle took to complete: 5ms
06-26 20:29:15.946   593   593 I SystemServerTiming: OnBootPhase_500_com.android.server.LooperStatsService$Lifecycle
06-26 20:29:15.947   593   593 D SystemServerTiming: OnBootPhase_500_com.android.server.LooperStatsService$Lifecycle took to complete: 1ms
06-26 20:29:15.947   593   593 I SystemServerTiming: OnBootPhase_500_com.android.server.rollback.RollbackManagerService
06-26 20:29:15.947   593   593 D SystemServerTiming: OnBootPhase_500_com.android.server.rollback.RollbackManagerService took to complete: 0ms
06-26 20:29:15.947   593   593 I SystemServerTiming: OnBootPhase_500_com.android.server.os.NativeTombstoneManagerService
06-26 20:29:15.947   593   593 D SystemServerTiming: OnBootPhase_500_com.android.server.os.NativeTombstoneManagerService took to complete: 0ms
06-26 20:29:15.947   593   593 I SystemServerTiming: OnBootPhase_500_com.android.server.os.BugreportManagerService
06-26 20:29:15.947   593   593 D SystemServerTiming: OnBootPhase_500_com.android.server.os.BugreportManagerService took to complete: 0ms
06-26 20:29:15.947   593   593 I SystemServerTiming: OnBootPhase_500_com.android.server.gpu.GpuService
06-26 20:29:15.948   593   593 D SystemServerTiming: OnBootPhase_500_com.android.server.gpu.GpuService took to complete: 0ms
06-26 20:29:15.948   593   593 I SystemServerTiming: OnBootPhase_500_com.android.server.security.KeyChainSystemService
06-26 20:29:15.949   593   593 D SystemServerTiming: OnBootPhase_500_com.android.server.security.KeyChainSystemService took to complete: 0ms
06-26 20:29:15.949   593   593 I SystemServerTiming: OnBootPhase_500_com.android.server.telecom.TelecomLoaderService
06-26 20:29:15.949   593   593 D SystemServerTiming: OnBootPhase_500_com.android.server.telecom.TelecomLoaderService took to complete: 0ms
06-26 20:29:15.949   593   593 I SystemServerTiming: OnBootPhase_500_com.android.server.accounts.AccountManagerService$Lifecycle
06-26 20:29:15.949   593   593 D SystemServerTiming: OnBootPhase_500_com.android.server.accounts.AccountManagerService$Lifecycle took to complete: 0ms
06-26 20:29:15.949   593   593 I SystemServerTiming: OnBootPhase_500_com.android.server.content.ContentService$Lifecycle
06-26 20:29:15.949   593   593 D SystemServerTiming: OnBootPhase_500_com.android.server.content.ContentService$Lifecycle took to complete: 0ms
06-26 20:29:15.949   593   593 I SystemServerTiming: OnBootPhase_500_com.android.server.DropBoxManagerService
06-26 20:29:15.950   593   593 D SystemServerTiming: OnBootPhase_500_com.android.server.DropBoxManagerService took to complete: 1ms
06-26 20:29:15.950   593   593 I SystemServerTiming: OnBootPhase_500_com.android.role.RoleService
06-26 20:29:15.950   593   593 D SystemServerTiming: OnBootPhase_500_com.android.role.RoleService took to complete: 0ms
06-26 20:29:15.950   593   593 I SystemServerTiming: OnBootPhase_500_com.android.server.vibrator.VibratorManagerService$Lifecycle
06-26 20:29:15.950   593   593 V VibratorManagerService: Initializing VibratorManager service...
06-26 20:29:15.950   593   593 V HistoricalRegistry: Interaction before persistence initialized
06-26 20:29:15.953   593   593 V VibratorManagerService: VibratorManager service initialized
06-26 20:29:15.953   593   593 D SystemServerTiming: OnBootPhase_500_com.android.server.vibrator.VibratorManagerService$Lifecycle took to complete: 2ms
06-26 20:29:15.953   593   593 I SystemServerTiming: OnBootPhase_500_com.android.server.alarm.AlarmManagerService
06-26 20:29:15.958   593   593 D SystemServerTiming: OnBootPhase_500_com.android.server.alarm.AlarmManagerService took to complete: 5ms
06-26 20:29:15.958   593   593 I SystemServerTiming: OnBootPhase_500_com.android.server.devicestate.DeviceStateManagerService
06-26 20:29:15.958   593   593 D SystemServerTiming: OnBootPhase_500_com.android.server.devicestate.DeviceStateManagerService took to complete: 0ms
06-26 20:29:15.958   593   593 I SystemServerTiming: OnBootPhase_500_com.android.server.camera.CameraServiceProxy
06-26 20:29:15.958   593   593 D SystemServerTiming: OnBootPhase_500_com.android.server.camera.CameraServiceProxy took to complete: 0ms
06-26 20:29:15.958   593   593 I SystemServerTiming: OnBootPhase_500_com.android.server.BluetoothService
06-26 20:29:15.959   593   593 D SystemServerTiming: OnBootPhase_500_com.android.server.BluetoothService took to complete: 0ms
06-26 20:29:15.959   593   593 I SystemServerTiming: OnBootPhase_500_com.android.server.connectivity.IpConnectivityMetrics
06-26 20:29:15.966   593   593 D SystemServerTiming: OnBootPhase_500_com.android.server.connectivity.IpConnectivityMetrics took to complete: 7ms
06-26 20:29:15.966   593   593 I SystemServerTiming: OnBootPhase_500_com.android.server.net.watchlist.NetworkWatchlistService$Lifecycle
06-26 20:29:15.966   593   593 D SystemServerTiming: OnBootPhase_500_com.android.server.net.watchlist.NetworkWatchlistService$Lifecycle took to complete: 0ms
06-26 20:29:15.966   593   593 I SystemServerTiming: OnBootPhase_500_com.android.server.PinnerService
06-26 20:29:15.967   593   593 D SystemServerTiming: OnBootPhase_500_com.android.server.PinnerService took to complete: 0ms
06-26 20:29:15.967   593   593 I SystemServerTiming: OnBootPhase_500_com.google.android.startop.iorap.IorapForwardingService
06-26 20:29:15.967   593   593 D SystemServerTiming: OnBootPhase_500_com.google.android.startop.iorap.IorapForwardingService took to complete: 0ms
06-26 20:29:15.967   593   593 I SystemServerTiming: OnBootPhase_500_com.android.server.integrity.AppIntegrityManagerService
06-26 20:29:15.967   593   593 D SystemServerTiming: OnBootPhase_500_com.android.server.integrity.AppIntegrityManagerService took to complete: 0ms
06-26 20:29:15.967   593   593 I SystemServerTiming: OnBootPhase_500_com.android.server.inputmethod.InputMethodManagerService$Lifecycle
06-26 20:29:15.967   593   593 D SystemServerTiming: OnBootPhase_500_com.android.server.inputmethod.InputMethodManagerService$Lifecycle took to complete: 0ms
06-26 20:29:15.967   593   593 I SystemServerTiming: OnBootPhase_500_com.android.server.accessibility.AccessibilityManagerService$Lifecycle
06-26 20:29:15.967   593   593 D SystemServerTiming: OnBootPhase_500_com.android.server.accessibility.AccessibilityManagerService$Lifecycle took to complete: 0ms
06-26 20:29:15.967   593   593 I SystemServerTiming: OnBootPhase_500_com.android.server.StorageManagerService$Lifecycle
06-26 20:29:15.970   593   593 D SystemServerTiming: OnBootPhase_500_com.android.server.StorageManagerService$Lifecycle took to complete: 2ms
06-26 20:29:15.970   593   593 I SystemServerTiming: OnBootPhase_500_com.android.server.usage.StorageStatsService$Lifecycle
06-26 20:29:15.970   593   593 D SystemServerTiming: OnBootPhase_500_com.android.server.usage.StorageStatsService$Lifecycle took to complete: 0ms
06-26 20:29:15.970   593   593 I SystemServerTiming: OnBootPhase_500_com.android.server.UiModeManagerService
06-26 20:29:15.974   593   593 I ActivityTaskManager: Config changes=200 {1.0 ?mcc?mnc [en_US] ldltr sw540dp w960dp h540dp 320dpi lrg long land television night -touch -keyb/v/h dpad/v winConfig={ mBounds=Rect(0, 0 - 1920, 1080) mAppBounds=Rect(0, 0 - 1920, 1080) mMaxBounds=Rect(0, 0 - 1920, 1080) mWindowingMode=fullscreen mDisplayWindowingMode=fullscreen mActivityType=undefined mAlwaysOnTop=undefined mRotation=ROTATION_0} s.4 ?fontWeightAdjustment}
06-26 20:29:15.978   593   593 I WindowManager: Override config changes=200 {1.0 ?mcc?mnc [en_US] ldltr sw540dp w960dp h540dp 320dpi lrg long land television night -touch -keyb/v/h dpad/v winConfig={ mBounds=Rect(0, 0 - 1920, 1080) mAppBounds=Rect(0, 0 - 1920, 1080) mMaxBounds=Rect(0, 0 - 1920, 1080) mWindowingMode=fullscreen mDisplayWindowingMode=fullscreen mActivityType=undefined mAlwaysOnTop=undefined mRotation=ROTATION_0} s.4 ?fontWeightAdjustment} for displayId=0
06-26 20:29:15.983   593   593 D SystemServerTiming: OnBootPhase_500_com.android.server.UiModeManagerService took to complete: 13ms
06-26 20:29:15.983   593   593 I SystemServerTiming: OnBootPhase_500_com.android.server.locksettings.LockSettingsService$Lifecycle
06-26 20:29:15.983   593   593 D SystemServerTiming: OnBootPhase_500_com.android.server.locksettings.LockSettingsService$Lifecycle took to complete: 0ms
06-26 20:29:15.983   593   593 I SystemServerTiming: OnBootPhase_500_com.android.server.PersistentDataBlockService
06-26 20:29:15.983   593   593 D SystemServerTiming: OnBootPhase_500_com.android.server.PersistentDataBlockService took to complete: 0ms
06-26 20:29:15.983   593   593 I SystemServerTiming: OnBootPhase_500_com.android.server.testharness.TestHarnessModeService
06-26 20:29:15.983   593   593 D TestHarnessModeService: Setting up test harness mode
06-26 20:29:15.983   593   593 D TestHarnessModeService: Getting PersistentDataBlockManagerInternal from LocalServices
06-26 20:29:16.025   593   593 D SystemServerTiming: OnBootPhase_500_com.android.server.testharness.TestHarnessModeService took to complete: 41ms
06-26 20:29:16.025   593   593 I SystemServerTiming: OnBootPhase_500_com.android.server.oemlock.OemLockService
06-26 20:29:16.025   593   593 D SystemServerTiming: OnBootPhase_500_com.android.server.oemlock.OemLockService took to complete: 0ms
06-26 20:29:16.025   593   593 I SystemServerTiming: OnBootPhase_500_com.android.server.DeviceIdleController
06-26 20:29:16.030   593   593 V HistoricalRegistry: Interaction before persistence initialized
06-26 20:29:16.033   593   593 D SystemServerTiming: OnBootPhase_500_com.android.server.DeviceIdleController took to complete: 8ms
06-26 20:29:16.033   593   593 I SystemServerTiming: OnBootPhase_500_com.android.server.devicepolicy.DevicePolicyManagerService$Lifecycle
06-26 20:29:16.033   593   593 D SystemServerTiming: OnBootPhase_500_com.android.server.devicepolicy.DevicePolicyManagerService$Lifecycle took to complete: 0ms
06-26 20:29:16.033   593   593 I SystemServerTiming: OnBootPhase_500_com.android.server.texttospeech.TextToSpeechManagerService
06-26 20:29:16.033   593   593 D SystemServerTiming: OnBootPhase_500_com.android.server.texttospeech.TextToSpeechManagerService took to complete: 0ms
06-26 20:29:16.033   593   593 I SystemServerTiming: OnBootPhase_500_com.android.server.speech.SpeechRecognitionManagerService
06-26 20:29:16.033   593   593 D SystemServerTiming: OnBootPhase_500_com.android.server.speech.SpeechRecognitionManagerService took to complete: 0ms
06-26 20:29:16.033   593   593 I SystemServerTiming: OnBootPhase_500_com.android.server.searchui.SearchUiManagerService
06-26 20:29:16.033   593   593 D SystemServerTiming: OnBootPhase_500_com.android.server.searchui.SearchUiManagerService took to complete: 0ms
06-26 20:29:16.033   593   593 I SystemServerTiming: OnBootPhase_500_com.android.server.smartspace.SmartspaceManagerService
06-26 20:29:16.033   593   593 D SystemServerTiming: OnBootPhase_500_com.android.server.smartspace.SmartspaceManagerService took to complete: 0ms
06-26 20:29:16.033   593   593 I SystemServerTiming: OnBootPhase_500_com.android.server.graphics.fonts.FontManagerService$Lifecycle
06-26 20:29:16.033   593   593 D SystemServerTiming: OnBootPhase_500_com.android.server.graphics.fonts.FontManagerService$Lifecycle took to complete: 0ms
06-26 20:29:16.033   593   593 I SystemServerTiming: OnBootPhase_500_com.android.server.textservices.TextServicesManagerService$Lifecycle
06-26 20:29:16.033   593   593 D SystemServerTiming: OnBootPhase_500_com.android.server.textservices.TextServicesManagerService$Lifecycle took to complete: 0ms
06-26 20:29:16.034   593   593 I SystemServerTiming: OnBootPhase_500_com.android.server.textclassifier.TextClassificationManagerService$Lifecycle
06-26 20:29:16.034   593   593 D SystemServerTiming: OnBootPhase_500_com.android.server.textclassifier.TextClassificationManagerService$Lifecycle took to complete: 0ms
06-26 20:29:16.034   593   593 I SystemServerTiming: OnBootPhase_500_com.android.server.NetworkScoreService$Lifecycle
06-26 20:29:16.034   593   593 D SystemServerTiming: OnBootPhase_500_com.android.server.NetworkScoreService$Lifecycle took to complete: 1ms
06-26 20:29:16.035   593   593 I SystemServerTiming: OnBootPhase_500_com.android.server.wifi.WifiService
06-26 20:29:16.038   593   593 D SystemServerTiming: OnBootPhase_500_com.android.server.wifi.WifiService took to complete: 4ms
06-26 20:29:16.038   593   593 I SystemServerTiming: OnBootPhase_500_com.android.server.wifi.scanner.WifiScanningService
06-26 20:29:16.039   593   593 D SystemServerTiming: OnBootPhase_500_com.android.server.wifi.scanner.WifiScanningService took to complete: 0ms
06-26 20:29:16.039   593   593 I SystemServerTiming: OnBootPhase_500_com.android.server.wifi.p2p.WifiP2pService
06-26 20:29:16.042   593   593 D SystemServerTiming: OnBootPhase_500_com.android.server.wifi.p2p.WifiP2pService took to complete: 3ms
06-26 20:29:16.042   593   593 I SystemServerTiming: OnBootPhase_500_com.android.server.ethernet.EthernetService
06-26 20:29:16.058   593   593 D SystemServerTiming: OnBootPhase_500_com.android.server.ethernet.EthernetService took to complete: 16ms
06-26 20:29:16.058   593   593 I SystemServerTiming: OnBootPhase_500_com.android.server.ConnectivityServiceInitializer
06-26 20:29:16.059   593   593 D SystemServerTiming: OnBootPhase_500_com.android.server.ConnectivityServiceInitializer took to complete: 0ms
06-26 20:29:16.059   593   593 I SystemServerTiming: OnBootPhase_500_com.android.server.notification.NotificationManagerService
06-26 20:29:16.138     0     0 I         : [   26.834518@3]  custrom_internal_config
06-26 20:29:16.138     0     0 I         : [   26.835485@3]  set phy setup_amp = 2
06-26 20:29:16.138     0     0 I         : [   26.835669@3]  meson8b-dwmac fdc00000.ethernet eth0: PHY [0.1:08] driver [Meson G12A Internal PHY]
06-26 20:29:16.138   386   386 E android.hardware.wifi@1.0-service.droidlogic: wifi_get_sdio_device_id,fp is null: No such file or directory
06-26 20:29:16.139   386   386 E android.hardware.wifi@1.0-service.droidlogic: wifi_get_sdio_device_id,fp is null: Permission denied
06-26 20:29:16.139   386   386 E android.hardware.wifi@1.0-service.droidlogic: wifi_get_sdio_device_id,ret:3: Permission denied
06-26 20:29:16.140   386   386 E android.hardware.wifi@1.0-service.droidlogic: wifi_get_sdio_device_id is not  WIFI_INVALID_DEVICE: Permission denied
06-26 20:29:16.140   386   386 I android.hardware.wifi@1.0-service.droidlogic: ===wifi_load_driver== device_id=3
06-26 20:29:16.153     0     0 I         : [   26.850528@0]  meson8b-dwmac fdc00000.ethernet eth0: No Safety Features support found
06-26 20:29:16.153     0     0 W         : [   26.850866@0]  meson8b-dwmac fdc00000.ethernet eth0: PTP not supported by HW
06-26 20:29:16.153     0     0 I         : [   26.851919@0]  meson8b-dwmac fdc00000.ethernet eth0: configuring for phy/rmii link mode
06-26 20:29:16.166   386   386 I android.hardware.wifi@1.0-service.droidlogic: ===wifi_load_driver rtk wifi module
06-26 20:29:16.199   593   593 W SystemServiceManager: Service com.android.server.notification.NotificationManagerService took 141 ms in onBootPhase
06-26 20:29:16.199   593   593 D SystemServerTiming: OnBootPhase_500_com.android.server.notification.NotificationManagerService took to complete: 141ms
06-26 20:29:16.199   593   593 I SystemServerTiming: OnBootPhase_500_com.android.server.storage.DeviceStorageMonitorService
06-26 20:29:16.199   593   593 D SystemServerTiming: OnBootPhase_500_com.android.server.storage.DeviceStorageMonitorService took to complete: 0ms
06-26 20:29:16.199   593   593 I SystemServerTiming: OnBootPhase_500_com.android.server.location.LocationManagerService$Lifecycle
06-26 20:29:16.201   593   593 V HistoricalRegistry: Interaction before persistence initialized
06-26 20:29:16.202   593   593 D SystemServerTiming: OnBootPhase_500_com.android.server.location.LocationManagerService$Lifecycle took to complete: 2ms
06-26 20:29:16.202   593   593 I SystemServerTiming: OnBootPhase_500_com.android.server.timedetector.TimeDetectorService$Lifecycle
06-26 20:29:16.202   593   593 D SystemServerTiming: OnBootPhase_500_com.android.server.timedetector.TimeDetectorService$Lifecycle took to complete: 0ms
06-26 20:29:16.202   593   593 I SystemServerTiming: OnBootPhase_500_com.android.server.timezonedetector.TimeZoneDetectorService$Lifecycle
06-26 20:29:16.202   593   593 D SystemServerTiming: OnBootPhase_500_com.android.server.timezonedetector.TimeZoneDetectorService$Lifecycle took to complete: 0ms
06-26 20:29:16.202   593   593 I SystemServerTiming: OnBootPhase_500_com.android.server.timezonedetector.location.LocationTimeZoneManagerService$Lifecycle
06-26 20:29:16.202   593   593 D SystemServerTiming: OnBootPhase_500_com.android.server.timezonedetector.location.LocationTimeZoneManagerService$Lifecycle took to complete: 0ms
06-26 20:29:16.202   593   593 I SystemServerTiming: OnBootPhase_500_com.android.server.search.SearchManagerService$Lifecycle
06-26 20:29:16.202   593   593 D SystemServerTiming: OnBootPhase_500_com.android.server.search.SearchManagerService$Lifecycle took to complete: 0ms
06-26 20:29:16.202   593   593 I SystemServerTiming: OnBootPhase_500_com.android.server.wallpaper.WallpaperManagerService$Lifecycle
06-26 20:29:16.202   593   593 D SystemServerTiming: OnBootPhase_500_com.android.server.wallpaper.WallpaperManagerService$Lifecycle took to complete: 0ms
06-26 20:29:16.202   593   593 I SystemServerTiming: OnBootPhase_500_com.android.server.audio.AudioService$Lifecycle
06-26 20:29:16.203   593   593 D SystemServerTiming: OnBootPhase_500_com.android.server.audio.AudioService$Lifecycle took to complete: 0ms
06-26 20:29:16.203   593   593 I SystemServerTiming: OnBootPhase_500_com.android.server.soundtrigger_middleware.SoundTriggerMiddlewareService$Lifecycle
06-26 20:29:16.203   593   593 D SystemServerTiming: OnBootPhase_500_com.android.server.soundtrigger_middleware.SoundTriggerMiddlewareService$Lifecycle took to complete: 0ms
06-26 20:29:16.203   593   593 I SystemServerTiming: OnBootPhase_500_com.android.server.DockObserver
06-26 20:29:16.203   593   593 D SystemServerTiming: OnBootPhase_500_com.android.server.DockObserver took to complete: 0ms
06-26 20:29:16.203   593   593 I SystemServerTiming: OnBootPhase_500_com.android.server.adb.AdbService$Lifecycle
06-26 20:29:16.203   593   593 D SystemServerTiming: OnBootPhase_500_com.android.server.adb.AdbService$Lifecycle took to complete: 0ms
06-26 20:29:16.203   593   593 I SystemServerTiming: OnBootPhase_500_com.android.server.usb.UsbService$Lifecycle
06-26 20:29:16.203   593   593 D SystemServerTiming: OnBootPhase_500_com.android.server.usb.UsbService$Lifecycle took to complete: 0ms
06-26 20:29:16.203   593   593 I SystemServerTiming: OnBootPhase_500_com.android.server.twilight.TwilightService
06-26 20:29:16.203   593   593 D SystemServerTiming: OnBootPhase_500_com.android.server.twilight.TwilightService took to complete: 0ms
06-26 20:29:16.203   593   593 I SystemServerTiming: OnBootPhase_500_com.android.server.display.color.ColorDisplayService
06-26 20:29:16.203   593   593 D SystemServerTiming: OnBootPhase_500_com.android.server.display.color.ColorDisplayService took to complete: 0ms
06-26 20:29:16.203   593   593 I SystemServerTiming: OnBootPhase_500_com.android.server.job.JobSchedulerService
06-26 20:29:16.234   593   593 V HistoricalRegistry: Interaction before persistence initialized
06-26 20:29:16.235   593   593 D SystemServerTiming: OnBootPhase_500_com.android.server.job.JobSchedulerService took to complete: 33ms
06-26 20:29:16.235   593   593 I SystemServerTiming: OnBootPhase_500_com.android.server.soundtrigger.SoundTriggerService
06-26 20:29:16.235   593   593 D SoundTriggerService: onBootPhase: 500 : false
06-26 20:29:16.235   593   593 D SystemServerTiming: OnBootPhase_500_com.android.server.soundtrigger.SoundTriggerService took to complete: 0ms
06-26 20:29:16.236   593   593 I SystemServerTiming: OnBootPhase_500_com.android.server.trust.TrustManagerService
06-26 20:29:16.237   593   593 D SystemServerTiming: OnBootPhase_500_com.android.server.trust.TrustManagerService took to complete: 1ms
06-26 20:29:16.237   593   593 I SystemServerTiming: OnBootPhase_500_com.android.server.backup.BackupManagerService$Lifecycle
06-26 20:29:16.237   593   593 D SystemServerTiming: OnBootPhase_500_com.android.server.backup.BackupManagerService$Lifecycle took to complete: 0ms
06-26 20:29:16.237   593   593 I SystemServerTiming: OnBootPhase_500_com.android.server.appwidget.AppWidgetService
06-26 20:29:16.237   593   593 D SystemServerTiming: OnBootPhase_500_com.android.server.appwidget.AppWidgetService took to complete: 0ms
06-26 20:29:16.237   593   593 I SystemServerTiming: OnBootPhase_500_com.android.server.voiceinteraction.VoiceInteractionManagerService
06-26 20:29:16.237   593   593 D SystemServerTiming: OnBootPhase_500_com.android.server.voiceinteraction.VoiceInteractionManagerService took to complete: 0ms
06-26 20:29:16.237   593   593 I SystemServerTiming: OnBootPhase_500_com.android.server.apphibernation.AppHibernationService
06-26 20:29:16.240   593   593 D SystemServerTiming: OnBootPhase_500_com.android.server.apphibernation.AppHibernationService took to complete: 3ms
06-26 20:29:16.240   593   593 I SystemServerTiming: OnBootPhase_500_com.android.server.GestureLauncherService
06-26 20:29:16.240   593   593 D SystemServerTiming: OnBootPhase_500_com.android.server.GestureLauncherService took to complete: 0ms
06-26 20:29:16.240   593   593 I SystemServerTiming: OnBootPhase_500_com.android.server.SensorNotificationService
06-26 20:29:16.240   593   593 D SystemServerTiming: OnBootPhase_500_com.android.server.SensorNotificationService took to complete: 0ms
06-26 20:29:16.240   593   593 I SystemServerTiming: OnBootPhase_500_com.android.server.emergency.EmergencyAffordanceService
06-26 20:29:16.240   593   593 D SystemServerTiming: OnBootPhase_500_com.android.server.emergency.EmergencyAffordanceService took to complete: 0ms
06-26 20:29:16.240   593   593 I SystemServerTiming: OnBootPhase_500_com.android.server.dreams.DreamManagerService
06-26 20:29:16.241   593   593 D SystemServerTiming: OnBootPhase_500_com.android.server.dreams.DreamManagerService took to complete: 0ms
06-26 20:29:16.241   593   593 I SystemServerTiming: OnBootPhase_500_com.android.server.blob.BlobStoreManagerService
06-26 20:29:16.241   593   593 D SystemServerTiming: OnBootPhase_500_com.android.server.blob.BlobStoreManagerService took to complete: 0ms
06-26 20:29:16.241   593   593 I SystemServerTiming: OnBootPhase_500_com.android.server.restrictions.RestrictionsManagerService
06-26 20:29:16.241   593   593 D SystemServerTiming: OnBootPhase_500_com.android.server.restrictions.RestrictionsManagerService took to complete: 0ms
06-26 20:29:16.241   593   593 I SystemServerTiming: OnBootPhase_500_com.android.server.media.MediaSessionService
06-26 20:29:16.241   593   593 D SystemServerTiming: OnBootPhase_500_com.android.server.media.MediaSessionService took to complete: 0ms
06-26 20:29:16.241   593   593 I SystemServerTiming: OnBootPhase_500_com.android.server.hdmi.HdmiControlService
06-26 20:29:16.246   593   593 D SystemServerTiming: OnBootPhase_500_com.android.server.hdmi.HdmiControlService took to complete: 6ms
06-26 20:29:16.247   593   593 I SystemServerTiming: OnBootPhase_500_com.android.server.tv.TvInputManagerService
06-26 20:29:16.308   333   333 D ZygoteInitTiming_lazy: PreloadClasses took to complete: 2592ms
06-26 20:29:16.309   593   593 W SystemServiceManager: Service com.android.server.tv.TvInputManagerService took 63 ms in onBootPhase
06-26 20:29:16.309   593   593 D SystemServerTiming: OnBootPhase_500_com.android.server.tv.TvInputManagerService took to complete: 63ms
06-26 20:29:16.310   593   593 I SystemServerTiming: OnBootPhase_500_com.android.server.media.MediaResourceMonitorService
06-26 20:29:16.310   593   593 D SystemServerTiming: OnBootPhase_500_com.android.server.media.MediaResourceMonitorService took to complete: 0ms
06-26 20:29:16.310   593   593 I SystemServerTiming: OnBootPhase_500_com.android.server.tv.TvRemoteService
06-26 20:29:16.310   593   593 D SystemServerTiming: OnBootPhase_500_com.android.server.tv.TvRemoteService took to complete: 0ms
06-26 20:29:16.310   593   593 I SystemServerTiming: OnBootPhase_500_com.android.server.biometrics.BiometricService
06-26 20:29:16.310   593   593 D SystemServerTiming: OnBootPhase_500_com.android.server.biometrics.BiometricService took to complete: 0ms
06-26 20:29:16.310   593   593 I SystemServerTiming: OnBootPhase_500_com.android.server.biometrics.AuthService
06-26 20:29:16.310   593   593 D SystemServerTiming: OnBootPhase_500_com.android.server.biometrics.AuthService took to complete: 0ms
06-26 20:29:16.310   593   593 I SystemServerTiming: OnBootPhase_500_com.android.server.pm.ShortcutService$Lifecycle
06-26 20:29:16.310   593   593 D SystemServerTiming: OnBootPhase_500_com.android.server.pm.ShortcutService$Lifecycle took to complete: 0ms
06-26 20:29:16.310   593   593 I SystemServerTiming: OnBootPhase_500_com.android.server.pm.LauncherAppsService
06-26 20:29:16.310   593   593 D SystemServerTiming: OnBootPhase_500_com.android.server.pm.LauncherAppsService took to complete: 0ms
06-26 20:29:16.310   593   593 I SystemServerTiming: OnBootPhase_500_com.android.server.pm.CrossProfileAppsService
06-26 20:29:16.310   593   593 D SystemServerTiming: OnBootPhase_500_com.android.server.pm.CrossProfileAppsService took to complete: 0ms
06-26 20:29:16.310   593   593 I SystemServerTiming: OnBootPhase_500_com.android.server.people.PeopleService
06-26 20:29:16.311   593   593 D SystemServerTiming: OnBootPhase_500_com.android.server.people.PeopleService took to complete: 1ms
06-26 20:29:16.311   593   593 I SystemServerTiming: OnBootPhase_500_com.android.server.media.metrics.MediaMetricsManagerService
06-26 20:29:16.311   593   593 D SystemServerTiming: OnBootPhase_500_com.android.server.media.metrics.MediaMetricsManagerService took to complete: 0ms
06-26 20:29:16.311   593   593 I SystemServerTiming: OnBootPhase_500_com.android.server.media.projection.MediaProjectionManagerService
06-26 20:29:16.311   593   593 D SystemServerTiming: OnBootPhase_500_com.android.server.media.projection.MediaProjectionManagerService took to complete: 0ms
06-26 20:29:16.311   593   593 I SystemServerTiming: OnBootPhase_500_com.android.server.slice.SliceManagerService$Lifecycle
06-26 20:29:16.311   593   593 D SystemServerTiming: OnBootPhase_500_com.android.server.slice.SliceManagerService$Lifecycle took to complete: 0ms
06-26 20:29:16.311   593   593 I SystemServerTiming: OnBootPhase_500_com.android.server.stats.StatsCompanion$Lifecycle
06-26 20:29:16.311   593   593 D SystemServerTiming: OnBootPhase_500_com.android.server.stats.StatsCompanion$Lifecycle took to complete: 0ms
06-26 20:29:16.311   593   593 I SystemServerTiming: OnBootPhase_500_com.android.server.scheduling.RebootReadinessManagerService$Lifecycle
06-26 20:29:16.311   593   593 D SystemServerTiming: OnBootPhase_500_com.android.server.scheduling.RebootReadinessManagerService$Lifecycle took to complete: 0ms
06-26 20:29:16.312   593   593 I SystemServerTiming: OnBootPhase_500_com.android.server.stats.pull.StatsPullAtomService
06-26 20:29:16.321     0     0 W [   27.021202@3]  RTW: module init start
06-26 20:29:16.321     0     0 W [   27.021640@3]  RTW: rtl88x2cs v5.14.0.2-0-g4c549b2.20240603_COEX20211210-2727_kvr_csr
06-26 20:29:16.322     0     0 W [   27.021953@3]  RTW: build time: Jun  4 2025 16:52:49
06-26 20:29:16.322     0     0 W [   27.022775@3]  RTW: rtl88x2cs BT-Coex version = COEX20211210-2727
06-26 20:29:16.325     0     0 W [   27.023402@3]  RTW: rtw_inetaddr_notifier_register
06-26 20:29:16.325     0     0 W [   27.025082@3]  RTW: == SDIO Card Info ==
06-26 20:29:16.325     0     0 W [   27.025119@3]  RTW: card: 0000000073dc1175
06-26 20:29:16.325     0     0 W [   27.025421@3]  RTW: clock: 167000000 Hz
06-26 20:29:16.325     0     0 W [   27.025918@3]  RTW: timing spec: sd uhs SDR104
06-26 20:29:16.312   593   593 D SystemServerTiming: OnBootPhase_500_com.android.server.stats.pull.StatsPullAtomService took to complete: 0ms
06-26 20:29:16.312   593   593 I SystemServerTiming: OnBootPhase_500_com.android.server.incident.IncidentCompanionService
06-26 20:29:16.312   593   593 D SystemServerTiming: OnBootPhase_500_com.android.server.incident.IncidentCompanionService took to complete: 0ms
06-26 20:29:16.312   593   593 I SystemServerTiming: OnBootPhase_500_com.android.server.MmsServiceBroker
06-26 20:29:16.312   593   593 D SystemServerTiming: OnBootPhase_500_com.android.server.MmsServiceBroker took to complete: 0ms
06-26 20:29:16.312   593   593 I SystemServerTiming: OnBootPhase_500_com.android.server.autofill.AutofillManagerService
06-26 20:29:16.312   593   593 D SystemServerTiming: OnBootPhase_500_com.android.server.autofill.AutofillManagerService took to complete: 0ms
06-26 20:29:16.312   593   593 I SystemServerTiming: OnBootPhase_500_com.android.server.clipboard.ClipboardService
06-26 20:29:16.312   593   593 D SystemServerTiming: OnBootPhase_500_com.android.server.clipboard.ClipboardService took to complete: 0ms
06-26 20:29:16.312   593   593 I SystemServerTiming: OnBootPhase_500_com.android.server.appbinding.AppBindingService$Lifecycle
06-26 20:29:16.312   593   593 D SystemServerTiming: OnBootPhase_500_com.android.server.appbinding.AppBindingService$Lifecycle took to complete: 0ms
06-26 20:29:16.312   593   593 I SystemServerTiming: OnBootPhase_500_com.android.server.tracing.TracingServiceProxy
06-26 20:29:16.312   593   593 D SystemServerTiming: OnBootPhase_500_com.android.server.tracing.TracingServiceProxy took to complete: 0ms
06-26 20:29:16.331     0     0 W [   27.026819@3]  RTW: sd3_bus_mode: TRUE
06-26 20:29:16.331     0     0 W [   27.026984@3]  RTW: func num: 1
06-26 20:29:16.331     0     0 W [   27.027396@3]  RTW: func1: 000000007a701de0 (*)
06-26 20:29:16.331     0     0 W [   27.027976@3]  RTW: ================
06-26 20:29:16.331     0     0 W [   27.028501@3]  RTW: CHIP TYPE: RTL8822C
06-26 20:29:16.331     0     0 W [   27.028961@3]  RTW: loadparam, Select P2P interface: iface_id:1
06-26 20:29:16.313   593   593 D SystemServerTiming: OnBootPhase_500 took to complete: 409ms
06-26 20:29:16.336     0     0 W [   27.029715@3]  RTW: [HALMAC]55772M
06-26 20:29:16.336     0     0 W         : [   27.029715@3]  HALMAC_MAJOR_VER = 1
06-26 20:29:16.336     0     0 W         : [   27.029715@3]  HALMAC_PROTOTYPE_VER = 6
06-26 20:29:16.336     0     0 W         : [   27.029715@3]  HALMAC_MINOR_VER = 6
06-26 20:29:16.336     0     0 W         : [   27.029715@3]  HALMAC_PATCH_VER = 26
06-26 20:29:16.313   593   593 D SystemServerTiming: StartBootPhaseSystemServicesReady took to complete: 409ms
06-26 20:29:16.313   593   593 I SystemServerTiming: MakeWindowManagerServiceReady
06-26 20:29:16.337     0     0 W [   27.038221@0]  RTW: Chip Version Info: CHIP_8822C_U4_2T2R_RomVer(3)
06-26 20:29:16.326   593   593 D SystemServerTiming: MakeWindowManagerServiceReady took to complete: 14ms
06-26 20:29:16.335   593   593 I SystemServerTiming: MakePowerManagerServiceReady
06-26 20:29:16.345   593   593 I AttentionDetector: readValuesFromDeviceConfig():
06-26 20:29:16.345   593   593 I AttentionDetector: mMaximumExtensionMillis=900000
06-26 20:29:16.345   593   593 I AttentionDetector: mPreDimCheckDurationMillis=2000
06-26 20:29:16.345   593   593 I AttentionDetector: mRequestedPostDimTimeoutMillis=0
06-26 20:29:16.347   593   628 E KernelCpuThreadReader: Failed to initialize KernelCpuThreadReader
06-26 20:29:16.347   593   628 E KernelCpuThreadReader: java.nio.file.NoSuchFileException: /proc/self/time_in_state
06-26 20:29:16.347   593   628 E KernelCpuThreadReader: 	at sun.nio.fs.UnixFileSystemProvider.newByteChannel(UnixFileSystemProvider.java:214)
06-26 20:29:16.347   593   628 E KernelCpuThreadReader: 	at java.nio.file.Files.newByteChannel(Files.java:361)
06-26 20:29:16.347   593   628 E KernelCpuThreadReader: 	at java.nio.file.Files.newByteChannel(Files.java:407)
06-26 20:29:16.347   593   628 E KernelCpuThreadReader: 	at java.nio.file.Files.readAllBytes(Files.java:3152)
06-26 20:29:16.347   593   628 E KernelCpuThreadReader: 	at com.android.internal.os.ProcTimeInStateReader.initializeTimeInStateFormat(ProcTimeInStateReader.java:159)
06-26 20:29:16.347   593   628 E KernelCpuThreadReader: 	at com.android.internal.os.ProcTimeInStateReader.<init>(ProcTimeInStateReader.java:106)
06-26 20:29:16.347   593   628 E KernelCpuThreadReader: 	at com.android.internal.os.KernelCpuThreadReader.<init>(KernelCpuThreadReader.java:138)
06-26 20:29:16.347   593   628 E KernelCpuThreadReader: 	at com.android.internal.os.KernelCpuThreadReader.create(KernelCpuThreadReader.java:151)
06-26 20:29:16.347   593   628 E KernelCpuThreadReader: 	at com.android.internal.os.KernelCpuThreadReaderSettingsObserver.<init>(KernelCpuThreadReaderSettingsObserver.java:95)
06-26 20:29:16.347   593   628 E KernelCpuThreadReader: 	at com.android.internal.os.KernelCpuThreadReaderSettingsObserver.getSettingsModifiedReader(KernelCpuThreadReaderSettingsObserver.java:80)
06-26 20:29:16.347   593   628 E KernelCpuThreadReader: 	at com.android.server.stats.pull.StatsPullAtomService.initializePullersState(StatsPullAtomService.java:798)
06-26 20:29:16.347   593   628 E KernelCpuThreadReader: 	at com.android.server.stats.pull.StatsPullAtomService.lambda$onBootPhase$0$StatsPullAtomService(StatsPullAtomService.java:757)
06-26 20:29:16.347   593   628 E KernelCpuThreadReader: 	at com.android.server.stats.pull.StatsPullAtomService$$ExternalSyntheticLambda14.run(Unknown Source:2)
06-26 20:29:16.347   593   628 E KernelCpuThreadReader: 	at android.os.Handler.handleCallback(Handler.java:938)
06-26 20:29:16.347   593   628 E KernelCpuThreadReader: 	at android.os.Handler.dispatchMessage(Handler.java:99)
06-26 20:29:16.347   593   628 E KernelCpuThreadReader: 	at android.os.Looper.loopOnce(Looper.java:201)
06-26 20:29:16.347   593   628 E KernelCpuThreadReader: 	at android.os.Looper.loop(Looper.java:288)
06-26 20:29:16.347   593   628 E KernelCpuThreadReader: 	at android.os.HandlerThread.run(HandlerThread.java:67)
06-26 20:29:16.350   333   333 D ZygoteInitTiming_lazy: CacheNonBootClasspathClassLoaders took to complete: 41ms
06-26 20:29:16.356     0     0 W [   27.053076@2]  RTW: SetHwReg: bMacPwrCtrlOn=1
06-26 20:29:16.361   593   593 E DisplayPowerController[0]: failed to set up display white-balance: java.lang.IllegalStateException: cannot find light sensor
06-26 20:29:16.361   593   593 W DisplayPowerController[0]: Screen brightness nits configuration is unavailable; falling back
06-26 20:29:16.375   593   636 W KernelCpuProcStringReader: File not found. It's normal if not implemented: /proc/uid_concurrent_policy_time
06-26 20:29:16.390   593   694 D SystemServerTimingAsync: SecondaryZygotePreload took to complete: 2878ms
06-26 20:29:16.390   593   694 D SystemServerInitThreadPool: Finished executing SecondaryZygotePreload
06-26 20:29:16.390   593   694 D SystemServerTimingAsync: InitThreadPoolExec:SecondaryZygotePreload took to complete: 2878ms
06-26 20:29:16.395   593   646 W KeyguardServiceDelegate: onScreenTurningOn(): no keyguard service!
06-26 20:29:16.397   593   646 V DisplayPowerController[0]: Brightness [0.39763778] reason changing to: 'override', previous reason: '0'.
06-26 20:29:16.399   593   623 I DisplayDeviceRepository: Display device changed state: "Built-in Screen", ON
06-26 20:29:16.400   593   767 E DisplayDeviceConfig: requesting nits when no mapping exists.
06-26 20:29:16.401   593   767 E DisplayDeviceConfig: requesting nits when no mapping exists.
06-26 20:29:16.407     0     0 W [   27.104635@0]  RTW: is_valid_id_status: HALMAC_FEATURE_DUMP_LOGICAL_EFUSE
06-26 20:29:16.408     0     0 W [   27.104834@0]  RTW: HW EFUSE
06-26 20:29:16.408     0     0 W [   27.105156@0]  RTW: 0x000: 29 81 00 8F  FF 20 28 00  9A 04 ED 75  10 0F F1 EB
06-26 20:29:16.408     0     0 W [   27.106065@0]  RTW: 0x010: 4E 50 54 54  54 54 44 44  4A 4A 4A 02  00 00 FF FF
06-26 20:29:16.408     0     0 W [   27.107460@0]  RTW: 0x020: FF FF 52 52  50 50 50 50  50 50 50 50  48 48 48 48
06-26 20:29:16.408     0     0 W [   27.107886@0]  RTW: 0x030: 02 00 FF FF  00 FF 00 00  FF FF 5C 5C  5E 5E 5E 5E
06-26 20:29:16.408     0     0 W [   27.108795@0]  RTW: 0x040: 52 52 54 54  54 02 00 00  FF FF FF FF  54 54 52 52
06-26 20:29:16.405   593   593 I FaceDownDetector: readValuesFromDeviceConfig():
06-26 20:29:16.405   593   593 I FaceDownDetector: mAccelerationThreshold=0.2
06-26 20:29:16.405   593   593 I FaceDownDetector: mZAccelerationThreshold=-9.5
06-26 20:29:16.405   593   593 I FaceDownDetector: mTimeThreshold=PT1S
06-26 20:29:16.405   593   593 I FaceDownDetector: mIsEnabled=true
06-26 20:29:16.408   593   621 I WindowManager: onDisplayChanged, oldSize= Point(1920, 1080), newSize= Point(1920, 1080)
06-26 20:29:16.409   593   629 I DropBoxManagerService: add tag=system_server_wtf isTagEnabled=true flags=0x2
06-26 20:29:16.411     0     0 W [   27.109827@0]  RTW: 0x050: 4C 4E 4E 50  50 50 4C 4C  4C 4C 02 00  FF FF 00 FF
06-26 20:29:16.411     0     0 W [   27.111359@0]  RTW: 0x060: 00 00 FF FF  FF FF FF FF  FF FF FF FF  FF FF FF FF
06-26 20:29:16.413     0     0 W [   27.112318@0]  RTW: 0x070: FF FF FF FF  FF FF FF FF  FF FF FF FF  FF FF FF FF
06-26 20:29:16.413     0     0 W [   27.112563@0]  RTW: 0x080: FF FF FF FF  FF FF FF FF  FF FF FF FF  FF FF FF FF
06-26 20:29:16.413     0     0 W [   27.113651@0]  RTW: 0x090: FF FF FF FF  FF FF FF FF  FF FF FF FF  FF FF FF FF
06-26 20:29:16.416   593   593 D PowerManagerService: sdt acquireBlocker
06-26 20:29:16.417     0     0 W [   27.116390@0]  RTW: 0x0A0: FF FF FF FF  FF FF FF FF  FF FF FF FF  FF FF FF FF
06-26 20:29:16.417     0     0 W [   27.116640@0]  RTW: 0x0B0: FF FF FF FF  FF FF FF FF  7F 1E FF 00  FF FF FF FF
06-26 20:29:16.417     0     0 W [   27.118320@0]  RTW: 0x0C0: FF 21 00 10  00 00 FF FF  00 33 04 FF  FF FF FF FF
06-26 20:29:16.417     0     0 W [   27.118625@0]  RTW: 0x0D0: 26 26 FF FF  FF FF FF FF  FF FF FF FF  FF FF FF FF
06-26 20:29:16.418   593   593 D SystemServerTiming: MakePowerManagerServiceReady took to complete: 82ms
06-26 20:29:16.418   593   593 I SystemServerTiming: StartPermissionPolicyService
06-26 20:29:16.418   593   593 I SystemServiceManager: Starting com.android.server.policy.PermissionPolicyService
06-26 20:29:16.419   593   628 I HealthServiceWrapper: health: HealthServiceWrapper listening to instance default
06-26 20:29:16.422     0     0 W [   27.119540@0]  RTW: 0x0E0: FF FF FF FF  FF FF FF FF  FF FF FF FF  FF FF FF FF
06-26 20:29:16.422     0     0 W [   27.121032@0]  RTW: 0x0F0: FF FF FF FF  FF FF FF FF  FF FF FF FF  FF FF FF FF
06-26 20:29:16.422     0     0 W [   27.121297@0]  RTW: 0x100: F0 94 65 D3  58 C5 FF FF  CD F0 FF FF  FF FF FF FF
06-26 20:29:16.422     0     0 W [   27.122362@0]  RTW: 0x110: 1E 1E FC A0  D8 D8 FD FF  35 8C FF FF  FF FF FF FF
06-26 20:29:16.422     0     0 W [   27.123211@0]  RTW: 0x120: FE DF 01 23  34 FF FF FF  FF FF FF FF  FF FF FF FF
06-26 20:29:16.426     0     0 W [   27.124029@0]  RTW: 0x130: FF FF FF FF  FF FF FF FF  FF FF FF FF  FF FF FF FF
06-26 20:29:16.426     0     0 W [   27.125147@0]  RTW: 0x140: FF FF FF FF  FF FF FF FF  FF FF FF FF  FF FF FF FF
06-26 20:29:16.426     0     0 W [   27.125848@0]  RTW: 0x150: FF FF FF FF  FF FF FF FF  FF FF FF FF  FF FF FF FF
06-26 20:29:16.426   593   593 D SystemServerTiming: StartPermissionPolicyService took to complete: 8ms
06-26 20:29:16.426   593   593 I SystemServerTiming: MakePackageManagerServiceReady
06-26 20:29:16.430     0     0 W [   27.128215@0]  RTW: 0x160: FF FF FF FF  FF FF FF FF  FF FF BC C7  DA 4D DD FA
06-26 20:29:16.430     0     0 W [   27.128754@0]  RTW: 0x170: FF FF FF FF  FF FF FF FF  FF FF FF FF  FF FF FF FF
06-26 20:29:16.430     0     0 W [   27.129678@0]  RTW: 0x180: FF FF FF FF  FF FF FF FF  FF FF FF FF  FF FF FF FF
06-26 20:29:16.430     0     0 W [   27.130285@0]  RTW: 0x190: FF FF FF FF  FF FF FF FF  FF FF FF FF  FF FF FF FF
06-26 20:29:16.433     0     0 W [   27.131885@0]  RTW: 0x1A0: FF FF FF FF  FF FF FF FF  FF FF FF FF  FF FF FF FF
06-26 20:29:16.434     0     0 W [   27.132903@0]  RTW: 0x1B0: FF FF FF FF  FF FF FF FF  FF FF FF FF  FF FF FF FF
06-26 20:29:16.434     0     0 W [   27.133329@0]  RTW: 0x1C0: FF FF FF FF  FF FF FF FF  FF FF FF FF  FF FF FF FF
06-26 20:29:16.440     0     0 W [   27.135009@0]  RTW: 0x1D0: FF FF FF FF  FF FF FF FF  FF FF FF FF  FF FF FF FF
06-26 20:29:16.440     0     0 W [   27.135252@0]  RTW: 0x1E0: FF FF FF FF  FF FF FF FF  FF FF FF FF  FF FF FF FF
06-26 20:29:16.440     0     0 W [   27.136491@0]  RTW: 0x1F0: FF FF FF FF  FF FF FF FF  FF FF FF FF  FF FF FF FF
06-26 20:29:16.440     0     0 W [   27.137071@0]  RTW: 0x200: FF FF FF FF  FF FF FF FF  FF FF FF FF  FF FF FF FF
06-26 20:29:16.440     0     0 W [   27.138119@0]  RTW: 0x210: FF FF FF FF  FF FF FF FF  FF FF FF FF  FF FF FF FF
06-26 20:29:16.440     0     0 W [   27.138958@0]  RTW: 0x220: FF FF FF FF  FF FF FF FF  FF FF FF FF  FF FF FF FF
06-26 20:29:16.441     0     0 W [   27.139939@0]  RTW: 0x230: FF FF FF FF  FF FF FF FF  FF FF FF FF  FF FF FF FF
06-26 20:29:16.441     0     0 W [   27.140713@0]  RTW: 0x240: FF FF FF FF  FF FF FF FF  FF FF FF FF  FF FF FF FF
06-26 20:29:16.462     0     0 W [   27.156600@0]  RTW: 0x250: FF FF FF FF  FF FF FF FF  FF FF FF FF  FF FF FF FF
06-26 20:29:16.462     0     0 W [   27.156848@0]  RTW: 0x260: FF FF FF FF  FF FF FF FF  FF FF FF FF  FF FF FF FF
