06-26 00:40:46.198  4114  4114 I HidlServiceManagement: Registered android.hardware.audio@5.0::IDevicesFactory/default
06-26 00:40:46.198  4111  4111 D SystemControl: [CPQdb]:table name is MCDI_MPEG_HD!
06-26 00:40:46.199  4114  4114 I HidlServiceManagement: Removing namespace from process name android.hardware.audio.service-droidlogic to audio.service-droidlogic.
06-26 00:40:46.200  4111  4111 W libc    : Access denied finding property "systemcontrol.debug.pq.enable"
06-26 00:40:46.202  4111  4111 D SystemControl: [CPQdb]:getDIRegValuesByValue, length = 118
06-26 00:40:46.202  4111  4111 D SystemControl: [CPQControl]:Deblock moudle disabled!
06-26 00:40:46.202  4111  4111 D SystemControl: [CPQControl]:DemoSquito moudle disabled!
06-26 00:40:46.202  4111  4111 D SystemControl: [CPQControl]:Cpq_SetDIModuleParam success!
06-26 00:40:46.202  4111  4111 D SystemControl: [CPQControl]:GetPQMode, source: 10, mode: 0
06-26 00:40:46.200  4111  4111 W systemcontrol: type=1400 audit(0.0:15): avc: denied { read } for name="u:object_r:default_prop:s0" dev="tmpfs" ino=266 scontext=u:r:system_control:s0 tcontext=u:object_r:default_prop:s0 tclass=file permissive=0
06-26 00:40:46.214     0     0 I [   10.107479@1]- binder: 4147:4147 ioctl 40046210 ff831418 returned -22
06-26 00:40:46.212  4111  4111 W systemcontrol: type=1400 audit(0.0:16): avc: denied { read } for name="u:object_r:default_prop:s0" dev="tmpfs" ino=266 scontext=u:r:system_control:s0 tcontext=u:object_r:default_prop:s0 tclass=file permissive=0
06-26 00:40:46.220  4111  4111 W systemcontrol: type=1400 audit(0.0:17): avc: denied { read } for name="u:object_r:default_prop:s0" dev="tmpfs" ino=266 scontext=u:r:system_control:s0 tcontext=u:object_r:default_prop:s0 tclass=file permissive=0
06-26 00:40:46.224  4111  4111 W systemcontrol: type=1400 audit(0.0:18): avc: denied { read } for name="u:object_r:default_prop:s0" dev="tmpfs" ino=266 scontext=u:r:system_control:s0 tcontext=u:object_r:default_prop:s0 tclass=file permissive=0
06-26 00:40:46.228  4111  4111 W systemcontrol: type=1400 audit(0.0:19): avc: denied { read } for name="u:object_r:default_prop:s0" dev="tmpfs" ino=266 scontext=u:r:system_control:s0 tcontext=u:object_r:default_prop:s0 tclass=file permissive=0
06-26 00:40:46.202  4111  4111 D SystemControl: [CPQControl]:Cpq_LoadBasicRegs: BlackExtension moudle disabled!
06-26 00:40:46.203  4111  4111 W libc    : Access denied finding property "systemcontrol.debug.pq.enable"
06-26 00:40:46.203  4131  4131 I HidlServiceManagement: Registered android.hardware.drm@1.4::IDrmFactory/clearkey
06-26 00:40:46.203  4114  4114 I LegacySupport: Registration complete for android.hardware.audio@5.0::IDevicesFactory/default.
06-26 00:40:46.203  4131  4131 I HidlServiceManagement: Removing namespace from process name android.hardware.drm@1.4-service.clearkey to drm@1.4-service.clearkey.
06-26 00:40:46.204  3822  3822 I hwservicemanager: getTransport: Cannot find entry android.hardware.audio.effect@6.0::IEffectsFactory/default in either framework or device VINTF manifest.
06-26 00:40:46.205  4114  4114 E LegacySupport: Could not get passthrough implementation for android.hardware.audio.effect@6.0::IEffectsFactory/default.
06-26 00:40:46.208  4131  4131 I HidlServiceManagement: Registered android.hardware.drm@1.4::ICryptoFactory/clearkey
06-26 00:40:46.207  4136  4136 D hw-ProcessState: Binder ioctl to enable oneway spam detection failed: Invalid argument
06-26 00:40:46.254     0     0 I [   10.142929@3]- binder: 4137:4137 ioctl 40046210 ff803df8 returned -22
06-26 00:40:46.208  4131  4131 I HidlServiceManagement: Removing namespace from process name android.hardware.drm@1.4-service.clearkey to drm@1.4-service.clearkey.
06-26 00:40:46.193  4147  4147 I health@2.0/: health@2.0/default: Hal starting main loop...
06-26 00:40:46.212  4147  4147 I health@2.0/: health@2.0/default Hal is starting up...
06-26 00:40:46.212  4147  4147 D hw-ProcessState: Binder ioctl to enable oneway spam detection failed: Invalid argument
06-26 00:40:46.268  4154  4154 W android.hardwar: type=1400 audit(0.0:20): avc: denied { read } for name="devices" dev="sysfs" ino=9408 scontext=u:r:hal_power_stats_default:s0 tcontext=u:object_r:sysfs_iio:s0 tclass=dir permissive=0
06-26 00:40:46.272  4111  4111 W systemcontrol: type=1400 audit(0.0:21): avc: denied { read } for name="u:object_r:default_prop:s0" dev="tmpfs" ino=266 scontext=u:r:system_control:s0 tcontext=u:object_r:default_prop:s0 tclass=file permissive=0
06-26 00:40:46.276  4111  4111 W systemcontrol: type=1400 audit(0.0:22): avc: denied { read } for name="u:object_r:default_prop:s0" dev="tmpfs" ino=266 scontext=u:r:system_control:s0 tcontext=u:object_r:default_prop:s0 tclass=file permissive=0
06-26 00:40:46.310     0     0 I [   10.146361@0]- binder: 4149:4149 ioctl 40046210 ffc2b010 returned -22
06-26 00:40:46.311     0     0 I [   10.150786@0]- binder: 4153:4153 ioctl 40046210 ff9c6690 returned -22
06-26 00:40:46.311     0     0 I [   10.170067@0]- binder: 4154:4154 ioctl 40046210 ffa75bb0 returned -22
06-26 00:40:46.316     0     0 I [   10.207365@2]- binder: 4116:4116 ioctl 40046210 ffac5f58 returned -22
06-26 00:40:46.214  4137  4137 E Playready: 
06-26 00:40:46.214  4137  4137 E Playready: MM-module-name:Playready libplayready,Version:4.4.0.6211-r33-g21afe33(build:3841)
06-26 00:40:46.214  4137  4137 E Playready: 
06-26 00:40:46.216  4111  4111 D SystemControl: [CPQdb]:table name is Sharpness_0_CVBS_NTSC_Fixed!
06-26 00:40:46.218  4111  4111 W libc    : Access denied finding property "systemcontrol.debug.pq.enable"
06-26 00:40:46.219  4136  4136 I HidlServiceManagement: Registered android.hardware.drm@1.4::IDrmFactory/netflix
06-26 00:40:46.220  4136  4136 I HidlServiceManagement: Removing namespace from process name android.hardware.drm@1.4-service.netflix to drm@1.4-service.netflix.
06-26 00:40:46.224  4147  4147 I HidlServiceManagement: Registered android.hardware.health@2.0::IHealth/default
06-26 00:40:46.224  4147  4147 I HidlServiceManagement: Removing namespace from process name android.hardware.health@2.0-service.droidlogic to health@2.0-service.droidlogic.
06-26 00:40:46.224  4111  4111 D SystemControl: [CPQControl]:Cpq_SetSharpness0FixedParam success!
06-26 00:40:46.224  4147  4147 I health@2.0/: health@2.0/default: Hal init done
06-26 00:40:46.224  4136  4136 I HidlServiceManagement: Registered android.hardware.drm@1.4::ICryptoFactory/netflix
06-26 00:40:46.224  4136  4136 I HidlServiceManagement: Removing namespace from process name android.hardware.drm@1.4-service.netflix to drm@1.4-service.netflix.
06-26 00:40:46.225  4111  4111 W libc    : Access denied finding property "systemcontrol.debug.pq.enable"
06-26 00:40:46.230  4111  4111 D SystemControl: [CPQdb]:table name is Sharpness_0_CVBS_NTSC_Variable!
06-26 00:40:46.231  4111  4111 W libc    : Access denied finding property "systemcontrol.debug.pq.enable"
06-26 00:40:46.232  4111  4111 D SystemControl: [CPQControl]:Cpq_SetSharpness0VariableParam success!
06-26 00:40:46.232  4111  4111 D SystemControl: [CPQControl]:Cpq_LoadBasicRegs: Sharpness1 moudle disabled!
06-26 00:40:46.232  4111  4111 W libc    : Access denied finding property "systemcontrol.debug.pq.enable"
06-26 00:40:46.280  4111  4111 W systemcontrol: type=1400 audit(0.0:23): avc: denied { read } for name="u:object_r:default_prop:s0" dev="tmpfs" ino=266 scontext=u:r:system_control:s0 tcontext=u:object_r:default_prop:s0 tclass=file permissive=0
06-26 00:40:46.331     0     0 I [   10.222156@0]- binder: 4156:4156 ioctl 40046210 fff04470 returned -22
06-26 00:40:46.288  4111  4111 W systemcontrol: type=1400 audit(0.0:24): avc: denied { read } for name="u:object_r:default_prop:s0" dev="tmpfs" ino=266 scontext=u:r:system_control:s0 tcontext=u:object_r:default_prop:s0 tclass=file permissive=0
06-26 00:40:46.296  4111  4111 W systemcontrol: type=1400 audit(0.0:25): avc: denied { read } for name="u:object_r:default_prop:s0" dev="tmpfs" ino=266 scontext=u:r:system_control:s0 tcontext=u:object_r:default_prop:s0 tclass=file permissive=0
06-26 00:40:46.296  4111  4111 W systemcontrol: type=1400 audit(0.0:26): avc: denied { read } for name="u:object_r:default_prop:s0" dev="tmpfs" ino=266 scontext=u:r:system_control:s0 tcontext=u:object_r:default_prop:s0 tclass=file permissive=0
06-26 00:40:46.300  4111  4111 W systemcontrol: type=1400 audit(0.0:27): avc: denied { read } for name="u:object_r:default_prop:s0" dev="tmpfs" ino=266 scontext=u:r:system_control:s0 tcontext=u:object_r:default_prop:s0 tclass=file permissive=0
06-26 00:40:46.300  4111  4111 W systemcontrol: type=1400 audit(0.0:28): avc: denied { read } for name="u:object_r:default_prop:s0" dev="tmpfs" ino=266 scontext=u:r:system_control:s0 tcontext=u:object_r:default_prop:s0 tclass=file permissive=0
06-26 00:40:46.312  4111  4111 W systemcontrol: type=1400 audit(0.0:29): avc: denied { read } for name="u:object_r:default_prop:s0" dev="tmpfs" ino=266 scontext=u:r:system_control:s0 tcontext=u:object_r:default_prop:s0 tclass=file permissive=0
06-26 00:40:46.328  4111  4111 W systemcontrol: type=1400 audit(0.0:30): avc: denied { read } for name="u:object_r:default_prop:s0" dev="tmpfs" ino=266 scontext=u:r:system_control:s0 tcontext=u:object_r:default_prop:s0 tclass=file permissive=0
06-26 00:40:46.229  4147  4147 I health2 : /sys/class/mmc_host/emmc/emmc:0001/rev:0x8
06-26 00:40:46.234  4147  4147 I health2 : /sys/class/mmc_host/emmc/emmc:0001/name:8GTF4R
06-26 00:40:46.234  4147  4147 I health2 : /sys/class/mmc_host/emmc/emmc:0001/life_time:0x03 0x03
06-26 00:40:46.234  4147  4147 I health2 : /sys/class/mmc_host/emmc/emmc:0001/pre_eol_info:01
06-26 00:40:46.234  4147  4147 E health2 : /sys/block/sda/stat: ReadFileToString failed.
06-26 00:40:46.248  4137  4137 D hw-ProcessState: Binder ioctl to enable oneway spam detection failed: Invalid argument
06-26 00:40:46.251  4149  4149 D hw-ProcessState: Binder ioctl to enable oneway spam detection failed: Invalid argument
06-26 00:40:46.252  4137  4137 I HidlServiceManagement: Registered android.hardware.drm@1.4::IDrmFactory/playready
06-26 00:40:46.252  4137  4137 I HidlServiceManagement: Removing namespace from process name android.hardware.drm@1.4-service.playready to drm@1.4-service.playready.
06-26 00:40:46.256  4153  4153 D hw-ProcessState: Binder ioctl to enable oneway spam detection failed: Invalid argument
06-26 00:40:46.355     0     0 I [   10.249175@2]- binder: 4140:4140 ioctl 40046210 fff82fd0 returned -22
06-26 00:40:46.262  4137  4137 I HidlServiceManagement: Registered android.hardware.drm@1.4::ICryptoFactory/playready
06-26 00:40:46.262  4137  4137 I HidlServiceManagement: Removing namespace from process name android.hardware.drm@1.4-service.playready to drm@1.4-service.playready.
06-26 00:40:46.263  4114  4114 I HidlServiceManagement: Registered android.hardware.audio.effect@5.0::IEffectsFactory/default
06-26 00:40:46.263  4114  4114 I LegacySupport: Registration complete for android.hardware.audio.effect@5.0::IEffectsFactory/default.
06-26 00:40:46.267  4149  4149 I ConsumerIrHal: consumerir hal open success
06-26 00:40:46.269  4153  4153 D memtrack_aml: memtrack init
06-26 00:40:46.272  4149  4149 I HidlServiceManagement: Registered android.hardware.ir@1.0::IConsumerIr/default
06-26 00:40:46.272  4149  4149 I HidlServiceManagement: Removing namespace from process name android.hardware.ir@1.0-service to ir@1.0-service.
06-26 00:40:46.272  4149  4149 I LegacySupport: Registration complete for android.hardware.ir@1.0::IConsumerIr/default.
06-26 00:40:46.272  4153  4153 I HidlServiceManagement: Registered android.hardware.memtrack@1.0::IMemtrack/default
06-26 00:40:46.273  4153  4153 I HidlServiceManagement: Removing namespace from process name android.hardware.memtrack@1.0-service to memtrack@1.0-service.
06-26 00:40:46.273  4153  4153 I LegacySupport: Registration complete for android.hardware.memtrack@1.0::IMemtrack/default.
06-26 00:40:46.368     0     0 I [   10.250496@3]- binder: 4159:4159 ioctl 40046210 fff67c38 returned -22
06-26 00:40:46.348  4111  4111 W systemcontrol: type=1400 audit(0.0:31): avc: denied { read } for name="u:object_r:default_prop:s0" dev="tmpfs" ino=266 scontext=u:r:system_control:s0 tcontext=u:object_r:default_prop:s0 tclass=file permissive=0
06-26 00:40:46.375     0     0 I [   10.268571@3]- binder: 4143:4143 ioctl 40046210 ffb43db8 returned -22
06-26 00:40:46.375     0     0 I [   10.270093@3]- binder: 4162:4162 ioctl 40046210 ffaed160 returned -22
06-26 00:40:46.368  4111  4111 W systemcontrol: type=1400 audit(0.0:32): avc: denied { read } for name="u:object_r:default_prop:s0" dev="tmpfs" ino=266 scontext=u:r:system_control:s0 tcontext=u:object_r:default_prop:s0 tclass=file permissive=0
06-26 00:40:46.383     0     0 I [   10.274814@3]- binder: 4143:4143 ioctl 40046210 ffb43da0 returned -22
06-26 00:40:46.274  4154  4154 I android.hardware.power.stats@1.0-service-mock: power.stats service 1.0 mock is starting.
06-26 00:40:46.275  4154  4154 E android.hardware.power.stats@1.0-service-mock: Error opening directory: /sys/bus/iio/devices/
06-26 00:40:46.275  4154  4154 D hw-ProcessState: Binder ioctl to enable oneway spam detection failed: Invalid argument
06-26 00:40:46.278  4111  4111 D SystemControl: [CPQdb]:table name is Bri_Con_MPEG_Brightness_RefData!
06-26 00:40:46.279  4154  4154 I HidlServiceManagement: Registered android.hardware.power.stats@1.0::IPowerStats/default
06-26 00:40:46.279  4154  4154 I HidlServiceManagement: Removing namespace from process name android.hardware.power.stats@1.0-service.mock to stats@1.0-service.mock.
06-26 00:40:46.279  4154  4154 I android.hardware.power.stats@1.0-service-mock: power.stats service is ready
06-26 00:40:46.281  4111  4111 W libc    : Access denied finding property "systemcontrol.debug.pq.enable"
06-26 00:40:46.281  4111  4111 D SystemControl: [CPQControl]:Cpq_SetBrightnessBasicParam success!
06-26 00:40:46.282  4111  4111 W libc    : Access denied finding property "systemcontrol.debug.pq.enable"
06-26 00:40:46.283  4111  4111 D SystemControl: [CPQdb]:table name is Bri_Con_MPEG_Contrast_RefData!
06-26 00:40:46.283  4111  4111 W libc    : Access denied finding property "systemcontrol.debug.pq.enable"
06-26 00:40:46.291  4111  4111 D SystemControl: [CPQControl]:Cpq_SetContrastBasicParam success!
06-26 00:40:46.291  4111  4111 W libc    : Access denied finding property "systemcontrol.debug.pq.enable"
06-26 00:40:46.292  4114  4114 D audiohalservice:  audio_service-droidlogic   mlockall successfully No such file or directory
06-26 00:40:46.292  3822  3822 I hwservicemanager: getTransport: Cannot find entry android.hardware.soundtrigger@2.3::ISoundTriggerHw/default in either framework or device VINTF manifest.
06-26 00:40:46.293  4114  4114 E LegacySupport: Could not get passthrough implementation for android.hardware.soundtrigger@2.3::ISoundTriggerHw/default.
06-26 00:40:46.293  3822  3822 I hwservicemanager: getTransport: Cannot find entry android.hardware.soundtrigger@2.2::ISoundTriggerHw/default in either framework or device VINTF manifest.
06-26 00:40:46.294  4114  4114 E LegacySupport: Could not get passthrough implementation for android.hardware.soundtrigger@2.2::ISoundTriggerHw/default.
06-26 00:40:46.294  3822  3822 I hwservicemanager: getTransport: Cannot find entry android.hardware.soundtrigger@2.1::ISoundTriggerHw/default in either framework or device VINTF manifest.
06-26 00:40:46.295  4114  4114 E LegacySupport: Could not get passthrough implementation for android.hardware.soundtrigger@2.1::ISoundTriggerHw/default.
06-26 00:40:46.295  3822  3822 I hwservicemanager: getTransport: Cannot find entry android.hardware.soundtrigger@2.0::ISoundTriggerHw/default in either framework or device VINTF manifest.
06-26 00:40:46.296  4114  4114 E LegacySupport: Could not get passthrough implementation for android.hardware.soundtrigger@2.0::ISoundTriggerHw/default.
06-26 00:40:46.296  4114  4114 W audiohalservice: Could not register Soundtrigger API
06-26 00:40:46.301  4111  4111 D SystemControl: [CPQdb]:table name is Saturation_MPEG_Saturation!
06-26 00:40:46.301  4111  4111 W libc    : Access denied finding property "systemcontrol.debug.pq.enable"
06-26 00:40:46.301  4111  4111 D SystemControl: [CPQControl]:Cpq_SetSaturationBasicParam success!
06-26 00:40:46.302  4111  4111 W libc    : Access denied finding property "systemcontrol.debug.pq.enable"
06-26 00:40:46.302  4111  4111 D SystemControl: [CPQdb]:table name is Saturation_MPEG_Hue!
06-26 00:40:46.303  4111  4111 W libc    : Access denied finding property "systemcontrol.debug.pq.enable"
06-26 00:40:46.303  4111  4111 D SystemControl: [CPQControl]:Cpq_SetHueBasicParam success!
06-26 00:40:46.303  4111  4111 W libc    : Access denied finding property "systemcontrol.debug.pq.enable"
06-26 00:40:46.312  4116  4116 I android.hardware.camera.provider@2.5-service: CameraProvider@2.5 legacy service is starting.
06-26 00:40:46.387     0     0 I [   10.279353@2]- binder: 4166:4166 ioctl 40046210 ffb27d48 returned -22
06-26 00:40:46.312  4116  4116 D hw-ProcessState: Binder ioctl to enable oneway spam detection failed: Invalid argument
06-26 00:40:46.314  4114  4114 I BTAudioProviderA2dpSoftware: A2dpSoftwareAudioProvider - size of audio buffer 7680 byte(s)
06-26 00:40:46.314  4114  4114 I BTAudioProviderHearingAid: HearingAidAudioProvider - size of audio buffer 3584 byte(s)
06-26 00:40:46.317  4111  4111 W libc    : Access denied finding property "systemcontrol.debug.pq.enable"
06-26 00:40:46.317  4114  4114 I HidlServiceManagement: Registered android.hardware.bluetooth.audio@2.0::IBluetoothAudioProvidersFactory/default
06-26 00:40:46.318  4114  4114 I LegacySupport: Registration complete for android.hardware.bluetooth.audio@2.0::IBluetoothAudioProvidersFactory/default.
06-26 00:40:46.318  3822  3822 I hwservicemanager: getTransport: Cannot find entry android.hardware.bluetooth.a2dp@1.0::IBluetoothAudioOffload/default in either framework or device VINTF manifest.
06-26 00:40:46.319  4114  4114 E LegacySupport: Could not get passthrough implementation for android.hardware.bluetooth.a2dp@1.0::IBluetoothAudioOffload/default.
06-26 00:40:46.319  4114  4114 W audiohalservice: Could not register Bluetooth Audio Offload API
06-26 00:40:46.329  4156  4156 D hw-ProcessState: Binder ioctl to enable oneway spam detection failed: Invalid argument
06-26 00:40:46.330  4142  4142 I HidlServiceManagement: Registered android.hardware.graphics.allocator@4.0::IAllocator/default
06-26 00:40:46.330  4142  4142 I HidlServiceManagement: Removing namespace from process name android.hardware.graphics.allocator@4.0-service to allocator@4.0-service.
06-26 00:40:46.331  4111  4111 W libc    : Access denied finding property "systemcontrol.debug.pq.enable"
06-26 00:40:46.332  4142  4142 I LegacySupport: Registration complete for android.hardware.graphics.allocator@4.0::IAllocator/default.
06-26 00:40:46.335  4159  4159 I thermal2: droidlogic Thermal HAL Service 2.0 starting...
06-26 00:40:46.384  4111  4111 W systemcontrol: type=1400 audit(0.0:33): avc: denied { read } for name="u:object_r:default_prop:s0" dev="tmpfs" ino=266 scontext=u:r:system_control:s0 tcontext=u:object_r:default_prop:s0 tclass=file permissive=0
06-26 00:40:46.413     0     0 I [   10.291426@2]- binder: 4165:4165 ioctl 40046210 ffcd9d58 returned -22
06-26 00:40:46.340  4159  4159 I thermal2: CoolingDevice[0]'s Name: thermal-cpufreq-0
06-26 00:40:46.340  4159  4159 I thermal2: CoolingDevice[thermal-cpufreq-0]'s Type: CPU
06-26 00:40:46.340  4159  4159 I thermal2: CoolingDevice[1]'s Name: thermal-gpufreq-0
06-26 00:40:46.340  4159  4159 I thermal2: CoolingDevice[thermal-gpufreq-0]'s Type: GPU
06-26 00:40:46.340  4159  4159 I thermal2: 2 CoolingDevices parsed successfully
06-26 00:40:46.340  4159  4159 I thermal2: Sensor[0]'s Name: soc_thermal
06-26 00:40:46.340  4159  4159 I thermal2: Sensor[soc_thermal]'s Type: CPU
06-26 00:40:46.340  4159  4159 I thermal2: Sensor[soc_thermal]'s HotThreshold[0]: nan
06-26 00:40:46.340  4159  4159 I thermal2: Sensor[soc_thermal]'s HotThreshold[1]: 65
06-26 00:40:46.340  4159  4159 I thermal2: Sensor[soc_thermal]'s HotThreshold[2]: 75
06-26 00:40:46.340  4159  4159 I thermal2: Sensor[soc_thermal]'s HotThreshold[3]: 95
06-26 00:40:46.340  4159  4159 I thermal2: Sensor[soc_thermal]'s HotThreshold[4]: nan
06-26 00:40:46.340  4159  4159 I thermal2: Sensor[soc_thermal]'s HotThreshold[5]: 105
06-26 00:40:46.341  4159  4159 I thermal2: resetShutDownTemp config:110, kernel:85,min:105
06-26 00:40:46.341  4159  4159 I thermal2: Sensor[soc_thermal]'s HotThreshold[6]: 110
06-26 00:40:46.341  4159  4159 I thermal2: Cannot find valid Sensor[soc_thermal]'s HotHysteresis, default all to 0.0
06-26 00:40:46.341  4159  4159 I thermal2: Cannot find valid Sensor[soc_thermal]'s ColdThreshold, default all to NAN
06-26 00:40:46.341  4159  4159 I thermal2: Cannot find valid Sensor[soc_thermal]'s ColdHysteresis, default all to 0.0
06-26 00:40:46.341  4159  4159 I thermal2: Sensor[soc_thermal]'s VrThreshold: 0
06-26 00:40:46.341  4159  4159 I thermal2: Sensor[soc_thermal]'s Multiplier: 0.001
06-26 00:40:46.341  4159  4159 I thermal2: Sensor[soc_thermal]'s Monitor: true
06-26 00:40:46.341  4159  4159 I thermal2: 1 Sensors parsed successfully
06-26 00:40:46.342  4159  4159 E thermal2: soc_thermal does not support uevent notify
06-26 00:40:46.342  4159  4159 E Looper  : Error adding epoll events for fd -1: Bad file descriptor
06-26 00:40:46.342  4159  4159 E Looper  : Error adding epoll events for fd -1: Bad file descriptor
06-26 00:40:46.347  4156  4156 I HidlServiceManagement: Registered android.hardware.power@1.0::IPower/default
06-26 00:40:46.347  4156  4156 I HidlServiceManagement: Removing namespace from process name android.hardware.power@1.0-service to power@1.0-service.
06-26 00:40:46.347  4156  4156 I LegacySupport: Registration complete for android.hardware.power@1.0::IPower/default.
06-26 00:40:46.350  4111  4111 D SystemControl: [CPQControl]:Cpq_SetVideoSaturationHue: 0 0
06-26 00:40:46.351  4111  4111 W libc    : Access denied finding property "systemcontrol.debug.pq.enable"
06-26 00:40:46.354  4140  4140 D hw-ProcessState: Binder ioctl to enable oneway spam detection failed: Invalid argument
06-26 00:40:46.414     0     0 I [   10.309195@1]- fb: osd_open, 1507, fb_index=0,fb_rmem_size=26738688
06-26 00:40:46.355  4159  4159 I thermal2: ThermalWatcherThread started
06-26 00:40:46.355  4159  4159 D hw-ProcessState: Binder ioctl to enable oneway spam detection failed: Invalid argument
06-26 00:40:46.366  4159  4159 I HidlServiceManagement: Registered android.hardware.thermal@2.0::IThermal/default
06-26 00:40:46.366  4159  4159 I HidlServiceManagement: Removing namespace from process name android.hardware.thermal@2.0-service.droidlogic to thermal@2.0-service.droidlogic.
06-26 00:40:46.366  4159  4159 I thermal2: droidlogic Thermal HAL Service 2.0 started successfully.
06-26 00:40:46.373  4143  4143 D ProcessState: Binder ioctl to enable oneway spam detection failed: Invalid argument
06-26 00:40:46.415     0     0 I [   10.309350@1]- fb: osd_open, 1507, fb_index=1,fb_rmem_size=1048576
06-26 00:40:46.374  4111  4111 D SystemControl: [CPQControl]:Cpq_SetSharpness: sharpness1 moudle disabled!
06-26 00:40:46.375  4111  4111 W libc    : Access denied finding property "systemcontrol.debug.pq.enable"
06-26 00:40:46.375  4162  4162 D hw-ProcessState: Binder ioctl to enable oneway spam detection failed: Invalid argument
06-26 00:40:46.380  4143  4143 D hw-ProcessState: Binder ioctl to enable oneway spam detection failed: Invalid argument
06-26 00:40:46.381  4140  4140 I HidlServiceManagement: Registered android.hardware.drm@1.4::IDrmFactory/widevine
06-26 00:40:46.381  4140  4140 I HidlServiceManagement: Removing namespace from process name android.hardware.drm@1.4-service.widevine to drm@1.4-service.widevine.
06-26 00:40:46.384  4166  4166 D hw-ProcessState: Binder ioctl to enable oneway spam detection failed: Invalid argument
06-26 00:40:46.385  4140  4140 I HidlServiceManagement: Registered android.hardware.drm@1.4::ICryptoFactory/widevine
06-26 00:40:46.385  4140  4140 I HidlServiceManagement: Removing namespace from process name android.hardware.drm@1.4-service.widevine to drm@1.4-service.widevine.
06-26 00:40:46.388  4111  4111 D SystemControl: [CPQControl]:Cpq_SetVideoBrightness brightness : 0
06-26 00:40:46.389  4111  4111 W libc    : Access denied finding property "systemcontrol.debug.pq.enable"
06-26 00:40:46.389  4116  4116 I EmulatedCamera_Factory:   370 get_number_of_cameras - get_number_of_cameras : cam is NULL
06-26 00:40:46.389  4116  4116 I CamPrvdr@2.4-legacy: Loaded "Camera Module" camera module
06-26 00:40:46.392  4116  4116 I EmulatedCamera_Factory:   370 get_number_of_cameras - get_number_of_cameras : cam is NULL
06-26 00:40:46.395  4166  4166 I HidlServiceManagement: Registered android.hardware.usb@1.0::IUsb/default
06-26 00:40:46.395  4166  4166 I HidlServiceManagement: Removing namespace from process name android.hardware.usb@1.0-service to usb@1.0-service.
06-26 00:40:46.440     0     0 I [   10.309392@1]- fb: osd_open, 1507, fb_index=2,fb_rmem_size=1048576
06-26 00:40:46.440     0     0 I [   10.309527@1]- fb: vpu clkc clock is 199 MHZ
06-26 00:40:46.441     0     0 I [   10.309542@1]d vpu: switch_vpu_mem_pd: unsupport vpu mod: 54
06-26 00:40:46.441     0     0 I [   10.309551@1]- fb: osd_open, 1507, fb_index=3,fb_rmem_size=8388608
06-26 00:40:46.441     0     0 I         : [   10.309815@1]- video_composer_open iminor(inode) =0
06-26 00:40:46.441     0     0 I         : [   10.311795@0]- video_composer_open iminor(inode) =1
06-26 00:40:46.441     0     0 I [   10.319551@0]- vout: vout_ioctl: cmd_dir = 0x2, cmd_nr = 0x0
06-26 00:40:46.441     0     0 I [   10.320247@0]- vout: vout_ioctl: cmd_dir = 0x2, cmd_nr = 0x0
06-26 00:40:46.396  4166  4166 I android.hardware.usb@1.0-service: USB HAL Ready.
06-26 00:40:46.396  4165  4165 D hw-ProcessState: Binder ioctl to enable oneway spam detection failed: Invalid argument
06-26 00:40:46.446     0     0 I [   10.337903@2]- binder: 4171:4171 ioctl 40046210 ffb6a1e8 returned -22
06-26 00:40:46.402  4111  4111 D SystemControl: [CPQControl]:Cpq_SetVideoContrast: 0
06-26 00:40:46.402  4111  4111 D SystemControl: [CPQControl]:Cpq_SetPQMode success!
06-26 00:40:46.402  4111  4111 D SystemControl: [CPQControl]:GetColorBaseMode: mode is 1
06-26 00:40:46.402  4111  4111 D SystemControl: [CPQControl]:SetColorBaseMode: mode is 1
06-26 00:40:46.402  4111  4111 D SystemControl: [CPQControl]:CM moudle disabled!
06-26 00:40:46.402  4111  4111 D SystemControl: [CPQControl]:SaveColorBaseMode: mode is 1
06-26 00:40:46.407  4116  4116 I HidlServiceManagement: Registered android.hardware.camera.provider@2.5::ICameraProvider/legacy/0
06-26 00:40:46.407  4116  4116 I HidlServiceManagement: Removing namespace from process name android.hardware.camera.provider@2.5-service to provider@2.5-service.
06-26 00:40:46.408  4165  4165 I HidlServiceManagement: Registered android.hardware.usb.gadget@1.2::IUsbGadget/default
06-26 00:40:46.408  4165  4165 I HidlServiceManagement: Removing namespace from process name android.hardware.usb.gadget@1.2-service.droidlogic to gadget@1.2-service.droidlogic.
06-26 00:40:46.408  4165  4165 I android.hardware.usb.gadget@1.2-service: USB Gadget HAL Ready.
06-26 00:40:46.411  3822  3822 I hwservicemanager: Since vendor.amlogic.hardware.hdmicec@1.0::IDroidHdmiCEC/default is not registered, trying to start it as a lazy HAL.
06-26 00:40:46.412  4111  4111 D SystemControl: [CPQControl]:SetColorBaseMode success!
06-26 00:40:46.412  4111  4111 D SystemControl: [CPQControl]:GetColorTemperature: source: 10, mode: 0!
06-26 00:40:46.412  3822  3822 I hwservicemanager: Since vendor.amlogic.hardware.hdmicec@1.0::IDroidHdmiCEC/default is not registered, trying to start it as a lazy HAL.
06-26 00:40:46.413  4162  4162 I HidlServiceManagement: getService: Trying again for vendor.amlogic.hardware.hdmicec@1.0::IDroidHdmiCEC/default...
06-26 00:40:46.414  4143  4143 V MesonHwc: open hwc2 (composer)
06-26 00:40:46.414  4111  4111 D SystemControl: [CPQControl]:Cpq_CheckTemperatureDataLable, lable ok.
06-26 00:40:46.416  4111  4111 D SystemControl: [CPQControl]:Cpq_CalColorTemperatureParamsChecksum, sum = 0x126.
06-26 00:40:46.416  4143  4143 E MesonHwc: video plane get capibility ioctl (0) return(22)
06-26 00:40:46.418  4111  4111 D SystemControl: [CPQControl]:Cpq_GetColorTemperatureParamsChecksum, sum = 0x126.
06-26 00:40:46.418  4111  4111 D SystemControl: [CPQControl]:Cpq_CheckColorTemperatureParamAlldata, color temperature param lable & checksum ok.
06-26 00:40:46.422  4143  4143 E MesonHwc: video plane get capibility ioctl (0) return(22)
06-26 00:40:46.422  4143  4143 D MesonHwc: get osd planes (4), video planes (4)
06-26 00:40:46.422  4143  4143 V MesonHwc: No connector api, set empty, will create when hwc get.
06-26 00:40:46.422  4143  4143 V MesonHwc: Crtc loaded in loadPlanes: 2
06-26 00:40:46.422  4143  4143 D MesonHwc: load fbdev resources
06-26 00:40:46.423  4143  4143 I MesonHwc: HwcConfig::default frame buffer size (1920 x 1080)
06-26 00:40:46.423  4143  4143 D MesonHwc: HwcDisplayPipe::updatePipe.
06-26 00:40:46.423  4143  4143 D MesonHwc: getConnectorType-0 get connector type hdmi-2
06-26 00:40:46.423  4143  4143 D MesonHwc: Connector hdmi (HDMI-20) frac mode (2) created.
06-26 00:40:46.423  4143  4143 D MesonHwc: create new connector 11-0xeb380fdc
06-26 00:40:46.424  4143  4185 V MesonHwc: HwDisplayVsync: vsyncThread start - (0xeb440aa0).
06-26 00:40:46.424  4143  4143 D MesonHwc: sysfs(/sys/class/amhdmitx/amhdmitx0/hpd_state) read int32_t (0)
06-26 00:40:46.424  4143  4143 D MesonHwc: ConnectorHdmi::update to 0
06-26 00:40:46.424  4143  4143 D MesonHwc: sysfs(/sys/class/amhdmitx/amhdmitx0/hdmi_used) read int32_t (0)
06-26 00:40:46.424  4143  4143 D MesonHwc: FixedDisplayPipe::hasHdmiConnected:0
06-26 00:40:46.424  4143  4143 E MesonHwc: FixedDisplayPipe::getConnetorCfg 13
06-26 00:40:46.424  4143  4143 D MesonHwc: create new connector 13-0xeb14091c
06-26 00:40:46.424  4143  4143 E MesonHwc: loadPhysicalSize with non crtc, use CRTC 1.
06-26 00:40:46.424  4143  4143 I MesonHwc: readDisplayPhySize physical size (0 x 0)
06-26 00:40:46.424  4143  4143 I MesonHwc: add display mode (576cvbs, 720x576, 50.000000)
06-26 00:40:46.424  4143  4143 I MesonHwc: add display mode (480cvbs, 720x480, 60.000000)
06-26 00:40:46.424  4143  4143 I MesonHwc: add display mode (pal_m, 720x480, 60.000000)
06-26 00:40:46.424  4143  4143 I MesonHwc: add display mode (pal_n, 720x576, 50.000000)
06-26 00:40:46.424  4143  4143 I MesonHwc: add display mode (ntsc_m, 720x480, 60.000000)
06-26 00:40:46.424  4143  4143 D MesonHwc: HwcDisplayPipe::updatePipe (0) [CHANGED], crtc (0) connector (13)
06-26 00:40:46.424  4143  4143 D MesonHwc: HwcDisplayPipe::updatePipe 0 changed
06-26 00:40:46.425  4143  4143 D MesonHwc: update: (480cvbs) mode (576cvbs)
06-26 00:40:46.425  4143  4143 D MesonHwc: update: (480cvbs) mode (480cvbs)
06-26 00:40:46.425  4143  4143 D MesonHwc: crtc(10) update (480cvbs) (5) -> (480cvbs) 60.000000.
06-26 00:40:46.425  4143  4143 I MesonHwc: readDisplayPhySize physical size (0 x 0)
06-26 00:40:46.425  4143  4143 I MesonHwc: add display mode (576cvbs, 720x576, 50.000000)
06-26 00:40:46.425  4143  4143 I MesonHwc: add display mode (480cvbs, 720x480, 60.000000)
06-26 00:40:46.425  4143  4143 I MesonHwc: add display mode (pal_m, 720x480, 60.000000)
06-26 00:40:46.425  4143  4143 I MesonHwc: add display mode (pal_n, 720x576, 50.000000)
06-26 00:40:46.425  4143  4143 I MesonHwc: add display mode (ntsc_m, 720x480, 60.000000)
06-26 00:40:46.427  4111  4111 D SystemControl: [CPQControl]:GetColorTemperatureParams, rgain[1024], ggain[1024],bgain[1024],roffset[0],goffset[0],boffset[0]
06-26 00:40:46.428  3822  3822 I hwservicemanager: Since vendor.amlogic.hardware.systemcontrol@1.1::ISystemControl/default is not registered, trying to start it as a lazy HAL.
06-26 00:40:46.429  4143  4143 E MesonHwc: tryGet system control daemon Service failed, sleep to wait.
06-26 00:40:46.429  4143  4186 V MesonHwc: HwDisplayVsync: vsyncThread start - (0xeb440c20).
06-26 00:40:46.439  4111  4111 D SystemControl: [CPQControl]:GetColorTemperatureParams, rgain[1024], ggain[1024],bgain[1024],roffset[0],goffset[0],boffset[0]
06-26 00:40:46.443  4171  4171 D ProcessState: Binder ioctl to enable oneway spam detection failed: Invalid argument
06-26 00:40:46.444  4171  4171 E lights  : LIGHTS:BACKGROUND is not supported
06-26 00:40:46.444  4171  4171 E lights  : LIGHTS:MICROPHONE is not supported
06-26 00:40:46.447  4111  4111 D SystemControl: [CPQControl]:GetColorTemperatureParams, rgain[1024], ggain[1024],bgain[1024],roffset[0],goffset[0],boffset[0]
06-26 00:40:46.447  4111  4111 D SystemControl: [CPQControl]:SetColorTemperature: source:10, mode: 0
06-26 00:40:46.447  4111  4111 D SystemControl: [CPQControl]:whitebalance moudle disabled!
06-26 00:40:46.447  4111  4111 D SystemControl: [CPQControl]:SetColorTemperature success!
06-26 00:40:46.447  4111  4111 D SystemControl: [CPQControl]:GetDnlpMode success!
06-26 00:40:46.447  4111  4111 D SystemControl: [CPQControl]:GetDnlpMode, source_input = 10, mode is 2
06-26 00:40:46.447  4111  4111 D SystemControl: [CPQControl]:DNLP moudle disabled!
06-26 00:40:46.447  4111  4111 D SystemControl: [CPQControl]:SetDnlpMode success!
06-26 00:40:46.447  4111  4111 D SystemControl: [CPQControl]:GetLocalContrastMode: mode is 2
06-26 00:40:46.447  4111  4111 D SystemControl: [CPQControl]:SetLocalContrastMode: mode is 2!
06-26 00:40:46.447  4111  4111 D SystemControl: [CPQControl]:SetLocalContrastMode: local contrast moudle disabled!
06-26 00:40:46.447  4111  4111 D SystemControl: [CPQControl]:SetLocalContrastMode success!
06-26 00:40:46.447  4111  4111 D SystemControl: [CPQControl]:GetDisplayMode, source: 10, value = 0
06-26 00:40:46.447  4111  4111 D SystemControl: [CPQControl]:SetDisplayMode, source: 10, value = 0
06-26 00:40:46.447  4111  4111 D SystemControl: [CPQControl]:Cpq_SetDisplayModeAllTiming success!
06-26 00:40:46.447  4111  4111 D SystemControl: [CPQControl]:Cpq_SetDisplayModeOneTiming: Overscan moudle disabled!
06-26 00:40:46.447  4111  4111 D SystemControl: [CPQControl]:Cpq_SetDisplayModeOneTiming: screenmode:1 hs:0 he:0 vs:0 ve:0
06-26 00:40:46.447  4111  4111 D SystemControl: [CPQControl]:Cpq_SetVideoCrop value: 0 0 0 0
06-26 00:40:46.447  3821  3821 I servicemanager: Found android.hardware.light.ILights/default in device VINTF manifest.
06-26 00:40:46.447  4111  4111 D SystemControl: [CPQControl]:Cpq_SetVideoScreenMode, value = 1
06-26 00:40:46.448  4111  4111 D SystemControl: [CPQControl]:SaveDisplayMode, source: 10, value = 0
06-26 00:40:46.449  4111  4111 D SystemControl: [CPQControl]:SaveDisplayMode success!
06-26 00:40:46.449  4111  4111 D SystemControl: [CPQControl]:Load PQ success!
06-26 00:40:46.449  4111  4111 D SystemControl: [CPQControl]:SetBacklight: value = 100
06-26 00:40:46.449  4111  4111 E SystemControl: [CPQControl]:/dev/aml_ldim don't exist!
06-26 00:40:46.449  4111  4111 D SystemControl: [CPQControl]:SaveBacklight: value = 100
06-26 00:40:46.462     0     0 I [   10.357152@1]- binder: 4178:4178 ioctl 40046210 ffe7f000 returned -22
06-26 00:40:46.453  4111  4111 D SystemControl: [CPQControl]:SetBacklight success!
06-26 00:40:46.453  4111  4111 E SystemControl: [CPQControl]:/dev/aml_ldim don't exist!
06-26 00:40:46.453  4111  4111 E SystemControl: [CPQControl]:/sys/class/backlight/aml-bl/brightness don't exist!
06-26 00:40:46.453  4111  4111 D SystemControl: [CPQControl]:No auto backlight moudle!
06-26 00:40:46.454  4111  4111 E SystemControl: open liboptimization.so faildlopen failed: library "liboptimization.so" not found
06-26 00:40:46.454  4111  4111 I SystemControl: SystemControlService instantiate done
06-26 00:40:46.457  4111  4111 I HidlServiceManagement: Registered vendor.amlogic.hardware.systemcontrol@1.1::ISystemControl/default
06-26 00:40:46.457  4111  4111 I SystemControl: Treble ISystemControl service created.
06-26 00:40:46.457  4111  4111 I SystemControl: init_delay
06-26 00:40:46.457  4111  4111 I SystemControl: [/DisplayMode.cpp, getBootEnv, 360] key:ubootenv.var.bestcolorspace value:(null)
06-26 00:40:46.457  4111  4111 I SystemControl: [/DisplayMode.cpp, getBootEnv, 360] key:ubootenv.var.hdr_policy value:0
06-26 00:40:46.457  4111  4111 I SystemControl: [/DisplayMode.cpp, getHdrStrategy, 2750] getHdrStrategy is [0]
06-26 00:40:46.457  4111  4111 I SystemControl: [/DisplayMode.cpp, getBootEnv, 360] key:ubootenv.var.hdr_priority value:(null)
06-26 00:40:46.457  4111  4111 I SystemControl: [/DisplayMode.cpp, getHdrPriority, 2800] getHdrPriority is [0]
06-26 00:40:46.458  4111  4111 I SystemControl: [/DisplayMode.cpp, getCommonData, 1497] isbestcolorspace:1, hdr_policy:0, hdr_priority :0
06-26 00:40:46.458  4111  4111 I systemcontrol: [/DisplayModeMgr.cpp, init, 63] Wait DisplayAdapter ready
06-26 00:40:46.458  4111  4111 D MesonDisplayClient: Try get meson_ipc service(0)
06-26 00:40:46.466     0     0 I [   10.358232@1]- binder: 4178:4178 ioctl 40046210 ffe7efe8 returned -22
06-26 00:40:46.459  4111  4190 D SystemControl: [CPQControl]:onHDRStatusChange!
06-26 00:40:46.459  4111  4190 D SystemControl: [CPQControl]:onTXStatusChange!
06-26 00:40:46.459  4111  4190 D SystemControl: [CPQControl]:SetCurrentSourceInputInfo: param_check_source_enable = 1!
06-26 00:40:46.459  4111  4190 D SystemControl: [CPQControl]:GetHDRMode: mode is 32
06-26 00:40:46.459  4111  4190 D SystemControl: [CPQControl]:SetCurrentSourceInputInfo: hdr status is 0!
06-26 00:40:46.459  3822  3822 I hwservicemanager: Since vendor.amlogic.display.meson_display_ipc@1.0::IMesonDisplayIPC/default is not registered, trying to start it as a lazy HAL.
06-26 00:40:46.462  4178  4178 D ProcessState: Binder ioctl to enable oneway spam detection failed: Invalid argument
06-26 00:40:46.463  4178  4178 D hw-ProcessState: Binder ioctl to enable oneway spam detection failed: Invalid argument
06-26 00:40:46.463  4111  4190 D SystemControl: [CPQControl]:CheckOutPutMode: current output mode is 480cvbs!
06-26 00:40:46.463  4111  4190 D SystemControl: [CPQControl]:CheckOutPutMode: output mode is 1!
06-26 00:40:46.463  4111  4190 D SystemControl: [CPQControl]:SetCurrentSourceInputInfo: same signal, no need set!
06-26 00:40:46.470  4169  4169 I hdmicecd: hdmi cec daemon starting in treble mode.
06-26 00:40:46.471  4169  4169 D hw-ProcessState: Binder ioctl to enable oneway spam detection failed: Invalid argument
06-26 00:40:46.471  4169  4169 I hdmicecd: DroidHdmiCec init
06-26 00:40:46.471  4169  4169 D hdmicecd: open hdmicec debug log
06-26 00:40:46.471  4169  4169 I hdmicecd: [HdmiCecControl]:[hcc] HdmiCecControl
06-26 00:40:46.471  4169  4169 I hdmicecd: [HdmiCecControl]:[hcc] mCecDevice.device_types[0]: 4
06-26 00:40:46.471  4169  4169 D hdmicecd: openCecDevice debug open!
06-26 00:40:46.471  4169  4169 D hdmicecd: [HdmiCecControl]:[hcc] set device type index : 0, type: 4
06-26 00:40:46.471  4169  4169 D hdmicecd: [HdmiCecControl]:[hcc] total port:1, ret:0
06-26 00:40:46.471  4169  4169 D hdmicecd: [HdmiCecControl]:[hcc] cec_connect_status: 0
06-26 00:40:46.474     0     0 I [   10.366168@0]- binder: 4169:4169 ioctl 40046210 fffa66d8 returned -22
06-26 00:40:46.474  4169  4197 I hdmicecd: [HdmiCecControl]:[hcc] file open ok, fd = 6.
06-26 00:40:46.475  3822  4180 W libc    : Unable to set property "ctl.interface_start" to "vendor.amlogic.hardware.hdmicec@1.0::IDroidHdmiCEC/default": error code: 0x20
06-26 00:40:46.475  3822  4180 I hwservicemanager: Tried to start vendor.amlogic.hardware.hdmicec@1.0::IDroidHdmiCEC/default as a lazy service, but was unable to. Usually this happens when a service is not installed, but if the service is intended to be used as a lazy service, then it may be configured incorrectly.
06-26 00:40:46.477  3822  4179 W libc    : Unable to set property "ctl.interface_start" to "vendor.amlogic.hardware.hdmicec@1.0::IDroidHdmiCEC/default": error code: 0x20
06-26 00:40:46.477  3822  4179 I hwservicemanager: Tried to start vendor.amlogic.hardware.hdmicec@1.0::IDroidHdmiCEC/default as a lazy service, but was unable to. Usually this happens when a service is not installed, but if the service is intended to be used as a lazy service, then it may be configured incorrectly.
06-26 00:40:46.478  4169  4169 I HidlServiceManagement: Registered vendor.amlogic.hardware.hdmicec@1.0::IDroidHdmiCEC/default
06-26 00:40:46.478     0     0 E [   10.370257@2]- init: Control message: Could not find 'vendor.amlogic.hardware.hdmicec@1.0::IDroidHdmiCEC/default' for ctl.interface_start from pid: 3822 (/system/bin/hwservicemanager)
06-26 00:40:46.478     0     0 E [   10.371147@1]- init: Control message: Could not find 'vendor.amlogic.hardware.hdmicec@1.0::IDroidHdmiCEC/default' for ctl.interface_start from pid: 3822 (/system/bin/hwservicemanager)
06-26 00:40:46.478  4169  4169 I hdmicecd: Treble IDroidHdmiCEC service registered.
06-26 00:40:46.482     0     0 E [   10.377316@1]- vfm_map_store: rm default
06-26 00:40:46.483  4111  4111 D MesonDisplayClient: Try get meson_ipc service(1)
06-26 00:40:46.484  3822  3822 I hwservicemanager: Since vendor.amlogic.display.meson_display_ipc@1.0::IMesonDisplayIPC/default is not registered, trying to start it as a lazy HAL.
06-26 00:40:46.486     0     0 E [   10.378128@1]- vfm_map_store: add default decoder ppmgr deinterlace amvideo
06-26 00:40:46.488     0     0 I [   10.382882@3]- cpufreq_interactive: cpufreq_hmp_boost_start()
06-26 00:40:46.488     0     0 I [   10.382890@3]- cpufreq_interactive: no need to active hmp boost!
06-26 00:40:46.494  4100  4100 D AndroidRuntime: >>>>>> START com.android.internal.os.ZygoteInit uid 0 <<<<<<
06-26 00:40:46.504  4111  4111 D MesonDisplayClient: Try get meson_ipc service(2)
06-26 00:40:46.505  3822  3822 I hwservicemanager: Since vendor.amlogic.display.meson_display_ipc@1.0::IMesonDisplayIPC/default is not registered, trying to start it as a lazy HAL.
06-26 00:40:46.512  4167  4167 I android.hardware.wifi@1.0-service.droidlogic: Wifi Hal is booting up...
06-26 00:40:46.513  4167  4167 D hw-ProcessState: Binder ioctl to enable oneway spam detection failed: Invalid argument
06-26 00:40:46.513  4172  4172 I MsDisplayAdapterWraper: mesonDisplayAdater_ops enter
06-26 00:40:46.514  4187  4187 D ProcessState: Binder ioctl to enable oneway spam detection failed: Invalid argument
06-26 00:40:46.514     0     0 I [   10.408248@0]- binder: 4167:4167 ioctl 40046210 ffc34b68 returned -22
06-26 00:40:46.514     0     0 I [   10.408767@3]- binder: 4187:4187 ioctl 40046210 ff9fb428 returned -22
06-26 00:40:46.517  4187  4187 I credstore: Registered binder service
06-26 00:40:46.518  4167  4167 I HidlServiceManagement: Registered android.hardware.wifi@1.5::IWifi/default
06-26 00:40:46.519  4167  4167 I HidlServiceManagement: Removing namespace from process name android.hardware.wifi@1.0-service.droidlogic to wifi@1.0-service.droidlogic.
06-26 00:40:46.524  4172  4172 E subtitleserver: subtitleserver daemon starting
06-26 00:40:46.524  4172  4172 D ProcessState: Binder ioctl to enable oneway spam detection failed: Invalid argument
06-26 00:40:46.524  4172  4172 I subtitleserver: subtitle daemon starting in treble mode
06-26 00:40:46.525  4172  4172 D hw-ProcessState: Binder ioctl to enable oneway spam detection failed: Invalid argument
06-26 00:40:46.526     0     0 I [   10.419674@3]- binder: 4172:4172 ioctl 40046210 ffd65300 returned -22
06-26 00:40:46.527     0     0 I [   10.419862@3]- binder: 4172:4172 ioctl 40046210 ffd652e8 returned -22
06-26 00:40:46.526  4111  4111 D MesonDisplayClient: Try get meson_ipc service(3)
06-26 00:40:46.527  3822  3822 I hwservicemanager: Since vendor.amlogic.display.meson_display_ipc@1.0::IMesonDisplayIPC/default is not registered, trying to start it as a lazy HAL.
06-26 00:40:46.529  4172  4172 I HidlServiceManagement: Registered vendor.amlogic.hardware.subtitleserver@1.0::ISubtitleServer/default
06-26 00:40:46.529  4172  4172 I subtitleserver: Treble SubtitleServerHal service created.--
06-26 00:40:46.529  4172  4172 I subtitleserver: Treble SubtitleServerHal service created end-2-!!
06-26 00:40:46.548  4111  4111 D MesonDisplayClient: Try get meson_ipc service(4)
06-26 00:40:46.548  3822  3822 I hwservicemanager: Since vendor.amlogic.display.meson_display_ipc@1.0::IMesonDisplayIPC/default is not registered, trying to start it as a lazy HAL.
06-26 00:40:46.551  4203  4203 I gsid    : no DSU: No such file or directory
06-26 00:40:46.553  4189  4189 D ProcessState: Binder ioctl to enable oneway spam detection failed: Invalid argument
06-26 00:40:46.555     0     0 I [   10.448159@0]- binder: 4189:4189 ioctl 40046210 ffb65d70 returned -22
06-26 00:40:46.569  4111  4111 D MesonDisplayClient: Try get meson_ipc service(5)
06-26 00:40:46.569  3822  3822 I hwservicemanager: Since vendor.amlogic.display.meson_display_ipc@1.0::IMesonDisplayIPC/default is not registered, trying to start it as a lazy HAL.
06-26 00:40:46.583  4100  4100 I AndroidRuntime: Using default boot image
06-26 00:40:46.583  4100  4100 I AndroidRuntime: Leaving lock profiling enabled
06-26 00:40:46.591  4111  4111 I systemcontrol: [/DisplayModeMgr.cpp, init, 63] Wait DisplayAdapter ready
06-26 00:40:46.591  4111  4111 D MesonDisplayClient: Try get meson_ipc service(0)
06-26 00:40:46.592  3822  3822 I hwservicemanager: Since vendor.amlogic.display.meson_display_ipc@1.0::IMesonDisplayIPC/default is not registered, trying to start it as a lazy HAL.
06-26 00:40:46.592  4100  4100 I zygote  : option[0]=-Xzygote
06-26 00:40:46.592  4100  4100 I zygote  : option[1]=-Xdeny-art-apex-data-files
06-26 00:40:46.592  4100  4100 I zygote  : option[2]=exit
06-26 00:40:46.592  4100  4100 I zygote  : option[3]=vfprintf
06-26 00:40:46.592  4100  4100 I zygote  : option[4]=sensitiveThread
06-26 00:40:46.593  4100  4100 I zygote  : option[5]=-verbose:gc
06-26 00:40:46.593  4100  4100 I zygote  : option[6]=-XX:PerfettoHprof=true
06-26 00:40:46.593  4100  4100 I zygote  : option[7]=-XX:PerfettoJavaHeapStackProf=true
06-26 00:40:46.593  4100  4100 I zygote  : option[8]=-Xprimaryzygote
06-26 00:40:46.593  4100  4100 I zygote  : option[9]=-Xms8m
06-26 00:40:46.593  4100  4100 I zygote  : option[10]=-Xmx384m
06-26 00:40:46.593  4100  4100 I zygote  : option[11]=-XX:HeapGrowthLimit=256m
06-26 00:40:46.593  4100  4100 I zygote  : option[12]=-XX:HeapMinFree=512k
06-26 00:40:46.593  4100  4100 I zygote  : option[13]=-XX:HeapMaxFree=8m
06-26 00:40:46.593  4100  4100 I zygote  : option[14]=-XX:HeapTargetUtilization=0.75
06-26 00:40:46.593  4100  4100 I zygote  : option[15]=-Xusejit:true
06-26 00:40:46.593  4100  4100 I zygote  : option[16]=-Xjitsaveprofilinginfo
06-26 00:40:46.593  4100  4100 I zygote  : option[17]=-XMadviseWillNeedVdexFileSize:104857600
06-26 00:40:46.593  4100  4100 I zygote  : option[18]=-XMadviseWillNeedOdexFileSize:104857600
06-26 00:40:46.593  4100  4100 I zygote  : option[19]=-XMadviseWillNeedArtFileSize:4294967295
06-26 00:40:46.593  4100  4100 I zygote  : option[20]=-XjdwpOptions:suspend=n,server=y
06-26 00:40:46.593  4100  4100 I zygote  : option[21]=-XjdwpProvider:default
06-26 00:40:46.593  4100  4100 I zygote  : option[22]=-Xopaque-jni-ids:swapable
06-26 00:40:46.593  4100  4100 I zygote  : option[23]=-Xlockprofthreshold:500
06-26 00:40:46.593  4100  4100 I zygote  : option[24]=-Xcompiler-option
06-26 00:40:46.593  4100  4100 I zygote  : option[25]=--instruction-set-variant=cortex-a53
06-26 00:40:46.593  4100  4100 I zygote  : option[26]=-Xcompiler-option
06-26 00:40:46.593  4100  4100 I zygote  : option[27]=--instruction-set-features=default
06-26 00:40:46.593  4100  4100 I zygote  : option[28]=-Xcompiler-option
06-26 00:40:46.593  4100  4100 I zygote  : option[29]=--generate-mini-debug-info
06-26 00:40:46.593  4100  4100 I zygote  : option[30]=-Ximage-compiler-option
06-26 00:40:46.593  4100  4100 I zygote  : option[31]=--runtime-arg
06-26 00:40:46.593  4100  4100 I zygote  : option[32]=-Ximage-compiler-option
06-26 00:40:46.593  4100  4100 I zygote  : option[33]=-Xms64m
06-26 00:40:46.593  4100  4100 I zygote  : option[34]=-Ximage-compiler-option
06-26 00:40:46.593  4100  4100 I zygote  : option[35]=--runtime-arg
06-26 00:40:46.593  4100  4100 I zygote  : option[36]=-Ximage-compiler-option
06-26 00:40:46.593  4100  4100 I zygote  : option[37]=-Xmx64m
06-26 00:40:46.594  4100  4100 I zygote  : option[38]=-Ximage-compiler-option
06-26 00:40:46.594  4100  4100 I zygote  : option[39]=--dirty-image-objects=/system/etc/dirty-image-objects
06-26 00:40:46.594  4100  4100 I zygote  : option[40]=-Ximage-compiler-option
06-26 00:40:46.594  4100  4100 I zygote  : option[41]=--instruction-set-variant=cortex-a53
06-26 00:40:46.594  4100  4100 I zygote  : option[42]=-Ximage-compiler-option
06-26 00:40:46.594  4100  4100 I zygote  : option[43]=--instruction-set-features=default
06-26 00:40:46.594  4100  4100 I zygote  : option[44]=-Ximage-compiler-option
06-26 00:40:46.594  4100  4100 I zygote  : option[45]=--generate-mini-debug-info
06-26 00:40:46.594  4100  4100 I zygote  : option[46]=-Duser.locale=en-US
06-26 00:40:46.594  4100  4100 I zygote  : option[47]=--cpu-abilist=armeabi-v7a,armeabi
06-26 00:40:46.594  4100  4100 I zygote  : option[48]=-Xcore-platform-api-policy:just-warn
06-26 00:40:46.594  4100  4100 I zygote  : option[49]=-Xfingerprint:izzi-telecom/HY4002/HY40A1:12/STTC.220815.001/S4.2.6_20230823:userdebug/release-keys
06-26 00:40:46.611  4100  4100 W zygote  : ART APEX data files are untrusted.
06-26 00:40:46.611  4100  4100 W zygote  : Could not reserve sentinel fault page
06-26 00:40:46.612  4111  4111 D MesonDisplayClient: Try get meson_ipc service(1)
