06-26 01:08:42.878  4095  4095 W statsd  : StatsPullerManager: Unknown tagId 10082
06-26 01:08:42.878  4095  4095 E statsd  : Stats puller failed for tag: 10082 at 14701166423
06-26 01:08:42.878  4095  4095 W statsd  : StatsPullerManager: Unknown tagId 10118
06-26 01:08:42.878  4095  4095 E statsd  : Stats puller failed for tag: 10118 at 14701166423
06-26 01:08:42.878  4095  4095 W statsd  : StatsPullerManager: Unknown tagId 10119
06-26 01:08:42.878  4095  4095 E statsd  : Stats puller failed for tag: 10119 at 14701166423
06-26 01:08:42.878  4095  4095 W statsd  : StatsPullerManager: Unknown tagId 10120
06-26 01:08:42.878  4095  4095 E statsd  : Stats puller failed for tag: 10120 at 14701166423
06-26 01:08:42.878  4095  4095 W statsd  : StatsPullerManager: Unknown tagId 10121
06-26 01:08:42.878  4095  4095 E statsd  : Stats puller failed for tag: 10121 at 14701166423
06-26 01:08:42.878  4095  4095 W statsd  : StatsPullerManager: Unknown tagId 10122
06-26 01:08:42.878  4095  4095 E statsd  : Stats puller failed for tag: 10122 at 14701166423
06-26 01:08:42.878  4095  4095 W statsd  : StatsPullerManager: Unknown tagId 10123
06-26 01:08:42.878  4095  4095 E statsd  : Stats puller failed for tag: 10123 at 14701166423
06-26 01:08:42.878  4095  4095 W statsd  : StatsPullerManager: Unknown tagId 10103
06-26 01:08:42.878  4095  4095 E statsd  : Stats puller failed for tag: 10103 at 14701166423
06-26 01:08:42.878  4095  4095 W statsd  : StatsPullerManager: Unknown tagId 10124
06-26 01:08:42.879  4095  4095 E statsd  : Stats puller failed for tag: 10124 at 14701166423
06-26 01:08:42.879  4095  4095 W statsd  : StatsPullerManager: Unknown tagId 10125
06-26 01:08:42.879  4095  4095 E statsd  : Stats puller failed for tag: 10125 at 14701166423
06-26 01:08:42.879  4095  4095 W statsd  : StatsPullerManager: Unknown tagId 10193
06-26 01:08:42.879  4095  4095 E statsd  : Gauge Stats puller failed for tag: 10193 at 14701166423
06-26 01:08:42.879  4095  4095 W statsd  : StatsPullerManager: Unknown tagId 10068
06-26 01:08:42.879  4095  4095 E statsd  : Gauge Stats puller failed for tag: 10068 at 14701166423
06-26 01:08:42.879  4095  4095 W statsd  : StatsPullerManager: Unknown tagId 10205
06-26 01:08:42.879  4095  4095 E statsd  : Gauge Stats puller failed for tag: 10205 at 14701166423
06-26 01:08:42.879  4095  4095 W statsd  : StatsPullerManager: Unknown tagId 10042
06-26 01:08:42.879  4095  4095 E statsd  : Gauge Stats puller failed for tag: 10042 at 14701166423
06-26 01:08:42.879  4095  4095 W statsd  : StatsPullerManager: Unknown tagId 10078
06-26 01:08:42.879  4095  4095 E statsd  : Gauge Stats puller failed for tag: 10078 at 14701166423
06-26 01:08:42.879  4095  4095 W statsd  : StatsPullerManager: Unknown tagId 10092
06-26 01:08:42.879  4095  4095 E statsd  : Gauge Stats puller failed for tag: 10092 at 14701166423
06-26 01:08:42.879  4095  4095 W statsd  : StatsPullerManager: Unknown tagId 10049
06-26 01:08:42.879  4095  4095 E statsd  : Gauge Stats puller failed for tag: 10049 at 14701166423
06-26 01:08:42.879  4095  4095 W statsd  : StatsPullerManager: Unknown tagId 10021
06-26 01:08:42.879  4095  4095 E statsd  : Gauge Stats puller failed for tag: 10021 at 14701166423
06-26 01:08:42.879  4095  4095 W statsd  : StatsPullerManager: Unknown tagId 10106
06-26 01:08:42.879  4095  4095 E statsd  : Gauge Stats puller failed for tag: 10106 at 14701166423
06-26 01:08:42.879  4095  4095 W statsd  : StatsPullerManager: Unknown tagId 10063
06-26 01:08:42.879  4095  4095 E statsd  : Gauge Stats puller failed for tag: 10063 at 14701166423
06-26 01:08:42.879  4095  4095 W statsd  : StatsPullerManager: Unknown tagId 10062
06-26 01:08:42.879  4095  4095 E statsd  : Gauge Stats puller failed for tag: 10062 at 14701166423
06-26 01:08:42.879  4095  4095 W statsd  : StatsPullerManager: Unknown tagId 10080
06-26 01:08:42.879  4095  4095 E statsd  : Gauge Stats puller failed for tag: 10080 at 14701166423
06-26 01:08:42.879  4095  4095 W statsd  : StatsPullerManager: Unknown tagId 10092
06-26 01:08:42.879  4095  4095 E statsd  : Gauge Stats puller failed for tag: 10092 at 14701166423
06-26 01:08:42.879  4095  4095 W statsd  : StatsPullerManager: Unknown tagId 10084
06-26 01:08:42.879  4095  4095 E statsd  : Gauge Stats puller failed for tag: 10084 at 14701166423
06-26 01:08:42.884  4097  4097 I Zygote  : ...preloaded 64 resources in 57ms.
06-26 01:08:42.891  4097  4097 I Zygote  : ...preloaded 41 resources in 6ms.
06-26 01:08:42.891  4097  4097 D Zygote32Timing: PreloadResources took to complete: 63ms
06-26 01:08:42.911  4095  4095 W statsd  : StatsPullerManager: Unknown tagId 10089
06-26 01:08:42.911  4095  4095 E statsd  : Gauge Stats puller failed for tag: 10089 at 14739309965
06-26 01:08:42.911  4095  4095 W statsd  : StatsPullerManager: Unknown tagId 10086
06-26 01:08:42.911  4095  4095 E statsd  : Gauge Stats puller failed for tag: 10086 at 14739309965
06-26 01:08:42.911  4095  4095 W statsd  : StatsPullerManager: Unknown tagId 10087
06-26 01:08:42.911  4095  4095 E statsd  : Gauge Stats puller failed for tag: 10087 at 14739309965
06-26 01:08:42.911  4095  4095 W statsd  : StatsPullerManager: Unknown tagId 10157
06-26 01:08:42.911  4095  4095 E statsd  : Gauge Stats puller failed for tag: 10157 at 14739309965
06-26 01:08:42.911  4095  4095 W statsd  : StatsPullerManager: Unknown tagId 10158
06-26 01:08:42.911  4095  4095 E statsd  : Gauge Stats puller failed for tag: 10158 at 14739309965
06-26 01:08:42.911  4095  4095 W statsd  : StatsPullerManager: Unknown tagId 10076
06-26 01:08:42.911  4095  4095 E statsd  : Gauge Stats puller failed for tag: 10076 at 14739309965
06-26 01:08:42.914  4095  4095 W statsd  : No active metric for config (10058 175721243)
06-26 01:08:42.914  4095  4095 I statsd  : Statsd starts to listen to socket.
06-26 01:08:42.920  4097  4097 D libEGL  : loaded /vendor/lib/egl/libGLES_mali.so
06-26 01:08:43.020  4097  4097 I Zygote  : Preloading shared libraries...
06-26 01:08:43.032  4097  4097 I Zygote  : Called ZygoteHooks.endPreload()
06-26 01:08:43.033  4097  4097 I Zygote  : Installed AndroidKeyStoreProvider in 1ms.
06-26 01:08:43.043  4097  4097 I Zygote  : Warmed up JCA providers in 11ms.
06-26 01:08:43.044  4097  4097 D Zygote  : end preload
06-26 01:08:43.044  4097  4097 D Zygote32Timing: ZygotePreload took to complete: 3333ms
06-26 01:08:43.174  4097  4097 I zygote  : Explicit concurrent copying GC freed 65520(3716KB) AllocSpace objects, 1(16KB) LOS objects, 49% free, 8823KB/17MB, paused 88us total 129.718ms
06-26 01:08:43.289  4097  4097 I zygote  : Explicit concurrent copying GC freed 8719(324KB) AllocSpace objects, 1(28KB) LOS objects, 49% free, 8502KB/16MB, paused 64us total 112.489ms
06-26 01:08:43.289  4097  4097 D Zygote32Timing: PostZygoteInitGC took to complete: 245ms
06-26 01:08:43.289  4097  4097 D Zygote32Timing: ZygoteInit took to complete: 3602ms
06-26 01:08:43.384  4240  4240 W ServiceManager: Waited one second for package_native (is service started? are binder threads started and available?)
06-26 01:08:43.385  3819  3819 I servicemanager: Since 'package_native' could not be found, trying to start it as a lazy AIDL service
06-26 01:08:43.386  3819  4369 W libc    : Unable to set property "ctl.interface_start" to "aidl/package_native": error code: 0x20
06-26 01:08:43.386     0     0 E [   15.272623@2]- init: Control message: Could not find 'aidl/package_native' for ctl.interface_start from pid: 3819 (/system/bin/servicemanager)
06-26 01:08:43.386  3819  4369 I servicemanager: Tried to start aidl service package_native as a lazy service, but was unable to. Usually this happens when a service is not installed, but if the service is intended to be used as a lazy service, then it may be configured incorrectly.
06-26 01:08:43.431  4097  4097 I zygote  : Background concurrent copying GC freed 143(48KB) AllocSpace objects, 0(0B) LOS objects, 49% free, 8502KB/16MB, paused 67us total 111.574ms
06-26 01:08:43.553  4097  4097 D Zygote  : Forked child process 4370
06-26 01:08:43.553  4097  4097 I Zygote  : System server process 4370 has been created
06-26 01:08:43.555  4097  4097 I Zygote  : Accepting command socket connections
06-26 01:08:43.668  4031  4046 I keystore2: keystore2::watchdog: Watchdog thread idle -> terminating. Have a great day.
06-26 01:08:43.876  4370  4370 W system_server: Failed to upload odrefresh metrics: metrics file '/data/misc/odrefresh/odrefresh-metrics.txt' could not be opened: No such file or directory
06-26 01:08:43.882  4269  4295 I adbd    : jdwp connection from 4370
06-26 01:08:43.896  4370  4370 D ProcessState: Binder ioctl to enable oneway spam detection failed: Invalid argument
06-26 01:08:43.898     0     0 I [   15.782651@3]- binder: 4370:4370 ioctl 40046210 ffe1a0d8 returned -22
06-26 01:08:43.951  4370  4370 I SystemServerTiming: InitBeforeStartServices
06-26 01:08:43.955  4370  4370 I SystemServer: Entered the Android system server!
06-26 01:08:44.112  4238  4260 W ServiceManager: Service package_native didn't start. Returning NULL
06-26 01:08:44.112  4238  4260 E ServiceUtilities: getInfo: Cannot find package_native
06-26 01:08:44.112  4238  4260 W AudioAnalytics: (key=audio.flinger) Audioflinger constructor event detected
06-26 01:08:44.203  4370  4370 E UsbAlsaJackDetectorJNI: Can't register UsbAlsaJackDetector native methods
06-26 01:08:44.221  4370  4370 I SystemServerInitThreadPool: Creating instance with 4 threads
06-26 01:08:44.385  4240  4240 W ServiceManager: Waited one second for package_native (is service started? are binder threads started and available?)
06-26 01:08:44.385  3819  3819 I servicemanager: Since 'package_native' could not be found, trying to start it as a lazy AIDL service
06-26 01:08:44.387  3819  4388 W libc    : Unable to set property "ctl.interface_start" to "aidl/package_native": error code: 0x20
06-26 01:08:44.387  3819  4388 I servicemanager: Tried to start aidl service package_native as a lazy service, but was unable to. Usually this happens when a service is not installed, but if the service is intended to be used as a lazy service, then it may be configured incorrectly.
06-26 01:08:44.388     0     0 E [   16.273739@2]- init: Control message: Could not find 'aidl/package_native' for ctl.interface_start from pid: 3819 (/system/bin/servicemanager)
06-26 01:08:44.738  4243  4243 W ServiceManager: Service package_native didn't start. Returning NULL
06-26 01:08:44.738  4243  4243 E storaged: getService package_native failed
06-26 01:08:44.740  4143  4143 I health2 : /sys/class/mmc_host/emmc/emmc:0001/rev:0x8
06-26 01:08:44.740  4143  4143 I health2 : /sys/class/mmc_host/emmc/emmc:0001/name:8GTF4R
06-26 01:08:44.740  4143  4143 I health2 : /sys/class/mmc_host/emmc/emmc:0001/life_time:0x03 0x03
06-26 01:08:44.740  4143  4143 I health2 : /sys/class/mmc_host/emmc/emmc:0001/pre_eol_info:01
06-26 01:08:44.740  4143  4143 E health2 : /sys/block/sda/stat: ReadFileToString failed.
06-26 01:08:44.741  4143  4143 I health2 : /sys/class/mmc_host/emmc/emmc:0001/rev:0x8
06-26 01:08:44.741  4143  4143 I health2 : /sys/class/mmc_host/emmc/emmc:0001/name:8GTF4R
06-26 01:08:44.741  4143  4143 I health2 : /sys/class/mmc_host/emmc/emmc:0001/life_time:0x03 0x03
06-26 01:08:44.741  4143  4143 I health2 : /sys/class/mmc_host/emmc/emmc:0001/pre_eol_info:01
06-26 01:08:44.741  4243  4390 I storaged: storaged: Start
06-26 01:08:44.742  4143  4143 E health2 : /sys/block/sda/stat: ReadFileToString failed.
06-26 01:08:44.743  4243  4390 I ServiceManager: Waiting for service 'package_native' on '/dev/binder'...
06-26 01:08:44.756  4370  4370 D SystemServerTiming: InitBeforeStartServices took to complete: 805ms
06-26 01:08:44.756  4370  4370 I SystemServerTiming: StartServices
06-26 01:08:44.756  4370  4370 I SystemServerTiming: startBootstrapServices
06-26 01:08:44.756  4370  4370 I SystemServerTiming: StartWatchdog
06-26 01:08:44.766  4370  4370 D SystemServerTiming: StartWatchdog took to complete: 10ms
06-26 01:08:44.766  4370  4370 I SystemServer: Reading configuration...
06-26 01:08:44.766  4370  4370 I SystemServerTiming: ReadingSystemConfig
06-26 01:08:44.766  4370  4370 D SystemServerTiming: ReadingSystemConfig took to complete: 1ms
06-26 01:08:44.767  4370  4399 I SystemServerTimingAsync: InitThreadPoolExec:ReadingSystemConfig
06-26 01:08:44.767  4370  4399 D SystemServerInitThreadPool: Started executing ReadingSystemConfig
06-26 01:08:44.768  4370  4370 I SystemServerTiming: PlatformCompat
06-26 01:08:44.768  4370  4399 I SystemConfig: Reading permissions from /system/etc/sysconfig/preinstalled-packages-platform.xml
06-26 01:08:44.770  4370  4370 D CompatConfig: Found a config file: /system/etc/compatconfig/documents-ui-compat-config.xml
06-26 01:08:44.772  4370  4399 I incfs   : Initial API level of the device: 28
06-26 01:08:44.772  4370  4399 I incfs   : ro.incremental.enable: 
06-26 01:08:44.772  4370  4370 D CompatConfig: Adding: com.android.server.compat.config.Change@19cd338
06-26 01:08:44.773  4370  4399 I SystemConfig: Reading permissions from /system/etc/sysconfig/framework-sysconfig.xml
06-26 01:08:44.775  4370  4370 D CompatConfig: Found a config file: /system/etc/compatconfig/services-platform-compat-config.xml
06-26 01:08:44.775  4370  4399 I SystemConfig: Reading permissions from /system/etc/sysconfig/operator-flags.xml
06-26 01:08:44.777  4370  4399 I SystemConfig: Reading permissions from /system/etc/sysconfig/netflix.xml
06-26 01:08:44.778  4370  4370 D CompatConfig: Adding: com.android.server.compat.config.Change@9a8ab4d
06-26 01:08:44.779  4370  4399 I SystemConfig: Reading permissions from /system/etc/sysconfig/hiddenapi-package-whitelist.xml
06-26 01:08:44.779  4370  4370 D CompatConfig: Adding: com.android.server.compat.config.Change@1d0ab13
06-26 01:08:44.780  4370  4370 D CompatConfig: Adding: com.android.server.compat.config.Change@daad150
06-26 01:08:44.781  4370  4370 D CompatConfig: Adding: com.android.server.compat.config.Change@576104e
06-26 01:08:44.782  4370  4399 I SystemConfig: Reading permissions from /system/etc/sysconfig/preinstalled-packages-com.android.providers.media.module.xml
06-26 01:08:44.782  4370  4370 D CompatConfig: Adding: com.android.server.compat.config.Change@690e56f
06-26 01:08:44.783  4370  4370 D CompatConfig: Adding: com.android.server.compat.config.Change@473b27c
06-26 01:08:44.784  4370  4370 D CompatConfig: Adding: com.android.server.compat.config.Change@d8cf705
06-26 01:08:44.785  4370  4370 D CompatConfig: Adding: com.android.server.compat.config.Change@b26e35a
06-26 01:08:44.786  4370  4370 D CompatConfig: Adding: com.android.server.compat.config.Change@a70698b
06-26 01:08:44.787  4370  4399 I SystemConfig: Reading permissions from /system/etc/permissions/javax.obex.xml
06-26 01:08:44.787  4370  4370 D CompatConfig: Adding: com.android.server.compat.config.Change@b6afe81
06-26 01:08:44.788  4370  4370 D CompatConfig: Adding: com.android.server.compat.config.Change@edfdb26
06-26 01:08:44.789  4370  4370 D CompatConfig: Adding: com.android.server.compat.config.Change@f7a1367
06-26 01:08:44.789  4370  4399 I SystemConfig: Reading permissions from /system/etc/permissions/android.hardware.bluetooth_le.xml
06-26 01:08:44.789  4370  4370 D CompatConfig: Adding: com.android.server.compat.config.Change@1c801bd
06-26 01:08:44.790  4370  4370 D CompatConfig: Adding: com.android.server.compat.config.Change@7de83b2
06-26 01:08:44.790  4370  4399 I SystemConfig: Reading permissions from /system/etc/permissions/tv_core_hardware.xml
06-26 01:08:44.791  4370  4370 D CompatConfig: Adding: com.android.server.compat.config.Change@3fd2e80
06-26 01:08:44.791  4370  4370 D CompatConfig: Adding: com.android.server.compat.config.Change@df7fcb9
06-26 01:08:44.792  4370  4399 I SystemConfig: Reading permissions from /system/etc/permissions/privapp-permissions-platform.xml
06-26 01:08:44.792  4370  4370 D CompatConfig: Adding: com.android.server.compat.config.Change@bac085f
06-26 01:08:44.793  4370  4370 D CompatConfig: Adding: com.android.server.compat.config.Change@b46b2ac
06-26 01:08:44.794  4370  4370 D CompatConfig: Adding: com.android.server.compat.config.Change@492ab75
06-26 01:08:44.794  4370  4370 D CompatConfig: Adding: com.android.server.compat.config.Change@42ed70a
06-26 01:08:44.795  4370  4370 D CompatConfig: Adding: com.android.server.compat.config.Change@932cb7b
06-26 01:08:44.796  4370  4370 D CompatConfig: Adding: com.android.server.compat.config.Change@c24d98
06-26 01:08:44.797  4370  4370 D CompatConfig: Adding: com.android.server.compat.config.Change@1ef89f1
06-26 01:08:44.797  4370  4370 D CompatConfig: Adding: com.android.server.compat.config.Change@6b59d6
06-26 01:08:44.798  4370  4370 D CompatConfig: Adding: com.android.server.compat.config.Change@498a457
06-26 01:08:44.799  4370  4370 D CompatConfig: Adding: com.android.server.compat.config.Change@95aab44
06-26 01:08:44.799  4370  4370 D CompatConfig: Adding: com.android.server.compat.config.Change@661d42d
06-26 01:08:44.800  4370  4370 D CompatConfig: Adding: com.android.server.compat.config.Change@e1b3d62
06-26 01:08:44.801  4370  4399 I SystemConfig: Reading permissions from /system/etc/permissions/privapp-permissions-SkyworthDigital.xml
06-26 01:08:44.801  4370  4370 D CompatConfig: Adding: com.android.server.compat.config.Change@bf937b0
06-26 01:08:44.802  4370  4370 D CompatConfig: Adding: com.android.server.compat.config.Change@a348629
06-26 01:08:44.802  4370  4370 D CompatConfig: Adding: com.android.server.compat.config.Change@5f3cdae
06-26 01:08:44.803  4370  4370 D CompatConfig: Adding: com.android.server.compat.config.Change@40dc74f
06-26 01:08:44.804  4370  4399 I SystemConfig: Reading permissions from /system/etc/permissions/GooglePermissionController_permissions.xml
06-26 01:08:44.804  4370  4370 D CompatConfig: Adding: com.android.server.compat.config.Change@5665be5
06-26 01:08:44.804  4370  4370 D CompatConfig: Adding: com.android.server.compat.config.Change@4b316ba
06-26 01:08:44.805  4370  4370 D CompatConfig: Adding: com.android.server.compat.config.Change@f09896b
06-26 01:08:44.806  4370  4399 I SystemConfig: Reading permissions from /system/etc/permissions/android.test.runner.xml
06-26 01:08:44.806  4370  4370 D CompatConfig: Adding: com.android.server.compat.config.Change@725d161
06-26 01:08:44.806  4370  4370 D CompatConfig: Adding: com.android.server.compat.config.Change@2ebe486
06-26 01:08:44.807  4370  4370 D CompatConfig: Adding: com.android.server.compat.config.Change@6e16d74
06-26 01:08:44.807  4370  4399 I SystemConfig: Reading permissions from /system/etc/permissions/privapp-permissions-google.xml
06-26 01:08:44.808  4370  4370 D CompatConfig: Adding: com.android.server.compat.config.Change@90d229d
06-26 01:08:44.808  4370  4370 D CompatConfig: Adding: com.android.server.compat.config.Change@d91c312
06-26 01:08:44.809  4370  4370 D CompatConfig: Adding: com.android.server.compat.config.Change@26bbae3
06-26 01:08:44.810  4370  4370 D CompatConfig: Adding: com.android.server.compat.config.Change@961ece0
06-26 01:08:44.810  4370  4370 D CompatConfig: Adding: com.android.server.compat.config.Change@b44fe5e
06-26 01:08:44.810  4370  4399 I SystemConfig: Reading permissions from /system/etc/permissions/GoogleExtServices_permissions.xml
06-26 01:08:44.811  4370  4370 D CompatConfig: Adding: com.android.server.compat.config.Change@c95223f
06-26 01:08:44.812  4370  4370 D CompatConfig: Adding: com.android.server.compat.config.Change@7a8f70c
06-26 01:08:44.812  4370  4399 I SystemConfig: Reading permissions from /system/etc/permissions/android.software.webview.xml
06-26 01:08:44.812  4370  4370 D CompatConfig: Adding: com.android.server.compat.config.Change@a5ea26a
06-26 01:08:44.813  4370  4370 D CompatConfig: Adding: com.android.server.compat.config.Change@7c3a35b
06-26 01:08:44.813  4370  4399 I SystemConfig: Reading permissions from /system/etc/permissions/org.apache.http.legacy.xml
06-26 01:08:44.814  4370  4370 D CompatConfig: Adding: com.android.server.compat.config.Change@8f4d4d1
06-26 01:08:44.814  4370  4370 D CompatConfig: Adding: com.android.server.compat.config.Change@3bc7b36
06-26 01:08:44.815  4370  4370 D CompatConfig: Adding: com.android.server.compat.config.Change@2751ba4
06-26 01:08:44.815  4370  4399 I SystemConfig: Reading permissions from /system/etc/permissions/com.android.mediadrm.signer.xml
06-26 01:08:44.815  4370  4370 D CompatConfig: Adding: com.android.server.compat.config.Change@f20ed0d
06-26 01:08:44.816  4370  4370 D CompatConfig: Adding: com.android.server.compat.config.Change@e4d14c2
06-26 01:08:44.816  4370  4399 I SystemConfig: Reading permissions from /system/etc/permissions/prime.xml
06-26 01:08:44.817  4370  4370 D CompatConfig: Found a config file: /system/etc/compatconfig/framework-platform-compat-config.xml
06-26 01:08:44.818  4370  4399 I SystemConfig: Reading permissions from /system/etc/permissions/android.test.mock.xml
06-26 01:08:44.819  4370  4399 I SystemConfig: Reading permissions from /system/etc/permissions/droidlogic-hiddenapi-package-whitelist.xml
06-26 01:08:44.820  4370  4399 I SystemConfig: Reading permissions from /system/etc/permissions/com.android.media.remotedisplay.xml
06-26 01:08:44.820  4370  4370 D CompatConfig: Adding: com.android.server.compat.config.Change@9de3b3c
06-26 01:08:44.821  4370  4370 D CompatConfig: Adding: com.android.server.compat.config.Change@613b0c5
06-26 01:08:44.821  4370  4399 I SystemConfig: Reading permissions from /system/etc/permissions/com.android.future.usb.accessory.xml
06-26 01:08:44.822  4370  4370 D CompatConfig: Adding: com.android.server.compat.config.Change@f0194b
06-26 01:08:44.822  4370  4370 D CompatConfig: Adding: com.android.server.compat.config.Change@8f1cf28
06-26 01:08:44.823  4370  4399 I SystemConfig: Reading permissions from /system/etc/permissions/privapp-permissions-atv.xml
06-26 01:08:44.823  4370  4370 D CompatConfig: Adding: com.android.server.compat.config.Change@cf81de6
06-26 01:08:44.823  4370  4370 D CompatConfig: Adding: com.android.server.compat.config.Change@4a4ff27
06-26 01:08:44.824  4370  4370 D CompatConfig: Adding: com.android.server.compat.config.Change@1b4337d
06-26 01:08:44.824  4370  4399 I SystemConfig: Reading permissions from /system/etc/permissions/com.android.media.tv.remoteprovider.xml
06-26 01:08:44.825  4370  4370 D CompatConfig: Adding: com.android.server.compat.config.Change@1183272
06-26 01:08:44.825  4370  4370 D CompatConfig: Adding: com.android.server.compat.config.Change@cd866c3
06-26 01:08:44.826  4370  4399 I SystemConfig: Reading permissions from /system/etc/permissions/com.android.location.provider.xml
06-26 01:08:44.826  4370  4370 D CompatConfig: Adding: com.android.server.compat.config.Change@3d58a79
06-26 01:08:44.827  4370  4370 D CompatConfig: Adding: com.android.server.compat.config.Change@4b303be
06-26 01:08:44.827  4370  4399 I SystemConfig: Reading permissions from /system/etc/permissions/android.test.base.xml
06-26 01:08:44.828  4370  4370 D CompatConfig: Adding: com.android.server.compat.config.Change@bc4eb6c
06-26 01:08:44.828  4370  4399 I SystemConfig: Reading permissions from /system/etc/permissions/android.hardware.bluetooth.xml
06-26 01:08:44.829  4370  4370 D CompatConfig: Adding: com.android.server.compat.config.Change@f979dca
06-26 01:08:44.829  4370  4370 D CompatConfig: Adding: com.android.server.compat.config.Change@9ddeb3b
06-26 01:08:44.830  4370  4370 D CompatConfig: Adding: com.android.server.compat.config.Change@bcb5258
06-26 01:08:44.830  4370  4399 I SystemConfig: Reading permissions from /system/etc/permissions/com.android.networkstack.tethering.xml
06-26 01:08:44.830  4370  4370 D CompatConfig: Adding: com.android.server.compat.config.Change@579cc96
06-26 01:08:44.831  4370  4370 D CompatConfig: Adding: com.android.server.compat.config.Change@3360017
06-26 01:08:44.831  4370  4399 I SystemConfig: Reading permissions from /system/etc/permissions/platform.xml
06-26 01:08:44.832  4370  4370 D CompatConfig: Adding: com.android.server.compat.config.Change@d9df5ed
06-26 01:08:44.832  4370  4370 D CompatConfig: Adding: com.android.server.compat.config.Change@f7e1c22
06-26 01:08:44.833  4370  4370 D CompatConfig: Adding: com.android.server.compat.config.Change@99086b3
06-26 01:08:44.834  4370  4370 D CompatConfig: Adding: com.android.server.compat.config.Change@d061470
06-26 01:08:44.835  4370  4370 D CompatConfig: Adding: com.android.server.compat.config.Change@47103e9
06-26 01:08:44.836  4370  4370 D CompatConfig: Adding: com.android.server.compat.config.Change@285d86e
06-26 01:08:44.836  4370  4370 D CompatConfig: Adding: com.android.server.compat.config.Change@e02db0f
06-26 01:08:44.837  4370  4370 D CompatConfig: Adding: com.android.server.compat.config.Change@290079c
06-26 01:08:44.837  4370  4399 I SystemConfig: Reading permissions from /vendor/etc/permissions/android.hardware.ethernet.xml
06-26 01:08:44.837  4370  4370 D CompatConfig: Adding: com.android.server.compat.config.Change@e3b0d7a
06-26 01:08:44.838  4370  4370 D CompatConfig: Adding: com.android.server.compat.config.Change@39c192b
06-26 01:08:44.839  4370  4399 I SystemConfig: Reading permissions from /vendor/etc/permissions/android.hardware.consumerir.xml
06-26 01:08:44.839  4370  4370 D CompatConfig: Adding: com.android.server.compat.config.Change@93c4721
06-26 01:08:44.840  4370  4370 D CompatConfig: Adding: com.android.server.compat.config.Change@dc8746
06-26 01:08:44.840  4370  4399 I SystemConfig: Reading permissions from /vendor/etc/permissions/android.hardware.opengles.aep.xml
06-26 01:08:44.841  4370  4370 D CompatConfig: Adding: com.android.server.compat.config.Change@dfbae34
06-26 01:08:44.842  4370  4370 D CompatConfig: Adding: com.android.server.compat.config.Change@bc9d1d2
06-26 01:08:44.842  4370  4399 I SystemConfig: Reading permissions from /vendor/etc/permissions/android.hardware.audio.output.xml
06-26 01:08:44.842  4370  4370 D CompatConfig: Adding: com.android.server.compat.config.Change@d4882a3
06-26 01:08:44.843  4370  4370 D CompatConfig: Adding: com.android.server.compat.config.Change@cbf79a0
06-26 01:08:44.843  4370  4399 I SystemConfig: Reading permissions from /vendor/etc/permissions/android.hardware.camera.external.xml
06-26 01:08:44.843  4370  4370 D CompatConfig: Adding: com.android.server.compat.config.Change@4cf391e
06-26 01:08:44.844  4370  4370 D CompatConfig: Adding: com.android.server.compat.config.Change@6328fcc
06-26 01:08:44.844  4370  4399 I SystemConfig: Reading permissions from /vendor/etc/permissions/droidlogic.software.core.xml
06-26 01:08:44.845  4370  4370 D CompatConfig: Adding: com.android.server.compat.config.Change@f1f9215
06-26 01:08:44.846  4370  4370 D CompatConfig: Adding: com.android.server.compat.config.Change@31c92a
06-26 01:08:44.846  4370  4399 W SystemConfig: name is required for <deny-permission> in START_TAG (empty) <deny-permission name=''>@27:35 in java.io.FileReader@f9a31b
06-26 01:08:44.847  4370  4370 D CompatConfig: Adding: com.android.server.compat.config.Change@bdedcb8
06-26 01:08:44.847  4370  4399 I SystemConfig: Reading permissions from /vendor/etc/permissions/android.hardware.vulkan.version.xml
06-26 01:08:44.847  4370  4370 D CompatConfig: Adding: com.android.server.compat.config.Change@f7b4df6
06-26 01:08:44.848  4370  4370 D CompatConfig: Adding: com.android.server.compat.config.Change@b8555f7
06-26 01:08:44.848  4370  4399 I SystemConfig: Reading permissions from /vendor/etc/permissions/android.hardware.wifi.direct.xml
06-26 01:08:44.849  4370  4370 D CompatConfig: Adding: com.android.server.compat.config.Change@790eecd
06-26 01:08:44.849  4370  4370 D CompatConfig: Adding: com.android.server.compat.config.Change@1065382
06-26 01:08:44.850  4370  4399 I SystemConfig: Reading permissions from /vendor/etc/permissions/droidlogic.tv.software.core.xml
06-26 01:08:44.850  4370  4370 D CompatConfig: Adding: com.android.server.compat.config.Change@9f48ad0
06-26 01:08:44.851  4370  4370 D CompatConfig: Adding: com.android.server.compat.config.Change@c4aaac9
06-26 01:08:44.851  4370  4399 I SystemConfig: Reading permissions from /vendor/etc/permissions/android.software.vulkan.deqp.level-2021-03-01.xml
06-26 01:08:44.851  4370  4370 D CompatConfig: Adding: com.android.server.compat.config.Change@e6b0cef
06-26 01:08:44.852  4370  4370 D CompatConfig: Adding: com.android.server.compat.config.Change@15f83fc
06-26 01:08:44.853  4370  4370 D CompatConfig: Adding: com.android.server.compat.config.Change@6e6d0da
06-26 01:08:44.853  4370  4399 I SystemConfig: Reading permissions from /vendor/etc/permissions/nrdp.xml
06-26 01:08:44.853  4370  4370 D CompatConfig: Adding: com.android.server.compat.config.Change@685890b
06-26 01:08:44.854  4370  4370 D CompatConfig: Adding: com.android.server.compat.config.Change@1ee3e8
06-26 01:08:44.854  4370  4399 I SystemConfig: Reading permissions from /vendor/etc/permissions/android.software.app_widgets.xml
06-26 01:08:44.854  4370  4370 D CompatConfig: Adding: com.android.server.compat.config.Change@e7120a6
06-26 01:08:44.855  4370  4370 D CompatConfig: Adding: com.android.server.compat.config.Change@481aae7
06-26 01:08:44.856  4370  4399 I SystemConfig: Reading permissions from /vendor/etc/permissions/android.software.verified_boot.xml
06-26 01:08:44.856  4370  4370 D CompatConfig: Adding: com.android.server.compat.config.Change@208253d
06-26 01:08:44.857  4370  4370 D CompatConfig: Adding: com.android.server.compat.config.Change@2fea132
06-26 01:08:44.857  4370  4399 I SystemConfig: Reading permissions from /vendor/etc/permissions/android.hardware.vulkan.compute.xml
06-26 01:08:44.858  4370  4370 D CompatConfig: Adding: com.android.server.compat.config.Change@e84800
06-26 01:08:44.858  4370  4370 D CompatConfig: Adding: com.android.server.compat.config.Change@8d6d839
06-26 01:08:44.859  4370  4399 I SystemConfig: Reading permissions from /vendor/etc/permissions/android.hardware.bluetooth.xml
06-26 01:08:44.859  4370  4370 D CompatConfig: Adding: com.android.server.compat.config.Change@81f0fdf
06-26 01:08:44.860  4370  4370 D CompatConfig: Adding: com.android.server.compat.config.Change@143bef5
06-26 01:08:44.860  4370  4399 I SystemConfig: Reading permissions from /vendor/etc/permissions/android.software.ipsec_tunnels.xml
06-26 01:08:44.860  4370  4370 D CompatConfig: Adding: com.android.server.compat.config.Change@485248a
06-26 01:08:44.861  4370  4370 D CompatConfig: Found a config file: /system/etc/compatconfig/icu4j-platform-compat-config.xml
06-26 01:08:44.861  4370  4399 I SystemConfig: Reading permissions from /vendor/etc/permissions/android.hardware.wifi.passpoint.xml
06-26 01:08:44.862  4370  4370 D CompatConfig: Adding: com.android.server.compat.config.Change@75e5571
06-26 01:08:44.863  4370  4399 I SystemConfig: Reading permissions from /vendor/etc/permissions/android.hardware.hdmi.cec.xml
06-26 01:08:44.863  4370  4370 D CompatConfig: Found a config file: /system/etc/compatconfig/calendar-provider-compat-config.xml
06-26 01:08:44.864  4370  4399 I SystemConfig: Reading permissions from /vendor/etc/permissions/android.hardware.usb.host.xml
06-26 01:08:44.865  4370  4370 D CompatConfig: Adding: com.android.server.compat.config.Change@eb1d7ad
06-26 01:08:44.865  4370  4399 I SystemConfig: Reading permissions from /vendor/etc/permissions/android.hardware.wifi.xml
06-26 01:08:44.866  4370  4370 D CompatConfig: No directory /system/system_ext/etc/compatconfig, skipping
06-26 01:08:44.866  4370  4399 I SystemConfig: Reading permissions from /vendor/etc/permissions/android.software.cant_save_state.xml
06-26 01:08:44.868  4370  4399 I SystemConfig: Reading permissions from /vendor/etc/permissions/android.software.backup.xml
06-26 01:08:44.868  4370  4370 D CompatConfig: No directory /apex/com.android.wifi/etc/compatconfig, skipping
06-26 01:08:44.868  4370  4370 D CompatConfig: No directory /apex/com.android.vndk.v31/etc/compatconfig, skipping
06-26 01:08:44.869  4370  4370 D CompatConfig: No directory /apex/com.android.tzdata/etc/compatconfig, skipping
06-26 01:08:44.869  4370  4370 D CompatConfig: No directory /apex/com.android.tethering/etc/compatconfig, skipping
06-26 01:08:44.869  4370  4399 I SystemConfig: Reading permissions from /vendor/etc/permissions/android.software.opengles.deqp.level-2021-03-01.xml
06-26 01:08:44.869  4370  4370 D CompatConfig: No directory /apex/com.android.sdkext/etc/compatconfig, skipping
06-26 01:08:44.869  4370  4370 D CompatConfig: No directory /apex/com.android.scheduling/etc/compatconfig, skipping
06-26 01:08:44.869  4370  4370 D CompatConfig: No directory /apex/com.android.runtime/etc/compatconfig, skipping
06-26 01:08:44.869  4370  4370 D CompatConfig: No directory /apex/com.android.resolv/etc/compatconfig, skipping
06-26 01:08:44.870  4370  4370 D CompatConfig: No directory /apex/com.android.permission/etc/compatconfig, skipping
06-26 01:08:44.870  4370  4370 D CompatConfig: No directory /apex/com.android.os.statsd/etc/compatconfig, skipping
06-26 01:08:44.870  4370  4370 D CompatConfig: No directory /apex/com.android.neuralnetworks/etc/compatconfig, skipping
06-26 01:08:44.870  4370  4399 I SystemConfig: Reading permissions from /vendor/etc/permissions/android.hardware.bluetooth_le.xml
06-26 01:08:44.871  4370  4370 D CompatConfig: Found a config file: /apex/com.android.mediaprovider/etc/compatconfig/media-provider-platform-compat-config.xml
06-26 01:08:44.871  4370  4399 I SystemConfig: Reading permissions from /vendor/etc/permissions/android.hardware.vulkan.level.xml
06-26 01:08:44.872  4370  4370 D CompatConfig: Adding: com.android.server.compat.config.Change@434f65
06-26 01:08:44.873  4370  4399 I SystemConfig: Reading permissions from /vendor/etc/permissions/android.hardware.gamepad.xml
06-26 01:08:44.873  4370  4370 D CompatConfig: Adding: com.android.server.compat.config.Change@52468eb
06-26 01:08:44.874  4370  4370 D CompatConfig: Adding: com.android.server.compat.config.Change@19e7ce1
06-26 01:08:44.874  4370  4399 I SystemConfig: Reading permissions from /vendor/etc/permissions/android.hardware.location.xml
06-26 01:08:44.875  4370  4370 D CompatConfig: Adding: com.android.server.compat.config.Change@18dea06
06-26 01:08:44.875  4370  4370 D CompatConfig: Adding: com.android.server.compat.config.Change@d5ea8c7
06-26 01:08:44.876  4370  4399 I SystemConfig: Reading permissions from /vendor/etc/permissions/droidlogic.software.netflix.xml
06-26 01:08:44.876  4370  4370 D CompatConfig: Adding: com.android.server.compat.config.Change@d25061d
06-26 01:08:44.877  4370  4370 D CompatConfig: Adding: com.android.server.compat.config.Change@80ea092
06-26 01:08:44.878  4370  4370 D CompatConfig: No directory /apex/com.android.media.swcodec/etc/compatconfig, skipping
06-26 01:08:44.878  4370  4370 D CompatConfig: No directory /apex/com.android.media/etc/compatconfig, skipping
06-26 01:08:44.879  4370  4399 I SystemConfig: Reading permissions from /product/etc/sysconfig/google.xml
06-26 01:08:44.879  4370  4370 D CompatConfig: No directory /apex/com.android.ipsec/etc/compatconfig, skipping
06-26 01:08:44.879  4370  4370 D CompatConfig: No directory /apex/com.android.i18n/etc/compatconfig, skipping
06-26 01:08:44.879  4370  4370 D CompatConfig: No directory /apex/com.android.extservices/etc/compatconfig, skipping
06-26 01:08:44.879  4370  4370 D CompatConfig: No directory /apex/com.android.conscrypt/etc/compatconfig, skipping
06-26 01:08:44.880  4370  4399 I SystemConfig: Adding association: com.google.android.as <- com.android.bluetooth
06-26 01:08:44.880  4370  4399 I SystemConfig: Adding association: com.google.android.as <- com.android.providers.contacts
06-26 01:08:44.880  4370  4399 I SystemConfig: Adding association: com.google.android.as <- com.android.providers.media
06-26 01:08:44.880  4370  4370 D CompatConfig: Found a config file: /apex/com.android.art/etc/compatconfig/libcore-platform-compat-config.xml
06-26 01:08:44.880  4370  4399 I SystemConfig: Adding association: com.google.android.as <- com.android.providers.telephony
06-26 01:08:44.880  4370  4399 I SystemConfig: Adding association: com.google.android.as <- com.android.systemui
06-26 01:08:44.880  4370  4399 I SystemConfig: Adding association: com.google.android.as <- com.google.android.providers.media.module
06-26 01:08:44.880  4370  4399 I SystemConfig: Adding association: com.google.android.as <- com.google.android.as.oss
06-26 01:08:44.880  4370  4399 I SystemConfig: Adding association: com.google.android.as.oss <- com.google.android.as
06-26 01:08:44.881  4370  4399 I SystemConfig: Reading permissions from /product/etc/sysconfig/google_atv.xml
06-26 01:08:44.881  4370  4370 D CompatConfig: Adding: com.android.server.compat.config.Change@7233de
06-26 01:08:44.882  4370  4370 D CompatConfig: Adding: com.android.server.compat.config.Change@821e9bf
06-26 01:08:44.883  4370  4399 I SystemConfig: Reading permissions from /product/etc/sysconfig/google-hiddenapi-package-whitelist.xml
06-26 01:08:44.883  4370  4370 D CompatConfig: Adding: com.android.server.compat.config.Change@93fdbd5
06-26 01:08:44.883  4370  4370 D CompatConfig: Adding: com.android.server.compat.config.Change@e9afea
06-26 01:08:44.884  4370  4370 D CompatConfig: Adding: com.android.server.compat.config.Change@1562db
06-26 01:08:44.885  4370  4399 I SystemConfig: Reading permissions from /product/etc/sysconfig/atv-component-overrides.xml
06-26 01:08:44.885  4370  4370 D CompatConfig: No directory /apex/com.android.appsearch/etc/compatconfig, skipping
06-26 01:08:44.885  4370  4370 D CompatConfig: No directory /apex/com.android.adbd/etc/compatconfig, skipping
06-26 01:08:44.887  4370  4399 I SystemConfig: Reading permissions from /product/etc/sysconfig/google-staged-installer-whitelist.xml
06-26 01:08:44.888  4370  4399 I SystemConfig: Reading permissions from /product/etc/sysconfig/google-rollback-package-whitelist.xml
06-26 01:08:44.888  4370  4370 D SystemServerTiming: PlatformCompat took to complete: 121ms
06-26 01:08:44.889  4370  4370 I SystemServerTiming: StartFileIntegrityService
06-26 01:08:44.889  4370  4370 I SystemServiceManager: Starting com.android.server.security.FileIntegrityService
06-26 01:08:44.891  4370  4399 I SystemConfig: Reading permissions from /product/etc/permissions/priv_app_droidtvsettings.xml
06-26 01:08:44.892  4370  4399 I SystemConfig: Reading permissions from /product/etc/permissions/split-permissions-google.xml
06-26 01:08:44.894  4370  4399 I SystemConfig: Reading permissions from /product/etc/permissions/privapp-permissions-atv-product.xml
06-26 01:08:44.897  4370  4399 I SystemConfig: Reading permissions from /product/etc/permissions/privapp-permissions-google-p.xml
06-26 01:08:44.906  4370  4370 D SystemServerTiming: StartFileIntegrityService took to complete: 17ms
06-26 01:08:44.906  4370  4370 I SystemServerTiming: StartInstaller
06-26 01:08:44.907  4370  4370 I SystemServiceManager: Starting com.android.server.pm.Installer
06-26 01:08:44.907  4370  4399 W SystemConfig: No directory /system_ext/etc/sysconfig, skipping
06-26 01:08:44.908  4370  4399 I SystemConfig: Reading permissions from /system_ext/etc/permissions/com.droidlogic.tv.settings.xml
06-26 01:08:44.910  4236  4245 D installd: Found quota mount /dev/block/userdata at /data
06-26 01:08:44.910  4370  4399 I SystemConfig: Reading permissions from /system_ext/etc/permissions/privapp-permissions-google-se.xml
06-26 01:08:44.910  4236  4245 D installd: Found quota mount /dev/block/param at /mnt/vendor/param
06-26 01:08:44.911  4236  4245 D installd: Found quota mount /dev/block/by-name/skyinfo at /mnt/skyinfo
06-26 01:08:44.911  4236  4245 D installd: Found quota mount /dev/block/userdata at /data/user/0
06-26 01:08:44.912  4370  4370 D SystemServerTiming: StartInstaller took to complete: 6ms
06-26 01:08:44.913  4370  4370 I SystemServerTiming: DeviceIdentifiersPolicyService
06-26 01:08:44.913  4370  4370 I SystemServiceManager: Starting com.android.server.os.DeviceIdentifiersPolicyService
06-26 01:08:44.915  4370  4399 I SystemConfig: Reading permissions from /system_ext/etc/permissions/droidlogic_permissions.xml
06-26 01:08:44.915  4370  4370 D SystemServerTiming: DeviceIdentifiersPolicyService took to complete: 3ms
06-26 01:08:44.916  4370  4370 I SystemServerTiming: UriGrantsManagerService
06-26 01:08:44.916  4370  4370 I SystemServiceManager: Starting com.android.server.uri.UriGrantsManagerService$Lifecycle
06-26 01:08:44.916  4370  4399 I SystemConfig: Reading permissions from /system_ext/etc/permissions/com.android.tv.settings.xml
06-26 01:08:44.918  4370  4399 I SystemConfig: Reading permissions from /system_ext/etc/permissions/com.android.systemui.xml
06-26 01:08:44.918  4370  4370 D SystemServerTiming: UriGrantsManagerService took to complete: 2ms
06-26 01:08:44.918  4370  4370 I SystemServerTiming: StartPowerStatsService
06-26 01:08:44.918  4370  4370 I SystemServiceManager: Starting com.android.server.powerstats.PowerStatsService
06-26 01:08:44.922  3819  3819 E servicemanager: Could not find android.hardware.power.stats.IPowerStats/default in the VINTF manifest.
06-26 01:08:44.923  4370  4399 I SystemConfig: Reading permissions from /apex/com.android.ipsec/etc/permissions/android.net.ipsec.ike.xml
06-26 01:08:44.924  4370  4370 D hw-ProcessState: Binder ioctl to enable oneway spam detection failed: Invalid argument
06-26 01:08:44.926     0     0 I [   16.810474@0]- binder: 4370:4370 ioctl 40046210 ffe19bc0 returned -22
06-26 01:08:44.927  4370  4370 D SystemServerTiming: StartPowerStatsService took to complete: 9ms
06-26 01:08:44.928  4370  4370 I SystemServerTiming: StartIStatsService
06-26 01:08:44.929  4370  4399 W SystemConfig: Failed to read public libraries file /vendor/etc/public.libraries.txt
06-26 01:08:44.929  4370  4399 W SystemConfig: java.io.FileNotFoundException: /vendor/etc/public.libraries.txt: open failed: ENOENT (No such file or directory)
06-26 01:08:44.929  4370  4399 W SystemConfig: 	at libcore.io.IoBridge.open(IoBridge.java:575)
06-26 01:08:44.929  4370  4399 W SystemConfig: 	at java.io.FileInputStream.<init>(FileInputStream.java:160)
06-26 01:08:44.929  4370  4399 W SystemConfig: 	at java.io.FileReader.<init>(FileReader.java:72)
06-26 01:08:44.929  4370  4399 W SystemConfig: 	at com.android.server.SystemConfig.readPublicLibrariesListFile(SystemConfig.java:1601)
06-26 01:08:44.929  4370  4399 W SystemConfig: 	at com.android.server.SystemConfig.readPublicNativeLibrariesList(SystemConfig.java:1583)
06-26 01:08:44.929  4370  4399 W SystemConfig: 	at com.android.server.SystemConfig.<init>(SystemConfig.java:484)
06-26 01:08:44.929  4370  4399 W SystemConfig: 	at com.android.server.SystemConfig.getInstance(SystemConfig.java:272)
06-26 01:08:44.929  4370  4399 W SystemConfig: 	at com.android.server.SystemServer$$ExternalSyntheticLambda6.run(Unknown Source:0)
06-26 01:08:44.929  4370  4399 W SystemConfig: 	at com.android.server.SystemServerInitThreadPool.lambda$submitTask$0$SystemServerInitThreadPool(SystemServerInitThreadPool.java:105)
06-26 01:08:44.929  4370  4399 W SystemConfig: 	at com.android.server.SystemServerInitThreadPool$$ExternalSyntheticLambda0.run(Unknown Source:6)
06-26 01:08:44.929  4370  4399 W SystemConfig: 	at java.util.concurrent.Executors$RunnableAdapter.call(Executors.java:462)
06-26 01:08:44.929  4370  4399 W SystemConfig: 	at java.util.concurrent.FutureTask.run(FutureTask.java:266)
06-26 01:08:44.929  4370  4399 W SystemConfig: 	at java.util.concurrent.ThreadPoolExecutor.runWorker(ThreadPoolExecutor.java:1167)
06-26 01:08:44.929  4370  4399 W SystemConfig: 	at java.util.concurrent.ThreadPoolExecutor$Worker.run(ThreadPoolExecutor.java:641)
06-26 01:08:44.929  4370  4399 W SystemConfig: 	at com.android.internal.util.ConcurrentUtils$1$1.run(ConcurrentUtils.java:65)
06-26 01:08:44.929  4370  4399 W SystemConfig: Caused by: android.system.ErrnoException: open failed: ENOENT (No such file or directory)
06-26 01:08:44.929  4370  4399 W SystemConfig: 	at libcore.io.Linux.open(Native Method)
06-26 01:08:44.929  4370  4399 W SystemConfig: 	at libcore.io.ForwardingOs.open(ForwardingOs.java:567)
06-26 01:08:44.929  4370  4399 W SystemConfig: 	at libcore.io.BlockGuardOs.open(BlockGuardOs.java:273)
06-26 01:08:44.929  4370  4399 W SystemConfig: 	at libcore.io.IoBridge.open(IoBridge.java:561)
06-26 01:08:44.929  4370  4399 W SystemConfig: 	... 14 more
06-26 01:08:44.929  4370  4370 I HidlServiceManagement: Registered android.frameworks.stats@1.0::IStats/default
06-26 01:08:44.931  3819  3819 I servicemanager: Found android.frameworks.stats.IStats/default in framework VINTF manifest.
06-26 01:08:44.931  4370  4399 D SystemConfig: readAllPermissions took to complete: 164ms
06-26 01:08:44.931  4370  4370 D SystemServerTiming: StartIStatsService took to complete: 3ms
06-26 01:08:44.931  4370  4399 D SystemServerInitThreadPool: Finished executing ReadingSystemConfig
06-26 01:08:44.931  4370  4399 D SystemServerTimingAsync: InitThreadPoolExec:ReadingSystemConfig took to complete: 164ms
06-26 01:08:44.932  4370  4370 I SystemServerTiming: MemtrackProxyService
06-26 01:08:44.933  3819  3819 E servicemanager: Could not find android.hardware.memtrack.IMemtrack/default in the VINTF manifest.
06-26 01:08:44.934  4370  4370 I Stability: Interface set with vintf stability wire protocol version 1 downgraded to system stability wire protocol version 1 stability
06-26 01:08:44.935  4370  4370 D SystemServerTiming: MemtrackProxyService took to complete: 3ms
06-26 01:08:44.935  4370  4370 I SystemServerTiming: StartActivityManager
06-26 01:08:44.935  4370  4370 I SystemServiceManager: Starting com.android.server.wm.ActivityTaskManagerService$Lifecycle
06-26 01:08:44.945  4370  4370 I SystemServiceManager: Starting com.android.server.am.ActivityManagerService$Lifecycle
06-26 01:08:44.952  4370  4370 I ActivityManager: Memory class: 256
06-26 01:08:44.955  4370  4403 I Binder  : Setting heavy hitter watcher config: false, 0, 0.0
06-26 01:08:44.977  4370  4370 I PackageWatchdog: Updated health check state for package com.google.android.ext.services: INACTIVE -> PASSED
06-26 01:08:44.977  4370  4370 I PackageWatchdog: Updated health check state for package android: INACTIVE -> PASSED
06-26 01:08:44.977  4370  4370 I PackageWatchdog: Updated health check state for package com.google.android.permissioncontroller: INACTIVE -> PASSED
06-26 01:08:44.977  4370  4370 I PackageWatchdog: Updated health check state for package com.google.android.gms: INACTIVE -> PASSED
06-26 01:08:44.977  4370  4370 I PackageWatchdog: Updated health check state for package com.google.android.gsf: INACTIVE -> PASSED
06-26 01:08:44.977  4370  4370 I PackageWatchdog: Updated health check state for package com.android.providers.userdictionary: INACTIVE -> PASSED
06-26 01:08:44.977  4370  4370 I PackageWatchdog: Updated health check state for package com.android.providers.media.module: INACTIVE -> PASSED
06-26 01:08:44.977  4370  4370 I PackageWatchdog: Updated health check state for package com.android.systemui: INACTIVE -> PASSED
06-26 01:08:44.977  4370  4370 I PackageWatchdog: Updated health check state for package com.android.bluetooth: INACTIVE -> PASSED
06-26 01:08:44.978  4370  4370 I PackageWatchdog: Updated health check state for package com.android.providers.contacts: INACTIVE -> PASSED
06-26 01:08:44.990  4370  4370 D BatteryStatsImpl: Reading daily items from /data/system/batterystats-daily.xml
06-26 01:08:45.017  4370  4410 I BatteryStatsService: Using power.stats HAL
06-26 01:08:45.019  4370  4410 W BatteryStatsService: Rail information is not available
06-26 01:08:45.019  4370  4410 W BatteryStatsService: Rail energy data is not available
06-26 01:08:45.020  4370  4410 E BluetoothAdapter: Bluetooth binder is null
06-26 01:08:45.021  4370  4410 I KernelCpuUidFreqTimeReader: mPerClusterTimesAvailable=false
06-26 01:08:45.025  4370  4410 W KernelCpuUidFreqTimeBpfMapReader: Failed to start tracking
06-26 01:08:45.028  4370  4410 W KernelCpuUidActiveTimeBpfMapReader: Failed to start tracking
06-26 01:08:45.031  4370  4410 W KernelCpuUidClusterTimeBpfMapReader: Failed to start tracking
06-26 01:08:45.034  4370  4410 E system_server: Cannot read thread CPU times for PID 4370
06-26 01:08:45.035  4370  4410 E KernelWakelockReader: neither /proc/wakelocks nor /d/wakeup_sources exists
06-26 01:08:45.039  4370  4410 W BatteryStatsImpl: Couldn't get kernel wake lock stats
06-26 01:08:45.039  4370  4410 W KernelMemoryBandwidthStats: No kernel memory bandwidth stats available
06-26 01:08:45.154  4146  4146 I memtrack_aml: debug_level:1
06-26 01:08:45.154  4146  4146 I memtrack_aml: debug_level:1
06-26 01:08:45.154  4146  4146 D memtrack_aml: open file /d/ion/heaps/vmalloc_ion error No such file or directory
06-26 01:08:45.155  4146  4146 I memtrack_aml: debug_level:1
06-26 01:08:45.155  4146  4146 I memtrack_aml: debug_level:1
06-26 01:08:45.155  4146  4146 D memtrack_aml: open /d/mali0/ctx error No such file or directory
06-26 01:08:45.155  4146  4146 D memtrack_aml: open file /proc/4370/smaps error No such file or directory
06-26 01:08:45.155  4146  4146 I memtrack_aml: debug_level:1
06-26 01:08:45.155  4146  4146 I memtrack_aml: debug_level:1
06-26 01:08:45.155  4146  4146 D memtrack_aml: fail to open /d/ion/heaps
06-26 01:08:45.155  4146  4146 I memtrack_aml: debug_level:1
06-26 01:08:45.155  4146  4146 I memtrack_aml: debug_level:1
06-26 01:08:45.156  4370  4370 W android.os.Debug: failed to get other pss: -2
06-26 01:08:45.215  4370  4370 I IntentFirewall: Read new rules (A:0 B:0 S:0)
06-26 01:08:45.234  4370  4370 D AppOps  : AppOpsService published
06-26 01:08:45.235  4370  4370 D SystemServerTiming: StartActivityManager took to complete: 300ms
06-26 01:08:45.235  4370  4370 I SystemServerTiming: StartDataLoaderManagerService
06-26 01:08:45.235  4370  4370 I SystemServiceManager: Starting com.android.server.pm.DataLoaderManagerService
