06-26 01:40:18.340   589   589 I SystemServerTiming: OnBootPhase_480_com.android.server.slice.SliceManagerService$Lifecycle
06-26 01:40:18.340   589   589 D SystemServerTiming: OnBootPhase_480_com.android.server.slice.SliceManagerService$Lifecycle took to complete: 0ms
06-26 01:40:18.340   589   589 I SystemServerTiming: OnBootPhase_480_com.android.server.stats.StatsCompanion$Lifecycle
06-26 01:40:18.340   589   589 D SystemServerTiming: OnBootPhase_480_com.android.server.stats.StatsCompanion$Lifecycle took to complete: 0ms
06-26 01:40:18.340   589   589 I SystemServerTiming: OnBootPhase_480_com.android.server.scheduling.RebootReadinessManagerService$Lifecycle
06-26 01:40:18.340   589   589 D SystemServerTiming: OnBootPhase_480_com.android.server.scheduling.RebootReadinessManagerService$Lifecycle took to complete: 0ms
06-26 01:40:18.340   589   589 I SystemServerTiming: OnBootPhase_480_com.android.server.stats.pull.StatsPullAtomService
06-26 01:40:18.341   589   589 D SystemServerTiming: OnBootPhase_480_com.android.server.stats.pull.StatsPullAtomService took to complete: 0ms
06-26 01:40:18.341   589   589 I SystemServerTiming: OnBootPhase_480_com.android.server.incident.IncidentCompanionService
06-26 01:40:18.341   589   589 D SystemServerTiming: OnBootPhase_480_com.android.server.incident.IncidentCompanionService took to complete: 0ms
06-26 01:40:18.341   589   589 I SystemServerTiming: OnBootPhase_480_com.android.server.MmsServiceBroker
06-26 01:40:18.341   589   589 D SystemServerTiming: OnBootPhase_480_com.android.server.MmsServiceBroker took to complete: 0ms
06-26 01:40:18.341   589   589 I SystemServerTiming: OnBootPhase_480_com.android.server.autofill.AutofillManagerService
06-26 01:40:18.341   589   589 D SystemServerTiming: OnBootPhase_480_com.android.server.autofill.AutofillManagerService took to complete: 0ms
06-26 01:40:18.341   589   589 I SystemServerTiming: OnBootPhase_480_com.android.server.clipboard.ClipboardService
06-26 01:40:18.341   589   589 D SystemServerTiming: OnBootPhase_480_com.android.server.clipboard.ClipboardService took to complete: 0ms
06-26 01:40:18.341   589   589 I SystemServerTiming: OnBootPhase_480_com.android.server.appbinding.AppBindingService$Lifecycle
06-26 01:40:18.341   589   589 D SystemServerTiming: OnBootPhase_480_com.android.server.appbinding.AppBindingService$Lifecycle took to complete: 0ms
06-26 01:40:18.341   589   589 I SystemServerTiming: OnBootPhase_480_com.android.server.tracing.TracingServiceProxy
06-26 01:40:18.341   589   589 D SystemServerTiming: OnBootPhase_480_com.android.server.tracing.TracingServiceProxy took to complete: 0ms
06-26 01:40:18.341   589   589 D SystemServerTiming: OnBootPhase_480 took to complete: 20ms
06-26 01:40:18.341   589   589 D SystemServerTiming: StartBootPhaseLockSettingsReady took to complete: 20ms
06-26 01:40:18.341   589   589 I SystemServerTiming: StartBootPhaseSystemServicesReady
06-26 01:40:18.341   589   589 I SystemServiceManager: Starting phase 500
06-26 01:40:18.341   589   589 I SystemServerTiming: OnBootPhase_500
06-26 01:40:18.341   589   589 I SystemServerTiming: OnBootPhase_500_com.android.server.security.FileIntegrityService
06-26 01:40:18.341   589   589 D SystemServerTiming: OnBootPhase_500_com.android.server.security.FileIntegrityService took to complete: 0ms
06-26 01:40:18.341   589   589 I SystemServerTiming: OnBootPhase_500_com.android.server.pm.Installer
06-26 01:40:18.341   589   589 D SystemServerTiming: OnBootPhase_500_com.android.server.pm.Installer took to complete: 0ms
06-26 01:40:18.341   589   589 I SystemServerTiming: OnBootPhase_500_com.android.server.os.DeviceIdentifiersPolicyService
06-26 01:40:18.341   589   589 D SystemServerTiming: OnBootPhase_500_com.android.server.os.DeviceIdentifiersPolicyService took to complete: 0ms
06-26 01:40:18.341   589   589 I SystemServerTiming: OnBootPhase_500_com.android.server.uri.UriGrantsManagerService$Lifecycle
06-26 01:40:18.341   589   589 D SystemServerTiming: OnBootPhase_500_com.android.server.uri.UriGrantsManagerService$Lifecycle took to complete: 0ms
06-26 01:40:18.341   589   589 I SystemServerTiming: OnBootPhase_500_com.android.server.powerstats.PowerStatsService
06-26 01:40:18.342   589   589 E StatsPullAtomCallbackImpl: Failed to start PowerStatsService statsd pullers
06-26 01:40:18.342   589   589 D SystemServerTiming: OnBootPhase_500_com.android.server.powerstats.PowerStatsService took to complete: 0ms
06-26 01:40:18.342   589   589 I SystemServerTiming: OnBootPhase_500_com.android.server.wm.ActivityTaskManagerService$Lifecycle
06-26 01:40:18.342   589   589 D SystemServerTiming: OnBootPhase_500_com.android.server.wm.ActivityTaskManagerService$Lifecycle took to complete: 0ms
06-26 01:40:18.342   589   589 I SystemServerTiming: OnBootPhase_500_com.android.server.am.ActivityManagerService$Lifecycle
06-26 01:40:18.352   589   589 E BatteryStatsService: Could not register PowerStatsInternal
06-26 01:40:18.356   589   589 D SystemServerTiming: OnBootPhase_500_com.android.server.am.ActivityManagerService$Lifecycle took to complete: 14ms
06-26 01:40:18.356   589   589 I SystemServerTiming: OnBootPhase_500_com.android.server.pm.DataLoaderManagerService
06-26 01:40:18.357   589   589 D SystemServerTiming: OnBootPhase_500_com.android.server.pm.DataLoaderManagerService took to complete: 0ms
06-26 01:40:18.357   589   589 I SystemServerTiming: OnBootPhase_500_com.android.server.power.PowerManagerService
06-26 01:40:18.357   589   589 D SystemServerTiming: OnBootPhase_500_com.android.server.power.PowerManagerService took to complete: 0ms
06-26 01:40:18.357   589   589 I SystemServerTiming: OnBootPhase_500_com.android.server.power.ThermalManagerService
06-26 01:40:18.357   589   589 D SystemServerTiming: OnBootPhase_500_com.android.server.power.ThermalManagerService took to complete: 0ms
06-26 01:40:18.357   589   589 I SystemServerTiming: OnBootPhase_500_com.android.server.power.hint.HintManagerService
06-26 01:40:18.357   589   589 D SLog    : static_init took to complete: 0ms
06-26 01:40:18.357   589   589 V HintManagerService: Initializing HintManager service...
06-26 01:40:18.357   589   589 V HistoricalRegistry: Interaction before persistence initialized
06-26 01:40:18.357   589   589 D SystemServerTiming: OnBootPhase_500_com.android.server.power.hint.HintManagerService took to complete: 1ms
06-26 01:40:18.357   589   589 I SystemServerTiming: OnBootPhase_500_com.android.server.recoverysystem.RecoverySystemService$Lifecycle
06-26 01:40:18.357   589   589 D SystemServerTiming: OnBootPhase_500_com.android.server.recoverysystem.RecoverySystemService$Lifecycle took to complete: 0ms
06-26 01:40:18.357   589   589 I SystemServerTiming: OnBootPhase_500_com.android.server.lights.LightsService
06-26 01:40:18.358   589   589 D SystemServerTiming: OnBootPhase_500_com.android.server.lights.LightsService took to complete: 0ms
06-26 01:40:18.358   589   589 I SystemServerTiming: OnBootPhase_500_com.android.server.display.DisplayManagerService
06-26 01:40:18.359   589   589 D SystemServerTiming: OnBootPhase_500_com.android.server.display.DisplayManagerService took to complete: 0ms
06-26 01:40:18.359   589   589 I SystemServerTiming: OnBootPhase_500_com.android.server.pm.verify.domain.DomainVerificationService
06-26 01:40:18.359   589   589 D SystemServerTiming: OnBootPhase_500_com.android.server.pm.verify.domain.DomainVerificationService took to complete: 0ms
06-26 01:40:18.359   589   589 I SystemServerTiming: OnBootPhase_500_com.android.server.pm.PackageInstallerService$Lifecycle
06-26 01:40:18.359   589   589 D SystemServerTiming: OnBootPhase_500_com.android.server.pm.PackageInstallerService$Lifecycle took to complete: 0ms
06-26 01:40:18.359   589   589 I SystemServerTiming: OnBootPhase_500_com.android.server.pm.UserManagerService$LifeCycle
06-26 01:40:18.359   589   589 D SystemServerTiming: OnBootPhase_500_com.android.server.pm.UserManagerService$LifeCycle took to complete: 0ms
06-26 01:40:18.359   589   589 I SystemServerTiming: OnBootPhase_500_com.android.server.om.OverlayManagerService
06-26 01:40:18.359   589   589 D SystemServerTiming: OnBootPhase_500_com.android.server.om.OverlayManagerService took to complete: 0ms
06-26 01:40:18.359   589   589 I SystemServerTiming: OnBootPhase_500_com.android.server.SensorPrivacyService
06-26 01:40:18.367   589   589 D SystemServerTiming: OnBootPhase_500_com.android.server.SensorPrivacyService took to complete: 8ms
06-26 01:40:18.367   589   589 I SystemServerTiming: OnBootPhase_500_com.android.server.sensors.SensorService
06-26 01:40:18.367   589   589 D SystemServerTiming: OnBootPhase_500_com.android.server.sensors.SensorService took to complete: 0ms
06-26 01:40:18.367   589   589 I SystemServerTiming: OnBootPhase_500_com.android.server.SystemConfigService
06-26 01:40:18.367   589   589 D SystemServerTiming: OnBootPhase_500_com.android.server.SystemConfigService took to complete: 0ms
06-26 01:40:18.367   589   589 I SystemServerTiming: OnBootPhase_500_com.android.server.BatteryService
06-26 01:40:18.367   589   589 D SystemServerTiming: OnBootPhase_500_com.android.server.BatteryService took to complete: 0ms
06-26 01:40:18.367   589   589 I SystemServerTiming: OnBootPhase_500_com.android.server.usage.UsageStatsService
06-26 01:40:18.369   589   589 D AppStandbyController: Setting app idle enabled state
06-26 01:40:18.379   589   589 V HistoricalRegistry: Interaction before persistence initialized
06-26 01:40:18.380   589   589 D SystemServerTiming: OnBootPhase_500_com.android.server.usage.UsageStatsService took to complete: 13ms
06-26 01:40:18.380   589   589 I SystemServerTiming: OnBootPhase_500_com.android.server.webkit.WebViewUpdateService
06-26 01:40:18.380   589   589 D SystemServerTiming: OnBootPhase_500_com.android.server.webkit.WebViewUpdateService took to complete: 0ms
06-26 01:40:18.380   589   589 I SystemServerTiming: OnBootPhase_500_com.android.server.CachedDeviceStateService
06-26 01:40:18.381   589   589 D SystemServerTiming: OnBootPhase_500_com.android.server.CachedDeviceStateService took to complete: 1ms
06-26 01:40:18.381   589   589 I SystemServerTiming: OnBootPhase_500_com.android.server.BinderCallsStatsService$LifeCycle
06-26 01:40:18.386   589   589 D SystemServerTiming: OnBootPhase_500_com.android.server.BinderCallsStatsService$LifeCycle took to complete: 5ms
06-26 01:40:18.386   589   589 I SystemServerTiming: OnBootPhase_500_com.android.server.LooperStatsService$Lifecycle
06-26 01:40:18.387   589   589 D SystemServerTiming: OnBootPhase_500_com.android.server.LooperStatsService$Lifecycle took to complete: 0ms
06-26 01:40:18.387   589   589 I SystemServerTiming: OnBootPhase_500_com.android.server.rollback.RollbackManagerService
06-26 01:40:18.387   589   589 D SystemServerTiming: OnBootPhase_500_com.android.server.rollback.RollbackManagerService took to complete: 0ms
06-26 01:40:18.387   589   589 I SystemServerTiming: OnBootPhase_500_com.android.server.os.NativeTombstoneManagerService
06-26 01:40:18.387   589   589 D SystemServerTiming: OnBootPhase_500_com.android.server.os.NativeTombstoneManagerService took to complete: 0ms
06-26 01:40:18.387   589   589 I SystemServerTiming: OnBootPhase_500_com.android.server.os.BugreportManagerService
06-26 01:40:18.387   589   589 D SystemServerTiming: OnBootPhase_500_com.android.server.os.BugreportManagerService took to complete: 0ms
06-26 01:40:18.388   589   589 I SystemServerTiming: OnBootPhase_500_com.android.server.gpu.GpuService
06-26 01:40:18.388   589   589 D SystemServerTiming: OnBootPhase_500_com.android.server.gpu.GpuService took to complete: 0ms
06-26 01:40:18.388   589   589 I SystemServerTiming: OnBootPhase_500_com.android.server.security.KeyChainSystemService
06-26 01:40:18.388   589   589 D SystemServerTiming: OnBootPhase_500_com.android.server.security.KeyChainSystemService took to complete: 0ms
06-26 01:40:18.388   589   589 I SystemServerTiming: OnBootPhase_500_com.android.server.telecom.TelecomLoaderService
06-26 01:40:18.388   589   589 D SystemServerTiming: OnBootPhase_500_com.android.server.telecom.TelecomLoaderService took to complete: 0ms
06-26 01:40:18.388   589   589 I SystemServerTiming: OnBootPhase_500_com.android.server.accounts.AccountManagerService$Lifecycle
06-26 01:40:18.388   589   589 D SystemServerTiming: OnBootPhase_500_com.android.server.accounts.AccountManagerService$Lifecycle took to complete: 0ms
06-26 01:40:18.388   589   589 I SystemServerTiming: OnBootPhase_500_com.android.server.content.ContentService$Lifecycle
06-26 01:40:18.388   589   589 D SystemServerTiming: OnBootPhase_500_com.android.server.content.ContentService$Lifecycle took to complete: 0ms
06-26 01:40:18.388   589   589 I SystemServerTiming: OnBootPhase_500_com.android.server.DropBoxManagerService
06-26 01:40:18.389   589   589 D SystemServerTiming: OnBootPhase_500_com.android.server.DropBoxManagerService took to complete: 1ms
06-26 01:40:18.389   589   589 I SystemServerTiming: OnBootPhase_500_com.android.role.RoleService
06-26 01:40:18.389   589   589 D SystemServerTiming: OnBootPhase_500_com.android.role.RoleService took to complete: 0ms
06-26 01:40:18.389   589   589 I SystemServerTiming: OnBootPhase_500_com.android.server.vibrator.VibratorManagerService$Lifecycle
06-26 01:40:18.389   589   589 V VibratorManagerService: Initializing VibratorManager service...
06-26 01:40:18.389   589   589 V HistoricalRegistry: Interaction before persistence initialized
06-26 01:40:18.393   589   589 V VibratorManagerService: VibratorManager service initialized
06-26 01:40:18.394   589   589 D SystemServerTiming: OnBootPhase_500_com.android.server.vibrator.VibratorManagerService$Lifecycle took to complete: 5ms
06-26 01:40:18.394   589   589 I SystemServerTiming: OnBootPhase_500_com.android.server.alarm.AlarmManagerService
06-26 01:40:18.400   589   589 D SystemServerTiming: OnBootPhase_500_com.android.server.alarm.AlarmManagerService took to complete: 6ms
06-26 01:40:18.400   589   589 I SystemServerTiming: OnBootPhase_500_com.android.server.devicestate.DeviceStateManagerService
06-26 01:40:18.400   589   589 D SystemServerTiming: OnBootPhase_500_com.android.server.devicestate.DeviceStateManagerService took to complete: 0ms
06-26 01:40:18.400   589   589 I SystemServerTiming: OnBootPhase_500_com.android.server.camera.CameraServiceProxy
06-26 01:40:18.400   589   589 D SystemServerTiming: OnBootPhase_500_com.android.server.camera.CameraServiceProxy took to complete: 0ms
06-26 01:40:18.400   589   589 I SystemServerTiming: OnBootPhase_500_com.android.server.BluetoothService
06-26 01:40:18.402   589   589 D SystemServerTiming: OnBootPhase_500_com.android.server.BluetoothService took to complete: 0ms
06-26 01:40:18.402   589   589 I SystemServerTiming: OnBootPhase_500_com.android.server.connectivity.IpConnectivityMetrics
06-26 01:40:18.416   589   589 D SystemServerTiming: OnBootPhase_500_com.android.server.connectivity.IpConnectivityMetrics took to complete: 13ms
06-26 01:40:18.416   589   589 I SystemServerTiming: OnBootPhase_500_com.android.server.net.watchlist.NetworkWatchlistService$Lifecycle
06-26 01:40:18.416   589   589 D SystemServerTiming: OnBootPhase_500_com.android.server.net.watchlist.NetworkWatchlistService$Lifecycle took to complete: 0ms
06-26 01:40:18.416   589   589 I SystemServerTiming: OnBootPhase_500_com.android.server.PinnerService
06-26 01:40:18.418   589   589 D SystemServerTiming: OnBootPhase_500_com.android.server.PinnerService took to complete: 1ms
06-26 01:40:18.418   589   589 I SystemServerTiming: OnBootPhase_500_com.google.android.startop.iorap.IorapForwardingService
06-26 01:40:18.418   589   589 D SystemServerTiming: OnBootPhase_500_com.google.android.startop.iorap.IorapForwardingService took to complete: 0ms
06-26 01:40:18.418   589   589 I SystemServerTiming: OnBootPhase_500_com.android.server.integrity.AppIntegrityManagerService
06-26 01:40:18.418   589   589 D SystemServerTiming: OnBootPhase_500_com.android.server.integrity.AppIntegrityManagerService took to complete: 0ms
06-26 01:40:18.418   589   589 I SystemServerTiming: OnBootPhase_500_com.android.server.inputmethod.InputMethodManagerService$Lifecycle
06-26 01:40:18.418   589   589 D SystemServerTiming: OnBootPhase_500_com.android.server.inputmethod.InputMethodManagerService$Lifecycle took to complete: 0ms
06-26 01:40:18.418   589   589 I SystemServerTiming: OnBootPhase_500_com.android.server.accessibility.AccessibilityManagerService$Lifecycle
06-26 01:40:18.418   589   589 D SystemServerTiming: OnBootPhase_500_com.android.server.accessibility.AccessibilityManagerService$Lifecycle took to complete: 0ms
06-26 01:40:18.419   589   589 I SystemServerTiming: OnBootPhase_500_com.android.server.StorageManagerService$Lifecycle
06-26 01:40:18.423   589   589 D SystemServerTiming: OnBootPhase_500_com.android.server.StorageManagerService$Lifecycle took to complete: 4ms
06-26 01:40:18.423   589   589 I SystemServerTiming: OnBootPhase_500_com.android.server.usage.StorageStatsService$Lifecycle
06-26 01:40:18.423   589   589 D SystemServerTiming: OnBootPhase_500_com.android.server.usage.StorageStatsService$Lifecycle took to complete: 0ms
06-26 01:40:18.423   589   589 I SystemServerTiming: OnBootPhase_500_com.android.server.UiModeManagerService
06-26 01:40:18.428   589   589 I ActivityTaskManager: Config changes=200 {1.0 ?mcc?mnc [en_US] ldltr sw540dp w960dp h540dp 320dpi lrg long land television night -touch -keyb/v/h dpad/v winConfig={ mBounds=Rect(0, 0 - 1920, 1080) mAppBounds=Rect(0, 0 - 1920, 1080) mMaxBounds=Rect(0, 0 - 1920, 1080) mWindowingMode=fullscreen mDisplayWindowingMode=fullscreen mActivityType=undefined mAlwaysOnTop=undefined mRotation=ROTATION_0} s.4 ?fontWeightAdjustment}
06-26 01:40:18.432   589   589 I WindowManager: Override config changes=200 {1.0 ?mcc?mnc [en_US] ldltr sw540dp w960dp h540dp 320dpi lrg long land television night -touch -keyb/v/h dpad/v winConfig={ mBounds=Rect(0, 0 - 1920, 1080) mAppBounds=Rect(0, 0 - 1920, 1080) mMaxBounds=Rect(0, 0 - 1920, 1080) mWindowingMode=fullscreen mDisplayWindowingMode=fullscreen mActivityType=undefined mAlwaysOnTop=undefined mRotation=ROTATION_0} s.4 ?fontWeightAdjustment} for displayId=0
06-26 01:40:18.441   589   589 D SystemServerTiming: OnBootPhase_500_com.android.server.UiModeManagerService took to complete: 17ms
06-26 01:40:18.441   589   589 I SystemServerTiming: OnBootPhase_500_com.android.server.locksettings.LockSettingsService$Lifecycle
06-26 01:40:18.441   589   589 D SystemServerTiming: OnBootPhase_500_com.android.server.locksettings.LockSettingsService$Lifecycle took to complete: 0ms
06-26 01:40:18.441   589   589 I SystemServerTiming: OnBootPhase_500_com.android.server.PersistentDataBlockService
06-26 01:40:18.441   589   589 D SystemServerTiming: OnBootPhase_500_com.android.server.PersistentDataBlockService took to complete: 0ms
06-26 01:40:18.441   589   589 I SystemServerTiming: OnBootPhase_500_com.android.server.testharness.TestHarnessModeService
06-26 01:40:18.441   589   589 D TestHarnessModeService: Setting up test harness mode
06-26 01:40:18.441   589   589 D TestHarnessModeService: Getting PersistentDataBlockManagerInternal from LocalServices
06-26 01:40:18.490   589   589 D SystemServerTiming: OnBootPhase_500_com.android.server.testharness.TestHarnessModeService took to complete: 49ms
06-26 01:40:18.490   589   589 I SystemServerTiming: OnBootPhase_500_com.android.server.oemlock.OemLockService
06-26 01:40:18.490   589   589 D SystemServerTiming: OnBootPhase_500_com.android.server.oemlock.OemLockService took to complete: 0ms
06-26 01:40:18.490   589   589 I SystemServerTiming: OnBootPhase_500_com.android.server.DeviceIdleController
06-26 01:40:18.502   589   589 V HistoricalRegistry: Interaction before persistence initialized
06-26 01:40:18.503   589   589 D SystemServerTiming: OnBootPhase_500_com.android.server.DeviceIdleController took to complete: 13ms
06-26 01:40:18.503   589   589 I SystemServerTiming: OnBootPhase_500_com.android.server.devicepolicy.DevicePolicyManagerService$Lifecycle
06-26 01:40:18.504   589   589 D SystemServerTiming: OnBootPhase_500_com.android.server.devicepolicy.DevicePolicyManagerService$Lifecycle took to complete: 0ms
06-26 01:40:18.504   589   589 I SystemServerTiming: OnBootPhase_500_com.android.server.texttospeech.TextToSpeechManagerService
06-26 01:40:18.504   589   589 D SystemServerTiming: OnBootPhase_500_com.android.server.texttospeech.TextToSpeechManagerService took to complete: 0ms
06-26 01:40:18.504   589   589 I SystemServerTiming: OnBootPhase_500_com.android.server.speech.SpeechRecognitionManagerService
06-26 01:40:18.504   589   589 D SystemServerTiming: OnBootPhase_500_com.android.server.speech.SpeechRecognitionManagerService took to complete: 0ms
06-26 01:40:18.504   589   589 I SystemServerTiming: OnBootPhase_500_com.android.server.searchui.SearchUiManagerService
06-26 01:40:18.504   589   589 D SystemServerTiming: OnBootPhase_500_com.android.server.searchui.SearchUiManagerService took to complete: 0ms
06-26 01:40:18.504   589   589 I SystemServerTiming: OnBootPhase_500_com.android.server.smartspace.SmartspaceManagerService
06-26 01:40:18.504   589   589 D SystemServerTiming: OnBootPhase_500_com.android.server.smartspace.SmartspaceManagerService took to complete: 0ms
06-26 01:40:18.504   589   589 I SystemServerTiming: OnBootPhase_500_com.android.server.graphics.fonts.FontManagerService$Lifecycle
06-26 01:40:18.504   589   589 D SystemServerTiming: OnBootPhase_500_com.android.server.graphics.fonts.FontManagerService$Lifecycle took to complete: 0ms
06-26 01:40:18.504   589   589 I SystemServerTiming: OnBootPhase_500_com.android.server.textservices.TextServicesManagerService$Lifecycle
06-26 01:40:18.504   589   589 D SystemServerTiming: OnBootPhase_500_com.android.server.textservices.TextServicesManagerService$Lifecycle took to complete: 0ms
06-26 01:40:18.504   589   589 I SystemServerTiming: OnBootPhase_500_com.android.server.textclassifier.TextClassificationManagerService$Lifecycle
06-26 01:40:18.504   589   589 D SystemServerTiming: OnBootPhase_500_com.android.server.textclassifier.TextClassificationManagerService$Lifecycle took to complete: 0ms
06-26 01:40:18.504   589   589 I SystemServerTiming: OnBootPhase_500_com.android.server.NetworkScoreService$Lifecycle
06-26 01:40:18.505   589   589 D SystemServerTiming: OnBootPhase_500_com.android.server.NetworkScoreService$Lifecycle took to complete: 1ms
06-26 01:40:18.505   589   589 I SystemServerTiming: OnBootPhase_500_com.android.server.wifi.WifiService
06-26 01:40:18.509   589   589 D SystemServerTiming: OnBootPhase_500_com.android.server.wifi.WifiService took to complete: 4ms
06-26 01:40:18.509   589   589 I SystemServerTiming: OnBootPhase_500_com.android.server.wifi.scanner.WifiScanningService
06-26 01:40:18.511   589   589 D SystemServerTiming: OnBootPhase_500_com.android.server.wifi.scanner.WifiScanningService took to complete: 2ms
06-26 01:40:18.511   589   589 I SystemServerTiming: OnBootPhase_500_com.android.server.wifi.p2p.WifiP2pService
06-26 01:40:18.520   589   589 D SystemServerTiming: OnBootPhase_500_com.android.server.wifi.p2p.WifiP2pService took to complete: 9ms
06-26 01:40:18.520   589   589 I SystemServerTiming: OnBootPhase_500_com.android.server.ethernet.EthernetService
06-26 01:40:18.532   589   589 D SystemServerTiming: OnBootPhase_500_com.android.server.ethernet.EthernetService took to complete: 13ms
06-26 01:40:18.532   589   589 I SystemServerTiming: OnBootPhase_500_com.android.server.ConnectivityServiceInitializer
06-26 01:40:18.533   589   589 D SystemServerTiming: OnBootPhase_500_com.android.server.ConnectivityServiceInitializer took to complete: 0ms
06-26 01:40:18.533   589   589 I SystemServerTiming: OnBootPhase_500_com.android.server.notification.NotificationManagerService
06-26 01:40:18.622     0     0 I         : [   28.362759@1]  custrom_internal_config
06-26 01:40:18.622     0     0 I         : [   28.363616@1]  set phy setup_amp = 2
06-26 01:40:18.622     0     0 I         : [   28.364018@1]  meson8b-dwmac fdc00000.ethernet eth0: PHY [0.1:08] driver [Meson G12A Internal PHY]
06-26 01:40:18.625   379   379 E android.hardware.wifi@1.0-service.droidlogic: wifi_get_sdio_device_id,fp is null: No such file or directory
06-26 01:40:18.626   379   379 E android.hardware.wifi@1.0-service.droidlogic: wifi_get_sdio_device_id,fp is null: Permission denied
06-26 01:40:18.627   379   379 E android.hardware.wifi@1.0-service.droidlogic: wifi_get_sdio_device_id,ret:3: Permission denied
06-26 01:40:18.627   379   379 E android.hardware.wifi@1.0-service.droidlogic: wifi_get_sdio_device_id is not  WIFI_INVALID_DEVICE: Permission denied
06-26 01:40:18.627   379   379 I android.hardware.wifi@1.0-service.droidlogic: ===wifi_load_driver== device_id=3
06-26 01:40:18.643     0     0 I         : [   28.382696@2]  meson8b-dwmac fdc00000.ethernet eth0: No Safety Features support found
06-26 01:40:18.643     0     0 W         : [   28.383007@2]  meson8b-dwmac fdc00000.ethernet eth0: PTP not supported by HW
06-26 01:40:18.643     0     0 I         : [   28.385209@2]  meson8b-dwmac fdc00000.ethernet eth0: configuring for phy/rmii link mode
06-26 01:40:18.645   379   379 I android.hardware.wifi@1.0-service.droidlogic: ===wifi_load_driver rtk wifi module
06-26 01:40:18.690   589   589 W SystemServiceManager: Service com.android.server.notification.NotificationManagerService took 158 ms in onBootPhase
06-26 01:40:18.691   589   589 D SystemServerTiming: OnBootPhase_500_com.android.server.notification.NotificationManagerService took to complete: 158ms
06-26 01:40:18.691   589   589 I SystemServerTiming: OnBootPhase_500_com.android.server.storage.DeviceStorageMonitorService
06-26 01:40:18.691   589   589 D SystemServerTiming: OnBootPhase_500_com.android.server.storage.DeviceStorageMonitorService took to complete: 0ms
06-26 01:40:18.691   589   589 I SystemServerTiming: OnBootPhase_500_com.android.server.location.LocationManagerService$Lifecycle
06-26 01:40:18.695   589   589 V HistoricalRegistry: Interaction before persistence initialized
06-26 01:40:18.696   589   589 D SystemServerTiming: OnBootPhase_500_com.android.server.location.LocationManagerService$Lifecycle took to complete: 6ms
06-26 01:40:18.697   589   589 I SystemServerTiming: OnBootPhase_500_com.android.server.timedetector.TimeDetectorService$Lifecycle
06-26 01:40:18.697   589   589 D SystemServerTiming: OnBootPhase_500_com.android.server.timedetector.TimeDetectorService$Lifecycle took to complete: 0ms
06-26 01:40:18.697   589   589 I SystemServerTiming: OnBootPhase_500_com.android.server.timezonedetector.TimeZoneDetectorService$Lifecycle
06-26 01:40:18.697   589   589 D SystemServerTiming: OnBootPhase_500_com.android.server.timezonedetector.TimeZoneDetectorService$Lifecycle took to complete: 0ms
06-26 01:40:18.697   589   589 I SystemServerTiming: OnBootPhase_500_com.android.server.timezonedetector.location.LocationTimeZoneManagerService$Lifecycle
06-26 01:40:18.697   589   589 D SystemServerTiming: OnBootPhase_500_com.android.server.timezonedetector.location.LocationTimeZoneManagerService$Lifecycle took to complete: 0ms
06-26 01:40:18.697   589   589 I SystemServerTiming: OnBootPhase_500_com.android.server.search.SearchManagerService$Lifecycle
06-26 01:40:18.697   589   589 D SystemServerTiming: OnBootPhase_500_com.android.server.search.SearchManagerService$Lifecycle took to complete: 0ms
06-26 01:40:18.697   589   589 I SystemServerTiming: OnBootPhase_500_com.android.server.wallpaper.WallpaperManagerService$Lifecycle
06-26 01:40:18.697   589   589 D SystemServerTiming: OnBootPhase_500_com.android.server.wallpaper.WallpaperManagerService$Lifecycle took to complete: 1ms
06-26 01:40:18.697   589   589 I SystemServerTiming: OnBootPhase_500_com.android.server.audio.AudioService$Lifecycle
06-26 01:40:18.697   589   589 D SystemServerTiming: OnBootPhase_500_com.android.server.audio.AudioService$Lifecycle took to complete: 0ms
06-26 01:40:18.698   589   589 I SystemServerTiming: OnBootPhase_500_com.android.server.soundtrigger_middleware.SoundTriggerMiddlewareService$Lifecycle
06-26 01:40:18.698   589   589 D SystemServerTiming: OnBootPhase_500_com.android.server.soundtrigger_middleware.SoundTriggerMiddlewareService$Lifecycle took to complete: 0ms
06-26 01:40:18.698   589   589 I SystemServerTiming: OnBootPhase_500_com.android.server.DockObserver
06-26 01:40:18.698   589   589 D SystemServerTiming: OnBootPhase_500_com.android.server.DockObserver took to complete: 0ms
06-26 01:40:18.698   589   589 I SystemServerTiming: OnBootPhase_500_com.android.server.adb.AdbService$Lifecycle
06-26 01:40:18.698   589   589 D SystemServerTiming: OnBootPhase_500_com.android.server.adb.AdbService$Lifecycle took to complete: 0ms
06-26 01:40:18.698   589   589 I SystemServerTiming: OnBootPhase_500_com.android.server.usb.UsbService$Lifecycle
06-26 01:40:18.698   589   589 D SystemServerTiming: OnBootPhase_500_com.android.server.usb.UsbService$Lifecycle took to complete: 0ms
06-26 01:40:18.698   589   589 I SystemServerTiming: OnBootPhase_500_com.android.server.twilight.TwilightService
06-26 01:40:18.698   589   589 D SystemServerTiming: OnBootPhase_500_com.android.server.twilight.TwilightService took to complete: 0ms
06-26 01:40:18.698   589   589 I SystemServerTiming: OnBootPhase_500_com.android.server.display.color.ColorDisplayService
06-26 01:40:18.698   589   589 D SystemServerTiming: OnBootPhase_500_com.android.server.display.color.ColorDisplayService took to complete: 0ms
06-26 01:40:18.698   589   589 I SystemServerTiming: OnBootPhase_500_com.android.server.job.JobSchedulerService
06-26 01:40:18.730   589   589 V HistoricalRegistry: Interaction before persistence initialized
06-26 01:40:18.733   589   589 D SystemServerTiming: OnBootPhase_500_com.android.server.job.JobSchedulerService took to complete: 34ms
06-26 01:40:18.733   589   589 I SystemServerTiming: OnBootPhase_500_com.android.server.soundtrigger.SoundTriggerService
06-26 01:40:18.733   589   589 D SoundTriggerService: onBootPhase: 500 : false
06-26 01:40:18.733   589   589 D SystemServerTiming: OnBootPhase_500_com.android.server.soundtrigger.SoundTriggerService took to complete: 0ms
06-26 01:40:18.733   589   589 I SystemServerTiming: OnBootPhase_500_com.android.server.trust.TrustManagerService
06-26 01:40:18.735   589   589 D SystemServerTiming: OnBootPhase_500_com.android.server.trust.TrustManagerService took to complete: 2ms
06-26 01:40:18.735   589   589 I SystemServerTiming: OnBootPhase_500_com.android.server.backup.BackupManagerService$Lifecycle
06-26 01:40:18.735   589   589 D SystemServerTiming: OnBootPhase_500_com.android.server.backup.BackupManagerService$Lifecycle took to complete: 0ms
06-26 01:40:18.735   589   589 I SystemServerTiming: OnBootPhase_500_com.android.server.appwidget.AppWidgetService
06-26 01:40:18.735   589   589 D SystemServerTiming: OnBootPhase_500_com.android.server.appwidget.AppWidgetService took to complete: 0ms
06-26 01:40:18.735   589   589 I SystemServerTiming: OnBootPhase_500_com.android.server.voiceinteraction.VoiceInteractionManagerService
06-26 01:40:18.735   589   589 D SystemServerTiming: OnBootPhase_500_com.android.server.voiceinteraction.VoiceInteractionManagerService took to complete: 0ms
06-26 01:40:18.735   589   589 I SystemServerTiming: OnBootPhase_500_com.android.server.apphibernation.AppHibernationService
06-26 01:40:18.739   589   589 D SystemServerTiming: OnBootPhase_500_com.android.server.apphibernation.AppHibernationService took to complete: 4ms
06-26 01:40:18.739   589   589 I SystemServerTiming: OnBootPhase_500_com.android.server.GestureLauncherService
06-26 01:40:18.739   589   589 D SystemServerTiming: OnBootPhase_500_com.android.server.GestureLauncherService took to complete: 0ms
06-26 01:40:18.739   589   589 I SystemServerTiming: OnBootPhase_500_com.android.server.SensorNotificationService
06-26 01:40:18.739   589   589 D SystemServerTiming: OnBootPhase_500_com.android.server.SensorNotificationService took to complete: 0ms
06-26 01:40:18.739   589   589 I SystemServerTiming: OnBootPhase_500_com.android.server.emergency.EmergencyAffordanceService
06-26 01:40:18.739   589   589 D SystemServerTiming: OnBootPhase_500_com.android.server.emergency.EmergencyAffordanceService took to complete: 0ms
06-26 01:40:18.739   589   589 I SystemServerTiming: OnBootPhase_500_com.android.server.dreams.DreamManagerService
06-26 01:40:18.739   589   589 D SystemServerTiming: OnBootPhase_500_com.android.server.dreams.DreamManagerService took to complete: 0ms
06-26 01:40:18.739   589   589 I SystemServerTiming: OnBootPhase_500_com.android.server.blob.BlobStoreManagerService
06-26 01:40:18.739   589   589 D SystemServerTiming: OnBootPhase_500_com.android.server.blob.BlobStoreManagerService took to complete: 0ms
06-26 01:40:18.739   589   589 I SystemServerTiming: OnBootPhase_500_com.android.server.restrictions.RestrictionsManagerService
06-26 01:40:18.739   589   589 D SystemServerTiming: OnBootPhase_500_com.android.server.restrictions.RestrictionsManagerService took to complete: 0ms
06-26 01:40:18.739   589   589 I SystemServerTiming: OnBootPhase_500_com.android.server.media.MediaSessionService
06-26 01:40:18.739   589   589 D SystemServerTiming: OnBootPhase_500_com.android.server.media.MediaSessionService took to complete: 0ms
06-26 01:40:18.739   589   589 I SystemServerTiming: OnBootPhase_500_com.android.server.hdmi.HdmiControlService
06-26 01:40:18.744   589   589 D SystemServerTiming: OnBootPhase_500_com.android.server.hdmi.HdmiControlService took to complete: 5ms
06-26 01:40:18.745   589   589 I SystemServerTiming: OnBootPhase_500_com.android.server.tv.TvInputManagerService
06-26 01:40:18.769   333   333 D ZygoteInitTiming_lazy: PreloadClasses took to complete: 3272ms
06-26 01:40:18.800   333   333 D ZygoteInitTiming_lazy: CacheNonBootClasspathClassLoaders took to complete: 31ms
06-26 01:40:18.827     0     0 W [   28.570576@1]  RTW: module init start
06-26 01:40:18.827     0     0 W [   28.570613@1]  RTW: rtl88x2cs v5.14.0.2-0-g4c549b2.20240603_COEX20211210-2727_kvr_csr
06-26 01:40:18.827     0     0 W [   28.571403@1]  RTW: build time: Jun  4 2025 16:52:49
06-26 01:40:18.831   589   690 D SystemServerTimingAsync: SecondaryZygotePreload took to complete: 3470ms
06-26 01:40:18.831   589   690 D SystemServerInitThreadPool: Finished executing SecondaryZygotePreload
06-26 01:40:18.831   589   690 D SystemServerTimingAsync: InitThreadPoolExec:SecondaryZygotePreload took to complete: 3470ms
06-26 01:40:18.831     0     0 W [   28.571948@1]  RTW: rtl88x2cs BT-Coex version = COEX20211210-2727
06-26 01:40:18.831     0     0 W [   28.572758@1]  RTW: rtw_inetaddr_notifier_register
06-26 01:40:18.831     0     0 W [   28.573584@1]  RTW: == SDIO Card Info ==
06-26 01:40:18.831     0     0 W [   28.573791@1]  RTW: card: 0000000075cb1353
06-26 01:40:18.831     0     0 W [   28.574317@1]  RTW: clock: 167000000 Hz
06-26 01:40:18.837     0     0 W [   28.575674@1]  RTW: timing spec: sd uhs SDR104
06-26 01:40:18.840     0     0 W [   28.575708@1]  RTW: sd3_bus_mode: TRUE
06-26 01:40:18.840     0     0 W [   28.576057@1]  RTW: func num: 1
06-26 01:40:18.840     0     0 W [   28.576470@1]  RTW: func1: 00000000f5abf9dd (*)
06-26 01:40:18.840     0     0 W [   28.577051@1]  RTW: ================
06-26 01:40:18.840     0     0 W [   28.577498@1]  RTW: CHIP TYPE: RTL8822C
06-26 01:40:18.840     0     0 W [   28.578033@1]  RTW: loadparam, Select P2P interface: iface_id:1
06-26 01:40:18.840     0     0 W [   28.578851@1]  RTW: [HALMAC]55772M
06-26 01:40:18.840     0     0 W         : [   28.578851@1]  HALMAC_MAJOR_VER = 1
06-26 01:40:18.840     0     0 W         : [   28.578851@1]  HALMAC_PROTOTYPE_VER = 6
06-26 01:40:18.840     0     0 W         : [   28.578851@1]  HALMAC_MINOR_VER = 6
06-26 01:40:18.840     0     0 W         : [   28.578851@1]  HALMAC_PATCH_VER = 26
06-26 01:40:18.846     0     0 W [   28.587795@0]  RTW: Chip Version Info: CHIP_8822C_U4_2T2R_RomVer(3)
06-26 01:40:18.858     0     0 W [   28.599119@1]  RTW: SetHwReg: bMacPwrCtrlOn=1
06-26 01:40:18.885   589   589 W SystemServiceManager: Service com.android.server.tv.TvInputManagerService took 140 ms in onBootPhase
06-26 01:40:18.885   589   589 D SystemServerTiming: OnBootPhase_500_com.android.server.tv.TvInputManagerService took to complete: 140ms
06-26 01:40:18.885   589   589 I SystemServerTiming: OnBootPhase_500_com.android.server.media.MediaResourceMonitorService
06-26 01:40:18.885   589   589 D SystemServerTiming: OnBootPhase_500_com.android.server.media.MediaResourceMonitorService took to complete: 0ms
06-26 01:40:18.885   589   589 I SystemServerTiming: OnBootPhase_500_com.android.server.tv.TvRemoteService
06-26 01:40:18.885   589   589 D SystemServerTiming: OnBootPhase_500_com.android.server.tv.TvRemoteService took to complete: 0ms
06-26 01:40:18.885   589   589 I SystemServerTiming: OnBootPhase_500_com.android.server.biometrics.BiometricService
06-26 01:40:18.885   589   589 D SystemServerTiming: OnBootPhase_500_com.android.server.biometrics.BiometricService took to complete: 0ms
06-26 01:40:18.885   589   589 I SystemServerTiming: OnBootPhase_500_com.android.server.biometrics.AuthService
06-26 01:40:18.885   589   589 D SystemServerTiming: OnBootPhase_500_com.android.server.biometrics.AuthService took to complete: 0ms
06-26 01:40:18.885   589   589 I SystemServerTiming: OnBootPhase_500_com.android.server.pm.ShortcutService$Lifecycle
06-26 01:40:18.885   589   589 D SystemServerTiming: OnBootPhase_500_com.android.server.pm.ShortcutService$Lifecycle took to complete: 0ms
06-26 01:40:18.885   589   589 I SystemServerTiming: OnBootPhase_500_com.android.server.pm.LauncherAppsService
06-26 01:40:18.885   589   589 D SystemServerTiming: OnBootPhase_500_com.android.server.pm.LauncherAppsService took to complete: 0ms
06-26 01:40:18.885   589   589 I SystemServerTiming: OnBootPhase_500_com.android.server.pm.CrossProfileAppsService
06-26 01:40:18.885   589   589 D SystemServerTiming: OnBootPhase_500_com.android.server.pm.CrossProfileAppsService took to complete: 0ms
06-26 01:40:18.885   589   589 I SystemServerTiming: OnBootPhase_500_com.android.server.people.PeopleService
06-26 01:40:18.887   589   589 D SystemServerTiming: OnBootPhase_500_com.android.server.people.PeopleService took to complete: 1ms
06-26 01:40:18.887   589   589 I SystemServerTiming: OnBootPhase_500_com.android.server.media.metrics.MediaMetricsManagerService
06-26 01:40:18.887   589   589 D SystemServerTiming: OnBootPhase_500_com.android.server.media.metrics.MediaMetricsManagerService took to complete: 0ms
06-26 01:40:18.887   589   589 I SystemServerTiming: OnBootPhase_500_com.android.server.media.projection.MediaProjectionManagerService
06-26 01:40:18.887   589   589 D SystemServerTiming: OnBootPhase_500_com.android.server.media.projection.MediaProjectionManagerService took to complete: 0ms
06-26 01:40:18.887   589   589 I SystemServerTiming: OnBootPhase_500_com.android.server.slice.SliceManagerService$Lifecycle
06-26 01:40:18.887   589   589 D SystemServerTiming: OnBootPhase_500_com.android.server.slice.SliceManagerService$Lifecycle took to complete: 0ms
06-26 01:40:18.887   589   589 I SystemServerTiming: OnBootPhase_500_com.android.server.stats.StatsCompanion$Lifecycle
06-26 01:40:18.887   589   589 D SystemServerTiming: OnBootPhase_500_com.android.server.stats.StatsCompanion$Lifecycle took to complete: 0ms
06-26 01:40:18.887   589   589 I SystemServerTiming: OnBootPhase_500_com.android.server.scheduling.RebootReadinessManagerService$Lifecycle
06-26 01:40:18.887   589   589 D SystemServerTiming: OnBootPhase_500_com.android.server.scheduling.RebootReadinessManagerService$Lifecycle took to complete: 0ms
06-26 01:40:18.887   589   589 I SystemServerTiming: OnBootPhase_500_com.android.server.stats.pull.StatsPullAtomService
06-26 01:40:18.888   589   589 D SystemServerTiming: OnBootPhase_500_com.android.server.stats.pull.StatsPullAtomService took to complete: 1ms
06-26 01:40:18.888   589   589 I SystemServerTiming: OnBootPhase_500_com.android.server.incident.IncidentCompanionService
06-26 01:40:18.888   589   589 D SystemServerTiming: OnBootPhase_500_com.android.server.incident.IncidentCompanionService took to complete: 0ms
06-26 01:40:18.888   589   589 I SystemServerTiming: OnBootPhase_500_com.android.server.MmsServiceBroker
06-26 01:40:18.888   589   589 D SystemServerTiming: OnBootPhase_500_com.android.server.MmsServiceBroker took to complete: 0ms
06-26 01:40:18.888   589   589 I SystemServerTiming: OnBootPhase_500_com.android.server.autofill.AutofillManagerService
06-26 01:40:18.888   589   589 D SystemServerTiming: OnBootPhase_500_com.android.server.autofill.AutofillManagerService took to complete: 0ms
06-26 01:40:18.888   589   589 I SystemServerTiming: OnBootPhase_500_com.android.server.clipboard.ClipboardService
06-26 01:40:18.889   589   589 D SystemServerTiming: OnBootPhase_500_com.android.server.clipboard.ClipboardService took to complete: 0ms
06-26 01:40:18.889   589   589 I SystemServerTiming: OnBootPhase_500_com.android.server.appbinding.AppBindingService$Lifecycle
06-26 01:40:18.889   589   589 D SystemServerTiming: OnBootPhase_500_com.android.server.appbinding.AppBindingService$Lifecycle took to complete: 0ms
06-26 01:40:18.889   589   589 I SystemServerTiming: OnBootPhase_500_com.android.server.tracing.TracingServiceProxy
06-26 01:40:18.889   589   589 D SystemServerTiming: OnBootPhase_500_com.android.server.tracing.TracingServiceProxy took to complete: 0ms
06-26 01:40:18.889   589   589 D SystemServerTiming: OnBootPhase_500 took to complete: 548ms
06-26 01:40:18.892   589   589 D SystemServerTiming: StartBootPhaseSystemServicesReady took to complete: 548ms
06-26 01:40:18.892   589   589 I SystemServerTiming: MakeWindowManagerServiceReady
06-26 01:40:18.899   589   589 D SystemServerTiming: MakeWindowManagerServiceReady took to complete: 7ms
06-26 01:40:18.900   589   589 I SystemServerTiming: MakePowerManagerServiceReady
06-26 01:40:18.904     0     0 W [   28.644164@2]  RTW: is_valid_id_status: HALMAC_FEATURE_DUMP_LOGICAL_EFUSE
06-26 01:40:18.904     0     0 W [   28.644365@2]  RTW: HW EFUSE
06-26 01:40:18.904     0     0 W [   28.644687@2]  RTW: 0x000: 29 81 00 8F  FF 20 28 00  9A 04 ED 75  10 0F F1 EB
06-26 01:40:18.904     0     0 W [   28.645596@2]  RTW: 0x010: 4E 50 54 54  54 54 44 44  4A 4A 4A 02  00 00 FF FF
06-26 01:40:18.904     0     0 W [   28.646507@2]  RTW: 0x020: FF FF 52 52  50 50 50 50  50 50 50 50  48 48 48 48
06-26 01:40:18.905   589   589 I AttentionDetector: readValuesFromDeviceConfig():
06-26 01:40:18.905   589   589 I AttentionDetector: mMaximumExtensionMillis=900000
06-26 01:40:18.905   589   589 I AttentionDetector: mPreDimCheckDurationMillis=2000
06-26 01:40:18.905   589   589 I AttentionDetector: mRequestedPostDimTimeoutMillis=0
06-26 01:40:18.907     0     0 W [   28.648879@2]  RTW: 0x030: 02 00 FF FF  00 FF 00 00  FF FF 5C 5C  5E 5E 5E 5E
06-26 01:40:18.907     0     0 W [   28.649131@2]  RTW: 0x040: 52 52 54 54  54 02 00 00  FF FF FF FF  54 54 52 52
06-26 01:40:18.907     0     0 W [   28.650041@2]  RTW: 0x050: 4C 4E 4E 50  50 50 4C 4C  4C 4C 02 00  FF FF 00 FF
06-26 01:40:18.911     0     0 W [   28.652185@2]  RTW: 0x060: 00 00 FF FF  FF FF FF FF  FF FF FF FF  FF FF FF FF
06-26 01:40:18.911     0     0 W [   28.652436@2]  RTW: 0x070: FF FF FF FF  FF FF FF FF  FF FF FF FF  FF FF FF FF
06-26 01:40:18.911     0     0 W [   28.653712@2]  RTW: 0x080: FF FF FF FF  FF FF FF FF  FF FF FF FF  FF FF FF FF
06-26 01:40:18.911     0     0 W [   28.654256@2]  RTW: 0x090: FF FF FF FF  FF FF FF FF  FF FF FF FF  FF FF FF FF
06-26 01:40:18.911     0     0 W [   28.655556@2]  RTW: 0x0A0: FF FF FF FF  FF FF FF FF  FF FF FF FF  FF FF FF FF
06-26 01:40:18.915     0     0 W [   28.656078@2]  RTW: 0x0B0: FF FF FF FF  FF FF FF FF  7F 1E FF 00  FF FF FF FF
06-26 01:40:18.915     0     0 W [   28.656986@2]  RTW: 0x0C0: FF 21 00 10  00 00 FF FF  00 33 04 FF  FF FF FF FF
06-26 01:40:18.915     0     0 W [   28.657896@2]  RTW: 0x0D0: 26 26 FF FF  FF FF FF FF  FF FF FF FF  FF FF FF FF
06-26 01:40:18.915   589   589 E DisplayPowerController[0]: failed to set up display white-balance: java.lang.IllegalStateException: cannot find light sensor
06-26 01:40:18.921     0     0 W [   28.659169@2]  RTW: 0x0E0: FF FF FF FF  FF FF FF FF  FF FF FF FF  FF FF FF FF
06-26 01:40:18.921     0     0 W [   28.659935@2]  RTW: 0x0F0: FF FF FF FF  FF FF FF FF  FF FF FF FF  FF FF FF FF
06-26 01:40:18.921     0     0 W [   28.660626@2]  RTW: 0x100: F0 94 65 D3  58 C5 FF FF  CD F0 FF FF  FF FF FF FF
06-26 01:40:18.921     0     0 W [   28.661536@2]  RTW: 0x110: 1E 1E FC A0  D8 D8 FD FF  35 8C FF FF  FF FF FF FF
06-26 01:40:18.921     0     0 W [   28.662446@2]  RTW: 0x120: FE DF 01 23  34 FF FF FF  FF FF FF FF  FF FF FF FF
06-26 01:40:18.921     0     0 W [   28.663428@2]  RTW: 0x130: FF FF FF FF  FF FF FF FF  FF FF FF FF  FF FF FF FF
06-26 01:40:18.921   589   589 W DisplayPowerController[0]: Screen brightness nits configuration is unavailable; falling back
06-26 01:40:18.922   589   624 E KernelCpuThreadReader: Failed to initialize KernelCpuThreadReader
06-26 01:40:18.922   589   624 E KernelCpuThreadReader: java.nio.file.NoSuchFileException: /proc/self/time_in_state
06-26 01:40:18.922   589   624 E KernelCpuThreadReader: 	at sun.nio.fs.UnixFileSystemProvider.newByteChannel(UnixFileSystemProvider.java:214)
06-26 01:40:18.922   589   624 E KernelCpuThreadReader: 	at java.nio.file.Files.newByteChannel(Files.java:361)
06-26 01:40:18.922   589   624 E KernelCpuThreadReader: 	at java.nio.file.Files.newByteChannel(Files.java:407)
06-26 01:40:18.922   589   624 E KernelCpuThreadReader: 	at java.nio.file.Files.readAllBytes(Files.java:3152)
06-26 01:40:18.922   589   624 E KernelCpuThreadReader: 	at com.android.internal.os.ProcTimeInStateReader.initializeTimeInStateFormat(ProcTimeInStateReader.java:159)
06-26 01:40:18.922   589   624 E KernelCpuThreadReader: 	at com.android.internal.os.ProcTimeInStateReader.<init>(ProcTimeInStateReader.java:106)
06-26 01:40:18.922   589   624 E KernelCpuThreadReader: 	at com.android.internal.os.KernelCpuThreadReader.<init>(KernelCpuThreadReader.java:138)
06-26 01:40:18.922   589   624 E KernelCpuThreadReader: 	at com.android.internal.os.KernelCpuThreadReader.create(KernelCpuThreadReader.java:151)
06-26 01:40:18.922   589   624 E KernelCpuThreadReader: 	at com.android.internal.os.KernelCpuThreadReaderSettingsObserver.<init>(KernelCpuThreadReaderSettingsObserver.java:95)
06-26 01:40:18.922   589   624 E KernelCpuThreadReader: 	at com.android.internal.os.KernelCpuThreadReaderSettingsObserver.getSettingsModifiedReader(KernelCpuThreadReaderSettingsObserver.java:80)
06-26 01:40:18.922   589   624 E KernelCpuThreadReader: 	at com.android.server.stats.pull.StatsPullAtomService.initializePullersState(StatsPullAtomService.java:798)
06-26 01:40:18.922   589   624 E KernelCpuThreadReader: 	at com.android.server.stats.pull.StatsPullAtomService.lambda$onBootPhase$0$StatsPullAtomService(StatsPullAtomService.java:757)
06-26 01:40:18.922   589   624 E KernelCpuThreadReader: 	at com.android.server.stats.pull.StatsPullAtomService$$ExternalSyntheticLambda14.run(Unknown Source:2)
06-26 01:40:18.922   589   624 E KernelCpuThreadReader: 	at android.os.Handler.handleCallback(Handler.java:938)
06-26 01:40:18.922   589   624 E KernelCpuThreadReader: 	at android.os.Handler.dispatchMessage(Handler.java:99)
06-26 01:40:18.922   589   624 E KernelCpuThreadReader: 	at android.os.Looper.loopOnce(Looper.java:201)
06-26 01:40:18.922   589   624 E KernelCpuThreadReader: 	at android.os.Looper.loop(Looper.java:288)
06-26 01:40:18.922   589   624 E KernelCpuThreadReader: 	at android.os.HandlerThread.run(HandlerThread.java:67)
06-26 01:40:18.924     0     0 W [   28.665208@2]  RTW: 0x140: FF FF FF FF  FF FF FF FF  FF FF FF FF  FF FF FF FF
06-26 01:40:18.924     0     0 W [   28.665455@2]  RTW: 0x150: FF FF FF FF  FF FF FF FF  FF FF FF FF  FF FF FF FF
06-26 01:40:18.924     0     0 W [   28.666365@2]  RTW: 0x160: FF FF FF FF  FF FF FF FF  FF FF BC C7  DA 4D DD FA
06-26 01:40:18.924     0     0 W [   28.667344@2]  RTW: 0x170: FF FF FF FF  FF FF FF FF  FF FF FF FF  FF FF FF FF
06-26 01:40:18.931     0     0 W [   28.668548@2]  RTW: 0x180: FF FF FF FF  FF FF FF FF  FF FF FF FF  FF FF FF FF
06-26 01:40:18.931     0     0 W [   28.669096@2]  RTW: 0x190: FF FF FF FF  FF FF FF FF  FF FF FF FF  FF FF FF FF
06-26 01:40:18.931     0     0 W [   28.670169@2]  RTW: 0x1A0: FF FF FF FF  FF FF FF FF  FF FF FF FF  FF FF FF FF
06-26 01:40:18.931     0     0 W [   28.670975@2]  RTW: 0x1B0: FF FF FF FF  FF FF FF FF  FF FF FF FF  FF FF FF FF
06-26 01:40:18.932     0     0 W [   28.671825@2]  RTW: 0x1C0: FF FF FF FF  FF FF FF FF  FF FF FF FF  FF FF FF FF
06-26 01:40:18.932     0     0 W [   28.672735@2]  RTW: 0x1D0: FF FF FF FF  FF FF FF FF  FF FF FF FF  FF FF FF FF
06-26 01:40:18.932     0     0 W [   28.673645@2]  RTW: 0x1E0: FF FF FF FF  FF FF FF FF  FF FF FF FF  FF FF FF FF
06-26 01:40:18.932     0     0 W [   28.674555@2]  RTW: 0x1F0: FF FF FF FF  FF FF FF FF  FF FF FF FF  FF FF FF FF
06-26 01:40:18.935     0     0 W [   28.676002@2]  RTW: 0x200: FF FF FF FF  FF FF FF FF  FF FF FF FF  FF FF FF FF
06-26 01:40:18.935     0     0 W [   28.676376@2]  RTW: 0x210: FF FF FF FF  FF FF FF FF  FF FF FF FF  FF FF FF FF
06-26 01:40:18.935     0     0 W [   28.677285@2]  RTW: 0x220: FF FF FF FF  FF FF FF FF  FF FF FF FF  FF FF FF FF
06-26 01:40:18.935     0     0 W [   28.678195@2]  RTW: 0x230: FF FF FF FF  FF FF FF FF  FF FF FF FF  FF FF FF FF
06-26 01:40:18.940     0     0 W [   28.679589@2]  RTW: 0x240: FF FF FF FF  FF FF FF FF  FF FF FF FF  FF FF FF FF
06-26 01:40:18.940     0     0 W [   28.680158@2]  RTW: 0x250: FF FF FF FF  FF FF FF FF  FF FF FF FF  FF FF FF FF
