06-16 14:56:50.687   604   604 D SystemServerTiming: StartVpnManagerService took to complete: 5ms
06-16 14:56:50.687   604   604 I SystemServerTiming: StartVcnManagementService
06-16 14:56:50.693   604   604 D SystemServerTiming: StartVcnManagementService took to complete: 6ms
06-16 14:56:50.693   604   604 I SystemServerTiming: StartNsdService
06-16 14:56:50.695   604   604 D NsdService: Network service discovery is enabled
06-16 14:56:50.699   604   604 D SystemServerTiming: StartNsdService took to complete: 6ms
06-16 14:56:50.700   604   604 I SystemServerTiming: StartSystemUpdateManagerService
06-16 14:56:50.700   604   604 I SystemUpdateManagerService: No existing info file /data/system/system-update-info.xml
06-16 14:56:50.702   604   604 D SystemServerTiming: StartSystemUpdateManagerService took to complete: 2ms
06-16 14:56:50.702   604   604 I SystemServerTiming: StartUpdateLockService
06-16 14:56:50.703   604   604 D SystemServerTiming: StartUpdateLockService took to complete: 2ms
06-16 14:56:50.703   604   604 I SystemServerTiming: StartNotificationManager
06-16 14:56:50.703   604   604 I SystemServiceManager: Starting com.android.server.notification.NotificationManagerService
06-16 14:56:50.717   604   604 D ConditionProviders.SCP: new ScheduleConditionProvider()
06-16 14:56:50.739   604   604 I NotificationListeners: Read notification listener permissions from xml
06-16 14:56:50.739   604   604 I NotificationAssistants: Read notification assistant permissions from xml
06-16 14:56:50.740   604   604 I ConditionProviders: Read condition provider permissions from xml
06-16 14:56:50.740   604   604 I ConditionProviders: Read condition provider permissions from xml
06-16 14:56:50.740   604   604 D NotificationAssistants: Approving default notification assistant for user 0
06-16 14:56:50.743   604   604 I ConditionProviders:  Allowing condition provider com.google.android.ext.services/android.ext.services.notification.Assistant (userSet: true)
06-16 14:56:50.748   604   604 D CompatibilityChangeReporter: Compat change id reported: 157233955; UID 1000; state: ENABLED
06-16 14:56:50.756   604   604 D SystemServerTiming: StartNotificationManager took to complete: 52ms
06-16 14:56:50.756   604   604 I SystemServerTiming: StartDeviceMonitor
06-16 14:56:50.756   604   604 I SystemServiceManager: Starting com.android.server.storage.DeviceStorageMonitorService
06-16 14:56:50.760   604   604 D SystemServerTiming: StartDeviceMonitor took to complete: 3ms
06-16 14:56:50.760   604   604 I SystemServerTiming: StartLocationManagerService
06-16 14:56:50.760   604   604 I SystemServiceManager: Starting com.android.server.location.LocationManagerService$Lifecycle
06-16 14:56:50.767   604   604 D SystemServerTiming: StartLocationManagerService took to complete: 6ms
06-16 14:56:50.767   604   604 I SystemServerTiming: StartCountryDetectorService
06-16 14:56:50.768   604   604 D SystemServerTiming: StartCountryDetectorService took to complete: 1ms
06-16 14:56:50.768   604   604 I SystemServerTiming: StartTimeDetectorService
06-16 14:56:50.768   604   604 I SystemServiceManager: Starting com.android.server.timedetector.TimeDetectorService$Lifecycle
06-16 14:56:50.771   604   604 D SystemServerTiming: StartTimeDetectorService took to complete: 3ms
06-16 14:56:50.771   604   604 I SystemServerTiming: StartTimeZoneDetectorService
06-16 14:56:50.771   604   604 I SystemServiceManager: Starting com.android.server.timezonedetector.TimeZoneDetectorService$Lifecycle
06-16 14:56:50.775   604   604 D SystemServerTiming: StartTimeZoneDetectorService took to complete: 3ms
06-16 14:56:50.775   604   604 I SystemServerTiming: StartLocationTimeZoneManagerService
06-16 14:56:50.775   604   604 I SystemServiceManager: Starting com.android.server.timezonedetector.location.LocationTimeZoneManagerService$Lifecycle
06-16 14:56:50.775   604   604 D LocationTZDetector: Geo time zone detection feature is disabled in config
06-16 14:56:50.775   604   604 D SystemServerTiming: StartLocationTimeZoneManagerService took to complete: 0ms
06-16 14:56:50.775   604   604 I SystemServerTiming: StartSearchManagerService
06-16 14:56:50.776   604   604 I SystemServiceManager: Starting com.android.server.search.SearchManagerService$Lifecycle
06-16 14:56:50.779   604   604 D SystemServerTiming: StartSearchManagerService took to complete: 3ms
06-16 14:56:50.779   604   604 I SystemServerTiming: StartWallpaperManagerService
06-16 14:56:50.779   604   604 I SystemServiceManager: Starting com.android.server.wallpaper.WallpaperManagerService$Lifecycle
06-16 14:56:50.781   604   604 D SystemServerTiming: StartWallpaperManagerService took to complete: 1ms
06-16 14:56:50.781   604   604 I SystemServerTiming: StartAudioService
06-16 14:56:50.781   604   604 I SystemServiceManager: Starting com.android.server.audio.AudioService$Lifecycle
06-16 14:56:50.838   604   604 D SystemServerTiming: StartAudioService took to complete: 56ms
06-16 14:56:50.838   604   604 I SystemServerTiming: StartSoundTriggerMiddlewareService
06-16 14:56:50.838   604   604 I SystemServiceManager: Starting com.android.server.soundtrigger_middleware.SoundTriggerMiddlewareService$Lifecycle
06-16 14:56:50.848   604   604 D SystemServerTiming: StartSoundTriggerMiddlewareService took to complete: 11ms
06-16 14:56:50.849   604   604 I SystemServerTiming: StartDockObserver
06-16 14:56:50.849   604   604 I SystemServiceManager: Starting com.android.server.DockObserver
06-16 14:56:50.849   604   604 W DockObserver: This kernel does not have dock station support
06-16 14:56:50.853   604   604 D SystemServerTiming: StartDockObserver took to complete: 4ms
06-16 14:56:50.853   604   604 I SystemServerTiming: StartWiredAccessoryManager
06-16 14:56:50.853   604   604 W WiredAccessoryManager: This kernel does not have wired headset support
06-16 14:56:50.854   604   604 W WiredAccessoryManager: This kernel does not have usb audio support
06-16 14:56:50.855   604   604 W WiredAccessoryManager: This kernel does not have HDMI audio support
06-16 14:56:50.855   604   604 D SystemServerTiming: StartWiredAccessoryManager took to complete: 3ms
06-16 14:56:50.855   604   604 I SystemServerTiming: StartAdbService
06-16 14:56:50.855   604   604 I SystemServiceManager: Starting com.android.server.adb.AdbService$Lifecycle
06-16 14:56:50.884   604   604 D SystemServerTiming: StartAdbService took to complete: 29ms
06-16 14:56:50.884   604   604 I SystemServerTiming: StartUsbService
06-16 14:56:50.884   604   604 I SystemServiceManager: Starting com.android.server.usb.UsbService$Lifecycle
06-16 14:56:50.884   604   604 D SystemServerTiming: StartUsbService took to complete: 0ms
06-16 14:56:50.885   604   604 I SystemServerTiming: StartSerialService
06-16 14:56:50.885   604   673 I SystemServerTimingAsync: InitThreadPoolExec:UsbService$Lifecycle#onStart
06-16 14:56:50.885   604   673 D SystemServerInitThreadPool: Started executing UsbService$Lifecycle#onStart
06-16 14:56:50.886   604   604 D SystemServerTiming: StartSerialService took to complete: 1ms
06-16 14:56:50.886   604   604 I SystemServerTiming: StartHardwarePropertiesManagerService
06-16 14:56:50.887   604   673 E UsbDeviceManager: failed to write to /sys/class/android_usb/android0/f_rndis/ethaddr
06-16 14:56:50.897   604   604 D SystemServerTiming: StartHardwarePropertiesManagerService took to complete: 12ms
06-16 14:56:50.897   604   604 I SystemServerTiming: StartTwilightService
06-16 14:56:50.898   604   604 I SystemServiceManager: Starting com.android.server.twilight.TwilightService
06-16 14:56:50.898   604   604 D SystemServerTiming: StartTwilightService took to complete: 0ms
06-16 14:56:50.898   604   604 I SystemServerTiming: StartColorDisplay
06-16 14:56:50.898   604   604 I SystemServiceManager: Starting com.android.server.display.color.ColorDisplayService
06-16 14:56:50.899   604   673 W StorageManagerService: No primary storage defined yet; hacking together a stub
06-16 14:56:50.900   604   604 D SystemServerTiming: StartColorDisplay took to complete: 3ms
06-16 14:56:50.900   604   604 I SystemServerTiming: StartJobScheduler
06-16 14:56:50.901   604   604 I SystemServiceManager: Starting com.android.server.job.JobSchedulerService
06-16 14:56:50.910   604   604 D JobStore: Start tag: job-info
06-16 14:56:50.911   604   604 W JobStore: Periodic job for uid='10084' persisted run-time is too big [246:33:57, 280:45:15]. Clamping to [120:00:24,240:00:24]
06-16 14:56:50.912   604   652 I UsbDeviceManager: Usb gadget hal service started android.hardware.usb.gadget@1.0::IUsbGadget default
06-16 14:56:50.915   604   604 W JobStore: Periodic job for uid='10073' persisted run-time is too big [246:31:23, 270:31:23]. Clamping to [24:00:24,48:00:24]
06-16 14:56:50.916   604   604 W JobStore: Periodic job for uid='10073' persisted run-time is too big [246:31:23, 270:31:23]. Clamping to [24:00:24,48:00:24]
06-16 14:56:50.917   604   604 W JobStore: Periodic job for uid='10070' persisted run-time is too big [246:33:57, 246:33:57]. Clamping to [24:00:24,48:00:24]
06-16 14:56:50.920   604   604 W JobStore: Periodic job for uid='10059' persisted run-time is too big [246:33:57, 246:33:57]. Clamping to [24:00:24,48:00:24]
06-16 14:56:50.921   604   626 E UsbDeviceManager: prcessing MSG_GET_CURRENT_USB_FUNCTIONS
06-16 14:56:50.921   604   626 E UsbDeviceManager: updating mCurrentFunctions
06-16 14:56:50.921   604   626 E UsbDeviceManager: mCurrentFunctions:0applied:1
06-16 14:56:50.922   604   604 W JobStore: Periodic job for uid='10054' persisted run-time is too big [246:33:57, 246:33:57]. Clamping to [6:00:24,12:00:24]
06-16 14:56:50.923   604   604 W JobStore: Periodic job for uid='10053' persisted run-time is too big [246:33:57, 246:33:57]. Clamping to [1:00:24,2:00:24]
06-16 14:56:50.927   604   604 W JobStore: Periodic job for uid='1000' persisted run-time is too big [246:33:57, 246:33:57]. Clamping to [24:00:24,25:12:24]
06-16 14:56:50.928   604   604 W JobStore: Periodic job for uid='1000' persisted run-time is too big [246:33:57, 246:33:57]. Clamping to [24:00:24,25:12:24]
06-16 14:56:50.929   604   604 W JobStore: Periodic job for uid='1000' persisted run-time is too big [270:33:57, 294:33:57]. Clamping to [24:00:24,48:00:24]
06-16 14:56:50.930   604   604 W JobStore: Periodic job for uid='1000' persisted run-time is too big [246:33:57, 246:33:57]. Clamping to [48:00:24,50:24:24]
06-16 14:56:50.932   604   604 W JobStore: Periodic job for uid='1000' persisted run-time is too big [246:33:57, 246:33:57]. Clamping to [24:00:24,25:12:24]
06-16 14:56:50.933   604   604 I JobStore: Read 18 jobs
06-16 14:56:50.936   604   747 I UsbPortManager: Usb hal service started android.hardware.usb@1.0::IUsb default
06-16 14:56:50.941   604   747 I UsbPortManager: USB HAL version: 10
06-16 14:56:50.946   604   673 D SystemServerInitThreadPool: Finished executing UsbService$Lifecycle#onStart
06-16 14:56:50.946   604   673 D SystemServerTimingAsync: InitThreadPoolExec:UsbService$Lifecycle#onStart took to complete: 62ms
06-16 14:56:50.953   604   604 V HistoricalRegistry: Interaction before persistence initialized
06-16 14:56:50.953   604   604 V HistoricalRegistry: Interaction before persistence initialized
06-16 14:56:50.955   604   604 W JobScheduler: !!! RTC not yet good; tracking time updates for job scheduling
06-16 14:56:50.956   604   604 D SystemServerTiming: StartJobScheduler took to complete: 56ms
06-16 14:56:50.956   604   604 I SystemServerTiming: StartSoundTrigger
06-16 14:56:50.956   604   604 I SystemServiceManager: Starting com.android.server.soundtrigger.SoundTriggerService
06-16 14:56:50.958   604   604 D SystemServerTiming: StartSoundTrigger took to complete: 1ms
06-16 14:56:50.958   604   604 I SystemServerTiming: StartTrustManager
06-16 14:56:50.958   604   604 I SystemServiceManager: Starting com.android.server.trust.TrustManagerService
06-16 14:56:50.962   604   604 D SystemServerTiming: StartTrustManager took to complete: 4ms
06-16 14:56:50.962   604   604 I SystemServerTiming: StartBackupManager
06-16 14:56:50.963   604   604 I SystemServiceManager: Starting com.android.server.backup.BackupManagerService$Lifecycle
06-16 14:56:50.971   604   604 D SystemServerTiming: StartBackupManager took to complete: 9ms
06-16 14:56:50.972   604   604 I SystemServerTiming: StartAppWidgetService
06-16 14:56:50.972   604   604 I SystemServiceManager: Starting com.android.server.appwidget.AppWidgetService
06-16 14:56:50.978   604   604 D SystemServerTiming: StartAppWidgetService took to complete: 6ms
06-16 14:56:50.978   604   604 I SystemServerTiming: StartVoiceRecognitionManager
06-16 14:56:50.978   604   604 I SystemServiceManager: Starting com.android.server.voiceinteraction.VoiceInteractionManagerService
06-16 14:56:51.035   604   604 D SystemServerTiming: StartVoiceRecognitionManager took to complete: 57ms
06-16 14:56:51.036   604   604 I SystemServerTiming: StartAppHibernationService
06-16 14:56:51.036   604   604 I SystemServiceManager: Starting com.android.server.apphibernation.AppHibernationService
06-16 14:56:51.039   604   604 D SystemServerTiming: StartAppHibernationService took to complete: 4ms
06-16 14:56:51.040   604   604 I SystemServerTiming: StartGestureLauncher
06-16 14:56:51.040   604   604 I SystemServiceManager: Starting com.android.server.GestureLauncherService
06-16 14:56:51.040   604   604 D SystemServerTiming: StartGestureLauncher took to complete: 1ms
06-16 14:56:51.040   604   604 I SystemServerTiming: StartSensorNotification
06-16 14:56:51.040   604   604 I SystemServiceManager: Starting com.android.server.SensorNotificationService
06-16 14:56:51.040   604   604 D SystemServerTiming: StartSensorNotification took to complete: 0ms
06-16 14:56:51.040   604   604 I SystemServerTiming: StartDiskStatsService
06-16 14:56:51.045   604   604 D SystemServerTiming: StartDiskStatsService took to complete: 5ms
06-16 14:56:51.046   604   604 I SystemServerTiming: RuntimeService
06-16 14:56:51.047   604   604 D SystemServerTiming: RuntimeService took to complete: 1ms
06-16 14:56:51.047   604   604 I SystemServerTiming: StartNetworkTimeUpdateService
06-16 14:56:51.049   604   604 D SystemServerTiming: StartNetworkTimeUpdateService took to complete: 2ms
06-16 14:56:51.050   604   604 I SystemServerTiming: CertBlacklister
06-16 14:56:51.051   604   604 D SystemServerTiming: CertBlacklister took to complete: 1ms
06-16 14:56:51.051   604   604 I SystemServerTiming: StartEmergencyAffordanceService
06-16 14:56:51.051   604   604 I SystemServiceManager: Starting com.android.server.emergency.EmergencyAffordanceService
06-16 14:56:51.052   604   604 D SystemServerTiming: StartEmergencyAffordanceService took to complete: 2ms
06-16 14:56:51.052   604   633 I SystemServerTimingAsync: InitThreadPoolExec:startBlobStoreManagerService
06-16 14:56:51.052   604   633 D SystemServerInitThreadPool: Started executing startBlobStoreManagerService
06-16 14:56:51.052   604   633 I SystemServerTimingAsync: startBlobStoreManagerService
06-16 14:56:51.053   604   633 I SystemServiceManager: Starting com.android.server.blob.BlobStoreManagerService
06-16 14:56:51.055   604   604 I SystemServerTiming: StartDreamManager
06-16 14:56:51.055   604   604 I SystemServiceManager: Starting com.android.server.dreams.DreamManagerService
06-16 14:56:51.056   604   604 D SystemServerTiming: StartDreamManager took to complete: 2ms
06-16 14:56:51.056   604   604 I SystemServerTiming: AddGraphicsStatsService
06-16 14:56:51.058   604   633 D SystemServerTimingAsync: startBlobStoreManagerService took to complete: 5ms
06-16 14:56:51.058   604   633 D SystemServerInitThreadPool: Finished executing startBlobStoreManagerService
06-16 14:56:51.058   604   633 D SystemServerTimingAsync: InitThreadPoolExec:startBlobStoreManagerService took to complete: 5ms
06-16 14:56:51.065   604   604 D SystemServerTiming: AddGraphicsStatsService took to complete: 8ms
06-16 14:56:51.065   604   604 I SystemServerTiming: StartRestrictionManager
06-16 14:56:51.066   604   604 I SystemServiceManager: Starting com.android.server.restrictions.RestrictionsManagerService
06-16 14:56:51.068   604   604 D SystemServerTiming: StartRestrictionManager took to complete: 2ms
06-16 14:56:51.068   604   604 I SystemServerTiming: StartMediaSessionService
06-16 14:56:51.069   604   604 I SystemServiceManager: Starting com.android.server.media.MediaSessionService
06-16 14:56:51.075   604   604 D SystemServerTiming: StartMediaSessionService took to complete: 6ms
06-16 14:56:51.075   604   604 I SystemServerTiming: StartHdmiControlService
06-16 14:56:51.075   604   604 I SystemServiceManager: Starting com.android.server.hdmi.HdmiControlService
06-16 14:56:51.084   604   604 D HdmiCecActiveness: setState inactive mState:null
06-16 14:56:51.087   604   604 D HdmiCecActiveness: notify active state changes completed
06-16 14:56:51.089   604   604 D HDMI    : Getting CEC setting value 'hdmi_cec_enabled'.
06-16 14:56:51.089   604   604 D HDMI    : Reading 'hdmi_control_enabled' global setting.
06-16 14:56:51.089   604   604 D HDMI    : Getting CEC setting value 'volume_control_enabled'.
06-16 14:56:51.089   604   604 D HDMI    : Reading 'hdmi_control_volume_control_enabled' global setting.
06-16 14:56:51.119   604   604 D HDMI    : soundbar mode:false
06-16 14:56:51.122   604   604 E HDMI    : [1]:Couldn't connect to cec@1.1java.util.NoSuchElementException
06-16 14:56:51.122   604   604 W HDMI    : [1]:Couldn't get tv.cec service.
06-16 14:56:51.122   604   604 W HDMI    : [1]:Unable to use cec@1.1
06-16 14:56:51.128   604   604 I HdmiControlService: Device does not support MHL-control.
06-16 14:56:51.129   604   604 D HDMI    : setOption: [flag:2, enabled:false]
06-16 14:56:51.130   604   604 D HdmiCecActiveness: setState disabled mState:inactive
06-16 14:56:51.131   604   604 D HdmiCecActiveness: notify active state changes completed
06-16 14:56:51.133   604   604 D HDMI    : initPortInfo port info:port_id: 0, type: HDMI_OUT, address: 0x1000, cec: true, arc: true, mhl: false
06-16 14:56:51.146   604   604 W SystemServiceManager: Service com.android.server.hdmi.HdmiControlService took 59 ms in onStart
06-16 14:56:51.147   604   604 D SystemServerTiming: StartHdmiControlService took to complete: 71ms
06-16 14:56:51.147   604   604 I SystemServerTiming: StartTvInputManager
06-16 14:56:51.147   604   604 I SystemServiceManager: Starting com.android.server.tv.TvInputManagerService
06-16 14:56:51.155   604   604 D SystemServerTiming: StartTvInputManager took to complete: 9ms
06-16 14:56:51.155   604   604 I SystemServerTiming: StartMediaResourceMonitor
06-16 14:56:51.155   604   604 I SystemServiceManager: Starting com.android.server.media.MediaResourceMonitorService
06-16 14:56:51.156   604   604 D SystemServerTiming: StartMediaResourceMonitor took to complete: 1ms
06-16 14:56:51.156   604   604 I SystemServerTiming: StartTvRemoteService
06-16 14:56:51.156   604   604 I SystemServiceManager: Starting com.android.server.tv.TvRemoteService
06-16 14:56:51.157   604   604 D SystemServerTiming: StartTvRemoteService took to complete: 1ms
06-16 14:56:51.157   604   604 I SystemServerTiming: StartMediaRouterService
06-16 14:56:51.158   604   604 V HistoricalRegistry: Interaction before persistence initialized
06-16 14:56:51.161   604   604 D SystemServerTiming: StartMediaRouterService took to complete: 4ms
06-16 14:56:51.161   604   604 I SystemServerTiming: StartBiometricService
06-16 14:56:51.161   604   604 I SystemServiceManager: Starting com.android.server.biometrics.BiometricService
06-16 14:56:51.166   604   604 D SystemServerTiming: StartBiometricService took to complete: 5ms
06-16 14:56:51.166   604   604 I SystemServerTiming: StartAuthService
06-16 14:56:51.166   604   604 I SystemServiceManager: Starting com.android.server.biometrics.AuthService
06-16 14:56:51.173   604   604 D SystemServerTiming: StartAuthService took to complete: 6ms
06-16 14:56:51.173   604   604 I SystemServerTiming: StartBackgroundDexOptService
06-16 14:56:51.173   604   604 W BackgroundDexOptService: SysProp pm.dexopt.downgrade_after_inactive_days not set
06-16 14:56:51.175   604   604 D SystemServerTiming: StartBackgroundDexOptService took to complete: 2ms
06-16 14:56:51.175   604   604 I SystemServerTiming: StartDynamicCodeLoggingService
06-16 14:56:51.179   604   604 D SystemServerTiming: StartDynamicCodeLoggingService took to complete: 3ms
06-16 14:56:51.179   604   604 I SystemServerTiming: StartPruneInstantAppsJobService
06-16 14:56:51.180   604   604 D SystemServerTiming: StartPruneInstantAppsJobService took to complete: 1ms
06-16 14:56:51.180   604   604 I SystemServerTiming: StartShortcutServiceLifecycle
06-16 14:56:51.180   604   604 I SystemServiceManager: Starting com.android.server.pm.ShortcutService$Lifecycle
06-16 14:56:51.182   604   604 V HistoricalRegistry: Interaction before persistence initialized
06-16 14:56:51.184   604   604 D SystemServerTiming: StartShortcutServiceLifecycle took to complete: 3ms
06-16 14:56:51.184   604   604 I SystemServerTiming: StartLauncherAppsService
06-16 14:56:51.184   604   604 I SystemServiceManager: Starting com.android.server.pm.LauncherAppsService
06-16 14:56:51.187   604   604 D SystemServerTiming: StartLauncherAppsService took to complete: 4ms
06-16 14:56:51.187   604   604 I SystemServerTiming: StartCrossProfileAppsService
06-16 14:56:51.187   604   604 I SystemServiceManager: Starting com.android.server.pm.CrossProfileAppsService
06-16 14:56:51.189   604   604 D SystemServerTiming: StartCrossProfileAppsService took to complete: 2ms
06-16 14:56:51.189   604   604 I SystemServerTiming: StartPeopleService
06-16 14:56:51.189   604   604 I SystemServiceManager: Starting com.android.server.people.PeopleService
06-16 14:56:51.191   604   604 D SystemServerTiming: StartPeopleService took to complete: 1ms
06-16 14:56:51.191   604   604 I SystemServerTiming: StartMediaMetricsManager
06-16 14:56:51.191   604   604 I SystemServiceManager: Starting com.android.server.media.metrics.MediaMetricsManagerService
06-16 14:56:51.194   604   604 D SystemServerTiming: StartMediaMetricsManager took to complete: 4ms
06-16 14:56:51.194   604   604 I SystemServerTiming: StartMediaProjectionManager
06-16 14:56:51.194   604   604 I SystemServiceManager: Starting com.android.server.media.projection.MediaProjectionManagerService
06-16 14:56:51.199   604   604 D SystemServerTiming: StartMediaProjectionManager took to complete: 4ms
06-16 14:56:51.199   604   604 I SystemServerTiming: StartSliceManagerService
06-16 14:56:51.199   604   604 I SystemServiceManager: Starting com.android.server.slice.SliceManagerService$Lifecycle
06-16 14:56:51.207   604   604 D SystemServerTiming: StartSliceManagerService took to complete: 8ms
06-16 14:56:51.208   604   604 I SystemServerTiming: StartStatsCompanion
06-16 14:56:51.221   604   604 I SystemServiceManager: Starting com.android.server.stats.StatsCompanion$Lifecycle
06-16 14:56:51.229   604   604 D SystemServerTiming: StartStatsCompanion took to complete: 22ms
06-16 14:56:51.229   604   604 I SystemServerTiming: StartRebootReadinessManagerService
06-16 14:56:51.244   604   604 I SystemServiceManager: Starting com.android.server.scheduling.RebootReadinessManagerService$Lifecycle
06-16 14:56:51.256   604   604 D SystemServerTiming: StartRebootReadinessManagerService took to complete: 27ms
06-16 14:56:51.256   604   604 I SystemServerTiming: StartStatsPullAtomService
06-16 14:56:51.257   604   604 I SystemServiceManager: Starting com.android.server.stats.pull.StatsPullAtomService
06-16 14:56:51.257   604   604 D SystemServerTiming: StartStatsPullAtomService took to complete: 1ms
06-16 14:56:51.257   604   604 I SystemServerTiming: StartIncidentCompanionService
06-16 14:56:51.258   604   604 I SystemServiceManager: Starting com.android.server.incident.IncidentCompanionService
06-16 14:56:51.260   604   604 D SystemServerTiming: StartIncidentCompanionService took to complete: 2ms
06-16 14:56:51.260   604   604 I SystemServerTiming: StartMmsService
06-16 14:56:51.260   604   604 I SystemServiceManager: Starting com.android.server.MmsServiceBroker
06-16 14:56:51.261   604   604 D SystemServerTiming: StartMmsService took to complete: 1ms
06-16 14:56:51.261   604   604 I SystemServerTiming: StartAutoFillService
06-16 14:56:51.262   604   604 I SystemServiceManager: Starting com.android.server.autofill.AutofillManagerService
06-16 14:56:51.264   604   604 D AutofillManagerService: setLogLevelFromSettings(): level=2, debug=true, verbose=false
06-16 14:56:51.264   604   604 D AutofillManagerService: setMaxPartitionsFromSettings(): 10
06-16 14:56:51.265   604   604 D AutofillManagerService: setMaxVisibleDatasetsFromSettings(): 0
06-16 14:56:51.268   604   627 D AutofillUI: destroySaveUiUiThread(): already destroyed
06-16 14:56:51.268   604   604 E AutofillManagerServiceImpl: Bad service name: com.google.android.gms/.autofill.service.AutofillService
06-16 14:56:51.268   604   604 D AutofillManagerServiceImpl: Reset component for user 0:com.google.android.gms/.autofill.service.AutofillService
06-16 14:56:51.272   604   604 D SystemServerTiming: StartAutoFillService took to complete: 10ms
06-16 14:56:51.272   604   604 D SystemServer: TranslationService not defined by OEM
06-16 14:56:51.272   604   604 I SystemServerTiming: StartClipboardService
06-16 14:56:51.272   604   604 I SystemServiceManager: Starting com.android.server.clipboard.ClipboardService
06-16 14:56:51.278   604   604 D SystemServerTiming: StartClipboardService took to complete: 5ms
06-16 14:56:51.278   604   604 I SystemServerTiming: AppServiceManager
06-16 14:56:51.278   604   604 I SystemServiceManager: Starting com.android.server.appbinding.AppBindingService$Lifecycle
06-16 14:56:51.280   604   604 D SystemServerTiming: AppServiceManager took to complete: 2ms
06-16 14:56:51.280   604   604 I SystemServerTiming: startTracingServiceProxy
06-16 14:56:51.280   604   604 I SystemServiceManager: Starting com.android.server.tracing.TracingServiceProxy
06-16 14:56:51.282   604   604 D SystemServerTiming: startTracingServiceProxy took to complete: 1ms
06-16 14:56:51.282   604   604 I SystemServerTiming: MakeLockSettingsServiceReady
06-16 14:56:51.293   604   604 I SyntheticPasswordManager: Device does not support weaver
06-16 14:56:51.294   604   604 I LockSettingsService: Device doesn't implement AuthSecret HAL
06-16 14:56:51.296   604   604 D SystemServerTiming: MakeLockSettingsServiceReady took to complete: 14ms
06-16 14:56:51.296   604   604 I SystemServerTiming: StartBootPhaseLockSettingsReady
06-16 14:56:51.297   604   604 I SystemServiceManager: Starting phase 480
06-16 14:56:51.297   604   604 I SystemServerTiming: OnBootPhase_480
06-16 14:56:51.297   604   604 I SystemServerTiming: OnBootPhase_480_com.android.server.security.FileIntegrityService
06-16 14:56:51.297   604   604 D SystemServerTiming: OnBootPhase_480_com.android.server.security.FileIntegrityService took to complete: 0ms
06-16 14:56:51.297   604   604 I SystemServerTiming: OnBootPhase_480_com.android.server.pm.Installer
06-16 14:56:51.297   604   604 D SystemServerTiming: OnBootPhase_480_com.android.server.pm.Installer took to complete: 0ms
06-16 14:56:51.297   604   604 I SystemServerTiming: OnBootPhase_480_com.android.server.os.DeviceIdentifiersPolicyService
06-16 14:56:51.297   604   604 D SystemServerTiming: OnBootPhase_480_com.android.server.os.DeviceIdentifiersPolicyService took to complete: 0ms
06-16 14:56:51.297   604   604 I SystemServerTiming: OnBootPhase_480_com.android.server.uri.UriGrantsManagerService$Lifecycle
06-16 14:56:51.297   604   604 D SystemServerTiming: OnBootPhase_480_com.android.server.uri.UriGrantsManagerService$Lifecycle took to complete: 0ms
06-16 14:56:51.297   604   604 I SystemServerTiming: OnBootPhase_480_com.android.server.powerstats.PowerStatsService
06-16 14:56:51.297   604   604 D SystemServerTiming: OnBootPhase_480_com.android.server.powerstats.PowerStatsService took to complete: 0ms
06-16 14:56:51.297   604   604 I SystemServerTiming: OnBootPhase_480_com.android.server.wm.ActivityTaskManagerService$Lifecycle
06-16 14:56:51.297   604   604 D SystemServerTiming: OnBootPhase_480_com.android.server.wm.ActivityTaskManagerService$Lifecycle took to complete: 0ms
06-16 14:56:51.297   604   604 I SystemServerTiming: OnBootPhase_480_com.android.server.am.ActivityManagerService$Lifecycle
06-16 14:56:51.297   604   604 D SystemServerTiming: OnBootPhase_480_com.android.server.am.ActivityManagerService$Lifecycle took to complete: 0ms
06-16 14:56:51.297   604   604 I SystemServerTiming: OnBootPhase_480_com.android.server.pm.DataLoaderManagerService
06-16 14:56:51.297   604   604 D SystemServerTiming: OnBootPhase_480_com.android.server.pm.DataLoaderManagerService took to complete: 0ms
06-16 14:56:51.297   604   604 I SystemServerTiming: OnBootPhase_480_com.android.server.power.PowerManagerService
06-16 14:56:51.297   604   604 D SystemServerTiming: OnBootPhase_480_com.android.server.power.PowerManagerService took to complete: 0ms
06-16 14:56:51.297   604   604 I SystemServerTiming: OnBootPhase_480_com.android.server.power.ThermalManagerService
06-16 14:56:51.297   604   604 D SystemServerTiming: OnBootPhase_480_com.android.server.power.ThermalManagerService took to complete: 0ms
06-16 14:56:51.297   604   604 I SystemServerTiming: OnBootPhase_480_com.android.server.power.hint.HintManagerService
06-16 14:56:51.297   604   604 D SystemServerTiming: OnBootPhase_480_com.android.server.power.hint.HintManagerService took to complete: 0ms
06-16 14:56:51.297   604   604 I SystemServerTiming: OnBootPhase_480_com.android.server.recoverysystem.RecoverySystemService$Lifecycle
06-16 14:56:51.297   604   604 D SystemServerTiming: OnBootPhase_480_com.android.server.recoverysystem.RecoverySystemService$Lifecycle took to complete: 0ms
06-16 14:56:51.297   604   604 I SystemServerTiming: OnBootPhase_480_com.android.server.lights.LightsService
06-16 14:56:51.297   604   604 D SystemServerTiming: OnBootPhase_480_com.android.server.lights.LightsService took to complete: 0ms
06-16 14:56:51.297   604   604 I SystemServerTiming: OnBootPhase_480_com.android.server.display.DisplayManagerService
06-16 14:56:51.298   604   604 D SystemServerTiming: OnBootPhase_480_com.android.server.display.DisplayManagerService took to complete: 0ms
06-16 14:56:51.298   604   604 I SystemServerTiming: OnBootPhase_480_com.android.server.pm.verify.domain.DomainVerificationService
06-16 14:56:51.298   604   604 D SystemServerTiming: OnBootPhase_480_com.android.server.pm.verify.domain.DomainVerificationService took to complete: 0ms
06-16 14:56:51.298   604   604 I SystemServerTiming: OnBootPhase_480_com.android.server.pm.PackageInstallerService$Lifecycle
06-16 14:56:51.298   604   604 D SystemServerTiming: OnBootPhase_480_com.android.server.pm.PackageInstallerService$Lifecycle took to complete: 0ms
06-16 14:56:51.298   604   604 I SystemServerTiming: OnBootPhase_480_com.android.server.pm.UserManagerService$LifeCycle
06-16 14:56:51.298   604   604 D SystemServerTiming: OnBootPhase_480_com.android.server.pm.UserManagerService$LifeCycle took to complete: 0ms
06-16 14:56:51.298   604   604 I SystemServerTiming: OnBootPhase_480_com.android.server.om.OverlayManagerService
06-16 14:56:51.298   604   604 D SystemServerTiming: OnBootPhase_480_com.android.server.om.OverlayManagerService took to complete: 0ms
06-16 14:56:51.298   604   604 I SystemServerTiming: OnBootPhase_480_com.android.server.SensorPrivacyService
06-16 14:56:51.298   604   604 D SystemServerTiming: OnBootPhase_480_com.android.server.SensorPrivacyService took to complete: 0ms
06-16 14:56:51.298   604   604 I SystemServerTiming: OnBootPhase_480_com.android.server.sensors.SensorService
06-16 14:56:51.298   604   604 D SystemServerTiming: OnBootPhase_480_com.android.server.sensors.SensorService took to complete: 0ms
06-16 14:56:51.298   604   604 I SystemServerTiming: OnBootPhase_480_com.android.server.SystemConfigService
06-16 14:56:51.298   604   604 D SystemServerTiming: OnBootPhase_480_com.android.server.SystemConfigService took to complete: 0ms
06-16 14:56:51.298   604   604 I SystemServerTiming: OnBootPhase_480_com.android.server.BatteryService
06-16 14:56:51.298   604   604 D SystemServerTiming: OnBootPhase_480_com.android.server.BatteryService took to complete: 0ms
06-16 14:56:51.298   604   604 I SystemServerTiming: OnBootPhase_480_com.android.server.usage.UsageStatsService
06-16 14:56:51.298   604   604 D SystemServerTiming: OnBootPhase_480_com.android.server.usage.UsageStatsService took to complete: 0ms
06-16 14:56:51.298   604   604 I SystemServerTiming: OnBootPhase_480_com.android.server.webkit.WebViewUpdateService
06-16 14:56:51.298   604   604 D SystemServerTiming: OnBootPhase_480_com.android.server.webkit.WebViewUpdateService took to complete: 0ms
06-16 14:56:51.298   604   604 I SystemServerTiming: OnBootPhase_480_com.android.server.CachedDeviceStateService
06-16 14:56:51.298   604   604 D SystemServerTiming: OnBootPhase_480_com.android.server.CachedDeviceStateService took to complete: 0ms
06-16 14:56:51.298   604   604 I SystemServerTiming: OnBootPhase_480_com.android.server.BinderCallsStatsService$LifeCycle
06-16 14:56:51.298   604   604 D SystemServerTiming: OnBootPhase_480_com.android.server.BinderCallsStatsService$LifeCycle took to complete: 0ms
06-16 14:56:51.298   604   604 I SystemServerTiming: OnBootPhase_480_com.android.server.LooperStatsService$Lifecycle
06-16 14:56:51.298   604   604 D SystemServerTiming: OnBootPhase_480_com.android.server.LooperStatsService$Lifecycle took to complete: 0ms
06-16 14:56:51.299   604   604 I SystemServerTiming: OnBootPhase_480_com.android.server.rollback.RollbackManagerService
06-16 14:56:51.299   604   604 D SystemServerTiming: OnBootPhase_480_com.android.server.rollback.RollbackManagerService took to complete: 0ms
06-16 14:56:51.299   604   604 I SystemServerTiming: OnBootPhase_480_com.android.server.os.NativeTombstoneManagerService
06-16 14:56:51.299   604   604 D SystemServerTiming: OnBootPhase_480_com.android.server.os.NativeTombstoneManagerService took to complete: 0ms
06-16 14:56:51.299   604   604 I SystemServerTiming: OnBootPhase_480_com.android.server.os.BugreportManagerService
06-16 14:56:51.299   604   604 D SystemServerTiming: OnBootPhase_480_com.android.server.os.BugreportManagerService took to complete: 0ms
06-16 14:56:51.299   604   604 I SystemServerTiming: OnBootPhase_480_com.android.server.gpu.GpuService
06-16 14:56:51.299   604   604 D SystemServerTiming: OnBootPhase_480_com.android.server.gpu.GpuService took to complete: 0ms
06-16 14:56:51.299   604   604 I SystemServerTiming: OnBootPhase_480_com.android.server.security.KeyChainSystemService
06-16 14:56:51.299   604   604 D SystemServerTiming: OnBootPhase_480_com.android.server.security.KeyChainSystemService took to complete: 0ms
06-16 14:56:51.299   604   604 I SystemServerTiming: OnBootPhase_480_com.android.server.telecom.TelecomLoaderService
06-16 14:56:51.299   604   604 D SystemServerTiming: OnBootPhase_480_com.android.server.telecom.TelecomLoaderService took to complete: 0ms
06-16 14:56:51.299   604   604 I SystemServerTiming: OnBootPhase_480_com.android.server.accounts.AccountManagerService$Lifecycle
06-16 14:56:51.299   604   604 D SystemServerTiming: OnBootPhase_480_com.android.server.accounts.AccountManagerService$Lifecycle took to complete: 0ms
06-16 14:56:51.299   604   604 I SystemServerTiming: OnBootPhase_480_com.android.server.content.ContentService$Lifecycle
06-16 14:56:51.299   604   604 D SystemServerTiming: OnBootPhase_480_com.android.server.content.ContentService$Lifecycle took to complete: 0ms
06-16 14:56:51.299   604   604 I SystemServerTiming: OnBootPhase_480_com.android.server.DropBoxManagerService
06-16 14:56:51.299   604   604 D SystemServerTiming: OnBootPhase_480_com.android.server.DropBoxManagerService took to complete: 0ms
06-16 14:56:51.299   604   604 I SystemServerTiming: OnBootPhase_480_com.android.role.RoleService
06-16 14:56:51.299   604   604 D SystemServerTiming: OnBootPhase_480_com.android.role.RoleService took to complete: 0ms
06-16 14:56:51.299   604   604 I SystemServerTiming: OnBootPhase_480_com.android.server.vibrator.VibratorManagerService$Lifecycle
06-16 14:56:51.299   604   604 D SystemServerTiming: OnBootPhase_480_com.android.server.vibrator.VibratorManagerService$Lifecycle took to complete: 0ms
06-16 14:56:51.299   604   604 I SystemServerTiming: OnBootPhase_480_com.android.server.alarm.AlarmManagerService
06-16 14:56:51.299   604   604 D SystemServerTiming: OnBootPhase_480_com.android.server.alarm.AlarmManagerService took to complete: 0ms
06-16 14:56:51.299   604   604 I SystemServerTiming: OnBootPhase_480_com.android.server.devicestate.DeviceStateManagerService
06-16 14:56:51.299   604   604 D SystemServerTiming: OnBootPhase_480_com.android.server.devicestate.DeviceStateManagerService took to complete: 0ms
06-16 14:56:51.299   604   604 I SystemServerTiming: OnBootPhase_480_com.android.server.camera.CameraServiceProxy
06-16 14:56:51.299   604   604 D SystemServerTiming: OnBootPhase_480_com.android.server.camera.CameraServiceProxy took to complete: 0ms
06-16 14:56:51.299   604   604 I SystemServerTiming: OnBootPhase_480_com.android.server.BluetoothService
06-16 14:56:51.299   604   604 D SystemServerTiming: OnBootPhase_480_com.android.server.BluetoothService took to complete: 0ms
06-16 14:56:51.300   604   604 I SystemServerTiming: OnBootPhase_480_com.android.server.connectivity.IpConnectivityMetrics
06-16 14:56:51.300   604   604 D SystemServerTiming: OnBootPhase_480_com.android.server.connectivity.IpConnectivityMetrics took to complete: 0ms
06-16 14:56:51.300   604   604 I SystemServerTiming: OnBootPhase_480_com.android.server.net.watchlist.NetworkWatchlistService$Lifecycle
06-16 14:56:51.300   604   604 D SystemServerTiming: OnBootPhase_480_com.android.server.net.watchlist.NetworkWatchlistService$Lifecycle took to complete: 0ms
06-16 14:56:51.300   604   604 I SystemServerTiming: OnBootPhase_480_com.android.server.PinnerService
06-16 14:56:51.300   604   604 D SystemServerTiming: OnBootPhase_480_com.android.server.PinnerService took to complete: 0ms
06-16 14:56:51.300   604   604 I SystemServerTiming: OnBootPhase_480_com.google.android.startop.iorap.IorapForwardingService
06-16 14:56:51.300   604   604 D SystemServerTiming: OnBootPhase_480_com.google.android.startop.iorap.IorapForwardingService took to complete: 0ms
06-16 14:56:51.300   604   604 I SystemServerTiming: OnBootPhase_480_com.android.server.integrity.AppIntegrityManagerService
06-16 14:56:51.300   604   604 D SystemServerTiming: OnBootPhase_480_com.android.server.integrity.AppIntegrityManagerService took to complete: 0ms
06-16 14:56:51.300   604   604 I SystemServerTiming: OnBootPhase_480_com.android.server.inputmethod.InputMethodManagerService$Lifecycle
06-16 14:56:51.300   604   604 D SystemServerTiming: OnBootPhase_480_com.android.server.inputmethod.InputMethodManagerService$Lifecycle took to complete: 0ms
06-16 14:56:51.300   604   604 I SystemServerTiming: OnBootPhase_480_com.android.server.accessibility.AccessibilityManagerService$Lifecycle
06-16 14:56:51.300   604   604 D SystemServerTiming: OnBootPhase_480_com.android.server.accessibility.AccessibilityManagerService$Lifecycle took to complete: 0ms
06-16 14:56:51.300   604   604 I SystemServerTiming: OnBootPhase_480_com.android.server.StorageManagerService$Lifecycle
06-16 14:56:51.300   604   604 D SystemServerTiming: OnBootPhase_480_com.android.server.StorageManagerService$Lifecycle took to complete: 0ms
06-16 14:56:51.300   604   604 I SystemServerTiming: OnBootPhase_480_com.android.server.usage.StorageStatsService$Lifecycle
06-16 14:56:51.300   604   604 D SystemServerTiming: OnBootPhase_480_com.android.server.usage.StorageStatsService$Lifecycle took to complete: 0ms
06-16 14:56:51.300   604   604 I SystemServerTiming: OnBootPhase_480_com.android.server.UiModeManagerService
06-16 14:56:51.300   604   604 D SystemServerTiming: OnBootPhase_480_com.android.server.UiModeManagerService took to complete: 0ms
06-16 14:56:51.300   604   604 I SystemServerTiming: OnBootPhase_480_com.android.server.locksettings.LockSettingsService$Lifecycle
06-16 14:56:51.300   604   604 D SystemServerTiming: OnBootPhase_480_com.android.server.locksettings.LockSettingsService$Lifecycle took to complete: 0ms
06-16 14:56:51.300   604   604 I SystemServerTiming: OnBootPhase_480_com.android.server.PersistentDataBlockService
06-16 14:56:51.300   604   604 D SystemServerTiming: OnBootPhase_480_com.android.server.PersistentDataBlockService took to complete: 0ms
06-16 14:56:51.300   604   604 I SystemServerTiming: OnBootPhase_480_com.android.server.testharness.TestHarnessModeService
06-16 14:56:51.300   604   604 D SystemServerTiming: OnBootPhase_480_com.android.server.testharness.TestHarnessModeService took to complete: 0ms
06-16 14:56:51.300   604   604 I SystemServerTiming: OnBootPhase_480_com.android.server.oemlock.OemLockService
06-16 14:56:51.300   604   604 D SystemServerTiming: OnBootPhase_480_com.android.server.oemlock.OemLockService took to complete: 0ms
06-16 14:56:51.300   604   604 I SystemServerTiming: OnBootPhase_480_com.android.server.DeviceIdleController
06-16 14:56:51.300   604   604 D SystemServerTiming: OnBootPhase_480_com.android.server.DeviceIdleController took to complete: 0ms
06-16 14:56:51.300   604   604 I SystemServerTiming: OnBootPhase_480_com.android.server.devicepolicy.DevicePolicyManagerService$Lifecycle
06-16 14:56:51.301   604   604 D SystemServerTiming: OnBootPhase_480_com.android.server.devicepolicy.DevicePolicyManagerService$Lifecycle took to complete: 0ms
06-16 14:56:51.301   604   604 I SystemServerTiming: OnBootPhase_480_com.android.server.texttospeech.TextToSpeechManagerService
06-16 14:56:51.301   604   604 D SystemServerTiming: OnBootPhase_480_com.android.server.texttospeech.TextToSpeechManagerService took to complete: 0ms
06-16 14:56:51.301   604   604 I SystemServerTiming: OnBootPhase_480_com.android.server.speech.SpeechRecognitionManagerService
06-16 14:56:51.301   604   604 D SystemServerTiming: OnBootPhase_480_com.android.server.speech.SpeechRecognitionManagerService took to complete: 0ms
06-16 14:56:51.301   604   604 I SystemServerTiming: OnBootPhase_480_com.android.server.searchui.SearchUiManagerService
06-16 14:56:51.301   604   604 D SystemServerTiming: OnBootPhase_480_com.android.server.searchui.SearchUiManagerService took to complete: 0ms
06-16 14:56:51.301   604   604 I SystemServerTiming: OnBootPhase_480_com.android.server.smartspace.SmartspaceManagerService
06-16 14:56:51.301   604   604 D SystemServerTiming: OnBootPhase_480_com.android.server.smartspace.SmartspaceManagerService took to complete: 0ms
06-16 14:56:51.301   604   604 I SystemServerTiming: OnBootPhase_480_com.android.server.graphics.fonts.FontManagerService$Lifecycle
06-16 14:56:51.301   604   604 D SystemServerTiming: OnBootPhase_480_com.android.server.graphics.fonts.FontManagerService$Lifecycle took to complete: 0ms
06-16 14:56:51.301   604   604 I SystemServerTiming: OnBootPhase_480_com.android.server.textservices.TextServicesManagerService$Lifecycle
06-16 14:56:51.301   604   604 D SystemServerTiming: OnBootPhase_480_com.android.server.textservices.TextServicesManagerService$Lifecycle took to complete: 0ms
06-16 14:56:51.301   604   604 I SystemServerTiming: OnBootPhase_480_com.android.server.textclassifier.TextClassificationManagerService$Lifecycle
06-16 14:56:51.301   604   604 D SystemServerTiming: OnBootPhase_480_com.android.server.textclassifier.TextClassificationManagerService$Lifecycle took to complete: 0ms
06-16 14:56:51.301   604   604 I SystemServerTiming: OnBootPhase_480_com.android.server.NetworkScoreService$Lifecycle
06-16 14:56:51.301   604   604 D SystemServerTiming: OnBootPhase_480_com.android.server.NetworkScoreService$Lifecycle took to complete: 0ms
06-16 14:56:51.301   604   604 I SystemServerTiming: OnBootPhase_480_com.android.server.wifi.WifiService
06-16 14:56:51.301   604   604 D SystemServerTiming: OnBootPhase_480_com.android.server.wifi.WifiService took to complete: 0ms
06-16 14:56:51.301   604   604 I SystemServerTiming: OnBootPhase_480_com.android.server.wifi.scanner.WifiScanningService
06-16 14:56:51.301   604   604 D SystemServerTiming: OnBootPhase_480_com.android.server.wifi.scanner.WifiScanningService took to complete: 0ms
06-16 14:56:51.301   604   604 I SystemServerTiming: OnBootPhase_480_com.android.server.wifi.p2p.WifiP2pService
06-16 14:56:51.301   604   604 D SystemServerTiming: OnBootPhase_480_com.android.server.wifi.p2p.WifiP2pService took to complete: 0ms
06-16 14:56:51.301   604   604 I SystemServerTiming: OnBootPhase_480_com.android.server.ethernet.EthernetService
06-16 14:56:51.301   604   604 D SystemServerTiming: OnBootPhase_480_com.android.server.ethernet.EthernetService took to complete: 0ms
06-16 14:56:51.301   604   604 I SystemServerTiming: OnBootPhase_480_com.android.server.ConnectivityServiceInitializer
06-16 14:56:51.301   604   604 D SystemServerTiming: OnBootPhase_480_com.android.server.ConnectivityServiceInitializer took to complete: 0ms
06-16 14:56:51.301   604   604 I SystemServerTiming: OnBootPhase_480_com.android.server.notification.NotificationManagerService
06-16 14:56:51.302   604   604 D SystemServerTiming: OnBootPhase_480_com.android.server.notification.NotificationManagerService took to complete: 0ms
06-16 14:56:51.302   604   604 I SystemServerTiming: OnBootPhase_480_com.android.server.storage.DeviceStorageMonitorService
06-16 14:56:51.302   604   604 D SystemServerTiming: OnBootPhase_480_com.android.server.storage.DeviceStorageMonitorService took to complete: 0ms
06-16 14:56:51.302   604   604 I SystemServerTiming: OnBootPhase_480_com.android.server.location.LocationManagerService$Lifecycle
06-16 14:56:51.302   604   604 D SystemServerTiming: OnBootPhase_480_com.android.server.location.LocationManagerService$Lifecycle took to complete: 0ms
06-16 14:56:51.302   604   604 I SystemServerTiming: OnBootPhase_480_com.android.server.timedetector.TimeDetectorService$Lifecycle
06-16 14:56:51.302   604   604 D SystemServerTiming: OnBootPhase_480_com.android.server.timedetector.TimeDetectorService$Lifecycle took to complete: 0ms
06-16 14:56:51.302   604   604 I SystemServerTiming: OnBootPhase_480_com.android.server.timezonedetector.TimeZoneDetectorService$Lifecycle
06-16 14:56:51.302   604   604 D SystemServerTiming: OnBootPhase_480_com.android.server.timezonedetector.TimeZoneDetectorService$Lifecycle took to complete: 0ms
06-16 14:56:51.302   604   604 I SystemServerTiming: OnBootPhase_480_com.android.server.timezonedetector.location.LocationTimeZoneManagerService$Lifecycle
06-16 14:56:51.302   604   604 D SystemServerTiming: OnBootPhase_480_com.android.server.timezonedetector.location.LocationTimeZoneManagerService$Lifecycle took to complete: 0ms
06-16 14:56:51.302   604   604 I SystemServerTiming: OnBootPhase_480_com.android.server.search.SearchManagerService$Lifecycle
06-16 14:56:51.302   604   604 D SystemServerTiming: OnBootPhase_480_com.android.server.search.SearchManagerService$Lifecycle took to complete: 0ms
06-16 14:56:51.302   604   604 I SystemServerTiming: OnBootPhase_480_com.android.server.wallpaper.WallpaperManagerService$Lifecycle
06-16 14:56:51.303   604   604 D SystemServerTiming: OnBootPhase_480_com.android.server.wallpaper.WallpaperManagerService$Lifecycle took to complete: 1ms
06-16 14:56:51.303   604   604 I SystemServerTiming: OnBootPhase_480_com.android.server.audio.AudioService$Lifecycle
06-16 14:56:51.303   604   604 D SystemServerTiming: OnBootPhase_480_com.android.server.audio.AudioService$Lifecycle took to complete: 0ms
06-16 14:56:51.303   604   604 I SystemServerTiming: OnBootPhase_480_com.android.server.soundtrigger_middleware.SoundTriggerMiddlewareService$Lifecycle
06-16 14:56:51.303   604   604 D SystemServerTiming: OnBootPhase_480_com.android.server.soundtrigger_middleware.SoundTriggerMiddlewareService$Lifecycle took to complete: 0ms
06-16 14:56:51.303   604   604 I SystemServerTiming: OnBootPhase_480_com.android.server.DockObserver
06-16 14:56:51.303   604   604 D SystemServerTiming: OnBootPhase_480_com.android.server.DockObserver took to complete: 0ms
06-16 14:56:51.303   604   604 I SystemServerTiming: OnBootPhase_480_com.android.server.adb.AdbService$Lifecycle
06-16 14:56:51.303   604   604 D SystemServerTiming: OnBootPhase_480_com.android.server.adb.AdbService$Lifecycle took to complete: 0ms
06-16 14:56:51.303   604   604 I SystemServerTiming: OnBootPhase_480_com.android.server.usb.UsbService$Lifecycle
06-16 14:56:51.304   604   604 D SystemServerTiming: OnBootPhase_480_com.android.server.usb.UsbService$Lifecycle took to complete: 0ms
06-16 14:56:51.304   604   604 I SystemServerTiming: OnBootPhase_480_com.android.server.twilight.TwilightService
06-16 14:56:51.304   604   604 D SystemServerTiming: OnBootPhase_480_com.android.server.twilight.TwilightService took to complete: 0ms
06-16 14:56:51.304   604   604 I SystemServerTiming: OnBootPhase_480_com.android.server.display.color.ColorDisplayService
06-16 14:56:51.304   604   604 D SystemServerTiming: OnBootPhase_480_com.android.server.display.color.ColorDisplayService took to complete: 0ms
06-16 14:56:51.304   604   604 I SystemServerTiming: OnBootPhase_480_com.android.server.job.JobSchedulerService
06-16 14:56:51.304   604   604 D SystemServerTiming: OnBootPhase_480_com.android.server.job.JobSchedulerService took to complete: 0ms
06-16 14:56:51.304   604   604 I SystemServerTiming: OnBootPhase_480_com.android.server.soundtrigger.SoundTriggerService
06-16 14:56:51.304   604   604 D SoundTriggerService: onBootPhase: 480 : false
