06-26 01:32:18.535  4105  4105 I SystemControl: [/DisplayMode.cpp, applyDisplaySetting, 744] curDeepcolor[444,8bit] final_deepcolor[rgb,8bit]
06-26 01:32:18.535  4105  4105 I SystemControl: [/DisplayMode.cpp, applyDisplaySetting, 747] set color space from:444,8bit to rgb,8bit
06-26 01:32:18.535  4142  4142 D MesonDisplayServer: SetDisplay[HDMI Color ATTR] attr to "rgb,8bit"
06-26 01:32:18.536  4105  4105 I SystemControl: [/DisplayMode.cpp, getBootEnv, 360] key:ubootenv.var.hdr_policy value:0
06-26 01:32:18.536  4105  4105 I SystemControl: [/DisplayMode.cpp, getHdrStrategy, 2750] getHdrStrategy is [0]
06-26 01:32:18.537  4142  4142 D MesonDisplayServer: getDisplayAttribute "Dolby Vision Enable": "N"
06-26 01:32:18.538  4142  4142 D MesonDisplayServer: getDisplayAttribute "Dolby Vision LL Policy": "0"
06-26 01:32:18.538  4105  4105 I SystemControl: [/DisplayMode.cpp, checkDolbyVisionStatusChanged, 3439] curDvMode 0, want DvMode 0
06-26 01:32:18.538  4105  4105 I SystemControl: [/DisplayMode.cpp, applyDisplaySetting, 795] cur DvMode is equals
06-26 01:32:18.538  4171  4171 I MsDisplayAdapterWraper: mesonDisplayAdater_ops enter
06-26 01:32:18.539  4142  4142 D MesonHwc: get existing connector 13-0xede01ccc
06-26 01:32:18.539  4142  4142 V MesonDisplayServer: GetDisplayMode:480cvbs
06-26 01:32:18.546  4105  4105 I SystemControl: [/DisplayMode.cpp, getDisplayMode, 2184] getDisplayMode mode:480cvbs
06-26 01:32:18.546  4105  4105 I SystemControl: [/DisplayMode.cpp, applyDisplaySetting, 805] curMode:[480cvbs] ,final_displaymode[480cvbs]
06-26 01:32:18.546  4105  4105 I SystemControl: [/DisplayMode.cpp, isMatchMode, 1323] curmode:480cvbs, tmpMode:480cvbs, outputmode:480cvbs
06-26 01:32:18.546  4105  4105 I SystemControl: [/DisplayMode.cpp, applyDisplaySetting, 810] cur mode is equals
06-26 01:32:18.547  4105  4105 I SystemControl: [/SysWrite.cpp, writeSys, 242] write /sys/devices/virtual/amhdmitx/amhdmitx0/avmute, val:1 end
06-26 01:32:18.550     0     0 I [   10.460998@3]- hdmitx: store_avmute 1
06-26 01:32:18.550     0     0 I [   10.461009@3]- hdmitx: hw: avmute set to 2
06-26 01:32:18.553  4171  4171 E subtitleserver: subtitleserver daemon starting
06-26 01:32:18.554  4171  4171 D ProcessState: Binder ioctl to enable oneway spam detection failed: Invalid argument
06-26 01:32:18.554  4171  4171 I subtitleserver: subtitle daemon starting in treble mode
06-26 01:32:18.554  4171  4171 D hw-ProcessState: Binder ioctl to enable oneway spam detection failed: Invalid argument
06-26 01:32:18.554     0     0 I [   10.467828@2]- binder: 4171:4171 ioctl 40046210 ffb42fd0 returned -22
06-26 01:32:18.554     0     0 I [   10.468049@2]- binder: 4171:4171 ioctl 40046210 ffb42fb8 returned -22
06-26 01:32:18.557  4171  4171 I HidlServiceManagement: Registered vendor.amlogic.hardware.subtitleserver@1.0::ISubtitleServer/default
06-26 01:32:18.557  4171  4171 I subtitleserver: Treble SubtitleServerHal service created.--
06-26 01:32:18.557  4171  4171 I subtitleserver: Treble SubtitleServerHal service created end-2-!!
06-26 01:32:18.562  4187  4187 D ProcessState: Binder ioctl to enable oneway spam detection failed: Invalid argument
06-26 01:32:18.562     0     0 I [   10.475772@3]- binder: 4187:4187 ioctl 40046210 ffe55ff8 returned -22
06-26 01:32:18.563  4187  4187 I credstore: Registered binder service
06-26 01:32:18.569  4166  4166 I android.hardware.wifi@1.0-service.droidlogic: Wifi Hal is booting up...
06-26 01:32:18.570  4166  4166 D hw-ProcessState: Binder ioctl to enable oneway spam detection failed: Invalid argument
06-26 01:32:18.571     0     0 I [   10.483776@1]- binder: 4166:4166 ioctl 40046210 ffad8768 returned -22
06-26 01:32:18.572  4166  4166 I HidlServiceManagement: Registered android.hardware.wifi@1.5::IWifi/default
06-26 01:32:18.573  4166  4166 I HidlServiceManagement: Removing namespace from process name android.hardware.wifi@1.0-service.droidlogic to wifi@1.0-service.droidlogic.
06-26 01:32:18.582  4205  4205 I gsid    : no DSU: No such file or directory
06-26 01:32:18.617  4094  4094 I AndroidRuntime: Using default boot image
06-26 01:32:18.617  4094  4094 I AndroidRuntime: Leaving lock profiling enabled
06-26 01:32:18.619  4190  4190 D ProcessState: Binder ioctl to enable oneway spam detection failed: Invalid argument
06-26 01:32:18.622     0     0 I [   10.533006@2]- binder: 4190:4190 ioctl 40046210 ffc5c030 returned -22
06-26 01:32:18.628  4094  4094 I zygote  : option[0]=-Xzygote
06-26 01:32:18.628  4094  4094 I zygote  : option[1]=-Xdeny-art-apex-data-files
06-26 01:32:18.628  4094  4094 I zygote  : option[2]=exit
06-26 01:32:18.628  4094  4094 I zygote  : option[3]=vfprintf
06-26 01:32:18.628  4094  4094 I zygote  : option[4]=sensitiveThread
06-26 01:32:18.628  4094  4094 I zygote  : option[5]=-verbose:gc
06-26 01:32:18.628  4094  4094 I zygote  : option[6]=-XX:PerfettoHprof=true
06-26 01:32:18.628  4094  4094 I zygote  : option[7]=-XX:PerfettoJavaHeapStackProf=true
06-26 01:32:18.629  4094  4094 I zygote  : option[8]=-Xprimaryzygote
06-26 01:32:18.629  4094  4094 I zygote  : option[9]=-Xms8m
06-26 01:32:18.629  4094  4094 I zygote  : option[10]=-Xmx384m
06-26 01:32:18.629  4094  4094 I zygote  : option[11]=-XX:HeapGrowthLimit=256m
06-26 01:32:18.629  4094  4094 I zygote  : option[12]=-XX:HeapMinFree=512k
06-26 01:32:18.629  4094  4094 I zygote  : option[13]=-XX:HeapMaxFree=8m
06-26 01:32:18.629  4094  4094 I zygote  : option[14]=-XX:HeapTargetUtilization=0.75
06-26 01:32:18.629  4094  4094 I zygote  : option[15]=-Xusejit:true
06-26 01:32:18.629  4094  4094 I zygote  : option[16]=-Xjitsaveprofilinginfo
06-26 01:32:18.629  4094  4094 I zygote  : option[17]=-XMadviseWillNeedVdexFileSize:104857600
06-26 01:32:18.629  4094  4094 I zygote  : option[18]=-XMadviseWillNeedOdexFileSize:104857600
06-26 01:32:18.629  4094  4094 I zygote  : option[19]=-XMadviseWillNeedArtFileSize:4294967295
06-26 01:32:18.629  4094  4094 I zygote  : option[20]=-XjdwpOptions:suspend=n,server=y
06-26 01:32:18.629  4094  4094 I zygote  : option[21]=-XjdwpProvider:default
06-26 01:32:18.629  4094  4094 I zygote  : option[22]=-Xopaque-jni-ids:swapable
06-26 01:32:18.629  4094  4094 I zygote  : option[23]=-Xlockprofthreshold:500
06-26 01:32:18.629  4094  4094 I zygote  : option[24]=-Xcompiler-option
06-26 01:32:18.629  4094  4094 I zygote  : option[25]=--instruction-set-variant=cortex-a53
06-26 01:32:18.629  4094  4094 I zygote  : option[26]=-Xcompiler-option
06-26 01:32:18.629  4094  4094 I zygote  : option[27]=--instruction-set-features=default
06-26 01:32:18.629  4094  4094 I zygote  : option[28]=-Xcompiler-option
06-26 01:32:18.629  4094  4094 I zygote  : option[29]=--generate-mini-debug-info
06-26 01:32:18.629  4094  4094 I zygote  : option[30]=-Ximage-compiler-option
06-26 01:32:18.629  4094  4094 I zygote  : option[31]=--runtime-arg
06-26 01:32:18.629  4094  4094 I zygote  : option[32]=-Ximage-compiler-option
06-26 01:32:18.629  4094  4094 I zygote  : option[33]=-Xms64m
06-26 01:32:18.629  4094  4094 I zygote  : option[34]=-Ximage-compiler-option
06-26 01:32:18.629  4094  4094 I zygote  : option[35]=--runtime-arg
06-26 01:32:18.629  4094  4094 I zygote  : option[36]=-Ximage-compiler-option
06-26 01:32:18.629  4094  4094 I zygote  : option[37]=-Xmx64m
06-26 01:32:18.629  4094  4094 I zygote  : option[38]=-Ximage-compiler-option
06-26 01:32:18.629  4094  4094 I zygote  : option[39]=--dirty-image-objects=/system/etc/dirty-image-objects
06-26 01:32:18.629  4094  4094 I zygote  : option[40]=-Ximage-compiler-option
06-26 01:32:18.629  4094  4094 I zygote  : option[41]=--instruction-set-variant=cortex-a53
06-26 01:32:18.630  4094  4094 I zygote  : option[42]=-Ximage-compiler-option
06-26 01:32:18.630  4094  4094 I zygote  : option[43]=--instruction-set-features=default
06-26 01:32:18.630  4094  4094 I zygote  : option[44]=-Ximage-compiler-option
06-26 01:32:18.630  4094  4094 I zygote  : option[45]=--generate-mini-debug-info
06-26 01:32:18.630  4094  4094 I zygote  : option[46]=-Duser.locale=en-US
06-26 01:32:18.630  4094  4094 I zygote  : option[47]=--cpu-abilist=armeabi-v7a,armeabi
06-26 01:32:18.630  4094  4094 I zygote  : option[48]=-Xcore-platform-api-policy:just-warn
06-26 01:32:18.630  4094  4094 I zygote  : option[49]=-Xfingerprint:izzi-telecom/HY4002/HY40A1:12/STTC.220815.001/S4.2.6_20230823:userdebug/release-keys
06-26 01:32:18.650     0     0 I [   10.561842@3]- hdmitx: system: hdcp: set mode as -1
06-26 01:32:18.650     0     0 I [   10.562060@3]- hdmitx: system: store_phy 0
06-26 01:32:18.647  4094  4094 W zygote  : ART APEX data files are untrusted.
06-26 01:32:18.648  4105  4105 I SystemControl: [/SysWrite.cpp, writeSys, 242] write /sys/class/amhdmitx/amhdmitx0/hdcp_mode, val:-1 end
06-26 01:32:18.648  4105  4105 I SystemControl: [/SysWrite.cpp, writeSys, 242] write /sys/class/amhdmitx/amhdmitx0/phy, val:0 end
06-26 01:32:18.649  4094  4094 I zygote  : Core platform API reporting enabled, enforcing=false
06-26 01:32:18.698  4105  4105 I SystemControl: [/HDCPTxAuth.cpp, stopVerAll, 320] hdcp_tx 2.2 & 1.4 stop hdcp pwr
06-26 01:32:18.703  4105  4105 I SystemControl: [/SysWrite.cpp, writeSys, 242] write /sys/class/amhdmitx/amhdmitx0/hdcp_pwr, val:1 end
06-26 01:32:18.706     0     0 I [   10.616814@2]- hdmitx: system: set hdcp_pwr 1
06-26 01:32:18.707  4216  4216 D ProcessState: Binder ioctl to enable oneway spam detection failed: Invalid argument
06-26 01:32:18.709     0     0 I [   10.621452@3]- binder: 4216:4216 ioctl 40046210 ffb86cb8 returned -22
06-26 01:32:18.723  4215  4215 I bootstat: Service started: /system/bin/bootstat --set_system_boot_reason 
06-26 01:32:18.727  4215  4215 I bootstat: Canonical boot reason: reboot,shell
06-26 01:32:18.727  4215  4215 I bootstat: Canonical boot reason: reboot,shell
06-26 01:32:18.756  4217  4217 I perfetto: probes.cc:84            Starting /system/bin/traced_probes service
06-26 01:32:18.763  4217  4227 I perfetto: _activity_trigger.cc:71 mm_events ftrace instance not found. Triggering of traces on memory pressure will not be available on this device.
06-26 01:32:18.767  4218  4218 W perfetto: service.cc:207          Started traced, listening on /dev/socket/traced_producer /dev/socket/traced_consumer
06-26 01:32:18.775  4215  4215 I bootstat: Last reboot reason read from /metadata/bootstat/persist.sys.boot.reason : reboot,shell. Last reboot reason read from persist.sys.boot.reason : reboot,shell
06-26 01:32:18.776  4215  4215 I bootstat: Normalized last reboot reason : reboot,shell
06-26 01:32:18.778  4217  4217 I perfetto: probes_producer.cc:112  Connected to the service
06-26 01:32:18.815  4193  4193 D hw-ProcessState: Binder ioctl to enable oneway spam detection failed: Invalid argument
06-26 01:32:18.819     0     0 I [   10.729037@3]- binder: 4193:4193 ioctl 40046210 fff0ff58 returned -22
06-26 01:32:18.819  4193  4193 D ProcessState: Binder ioctl to enable oneway spam detection failed: Invalid argument
06-26 01:32:18.820  4229  4229 I installd: installd firing up
06-26 01:32:18.824     0     0 I [   10.733613@2]- binder: 4193:4193 ioctl 40046210 fff0ff70 returned -22
06-26 01:32:18.828  4193  4193 I SurfaceFlinger: Using HWComposer service: default
06-26 01:32:18.828  4193  4193 I SurfaceFlinger: SurfaceFlinger is starting
06-26 01:32:18.831  4193  4193 I SurfaceFlinger: Disabling blur effects, they are not supported.
06-26 01:32:18.836  4193  4193 I SurfaceFlinger: SurfaceFlinger's main thread ready to run. Initializing graphics H/W...
06-26 01:32:18.836  4193  4193 D RenderEngine: Threaded RenderEngine with SkiaGL Backend
06-26 01:32:18.837  4229  4229 D ProcessState: Binder ioctl to enable oneway spam detection failed: Invalid argument
06-26 01:32:18.838     0     0 I [   10.751012@3]- binder: 4229:4229 ioctl 40046210 ff915bb0 returned -22
06-26 01:32:18.862     0     0 I [   10.775888@2]- binder: 4224:4224 ioctl 40046210 ffe1a750 returned -22
06-26 01:32:18.862  4224  4224 D ProcessState: Binder ioctl to enable oneway spam detection failed: Invalid argument
06-26 01:32:18.876  4184  4184 I FastMixerState: sMaxFastTracks = 8
06-26 01:32:18.879  4226  4226 D ProcessState: Binder ioctl to enable oneway spam detection failed: Invalid argument
06-26 01:32:18.882     0     0 I [   10.792723@0]- binder: 4226:4226 ioctl 40046210 ffe168b8 returned -22
06-26 01:32:18.937  4184  4184 V MediaUtils: physMem: 2032029696
06-26 01:32:18.938  4184  4184 V MediaUtils: requested limit: 406405920
06-26 01:32:18.938  4184  4184 I libc    : malloc_limit: Allocation limit enabled, max size 406405920 bytes
06-26 01:32:18.939     0     0 I [   10.852174@2]- binder: 4184:4184 ioctl 40046210 ff9d6e20 returned -22
06-26 01:32:18.939     0     0 I [   10.852472@2]- binder: 4184:4184 ioctl 40046210 ff9d6e38 returned -22
06-26 01:32:18.938  4184  4184 D hw-ProcessState: Binder ioctl to enable oneway spam detection failed: Invalid argument
06-26 01:32:18.938  4184  4184 D ProcessState: Binder ioctl to enable oneway spam detection failed: Invalid argument
06-26 01:32:18.944  4184  4184 I audioserver: ServiceManager: 0xf6080a90
06-26 01:32:18.945  4184  4184 W BatteryNotifier: batterystats service unavailable!
06-26 01:32:18.955  3820  3820 I hwservicemanager: getTransport: Cannot find entry android.hardware.audio@7.0::IDevicesFactory/default in either framework or device VINTF manifest.
06-26 01:32:18.959  3820  3820 I hwservicemanager: getTransport: Cannot find entry android.hardware.audio@6.0::IDevicesFactory/default in either framework or device VINTF manifest.
06-26 01:32:18.963  4231  4231 V MediaUtils: physMem: 2032029696
06-26 01:32:18.964  4231  4231 V MediaUtils: requested limit: 134217728
06-26 01:32:18.964  4231  4231 I libc    : malloc_limit: Allocation limit enabled, max size 134217728 bytes
06-26 01:32:18.964  4231  4231 D ProcessState: Binder ioctl to enable oneway spam detection failed: Invalid argument
06-26 01:32:18.966     0     0 I [   10.878400@3]- binder: 4231:4231 ioctl 40046210 ff8b1a70 returned -22
06-26 01:32:18.967  4231  4231 D AudioPowerUsage: AudioPowerUsage
06-26 01:32:18.967  4231  4231 D AudioAnalytics: AudioAnalytics
06-26 01:32:18.968  4231  4231 D MediaMetricsService: MediaMetricsService
06-26 01:32:18.994     0     0 I [   10.908198@0]- hdmitx: system: restore hdcp_pwr 0
06-26 01:32:18.994  4105  4105 I SystemControl: [/SysWrite.cpp, writeSys, 242] write /sys/class/amhdmitx/amhdmitx0/hdcp_ctrl, val:stop14 end
06-26 01:32:18.995  4105  4105 I SystemControl: [/SysWrite.cpp, writeSys, 242] write /sys/class/amhdmitx/amhdmitx0/hdcp_ctrl, val:stop22 end
06-26 01:32:18.997  4105  4105 I SystemControl: [/DisplayMode.cpp, setDisplayMode, 2194] setDisplayMode mode:480cvbs
06-26 01:32:19.001  4142  4142 D MesonDisplayServer: SetDisplay[dummy] Mode to "480cvbs"
06-26 01:32:19.001  4142  4142 D MesonHwc: get existing connector 13-0xede01ccc
06-26 01:32:19.001  4142  4142 I MesonHwc: Crtc setMode: 480cvbs
06-26 01:32:19.009  4142  4203 D MesonHwc: get existing connector 13-0xede01ccc
06-26 01:32:19.010     0     0 I [   10.922192@1]- vout: vmode set to 480cvbs
06-26 01:32:19.010     0     0 I [   10.922201@1]- vout: don't set the same mode as current, exit
06-26 01:32:19.009  4142  4203 V MesonDisplayServer: GetDisplayMode:480cvbs
06-26 01:32:19.010  4105  4105 I SystemControl: [/DisplayMode.cpp, getDisplayMode, 2184] getDisplayMode mode:480cvbs
06-26 01:32:19.014  4105  4105 I SystemControl: [/DisplayMode.cpp, getContentTypeSupport, 3082] getContentTypeSupport: game is false
06-26 01:32:19.015  4105  4105 I SystemControl: [/DisplayMode.cpp, applyDisplaySetting, 876] set display-size:720x480
06-26 01:32:19.015  4105  4105 I SystemControl: [/DisplayMode.cpp, getPosition, 2086] getPosition curMode:480cvbs position[0]:0 position[1]:0 position[2]:720 position[3]:480
06-26 01:32:19.015  4105  4105 I SystemControl: [/DisplayMode.cpp, setPosition, 2102] setPosition curMode:480cvbs left:0 top:0 width:720 height:480
06-26 01:32:19.016  4105  4105 I SystemControl: [/Ubootenv.cpp, updateValue, 68] [ubootenv] update value name [ubootenv.var.480cvbs_x]: value [0] 
06-26 01:32:19.016  4105  4105 I SystemControl: [/Ubootenv.cpp, updateValue, 68] [ubootenv] update value name [ubootenv.var.480cvbs_y]: value [0] 
06-26 01:32:19.016  4105  4105 I SystemControl: [/Ubootenv.cpp, updateValue, 68] [ubootenv] update value name [ubootenv.var.480cvbs_w]: value [720] 
06-26 01:32:19.016  4105  4105 I SystemControl: [/Ubootenv.cpp, updateValue, 68] [ubootenv] update value name [ubootenv.var.480cvbs_h]: value [480] 
06-26 01:32:19.022  4142  4203 V MesonDisplayServer: SetDisplay[cvbs] DisplayRect to "(0,0,720,480)"
06-26 01:32:19.022  4142  4203 V MesonDisplayServer: SetDisplayViewPort done
06-26 01:32:19.044  4105  4105 E SystemControl: [/SysWrite.cpp, writeSys, 232] writeSysFs, open /sys/class/amhdmitx/amhdmitx0/aud_mute fail.
06-26 01:32:19.045  4105  4105 I SystemControl: [/SysWrite.cpp, writeSys, 242] write /sys/class/amhdmitx/amhdmitx0/aud_mute, val:1 end
06-26 01:32:19.045  4105  4105 E SystemControl: [/SysWrite.cpp, writeSys, 232] writeSysFs, open /sys/class/amhdmitx/amhdmitx0/aud_mute fail.
06-26 01:32:19.045  4105  4105 I SystemControl: [/SysWrite.cpp, writeSys, 242] write /sys/class/amhdmitx/amhdmitx0/aud_mute, val:0 end
06-26 01:32:19.045  4105  4105 I SystemControl: [/SysWrite.cpp, writeSys, 242] write /sys/devices/virtual/amhdmitx/amhdmitx0/avmute, val:-1 end
06-26 01:32:19.045  4105  4105 I SystemControl: [/SystemControlHal.cpp, onEvent, 74] onEvent event:0, client size:0
06-26 01:32:19.045  4105  4105 I SystemControl: [/DisplayMode.cpp, getBootEnv, 360] key:ubootenv.var.digitaudiooutput value:(null)
06-26 01:32:19.046     0     0 I [   10.959263@1]- hdmitx: store_avmute -1
06-26 01:32:19.046     0     0 I [   10.959275@1]- hdmitx: hw: avmute set to 1
06-26 01:32:19.047  4142  4203 D MesonHwc: get existing connector 13-0xede01ccc
06-26 01:32:19.051  4142  4203 V MesonDisplayServer: GetDisplayMode:480cvbs
06-26 01:32:19.052  4105  4105 I SystemControl: [/DisplayMode.cpp, getDisplayMode, 2184] getDisplayMode mode:480cvbs
06-26 01:32:19.053  4105  4105 I SystemControl: [/DisplayMode.cpp, getBootEnv, 360] key:ubootenv.var.hdmichecksum value:0x00000000
06-26 01:32:19.053  4105  4105 I SystemControl: [/Ubootenv.cpp, updateValue, 68] [ubootenv] update value name [ubootenv.var.cvbsmode]: value [480cvbs] 
06-26 01:32:19.048  4105  4105 W systemcontrol: type=1400 audit(0.0:34): avc: denied { read } for name="u:object_r:default_prop:s0" dev="tmpfs" ino=1423 scontext=u:r:system_control:s0 tcontext=u:object_r:default_prop:s0 tclass=file permissive=0
06-26 01:32:19.054  4105  4105 W libc    : Access denied finding property "persist.systemcontrol.debug"
06-26 01:32:19.063  4193  4234 D libEGL  : loaded /vendor/lib/egl/libGLES_mali.so
06-26 01:32:19.074     0     0 I [   10.981307@0]- binder: 4239:4239 ioctl 40046210 ffc646f8 returned -22
06-26 01:32:19.066  4239  4239 I wificond: wificond is starting up...
06-26 01:32:19.067  4239  4239 D ProcessState: Binder ioctl to enable oneway spam detection failed: Invalid argument
06-26 01:32:19.109     0     0 I [   11.016665@3]- binder: 4239:4239 ioctl 40046210 ffc646a8 returned -22
06-26 01:32:19.102  4239  4239 D hw-ProcessState: Binder ioctl to enable oneway spam detection failed: Invalid argument
06-26 01:32:19.113  4239  4239 I HidlServiceManagement: Registered android.system.wifi.keystore@1.0::IKeystore/default
06-26 01:32:19.117  4193  4234 W libc    : Access denied finding property "vendor.mali.config"
06-26 01:32:19.132  4249  4249 I gatekeeperd: Starting gatekeeperd...
06-26 01:32:19.140  4249  4249 D ProcessState: Binder ioctl to enable oneway spam detection failed: Invalid argument
06-26 01:32:19.141  4249  4249 D hw-ProcessState: Binder ioctl to enable oneway spam detection failed: Invalid argument
06-26 01:32:19.142     0     0 I [   11.054013@0]- binder: 4249:4249 ioctl 40046210 ff8a9380 returned -22
06-26 01:32:19.143     0     0 I [   11.054839@0]- binder: 4249:4249 ioctl 40046210 ff8a9208 returned -22
06-26 01:32:19.145  3820  3820 I hwservicemanager: getTransport: Cannot find entry android.hardware.audio.effect@7.0::IEffectsFactory/default in either framework or device VINTF manifest.
06-26 01:32:19.146  3820  3820 I hwservicemanager: getTransport: Cannot find entry android.hardware.audio.effect@6.0::IEffectsFactory/default in either framework or device VINTF manifest.
06-26 01:32:19.153  4250  4250 D hw-ProcessState: Binder ioctl to enable oneway spam detection failed: Invalid argument
06-26 01:32:19.154     0     0 I [   11.067028@3]- binder: 4250:4250 ioctl 40046210 fff03348 returned -22
06-26 01:32:19.156  4184  4184 I AudioFlinger: Using default 3000 mSec as standby time.
06-26 01:32:19.158  4253  4253 I livelock: started
06-26 01:32:19.160  4253  4253 W livelock: [khungtaskd] not configurable
06-26 01:32:19.166  4231  4248 I ServiceManager: Waiting for service 'package_native' on '/dev/binder'...
06-26 01:32:19.169  4253  4253 I livelock: ro.config.low_ram=false
06-26 01:32:19.169  4253  4253 I livelock: ro.llk.sysrq_t=true
06-26 01:32:19.169  4253  4253 I livelock: ro.llk.enable=true
06-26 01:32:19.169  4253  4253 I livelock: ro.khungtask.enable=true
06-26 01:32:19.169  4253  4253 I livelock: ro.llk.mlockall=true
06-26 01:32:19.169  4253  4253 I livelock: ro.llk.killtest=true
06-26 01:32:19.169  4253  4253 I livelock: ro.khungtask.timeout=720s
06-26 01:32:19.169  4253  4253 I livelock: ro.llk.timeout_ms=600.000s
06-26 01:32:19.169  4253  4253 I livelock: ro.llk.D.timeout_ms=600.000s
06-26 01:32:19.169  4253  4253 I livelock: ro.llk.Z.timeout_ms=600.000s
06-26 01:32:19.169  4253  4253 I livelock: ro.llk.stack.timeout_ms=600.000s
06-26 01:32:19.169  4253  4253 I livelock: ro.llk.check_ms=120.000s
06-26 01:32:19.169  4253  4253 I livelock: ro.llk.stack=wait_on_page_bit_killable,bit_wait_io,__get_user_pages,cma_alloc
06-26 01:32:19.169  4253  4253 I livelock: ro.llk.ignorelist.process.stack=apexd,ueventd,init,keystore,lmkd.llkd,keystore2,llkd
06-26 01:32:19.169  4253  4253 I livelock: ro.llk.ignorelist.process=[watchdog/3],[watchdogd/0],[watchdog/1],watchdogd,[khungtaskd],lmkd,[watchdogd],[kthreadd],[watchdog/2],2,4253,0,1,init,llkd
06-26 01:32:19.169  4253  4253 I livelock: ro.llk.ignorelist.parent=com.antutu.ABenchMark
06-26 01:32:19.169  4253  4253 I livelock: ro.llk.ignorelist.uid=
06-26 01:32:19.171  4184  4184 I APM_AudioPolicyManager: loading audio_policy_configuration.xml
06-26 01:32:19.171  4250  4250 I usbd    : Usb HAL found.
06-26 01:32:19.173  4250  4250 I usbd    : peristent prop is adb
06-26 01:32:19.186  4193  4234 I RenderEngine: OpenGL ES informations:
06-26 01:32:19.186  4193  4234 I RenderEngine: vendor    : ARM
06-26 01:32:19.186  4193  4234 I RenderEngine: renderer  : Mali-G31
06-26 01:32:19.186  4193  4234 I RenderEngine: version   : OpenGL ES 3.2 v1.r32p1-01bet0.41b18dcf185382f01efb2f3854f9997f
06-26 01:32:19.186  4193  4234 I RenderEngine: extensions: GL_EXT_debug_marker GL_ARM_rgba8 GL_ARM_mali_shader_binary GL_OES_depth24 GL_OES_depth_texture GL_OES_depth_texture_cube_map GL_OES_packed_depth_stencil GL_OES_rgb8_rgba8 GL_EXT_read_format_bgra GL_OES_compressed_paletted_texture GL_OES_compressed_ETC1_RGB8_texture GL_OES_standard_derivatives GL_OES_EGL_image GL_OES_EGL_image_external GL_OES_EGL_image_external_essl3 GL_OES_EGL_sync GL_OES_texture_npot GL_OES_vertex_half_float GL_OES_required_internalformat GL_OES_vertex_array_object GL_OES_mapbuffer GL_EXT_texture_format_BGRA8888 GL_EXT_texture_rg GL_EXT_texture_type_2_10_10_10_REV GL_OES_fbo_render_mipmap GL_OES_element_index_uint GL_EXT_shadow_samplers GL_OES_texture_compression_astc GL_KHR_texture_compression_astc_ldr GL_KHR_texture_compression_astc_hdr GL_KHR_texture_compression_astc_sliced_3d GL_EXT_texture_compression_astc_decode_mode GL_EXT_texture_compression_astc_decode_mode_rgb9e5 GL_KHR_debug GL_EXT_occlusion_query_boolean GL_EXT_disjoint_timer_query GL_EXT_blend_minmax GL_EXT_discard_
06-26 01:32:19.186  4193  4234 I RenderEngine: GL_MAX_TEXTURE_SIZE = 16383
06-26 01:32:19.186  4193  4234 I RenderEngine: GL_MAX_VIEWPORT_DIMS = 16383
06-26 01:32:19.216  4184  4184 D APM_EngineLoader: Loaded engine from libaudiopolicyenginedefault.so
06-26 01:32:19.216  4184  4184 D APM::AudioPolicyEngine/Base: loadAudioPolicyEngineConfig: No configuration found, using default matching phone experience.
06-26 01:32:19.216  4184  4184 I APM::AudioPolicyEngine/Config: loading audio_policy_configuration.xml
06-26 01:32:19.228  4240  4240 I android.hardware.media.omx@1.0-service: mediacodecservice starting
06-26 01:32:19.239  4142  4142 D ComposerResources: setUVM with pid 4193
06-26 01:32:19.240  4162  4162 I libusbconfigfs: setCurrentUsbFunctions None
06-26 01:32:19.241  4162  4162 I libusbconfigfs: Gadget cannot be pulled down
06-26 01:32:19.242  4142  4142 E android.hardware.graphics.composer@2.4-service.droidlogic: halEventcallback onHotplug client2.4
06-26 01:32:19.242  4193  4193 I SurfaceFlinger: onComposerHalHotplug(0, connected)
06-26 01:32:19.242  4193  4193 I HWComposer: Switching to legacy multi-display mode
06-26 01:32:19.243  4162  4162 I android.hardware.usb.gadget@1.2-service: mMonitor not running
06-26 01:32:19.243  4162  4162 I android.hardware.usb.gadget@1.2-service: Returned from tearDown gadget
06-26 01:32:19.245  4193  4271 W EventThread: Ignoring VSYNC request while display is disconnected
06-26 01:32:19.245  4193  4271 W EventThread: Ignoring VSYNC request while display is disconnected
06-26 01:32:19.245  4193  4272 W EventThread: Ignoring VSYNC request while display is disconnected
06-26 01:32:19.245  4193  4272 W EventThread: Ignoring VSYNC request while display is disconnected
06-26 01:32:19.246  4193  4271 W EventThread: Ignoring VSYNC request while display is disconnected
06-26 01:32:19.246  4193  4271 W EventThread: Ignoring VSYNC request while display is disconnected
06-26 01:32:19.246  4142  4142 D MesonHwc: cvbs connector getHadrCapabilities none
06-26 01:32:19.246  4142  4142 D MesonHwc: cvbs connector getHadrCapabilities none
06-26 01:32:19.247  4142  4142 D MesonHwc: cvbs connector getHadrCapabilities none
06-26 01:32:19.247  4142  4142 D MesonHwc: cvbs connector getHadrCapabilities none
06-26 01:32:19.247  4193  4193 W HwcComposer: getPerFrameMetadataKeys failed with 8
06-26 01:32:19.249  4240  4240 W android.hardware.media.omx@1.0-service: libminijail[4240]: failed to get path of fd 5: No such file or directory
06-26 01:32:19.249  4240  4240 W android.hardware.media.omx@1.0-service: libminijail[4240]: allowing syscall: clock_gettime
06-26 01:32:19.249  4240  4240 W android.hardware.media.omx@1.0-service: libminijail[4240]: allowing syscall: connect
06-26 01:32:19.249  4240  4240 W android.hardware.media.omx@1.0-service: libminijail[4240]: allowing syscall: fcntl64
06-26 01:32:19.249  4240  4240 W android.hardware.media.omx@1.0-service: libminijail[4240]: allowing syscall: socket
06-26 01:32:19.249  4240  4240 W android.hardware.media.omx@1.0-service: libminijail[4240]: allowing syscall: writev
06-26 01:32:19.276     0     0 I [   11.181463@3]- binder: 4193:4234 ioctl 40046210 f3ebae20 returned -22
06-26 01:32:19.256  4140  4170 E gralloc4: Format [id:0x110] which doesn't support linear should not have bpp defined
06-26 01:32:19.256  4140  4170 E gralloc4: Format [id:0x110] which doesn't support linear should not have bpp defined
06-26 01:32:19.256  4140  4170 E ion     : ioctl c0044901 failed with code -1: Invalid argument
06-26 01:32:19.257  4193  4193 E ion     : ioctl c0044901 failed with code -1: Invalid argument
06-26 01:32:19.258  4240  4240 W android.hardware.media.omx@1.0-service: libminijail[4240]: compile_file: <fd>(59): syscall getrandom redefined here
06-26 01:32:19.258  4240  4240 W android.hardware.media.omx@1.0-service: libminijail[4240]: compile_file: <fd>(15): previous definition here
06-26 01:32:19.259  4193  4193 I SurfaceFlinger: Dispatching display hotplug event displayId=0, connected=1
06-26 01:32:19.260  4142  4142 E MesonHwc: register unknown callback (6)
06-26 01:32:19.264  4193  4193 I HidlServiceManagement: Registered android.frameworks.displayservice@1.0::IDisplayService/default
06-26 01:32:19.264  4193  4193 D SurfaceFlinger: Setting power mode 2 on display 0
06-26 01:32:19.264  4142  4142 D MesonHwc: ERR: PLEASE FIX NON-IMPLEMENT FUN(setPowerMode).
06-26 01:32:19.265  4193  4193 D SurfaceFlinger: Finished setting power mode 2 on display 0
06-26 01:32:19.266  4193  4275 W SurfaceFlinger: Failed to set thread name on dispatch thread
06-26 01:32:19.267  4193  4234 D hw-ProcessState: Binder ioctl to enable oneway spam detection failed: Invalid argument
06-26 01:32:19.269  4184  4184 W APM::AudioPolicyEngine/Base: loadAudioPolicyEngineConfig: No configuration of AUDIO_STREAM_ASSISTANT found, using default volume configuration
06-26 01:32:19.271  4184  4184 W APM::AudioPolicyEngine/Base: loadAudioPolicyEngineConfig: No configuration of AUDIO_STREAM_CALL_ASSISTANT found, using default volume configuration
06-26 01:32:19.272  4240  4240 W android.hardware.media.omx@1.0-service: libminijail[4240]: compile_file: /system/etc/seccomp_policy/crash_dump.arm.policy(1): syscall read redefined here
06-26 01:32:19.272  4240  4240 W android.hardware.media.omx@1.0-service: libminijail[4240]: compile_file: <fd>(9): previous definition here
06-26 01:32:19.273  4240  4240 W android.hardware.media.omx@1.0-service: libminijail[4240]: compile_file: /system/etc/seccomp_policy/crash_dump.arm.policy(2): syscall write redefined here
06-26 01:32:19.273  4240  4240 W android.hardware.media.omx@1.0-service: libminijail[4240]: compile_file: <fd>(5): previous definition here
06-26 01:32:19.273  4240  4240 W android.hardware.media.omx@1.0-service: libminijail[4240]: compile_file: /system/etc/seccomp_policy/crash_dump.arm.policy(3): syscall exit redefined here
06-26 01:32:19.273  4240  4240 W android.hardware.media.omx@1.0-service: libminijail[4240]: compile_file: <fd>(40): previous definition here
06-26 01:32:19.275  4240  4240 W android.hardware.media.omx@1.0-service: libminijail[4240]: compile_file: /system/etc/seccomp_policy/crash_dump.arm.policy(4): syscall rt_sigreturn redefined here
06-26 01:32:19.275  4240  4240 W android.hardware.media.omx@1.0-service: libminijail[4240]: compile_file: <fd>(45): previous definition here
06-26 01:32:19.275  4240  4240 W android.hardware.media.omx@1.0-service: libminijail[4240]: compile_file: /system/etc/seccomp_policy/crash_dump.arm.policy(6): syscall exit_group redefined here
06-26 01:32:19.277  4240  4240 W android.hardware.media.omx@1.0-service: libminijail[4240]: compile_file: <fd>(44): previous definition here
06-26 01:32:19.277  4240  4240 W android.hardware.media.omx@1.0-service: libminijail[4240]: compile_file: /system/etc/seccomp_policy/crash_dump.arm.policy(7): syscall clock_gettime redefined here
06-26 01:32:19.277  4240  4240 W android.hardware.media.omx@1.0-service: libminijail[4240]: compile_file: <fd>(7): previous definition here
06-26 01:32:19.330     0     0 I [   11.243085@0]- binder: 4240:4240 ioctl 40046210 ff874298 returned -22
06-26 01:32:19.330     0     0 I [   11.243469@0]- binder: 4240:4240 ioctl 40046210 ff874280 returned -22
06-26 01:32:19.278  4240  4240 W android.hardware.media.omx@1.0-service: libminijail[4240]: compile_file: /system/etc/seccomp_policy/crash_dump.arm.policy(8): syscall gettimeofday redefined here
06-26 01:32:19.278  4240  4240 W android.hardware.media.omx@1.0-service: libminijail[4240]: compile_file: <fd>(47): previous definition here
06-26 01:32:19.281  4240  4240 W android.hardware.media.omx@1.0-service: libminijail[4240]: compile_file: /system/etc/seccomp_policy/crash_dump.arm.policy(9): syscall futex redefined here
06-26 01:32:19.281  4240  4240 W android.hardware.media.omx@1.0-service: libminijail[4240]: compile_file: <fd>(3): previous definition here
06-26 01:32:19.283  4240  4240 W android.hardware.media.omx@1.0-service: libminijail[4240]: compile_file: /system/etc/seccomp_policy/crash_dump.arm.policy(10): syscall getrandom redefined here
06-26 01:32:19.283  4240  4240 W android.hardware.media.omx@1.0-service: libminijail[4240]: compile_file: <fd>(15): previous definition here
06-26 01:32:19.284  4240  4240 W android.hardware.media.omx@1.0-service: libminijail[4240]: compile_file: /system/etc/seccomp_policy/crash_dump.arm.policy(13): syscall ppoll redefined here
06-26 01:32:19.284  4240  4240 W android.hardware.media.omx@1.0-service: libminijail[4240]: compile_file: <fd>(13): previous definition here
06-26 01:32:19.284  4240  4240 W android.hardware.media.omx@1.0-service: libminijail[4240]: compile_file: /system/etc/seccomp_policy/crash_dump.arm.policy(14): syscall pipe2 redefined here
06-26 01:32:19.284  4240  4240 W android.hardware.media.omx@1.0-service: libminijail[4240]: compile_file: <fd>(46): previous definition here
06-26 01:32:19.285  4240  4240 W android.hardware.media.omx@1.0-service: libminijail[4240]: compile_file: /system/etc/seccomp_policy/crash_dump.arm.policy(15): syscall openat redefined here
06-26 01:32:19.285  4240  4240 W android.hardware.media.omx@1.0-service: libminijail[4240]: compile_file: <fd>(30): previous definition here
06-26 01:32:19.289  4240  4240 W android.hardware.media.omx@1.0-service: libminijail[4240]: compile_file: /system/etc/seccomp_policy/crash_dump.arm.policy(16): syscall dup redefined here
06-26 01:32:19.290  4240  4240 W android.hardware.media.omx@1.0-service: libminijail[4240]: compile_file: <fd>(12): previous definition here
06-26 01:32:19.290  4240  4240 W android.hardware.media.omx@1.0-service: libminijail[4240]: compile_file: /system/etc/seccomp_policy/crash_dump.arm.policy(17): syscall close redefined here
06-26 01:32:19.292  4240  4240 W android.hardware.media.omx@1.0-service: libminijail[4240]: compile_file: <fd>(10): previous definition here
06-26 01:32:19.292  4240  4240 W android.hardware.media.omx@1.0-service: libminijail[4240]: compile_file: /system/etc/seccomp_policy/crash_dump.arm.policy(18): syscall lseek redefined here
06-26 01:32:19.293  4240  4240 W android.hardware.media.omx@1.0-service: libminijail[4240]: compile_file: <fd>(50): previous definition here
06-26 01:32:19.293  4240  4240 W android.hardware.media.omx@1.0-service: libminijail[4240]: compile_file: /system/etc/seccomp_policy/crash_dump.arm.policy(19): syscall getdents64 redefined here
06-26 01:32:19.296  4240  4240 W android.hardware.media.omx@1.0-service: libminijail[4240]: compile_file: <fd>(58): previous definition here
06-26 01:32:19.296  4240  4240 W android.hardware.media.omx@1.0-service: libminijail[4240]: compile_file: /system/etc/seccomp_policy/crash_dump.arm.policy(20): syscall faccessat redefined here
06-26 01:32:19.300  4240  4240 W android.hardware.media.omx@1.0-service: libminijail[4240]: compile_file: <fd>(38): previous definition here
06-26 01:32:19.300  4240  4240 W android.hardware.media.omx@1.0-service: libminijail[4240]: compile_file: /system/etc/seccomp_policy/crash_dump.arm.policy(25): syscall rt_sigprocmask redefined here
06-26 01:32:19.300  4240  4240 W android.hardware.media.omx@1.0-service: libminijail[4240]: compile_file: <fd>(41): previous definition here
06-26 01:32:19.301  4240  4240 W android.hardware.media.omx@1.0-service: libminijail[4240]: compile_file: /system/etc/seccomp_policy/crash_dump.arm.policy(28): syscall prctl redefined here
06-26 01:32:19.303  4240  4240 W android.hardware.media.omx@1.0-service: libminijail[4240]: compile_file: <fd>(6): previous definition here
06-26 01:32:19.305  4240  4240 W android.hardware.media.omx@1.0-service: libminijail[4240]: compile_file: /system/etc/seccomp_policy/crash_dump.arm.policy(29): syscall madvise redefined here
06-26 01:32:19.305  4240  4240 W android.hardware.media.omx@1.0-service: libminijail[4240]: compile_file: <fd>(29): previous definition here
06-26 01:32:19.305  4240  4240 W android.hardware.media.omx@1.0-service: libminijail[4240]: compile_file: /system/etc/seccomp_policy/crash_dump.arm.policy(30): syscall mprotect redefined here
06-26 01:32:19.305  4240  4240 W android.hardware.media.omx@1.0-service: libminijail[4240]: compile_file: <fd>(28): previous definition here
06-26 01:32:19.306  4240  4240 W android.hardware.media.omx@1.0-service: libminijail[4240]: compile_file: /system/etc/seccomp_policy/crash_dump.arm.policy(31): syscall munmap redefined here
06-26 01:32:19.306  4240  4240 W android.hardware.media.omx@1.0-service: libminijail[4240]: compile_file: <fd>(27): previous definition here
06-26 01:32:19.306  4240  4240 W android.hardware.media.omx@1.0-service: libminijail[4240]: compile_file: /system/etc/seccomp_policy/crash_dump.arm.policy(32): syscall getuid32 redefined here
06-26 01:32:19.306  4240  4240 W android.hardware.media.omx@1.0-service: libminijail[4240]: compile_file: <fd>(34): previous definition here
06-26 01:32:19.306  4240  4240 W android.hardware.media.omx@1.0-service: libminijail[4240]: compile_file: /system/etc/seccomp_policy/crash_dump.arm.policy(33): syscall fstat64 redefined here
06-26 01:32:19.311  4240  4240 W android.hardware.media.omx@1.0-service: libminijail[4240]: compile_file: <fd>(35): previous definition here
06-26 01:32:19.311  4240  4240 W android.hardware.media.omx@1.0-service: libminijail[4240]: compile_file: /system/etc/seccomp_policy/crash_dump.arm.policy(34): syscall mmap2 redefined here
06-26 01:32:19.311  4240  4240 W android.hardware.media.omx@1.0-service: libminijail[4240]: compile_file: <fd>(14): previous definition here
06-26 01:32:19.321  4240  4240 W android.hardware.media.omx@1.0-service: libminijail[4240]: compile_file: <fd>(65): syscall readlinkat redefined here
06-26 01:32:19.321  4240  4240 W android.hardware.media.omx@1.0-service: libminijail[4240]: compile_file: <fd>(39): previous definition here
06-26 01:32:19.321  4240  4240 W android.hardware.media.omx@1.0-service: libminijail[4240]: compile_file: <fd>(66): syscall pread64 redefined here
06-26 01:32:19.321  4240  4240 W android.hardware.media.omx@1.0-service: libminijail[4240]: compile_file: <fd>(37): previous definition here
06-26 01:32:19.321  4240  4240 W android.hardware.media.omx@1.0-service: libminijail[4240]: compile_file: <fd>(70): syscall getdents64 redefined here
06-26 01:32:19.323  4240  4240 W android.hardware.media.omx@1.0-service: libminijail[4240]: compile_file: <fd>(58): previous definition here
06-26 01:32:19.323  4240  4240 W android.hardware.media.omx@1.0-service: libminijail[4240]: compile_file: <fd>(73): syscall _llseek redefined here
06-26 01:32:19.325  4240  4240 W android.hardware.media.omx@1.0-service: libminijail[4240]: compile_file: <fd>(51): previous definition here
06-26 01:32:19.329  4240  4240 W android.hardware.media.omx@1.0-service: libminijail[4240]: logging seccomp filter failures
06-26 01:32:19.329  4240  4240 D ProcessState: Binder ioctl to enable oneway spam detection failed: Invalid argument
06-26 01:32:19.329  4240  4240 D hw-ProcessState: Binder ioctl to enable oneway spam detection failed: Invalid argument
06-26 01:32:19.343  4162  4162 I libusbconfigfs: setCurrentUsbFunctions Adb
06-26 01:32:19.344  4162  4162 I libusbconfigfs: Service started
06-26 01:32:19.344  4162  4162 I android.hardware.usb.gadget@1.2-service: Usb Gadget setcurrent functions called successfully
06-26 01:32:19.342  4230  4230 I main_extractorservice: enable media.extractor memory limits
06-26 01:32:19.346  4230  4230 V MediaUtils: physMem: 2032029696
06-26 01:32:19.346  4230  4230 V MediaUtils: requested limit: 406405920
06-26 01:32:19.347  4230  4230 I libc    : malloc_limit: Allocation limit enabled, max size 406405920 bytes
06-26 01:32:19.353  4268  4268 I adbd    : persist.adb.watchdog set to ''
06-26 01:32:19.407     0     0 I [   11.309528@2]- binder: 4230:4230 ioctl 40046210 fff62b70 returned -22
06-26 01:32:19.354  4268  4268 I adbd    : persist.sys.test_harness set to ''
06-26 01:32:19.354  4268  4268 I adbd    : adb watchdog timeout set to 600 seconds
06-26 01:32:19.377  4230  4230 W mediaextractor: libminijail[4230]: failed to get path of fd 5: No such file or directory
06-26 01:32:19.377  4230  4230 W mediaextractor: libminijail[4230]: allowing syscall: clock_gettime
06-26 01:32:19.377  4230  4230 W mediaextractor: libminijail[4230]: allowing syscall: connect
06-26 01:32:19.377  4230  4230 W mediaextractor: libminijail[4230]: allowing syscall: fcntl64
06-26 01:32:19.377  4230  4230 W mediaextractor: libminijail[4230]: allowing syscall: socket
06-26 01:32:19.378  4230  4230 W mediaextractor: libminijail[4230]: allowing syscall: writev
06-26 01:32:19.380  4230  4230 W mediaextractor: libminijail[4230]: compile_file: /apex/com.android.media/etc/seccomp_policy/crash_dump.arm.policy(1): syscall read redefined here
06-26 01:32:19.380  4230  4230 W mediaextractor: libminijail[4230]: compile_file: <fd>(19): previous definition here
06-26 01:32:19.380  4230  4230 W mediaextractor: libminijail[4230]: compile_file: /apex/com.android.media/etc/seccomp_policy/crash_dump.arm.policy(2): syscall write redefined here
06-26 01:32:19.380  4230  4230 W mediaextractor: libminijail[4230]: compile_file: <fd>(6): previous definition here
06-26 01:32:19.380  4230  4230 W mediaextractor: libminijail[4230]: compile_file: /apex/com.android.media/etc/seccomp_policy/crash_dump.arm.policy(3): syscall exit redefined here
06-26 01:32:19.380  4230  4230 W mediaextractor: libminijail[4230]: compile_file: <fd>(27): previous definition here
06-26 01:32:19.380  4230  4230 W mediaextractor: libminijail[4230]: compile_file: /apex/com.android.media/etc/seccomp_policy/crash_dump.arm.policy(4): syscall rt_sigreturn redefined here
06-26 01:32:19.380  4230  4230 W mediaextractor: libminijail[4230]: compile_file: <fd>(29): previous definition here
06-26 01:32:19.380  4230  4230 W mediaextractor: libminijail[4230]: compile_file: /apex/com.android.media/etc/seccomp_policy/crash_dump.arm.policy(6): syscall exit_group redefined here
06-26 01:32:19.381  4230  4230 W mediaextractor: libminijail[4230]: compile_file: <fd>(28): previous definition here
06-26 01:32:19.431     0     0 I         : [   11.310386@0]- read descriptors
06-26 01:32:19.431     0     0 I         : [   11.310436@0]- read strings
06-26 01:32:19.431     0     0 I [   11.342694@3]- binder: 4245:4245 ioctl 40046210 ff8b43a0 returned -22
06-26 01:32:19.381  4230  4230 W mediaextractor: libminijail[4230]: compile_file: /apex/com.android.media/etc/seccomp_policy/crash_dump.arm.policy(7): syscall clock_gettime redefined here
06-26 01:32:19.381  4230  4230 W mediaextractor: libminijail[4230]: compile_file: <fd>(20): previous definition here
06-26 01:32:19.381  4230  4230 W mediaextractor: libminijail[4230]: compile_file: /apex/com.android.media/etc/seccomp_policy/crash_dump.arm.policy(9): syscall futex redefined here
06-26 01:32:19.381  4230  4230 W mediaextractor: libminijail[4230]: compile_file: <fd>(4): previous definition here
06-26 01:32:19.381  4230  4230 W mediaextractor: libminijail[4230]: compile_file: /apex/com.android.media/etc/seccomp_policy/crash_dump.arm.policy(10): syscall getrandom redefined here
06-26 01:32:19.381  4230  4230 W mediaextractor: libminijail[4230]: compile_file: <fd>(43): previous definition here
06-26 01:32:19.381  4230  4230 W mediaextractor: libminijail[4230]: compile_file: /apex/com.android.media/etc/seccomp_policy/crash_dump.arm.policy(12): syscall gettid redefined here
06-26 01:32:19.381  4230  4230 W mediaextractor: libminijail[4230]: compile_file: <fd>(34): previous definition here
06-26 01:32:19.381  4230  4230 W mediaextractor: libminijail[4230]: compile_file: /apex/com.android.media/etc/seccomp_policy/crash_dump.arm.policy(15): syscall openat redefined here
06-26 01:32:19.381  4230  4230 W mediaextractor: libminijail[4230]: compile_file: <fd>(16): previous definition here
06-26 01:32:19.381  4230  4230 W mediaextractor: libminijail[4230]: compile_file: /apex/com.android.media/etc/seccomp_policy/crash_dump.arm.policy(16): syscall dup redefined here
06-26 01:32:19.381  4230  4230 W mediaextractor: libminijail[4230]: compile_file: <fd>(11): previous definition here
06-26 01:32:19.381  4230  4230 W mediaextractor: libminijail[4230]: compile_file: /apex/com.android.media/etc/seccomp_policy/crash_dump.arm.policy(17): syscall close redefined here
06-26 01:32:19.381  4230  4230 W mediaextractor: libminijail[4230]: compile_file: <fd>(9): previous definition here
06-26 01:32:19.381  4230  4230 W mediaextractor: libminijail[4230]: compile_file: /apex/com.android.media/etc/seccomp_policy/crash_dump.arm.policy(18): syscall lseek redefined here
06-26 01:32:19.381  4230  4230 W mediaextractor: libminijail[4230]: compile_file: <fd>(21): previous definition here
06-26 01:32:19.381  4230  4230 W mediaextractor: libminijail[4230]: compile_file: /apex/com.android.media/etc/seccomp_policy/crash_dump.arm.policy(20): syscall faccessat redefined here
06-26 01:32:19.382  4230  4230 W mediaextractor: libminijail[4230]: compile_file: <fd>(30): previous definition here
06-26 01:32:19.382  4230  4230 W mediaextractor: libminijail[4230]: compile_file: /apex/com.android.media/etc/seccomp_policy/crash_dump.arm.policy(25): syscall rt_sigprocmask redefined here
06-26 01:32:19.382  4230  4230 W mediaextractor: libminijail[4230]: compile_file: <fd>(35): previous definition here
06-26 01:32:19.382  4230  4230 W mediaextractor: libminijail[4230]: compile_file: /apex/com.android.media/etc/seccomp_policy/crash_dump.arm.policy(28): syscall prctl redefined here
06-26 01:32:19.382  4230  4230 W mediaextractor: libminijail[4230]: compile_file: <fd>(5): previous definition here
06-26 01:32:19.382  4230  4230 W mediaextractor: libminijail[4230]: compile_file: /apex/com.android.media/etc/seccomp_policy/crash_dump.arm.policy(29): syscall madvise redefined here
06-26 01:32:19.382  4230  4230 W mediaextractor: libminijail[4230]: compile_file: <fd>(31): previous definition here
06-26 01:32:19.382  4230  4230 W mediaextractor: libminijail[4230]: compile_file: /apex/com.android.media/etc/seccomp_policy/crash_dump.arm.policy(30): syscall mprotect redefined here
06-26 01:32:19.382  4230  4230 W mediaextractor: libminijail[4230]: compile_file: <fd>(12): previous definition here
06-26 01:32:19.382  4230  4230 W mediaextractor: libminijail[4230]: compile_file: /apex/com.android.media/etc/seccomp_policy/crash_dump.arm.policy(31): syscall munmap redefined here
06-26 01:32:19.383  4230  4230 W mediaextractor: libminijail[4230]: compile_file: <fd>(10): previous definition here
06-26 01:32:19.383  4230  4230 W mediaextractor: libminijail[4230]: compile_file: /apex/com.android.media/etc/seccomp_policy/crash_dump.arm.policy(32): syscall getuid32 redefined here
06-26 01:32:19.383  4230  4230 W mediaextractor: libminijail[4230]: compile_file: <fd>(13): previous definition here
06-26 01:32:19.383  4230  4230 W mediaextractor: libminijail[4230]: compile_file: /apex/com.android.media/etc/seccomp_policy/crash_dump.arm.policy(33): syscall fstat64 redefined here
06-26 01:32:19.383  4230  4230 W mediaextractor: libminijail[4230]: compile_file: <fd>(25): previous definition here
06-26 01:32:19.383  4230  4230 W mediaextractor: libminijail[4230]: compile_file: /apex/com.android.media/etc/seccomp_policy/crash_dump.arm.policy(34): syscall mmap2 redefined here
06-26 01:32:19.383  4230  4230 W mediaextractor: libminijail[4230]: compile_file: <fd>(8): previous definition here
06-26 01:32:19.383  4230  4230 W mediaextractor: libminijail[4230]: compile_file: /apex/com.android.media/etc/seccomp_policy/crash_dump.arm.policy(35): syscall geteuid32 redefined here
06-26 01:32:19.383  4230  4230 W mediaextractor: libminijail[4230]: compile_file: <fd>(38): previous definition here
06-26 01:32:19.474     0     0 I         : [   11.386400@3]- aml_tdm_open
06-26 01:32:19.383  4230  4230 W mediaextractor: libminijail[4230]: compile_file: /apex/com.android.media/etc/seccomp_policy/crash_dump.arm.policy(36): syscall getgid32 redefined here
06-26 01:32:19.383  4230  4230 W mediaextractor: libminijail[4230]: compile_file: <fd>(39): previous definition here
06-26 01:32:19.472  4179  4179 W vendor.skyworth: type=1400 audit(0.0:35): avc: denied { search } for name="codec_mm" dev="sysfs" ino=7395 scontext=u:r:stbmedia:s0 tcontext=u:object_r:sysfs_mm:s0 tclass=dir permissive=0
06-26 01:32:19.383  4230  4230 W mediaextractor: libminijail[4230]: compile_file: /apex/com.android.media/etc/seccomp_policy/crash_dump.arm.policy(37): syscall getegid32 redefined here
06-26 01:32:19.383  4230  4230 W mediaextractor: libminijail[4230]: compile_file: <fd>(40): previous definition here
06-26 01:32:19.383  4230  4230 W mediaextractor: libminijail[4230]: compile_file: /apex/com.android.media/etc/seccomp_policy/crash_dump.arm.policy(38): syscall getgroups32 redefined here
06-26 01:32:19.383  4230  4230 W mediaextractor: libminijail[4230]: compile_file: <fd>(41): previous definition here
06-26 01:32:19.485     0     0 D [   11.386837@3]- audio_ddr_mngr: toddrs[0] registered by device ff642000.audiobus:tdmc
06-26 01:32:19.384  4094  4094 D zygote  : Time zone APEX ICU file found: /apex/com.android.tzdata/etc/icu/icu_tzdata.dat
06-26 01:32:19.485     0     0 E [   11.386854@3]- ASoC: multicodec <-> TDM-C No matching channels
06-26 01:32:19.386  4094  4094 D zygote  : I18n APEX ICU file found: /apex/com.android.i18n/etc/icu/icudt68l.dat
06-26 01:32:19.486     0     0 D [   11.391111@3]- audio_ddr_mngr: toddrs[0] released by device ff642000.audiobus:tdmc
06-26 01:32:19.392  4230  4230 W mediaextractor: libminijail[4230]: compile_file: <fd>(66): syscall readlinkat redefined here
06-26 01:32:19.486     0     0 I         : [   11.391340@3]- loopback_dai_startup
06-26 01:32:19.393  4268  4268 I adbd    : Setup mdns on port= 5555
06-26 01:32:19.486     0     0 I [   11.392297@2]- resman: 2 appname:secmem, type=3
