06-26 01:40:09.713   589   589 D CompatConfig: Adding: com.android.server.compat.config.Change@aef68ef
06-26 01:40:09.713   589   622 I SystemConfig: Reading permissions from /system/etc/permissions/privapp-permissions-atv.xml
06-26 01:40:09.714   589   589 D CompatConfig: Adding: com.android.server.compat.config.Change@a6be685
06-26 01:40:09.714   589   589 D CompatConfig: Adding: com.android.server.compat.config.Change@bdcda
06-26 01:40:09.715   589   589 D CompatConfig: Adding: com.android.server.compat.config.Change@188cfe8
06-26 01:40:09.715   589   622 I SystemConfig: Reading permissions from /system/etc/permissions/android.software.webview.xml
06-26 01:40:09.716   589   589 D CompatConfig: Adding: com.android.server.compat.config.Change@c096601
06-26 01:40:09.717   589   589 D CompatConfig: Adding: com.android.server.compat.config.Change@2daeca6
06-26 01:40:09.717   589   622 I SystemConfig: Reading permissions from /system/etc/permissions/com.android.location.provider.xml
06-26 01:40:09.717   589   589 D CompatConfig: Adding: com.android.server.compat.config.Change@f0f0294
06-26 01:40:09.718   589   589 D CompatConfig: Adding: com.android.server.compat.config.Change@ea5613d
06-26 01:40:09.719   589   622 I SystemConfig: Reading permissions from /system/etc/permissions/com.android.networkstack.tethering.xml
06-26 01:40:09.719   589   589 D CompatConfig: Adding: com.android.server.compat.config.Change@4c9aa83
06-26 01:40:09.720   589   589 D CompatConfig: Adding: com.android.server.compat.config.Change@23b400
06-26 01:40:09.720   589   589 D CompatConfig: Adding: com.android.server.compat.config.Change@80bd439
06-26 01:40:09.722   589   589 D CompatConfig: Adding: com.android.server.compat.config.Change@4c8ea7e
06-26 01:40:09.723   589   589 D CompatConfig: Adding: com.android.server.compat.config.Change@c726bdf
06-26 01:40:09.723   589   589 D CompatConfig: Adding: com.android.server.compat.config.Change@710102c
06-26 01:40:09.724   589   589 D CompatConfig: Adding: com.android.server.compat.config.Change@4cc7af5
06-26 01:40:09.725   589   589 D CompatConfig: Adding: com.android.server.compat.config.Change@705308a
06-26 01:40:09.725   589   589 D CompatConfig: Adding: com.android.server.compat.config.Change@6bbe6fb
06-26 01:40:09.726   589   589 D CompatConfig: Adding: com.android.server.compat.config.Change@f840318
06-26 01:40:09.727   589   589 D CompatConfig: Adding: com.android.server.compat.config.Change@b6d171
06-26 01:40:09.727   589   589 D CompatConfig: Adding: com.android.server.compat.config.Change@dcb56
06-26 01:40:09.728   589   589 D CompatConfig: Adding: com.android.server.compat.config.Change@457f7d7
06-26 01:40:09.728   589   589 D CompatConfig: Adding: com.android.server.compat.config.Change@e4238c4
06-26 01:40:09.729   589   589 D CompatConfig: Adding: com.android.server.compat.config.Change@b1613ad
06-26 01:40:09.730   589   589 D CompatConfig: Adding: com.android.server.compat.config.Change@73346e2
06-26 01:40:09.730   589   589 D CompatConfig: Adding: com.android.server.compat.config.Change@53a3a73
06-26 01:40:09.731   589   589 D CompatConfig: Adding: com.android.server.compat.config.Change@f8c1d30
06-26 01:40:09.732   589   589 D CompatConfig: Adding: com.android.server.compat.config.Change@2ad3da9
06-26 01:40:09.732   589   622 I SystemConfig: Reading permissions from /system/etc/permissions/GooglePermissionController_permissions.xml
06-26 01:40:09.732   589   589 D CompatConfig: Adding: com.android.server.compat.config.Change@af40acf
06-26 01:40:09.733   589   589 D CompatConfig: Adding: com.android.server.compat.config.Change@4ddc5c
06-26 01:40:09.734   589   589 D CompatConfig: Adding: com.android.server.compat.config.Change@5730b65
06-26 01:40:09.735   589   589 D CompatConfig: Adding: com.android.server.compat.config.Change@4d084eb
06-26 01:40:09.735   589   622 I SystemConfig: Reading permissions from /system/etc/permissions/com.android.future.usb.accessory.xml
06-26 01:40:09.735   589   589 D CompatConfig: Adding: com.android.server.compat.config.Change@e0a6248
06-26 01:40:09.736   589   589 D CompatConfig: Adding: com.android.server.compat.config.Change@df8e1
06-26 01:40:09.737   589   622 I SystemConfig: Reading permissions from /system/etc/permissions/com.android.media.tv.remoteprovider.xml
06-26 01:40:09.737   589   589 D CompatConfig: Adding: com.android.server.compat.config.Change@1b084c7
06-26 01:40:09.737   589   589 D CompatConfig: Adding: com.android.server.compat.config.Change@9875af4
06-26 01:40:09.739   589   622 I SystemConfig: Reading permissions from /system/etc/permissions/GoogleExtServices_permissions.xml
06-26 01:40:09.740   589   589 D CompatConfig: Adding: com.android.server.compat.config.Change@f7f2c92
06-26 01:40:09.741   589   589 D CompatConfig: Adding: com.android.server.compat.config.Change@3a6a663
06-26 01:40:09.741   589   589 D CompatConfig: Adding: com.android.server.compat.config.Change@3f3e319
06-26 01:40:09.741   589   622 I SystemConfig: Reading permissions from /system/etc/permissions/com.android.mediadrm.signer.xml
06-26 01:40:09.742   589   589 D CompatConfig: Adding: com.android.server.compat.config.Change@c5f7fde
06-26 01:40:09.743   589   589 D CompatConfig: Found a config file: /system/etc/compatconfig/icu4j-platform-compat-config.xml
06-26 01:40:09.743   589   622 I SystemConfig: Reading permissions from /system/etc/permissions/privapp-permissions-SkyworthDigital.xml
06-26 01:40:09.745   589   589 D CompatConfig: Adding: com.android.server.compat.config.Change@7d697d5
06-26 01:40:09.745   589   589 D CompatConfig: Found a config file: /system/etc/compatconfig/documents-ui-compat-config.xml
06-26 01:40:09.747   589   589 D CompatConfig: Adding: com.android.server.compat.config.Change@1007edb
06-26 01:40:09.748   589   622 I SystemConfig: Reading permissions from /system/etc/permissions/javax.obex.xml
06-26 01:40:09.748   589   589 D CompatConfig: Found a config file: /system/etc/compatconfig/services-platform-compat-config.xml
06-26 01:40:09.749   589   622 I SystemConfig: Reading permissions from /system/etc/permissions/privapp-permissions-google.xml
06-26 01:40:09.751   589   589 D CompatConfig: Adding: com.android.server.compat.config.Change@97e2db7
06-26 01:40:09.752   589   589 D CompatConfig: Adding: com.android.server.compat.config.Change@f316924
06-26 01:40:09.753   589   622 I SystemConfig: Reading permissions from /system/etc/permissions/android.hardware.bluetooth_le.xml
06-26 01:40:09.753   589   589 D CompatConfig: Adding: com.android.server.compat.config.Change@927de42
06-26 01:40:09.754   589   589 D CompatConfig: Adding: com.android.server.compat.config.Change@4bdee53
06-26 01:40:09.754   589   589 D CompatConfig: Adding: com.android.server.compat.config.Change@da6c489
06-26 01:40:09.754   589   622 I SystemConfig: Reading permissions from /system/etc/permissions/tv_core_hardware.xml
06-26 01:40:09.755   589   589 D CompatConfig: Adding: com.android.server.compat.config.Change@ad99c8e
06-26 01:40:09.756   589   589 D CompatConfig: Adding: com.android.server.compat.config.Change@2f1caf
06-26 01:40:09.756   589   622 I SystemConfig: Reading permissions from /system/etc/permissions/android.test.base.xml
06-26 01:40:09.756   589   589 D CompatConfig: Adding: com.android.server.compat.config.Change@32e2045
06-26 01:40:09.757   589   589 D CompatConfig: Adding: com.android.server.compat.config.Change@2d6f39a
06-26 01:40:09.758   589   589 D CompatConfig: Adding: com.android.server.compat.config.Change@6dad4cb
06-26 01:40:09.758   589   622 I SystemConfig: Reading permissions from /system/etc/permissions/privapp-permissions-platform.xml
06-26 01:40:09.759   589   589 D CompatConfig: Adding: com.android.server.compat.config.Change@6157bc1
06-26 01:40:09.759   589   589 D CompatConfig: Adding: com.android.server.compat.config.Change@b20af66
06-26 01:40:09.760   589   589 D CompatConfig: Adding: com.android.server.compat.config.Change@13ff2a7
06-26 01:40:09.761   589   589 D CompatConfig: Adding: com.android.server.compat.config.Change@8536354
06-26 01:40:09.761   589   589 D CompatConfig: Adding: com.android.server.compat.config.Change@abd12fd
06-26 01:40:09.762   589   589 D CompatConfig: Adding: com.android.server.compat.config.Change@af85bf2
06-26 01:40:09.763   589   589 D CompatConfig: Adding: com.android.server.compat.config.Change@6ef1243
06-26 01:40:09.763   589   589 D CompatConfig: Adding: com.android.server.compat.config.Change@e2d60c0
06-26 01:40:09.765   589   589 D CompatConfig: Adding: com.android.server.compat.config.Change@14ce1f9
06-26 01:40:09.765   589   589 D CompatConfig: Adding: com.android.server.compat.config.Change@a2c453e
06-26 01:40:09.766   589   589 D CompatConfig: Adding: com.android.server.compat.config.Change@de68f9f
06-26 01:40:09.767   589   589 D CompatConfig: Adding: com.android.server.compat.config.Change@ee7c8ec
06-26 01:40:09.767   589   589 D CompatConfig: Adding: com.android.server.compat.config.Change@a70a4b5
06-26 01:40:09.768   589   589 D CompatConfig: Adding: com.android.server.compat.config.Change@d23774a
06-26 01:40:09.769   589   589 D CompatConfig: Adding: com.android.server.compat.config.Change@3ae86bb
06-26 01:40:09.769   589   589 D CompatConfig: Adding: com.android.server.compat.config.Change@dfe87d8
06-26 01:40:09.770   589   622 I SystemConfig: Reading permissions from /system/etc/permissions/org.apache.http.legacy.xml
06-26 01:40:09.770   589   589 D CompatConfig: Adding: com.android.server.compat.config.Change@5a9be16
06-26 01:40:09.771   589   589 D CompatConfig: Adding: com.android.server.compat.config.Change@c34d397
06-26 01:40:09.771   589   589 D CompatConfig: Adding: com.android.server.compat.config.Change@8c04984
06-26 01:40:09.771   589   622 I SystemConfig: Reading permissions from /system/etc/permissions/platform.xml
06-26 01:40:09.772   589   589 D CompatConfig: Adding: com.android.server.compat.config.Change@47ba5a2
06-26 01:40:09.773   589   589 D CompatConfig: Adding: com.android.server.compat.config.Change@2691233
06-26 01:40:09.773   589   589 D CompatConfig: Adding: com.android.server.compat.config.Change@ba79f0
06-26 01:40:09.774   589   589 D CompatConfig: Adding: com.android.server.compat.config.Change@2d3b69
06-26 01:40:09.775   589   589 D CompatConfig: Adding: com.android.server.compat.config.Change@79279ee
06-26 01:40:09.775   589   589 D CompatConfig: Adding: com.android.server.compat.config.Change@6989e8f
06-26 01:40:09.776   589   589 D CompatConfig: Adding: com.android.server.compat.config.Change@e5451c
06-26 01:40:09.777   589   589 D CompatConfig: Adding: com.android.server.compat.config.Change@c552525
06-26 01:40:09.777   589   589 D CompatConfig: Adding: com.android.server.compat.config.Change@13046fa
06-26 01:40:09.778   589   589 D CompatConfig: Adding: com.android.server.compat.config.Change@68a94ab
06-26 01:40:09.779   589   589 D CompatConfig: Adding: com.android.server.compat.config.Change@98f9708
06-26 01:40:09.779   589   622 I SystemConfig: Reading permissions from /vendor/etc/permissions/android.hardware.audio.output.xml
06-26 01:40:09.779   589   589 D CompatConfig: Adding: com.android.server.compat.config.Change@3abd8c6
06-26 01:40:09.780   589   589 D CompatConfig: Adding: com.android.server.compat.config.Change@b5bd087
06-26 01:40:09.781   589   589 D CompatConfig: Adding: com.android.server.compat.config.Change@b63d3dd
06-26 01:40:09.781   589   622 I SystemConfig: Reading permissions from /vendor/etc/permissions/android.hardware.hdmi.cec.xml
06-26 01:40:09.781   589   589 D CompatConfig: Adding: com.android.server.compat.config.Change@dfcbb52
06-26 01:40:09.782   589   589 D CompatConfig: Adding: com.android.server.compat.config.Change@91aee23
06-26 01:40:09.782   589   622 I SystemConfig: Reading permissions from /vendor/etc/permissions/android.hardware.vulkan.compute.xml
06-26 01:40:09.783   589   589 D CompatConfig: Adding: com.android.server.compat.config.Change@b4ed0d9
06-26 01:40:09.783   589   589 D CompatConfig: Adding: com.android.server.compat.config.Change@5073a9e
06-26 01:40:09.784   589   589 D CompatConfig: Adding: com.android.server.compat.config.Change@1122d4c
06-26 01:40:09.784   589   622 I SystemConfig: Reading permissions from /vendor/etc/permissions/droidlogic.software.netflix.xml
06-26 01:40:09.785   589   589 D CompatConfig: Adding: com.android.server.compat.config.Change@352a195
06-26 01:40:09.786   589   589 D CompatConfig: Adding: com.android.server.compat.config.Change@5a862aa
06-26 01:40:09.786   589   622 I SystemConfig: Reading permissions from /vendor/etc/permissions/nrdp.xml
06-26 01:40:09.786   589   589 D CompatConfig: Adding: com.android.server.compat.config.Change@4dad238
06-26 01:40:09.787   589   589 D CompatConfig: Adding: com.android.server.compat.config.Change@c88c211
06-26 01:40:09.788   589   589 D CompatConfig: Found a config file: /system/etc/compatconfig/calendar-provider-compat-config.xml
06-26 01:40:09.788   589   622 I SystemConfig: Reading permissions from /vendor/etc/permissions/android.hardware.gamepad.xml
06-26 01:40:09.789   589   589 D CompatConfig: Adding: com.android.server.compat.config.Change@486d9e4
06-26 01:40:09.789   589   622 I SystemConfig: Reading permissions from /vendor/etc/permissions/android.software.app_widgets.xml
06-26 01:40:09.790   589   589 D CompatConfig: No directory /system/system_ext/etc/compatconfig, skipping
06-26 01:40:09.791   589   622 I SystemConfig: Reading permissions from /vendor/etc/permissions/android.hardware.bluetooth_le.xml
06-26 01:40:09.793   589   622 I SystemConfig: Reading permissions from /vendor/etc/permissions/android.hardware.hardware_keystore.amlogic.xml
06-26 01:40:09.793   589   589 D CompatConfig: No directory /apex/com.android.wifi/etc/compatconfig, skipping
06-26 01:40:09.794   589   589 D CompatConfig: No directory /apex/com.android.vndk.v31/etc/compatconfig, skipping
06-26 01:40:09.794   589   589 D CompatConfig: No directory /apex/com.android.tzdata/etc/compatconfig, skipping
06-26 01:40:09.794   589   589 D CompatConfig: No directory /apex/com.android.tethering/etc/compatconfig, skipping
06-26 01:40:09.794   589   589 D CompatConfig: No directory /apex/com.android.sdkext/etc/compatconfig, skipping
06-26 01:40:09.795   589   589 D CompatConfig: No directory /apex/com.android.scheduling/etc/compatconfig, skipping
06-26 01:40:09.795   589   622 I SystemConfig: Reading permissions from /vendor/etc/permissions/android.software.ipsec_tunnels.xml
06-26 01:40:09.795   589   589 D CompatConfig: No directory /apex/com.android.runtime/etc/compatconfig, skipping
06-26 01:40:09.795   589   589 D CompatConfig: No directory /apex/com.android.resolv/etc/compatconfig, skipping
06-26 01:40:09.795   589   589 D CompatConfig: No directory /apex/com.android.permission/etc/compatconfig, skipping
06-26 01:40:09.796   589   589 D CompatConfig: No directory /apex/com.android.os.statsd/etc/compatconfig, skipping
06-26 01:40:09.796   589   589 D CompatConfig: No directory /apex/com.android.neuralnetworks/etc/compatconfig, skipping
06-26 01:40:09.796   589   622 I SystemConfig: Reading permissions from /vendor/etc/permissions/android.hardware.location.xml
06-26 01:40:09.797   589   589 D CompatConfig: Found a config file: /apex/com.android.mediaprovider/etc/compatconfig/media-provider-platform-compat-config.xml
06-26 01:40:09.798   589   622 I SystemConfig: Reading permissions from /vendor/etc/permissions/android.hardware.ethernet.xml
06-26 01:40:09.798   589   589 D CompatConfig: Adding: com.android.server.compat.config.Change@21817c
06-26 01:40:09.799   589   589 D CompatConfig: Adding: com.android.server.compat.config.Change@5a01a05
06-26 01:40:09.800   589   622 I SystemConfig: Reading permissions from /vendor/etc/permissions/android.software.vulkan.deqp.level-2021-03-01.xml
06-26 01:40:09.800   589   589 D CompatConfig: Adding: com.android.server.compat.config.Change@357c48b
06-26 01:40:09.800   589   589 D CompatConfig: Adding: com.android.server.compat.config.Change@8c33968
06-26 01:40:09.801   589   589 D CompatConfig: Adding: com.android.server.compat.config.Change@50d5181
06-26 01:40:09.801   589   622 I SystemConfig: Reading permissions from /vendor/etc/permissions/android.software.backup.xml
06-26 01:40:09.802   589   589 D CompatConfig: Adding: com.android.server.compat.config.Change@efc1e67
06-26 01:40:09.803   589   589 D CompatConfig: Adding: com.android.server.compat.config.Change@d468414
06-26 01:40:09.803   589   622 I SystemConfig: Reading permissions from /vendor/etc/permissions/android.hardware.wifi.xml
06-26 01:40:09.804   589   589 D CompatConfig: No directory /apex/com.android.media.swcodec/etc/compatconfig, skipping
06-26 01:40:09.804   589   589 D CompatConfig: No directory /apex/com.android.media/etc/compatconfig, skipping
06-26 01:40:09.804   589   589 D CompatConfig: No directory /apex/com.android.ipsec/etc/compatconfig, skipping
06-26 01:40:09.805   589   589 D CompatConfig: No directory /apex/com.android.i18n/etc/compatconfig, skipping
06-26 01:40:09.805   589   589 D CompatConfig: No directory /apex/com.android.extservices/etc/compatconfig, skipping
06-26 01:40:09.805   589   622 I SystemConfig: Reading permissions from /vendor/etc/permissions/droidlogic.software.core.xml
06-26 01:40:09.805   589   589 D CompatConfig: No directory /apex/com.android.conscrypt/etc/compatconfig, skipping
06-26 01:40:09.806   589   589 D CompatConfig: Found a config file: /apex/com.android.art/etc/compatconfig/libcore-platform-compat-config.xml
06-26 01:40:09.807   589   622 W SystemConfig: name is required for <deny-permission> in START_TAG (empty) <deny-permission name=''>@27:35 in java.io.FileReader@411cd80
06-26 01:40:09.808   589   622 I SystemConfig: Reading permissions from /vendor/etc/permissions/android.software.opengles.deqp.level-2021-03-01.xml
06-26 01:40:09.808   589   589 D CompatConfig: Adding: com.android.server.compat.config.Change@fc85ffe
06-26 01:40:09.808   589   589 D CompatConfig: Adding: com.android.server.compat.config.Change@204735f
06-26 01:40:09.809   589   589 D CompatConfig: Adding: com.android.server.compat.config.Change@5348e75
06-26 01:40:09.809   589   622 I SystemConfig: Reading permissions from /vendor/etc/permissions/android.software.verified_boot.xml
06-26 01:40:09.810   589   589 D CompatConfig: Adding: com.android.server.compat.config.Change@e467e0a
06-26 01:40:09.811   589   589 D CompatConfig: Adding: com.android.server.compat.config.Change@426e67b
06-26 01:40:09.811   589   622 I SystemConfig: Reading permissions from /vendor/etc/permissions/silent_ota.xml
06-26 01:40:09.812   589   589 D CompatConfig: No directory /apex/com.android.appsearch/etc/compatconfig, skipping
06-26 01:40:09.812   589   589 D CompatConfig: No directory /apex/com.android.adbd/etc/compatconfig, skipping
06-26 01:40:09.813   589   622 I SystemConfig: Reading permissions from /vendor/etc/permissions/android.hardware.consumerir.xml
06-26 01:40:09.815   589   622 I SystemConfig: Reading permissions from /vendor/etc/permissions/android.hardware.wifi.direct.xml
06-26 01:40:09.816   589   589 D SystemServerTiming: PlatformCompat took to complete: 127ms
06-26 01:40:09.816   589   589 I SystemServerTiming: StartFileIntegrityService
06-26 01:40:09.816   589   622 I SystemConfig: Reading permissions from /vendor/etc/permissions/android.hardware.opengles.aep.xml
06-26 01:40:09.816   589   589 I SystemServiceManager: Starting com.android.server.security.FileIntegrityService
06-26 01:40:09.818   589   622 I SystemConfig: Reading permissions from /vendor/etc/permissions/android.hardware.bluetooth.xml
06-26 01:40:09.820   589   622 I SystemConfig: Reading permissions from /vendor/etc/permissions/droidlogic.tv.software.core.xml
06-26 01:40:09.822   589   622 I SystemConfig: Reading permissions from /vendor/etc/permissions/android.hardware.vulkan.level.xml
06-26 01:40:09.824   589   622 I SystemConfig: Reading permissions from /vendor/etc/permissions/android.hardware.camera.external.xml
06-26 01:40:09.826   589   622 I SystemConfig: Reading permissions from /vendor/etc/permissions/android.hardware.wifi.passpoint.xml
06-26 01:40:09.828   589   622 I SystemConfig: Reading permissions from /vendor/etc/permissions/prime.xml
06-26 01:40:09.830   589   622 I SystemConfig: Reading permissions from /vendor/etc/permissions/android.hardware.vulkan.version.xml
06-26 01:40:09.831   589   622 I SystemConfig: Reading permissions from /vendor/etc/permissions/android.hardware.usb.host.xml
06-26 01:40:09.833   589   622 I SystemConfig: Reading permissions from /vendor/etc/permissions/android.software.cant_save_state.xml
06-26 01:40:09.837   589   622 I SystemConfig: Reading permissions from /product/etc/sysconfig/google-rollback-package-whitelist.xml
06-26 01:40:09.839   589   622 I SystemConfig: Reading permissions from /product/etc/sysconfig/atv-component-overrides.xml
06-26 01:40:09.842   589   622 I SystemConfig: Reading permissions from /product/etc/sysconfig/google_atv.xml
06-26 01:40:09.844   589   622 I SystemConfig: Reading permissions from /product/etc/sysconfig/google-hiddenapi-package-whitelist.xml
06-26 01:40:09.846   589   622 I SystemConfig: Reading permissions from /product/etc/sysconfig/google.xml
06-26 01:40:09.848   589   622 I SystemConfig: Adding association: com.google.android.as <- com.android.bluetooth
06-26 01:40:09.848   589   622 I SystemConfig: Adding association: com.google.android.as <- com.android.providers.contacts
06-26 01:40:09.848   589   622 I SystemConfig: Adding association: com.google.android.as <- com.android.providers.media
06-26 01:40:09.848   589   622 I SystemConfig: Adding association: com.google.android.as <- com.android.providers.telephony
06-26 01:40:09.848   589   622 I SystemConfig: Adding association: com.google.android.as <- com.android.systemui
06-26 01:40:09.849   589   622 I SystemConfig: Adding association: com.google.android.as <- com.google.android.providers.media.module
06-26 01:40:09.849   589   622 I SystemConfig: Adding association: com.google.android.as <- com.google.android.as.oss
06-26 01:40:09.849   589   622 I SystemConfig: Adding association: com.google.android.as.oss <- com.google.android.as
06-26 01:40:09.850   589   622 I SystemConfig: Reading permissions from /product/etc/sysconfig/google-staged-installer-whitelist.xml
06-26 01:40:09.852   589   622 I SystemConfig: Reading permissions from /product/etc/permissions/privapp-permissions-atv-product.xml
06-26 01:40:09.857   589   622 I SystemConfig: Reading permissions from /product/etc/permissions/com.android.settings.intelligence.xml
06-26 01:40:09.860   589   622 I SystemConfig: Reading permissions from /product/etc/permissions/privapp-permissions-google-p.xml
06-26 01:40:09.871   589   622 I SystemConfig: Reading permissions from /product/etc/permissions/split-permissions-google.xml
06-26 01:40:09.872   589   622 I SystemConfig: Reading permissions from /product/etc/permissions/com.google.android.feature.katniss.xml
06-26 01:40:09.874   589   622 W SystemConfig: No directory /system_ext/etc/sysconfig, skipping
06-26 01:40:09.876   589   622 I SystemConfig: Reading permissions from /system_ext/etc/permissions/droidlogic_permissions.xml
06-26 01:40:09.877   589   622 I SystemConfig: Reading permissions from /system_ext/etc/permissions/privapp-permissions-google-se.xml
06-26 01:40:09.883   589   622 I SystemConfig: Reading permissions from /system_ext/etc/permissions/com.android.tv.settings.xml
06-26 01:40:09.885   589   622 I SystemConfig: Reading permissions from /system_ext/etc/permissions/com.android.systemui.xml
06-26 01:40:09.888   589   622 I SystemConfig: Reading permissions from /system_ext/etc/permissions/com.droidlogic.tv.settings.xml
06-26 01:40:09.891   589   589 D SystemServerTiming: StartFileIntegrityService took to complete: 74ms
06-26 01:40:09.891   589   589 I SystemServerTiming: StartInstaller
06-26 01:40:09.891   589   589 I SystemServiceManager: Starting com.android.server.pm.Installer
06-26 01:40:09.893   589   622 I SystemConfig: Reading permissions from /apex/com.android.ipsec/etc/permissions/android.net.ipsec.ike.xml
06-26 01:40:09.897   589   589 D SystemServerTiming: StartInstaller took to complete: 5ms
06-26 01:40:09.897   589   589 I SystemServerTiming: DeviceIdentifiersPolicyService
06-26 01:40:09.897   589   589 I SystemServiceManager: Starting com.android.server.os.DeviceIdentifiersPolicyService
06-26 01:40:09.898   589   589 D SystemServerTiming: DeviceIdentifiersPolicyService took to complete: 1ms
06-26 01:40:09.898   589   589 I SystemServerTiming: UriGrantsManagerService
06-26 01:40:09.899   589   589 I SystemServiceManager: Starting com.android.server.uri.UriGrantsManagerService$Lifecycle
06-26 01:40:09.903   589   589 D SystemServerTiming: UriGrantsManagerService took to complete: 5ms
06-26 01:40:09.904   589   589 I SystemServerTiming: StartPowerStatsService
06-26 01:40:09.904   589   589 I SystemServiceManager: Starting com.android.server.powerstats.PowerStatsService
06-26 01:40:09.905   589   622 W SystemConfig: Failed to read public libraries file /vendor/etc/public.libraries.txt
06-26 01:40:09.905   589   622 W SystemConfig: java.io.FileNotFoundException: /vendor/etc/public.libraries.txt: open failed: ENOENT (No such file or directory)
06-26 01:40:09.905   589   622 W SystemConfig: 	at libcore.io.IoBridge.open(IoBridge.java:575)
06-26 01:40:09.905   589   622 W SystemConfig: 	at java.io.FileInputStream.<init>(FileInputStream.java:160)
06-26 01:40:09.905   589   622 W SystemConfig: 	at java.io.FileReader.<init>(FileReader.java:72)
06-26 01:40:09.905   589   622 W SystemConfig: 	at com.android.server.SystemConfig.readPublicLibrariesListFile(SystemConfig.java:1601)
06-26 01:40:09.905   589   622 W SystemConfig: 	at com.android.server.SystemConfig.readPublicNativeLibrariesList(SystemConfig.java:1583)
06-26 01:40:09.905   589   622 W SystemConfig: 	at com.android.server.SystemConfig.<init>(SystemConfig.java:484)
06-26 01:40:09.905   589   622 W SystemConfig: 	at com.android.server.SystemConfig.getInstance(SystemConfig.java:272)
06-26 01:40:09.905   589   622 W SystemConfig: 	at com.android.server.SystemServer$$ExternalSyntheticLambda6.run(Unknown Source:0)
06-26 01:40:09.905   589   622 W SystemConfig: 	at com.android.server.SystemServerInitThreadPool.lambda$submitTask$0$SystemServerInitThreadPool(SystemServerInitThreadPool.java:105)
06-26 01:40:09.905   589   622 W SystemConfig: 	at com.android.server.SystemServerInitThreadPool$$ExternalSyntheticLambda0.run(Unknown Source:6)
06-26 01:40:09.905   589   622 W SystemConfig: 	at java.util.concurrent.Executors$RunnableAdapter.call(Executors.java:462)
06-26 01:40:09.905   589   622 W SystemConfig: 	at java.util.concurrent.FutureTask.run(FutureTask.java:266)
06-26 01:40:09.905   589   622 W SystemConfig: 	at java.util.concurrent.ThreadPoolExecutor.runWorker(ThreadPoolExecutor.java:1167)
06-26 01:40:09.905   589   622 W SystemConfig: 	at java.util.concurrent.ThreadPoolExecutor$Worker.run(ThreadPoolExecutor.java:641)
06-26 01:40:09.905   589   622 W SystemConfig: 	at com.android.internal.util.ConcurrentUtils$1$1.run(ConcurrentUtils.java:65)
06-26 01:40:09.905   589   622 W SystemConfig: Caused by: android.system.ErrnoException: open failed: ENOENT (No such file or directory)
06-26 01:40:09.905   589   622 W SystemConfig: 	at libcore.io.Linux.open(Native Method)
06-26 01:40:09.905   589   622 W SystemConfig: 	at libcore.io.ForwardingOs.open(ForwardingOs.java:567)
06-26 01:40:09.905   589   622 W SystemConfig: 	at libcore.io.BlockGuardOs.open(BlockGuardOs.java:273)
06-26 01:40:09.905   589   622 W SystemConfig: 	at libcore.io.IoBridge.open(IoBridge.java:561)
06-26 01:40:09.905   589   622 W SystemConfig: 	... 14 more
06-26 01:40:09.906   589   622 D SystemConfig: readAllPermissions took to complete: 218ms
06-26 01:40:09.906   589   622 D SystemServerInitThreadPool: Finished executing ReadingSystemConfig
06-26 01:40:09.906   589   622 D SystemServerTimingAsync: InitThreadPoolExec:ReadingSystemConfig took to complete: 218ms
06-26 01:40:09.912   589   589 D SystemServerTiming: StartPowerStatsService took to complete: 9ms
06-26 01:40:09.913   589   589 I SystemServerTiming: StartIStatsService
06-26 01:40:09.915   589   589 D SystemServerTiming: StartIStatsService took to complete: 2ms
06-26 01:40:09.915   589   589 I SystemServerTiming: MemtrackProxyService
06-26 01:40:09.918   589   589 D SystemServerTiming: MemtrackProxyService took to complete: 3ms
06-26 01:40:09.918   589   589 I SystemServerTiming: StartActivityManager
06-26 01:40:09.918   589   589 I SystemServiceManager: Starting com.android.server.wm.ActivityTaskManagerService$Lifecycle
06-26 01:40:09.929   589   589 I SystemServiceManager: Starting com.android.server.am.ActivityManagerService$Lifecycle
06-26 01:40:09.944   589   589 I ActivityManager: Memory class: 256
06-26 01:40:09.969   589   625 I Binder  : Setting heavy hitter watcher config: false, 0, 0.0
06-26 01:40:09.994   589   589 I PackageWatchdog: Updated health check state for package com.google.android.ext.services: INACTIVE -> PASSED
06-26 01:40:09.994   589   589 I PackageWatchdog: Updated health check state for package com.droidlogic: INACTIVE -> PASSED
06-26 01:40:09.994   589   589 I PackageWatchdog: Updated health check state for package android: INACTIVE -> PASSED
06-26 01:40:09.994   589   589 I PackageWatchdog: Updated health check state for package com.google.android.permissioncontroller: INACTIVE -> PASSED
06-26 01:40:09.994   589   589 I PackageWatchdog: Updated health check state for package com.google.android.gms: INACTIVE -> PASSED
06-26 01:40:09.994   589   589 I PackageWatchdog: Updated health check state for package com.google.android.gsf: INACTIVE -> PASSED
06-26 01:40:09.995   589   589 I PackageWatchdog: Updated health check state for package com.android.providers.userdictionary: INACTIVE -> PASSED
06-26 01:40:09.995   589   589 I PackageWatchdog: Updated health check state for package com.android.providers.media.module: INACTIVE -> PASSED
06-26 01:40:09.995   589   589 I PackageWatchdog: Updated health check state for package com.android.systemui: INACTIVE -> PASSED
06-26 01:40:09.995   589   589 I PackageWatchdog: Updated health check state for package com.android.bluetooth: INACTIVE -> PASSED
06-26 01:40:09.995   589   589 I PackageWatchdog: Updated health check state for package com.android.providers.contacts: INACTIVE -> PASSED
06-26 01:40:10.023   589   589 D BatteryStatsImpl: Reading daily items from /data/system/batterystats-daily.xml
06-26 01:40:10.054   589   632 I KernelCpuUidFreqTimeReader: mPerClusterTimesAvailable=false
06-26 01:40:10.073   589   632 W KernelMemoryBandwidthStats: No kernel memory bandwidth stats available
06-26 01:40:10.341   589   589 I IntentFirewall: Read new rules (A:0 B:0 S:0)
06-26 01:40:10.393   589   589 D AppOps  : AppOpsService published
06-26 01:40:10.395   589   589 D SystemServerTiming: StartActivityManager took to complete: 477ms
06-26 01:40:10.395   589   589 I SystemServerTiming: StartDataLoaderManagerService
06-26 01:40:10.395   589   589 I SystemServiceManager: Starting com.android.server.pm.DataLoaderManagerService
06-26 01:40:10.398   589   589 D SystemServerTiming: StartDataLoaderManagerService took to complete: 3ms
06-26 01:40:10.399   589   589 I SystemServerTiming: StartIncrementalService
06-26 01:40:10.404   589   589 D SystemServerTiming: StartIncrementalService took to complete: 6ms
06-26 01:40:10.405   589   589 I SystemServerTiming: StartPowerManager
06-26 01:40:10.405   589   589 I SystemServiceManager: Starting com.android.server.power.PowerManagerService
06-26 01:40:10.428   589   589 D SystemServerTiming: StartPowerManager took to complete: 23ms
06-26 01:40:10.428   589   589 I SystemServerTiming: StartThermalManager
06-26 01:40:10.428   589   589 I SystemServiceManager: Starting com.android.server.power.ThermalManagerService
06-26 01:40:10.429   589   589 D SystemServerTiming: StartThermalManager took to complete: 2ms
06-26 01:40:10.430   589   589 I SystemServerTiming: StartHintManager
06-26 01:40:10.430   589   589 I SystemServiceManager: Starting com.android.server.power.hint.HintManagerService
06-26 01:40:10.432   589   589 D SystemServerTiming: StartHintManager took to complete: 2ms
06-26 01:40:10.432   589   589 I SystemServerTiming: InitPowerManagement
06-26 01:40:10.434   589   589 D SystemServerTiming: InitPowerManagement took to complete: 3ms
06-26 01:40:10.435   589   589 I SystemServerTiming: StartRecoverySystemService
06-26 01:40:10.435   589   589 I SystemServiceManager: Starting com.android.server.recoverysystem.RecoverySystemService$Lifecycle
06-26 01:40:10.438   589   589 D SystemServerTiming: StartRecoverySystemService took to complete: 4ms
06-26 01:40:10.441   589   589 I SystemServerTiming: StartLightsService
06-26 01:40:10.441   589   589 I SystemServiceManager: Starting com.android.server.lights.LightsService
06-26 01:40:10.447   589   589 D SystemServerTiming: StartLightsService took to complete: 6ms
06-26 01:40:10.447   589   589 I SystemServerTiming: StartSidekickService
06-26 01:40:10.447   589   589 D SystemServerTiming: StartSidekickService took to complete: 0ms
06-26 01:40:10.447   589   589 I SystemServerTiming: StartDisplayManager
06-26 01:40:10.447   589   589 I SystemServiceManager: Starting com.android.server.display.DisplayManagerService
06-26 01:40:10.498   589   634 W ProcessCpuTracker: Failed to stat(/proc/613): android.system.ErrnoException: stat failed: ENOENT (No such file or directory)
06-26 01:40:10.499   589   634 W ProcessCpuTracker: Skipping unknown process pid 613
06-26 01:40:10.504   589   589 D SystemServerTiming: StartDisplayManager took to complete: 57ms
06-26 01:40:10.504   589   589 I SystemServerTiming: WaitForDisplay
06-26 01:40:10.504   589   589 I SystemServiceManager: Starting phase 100
06-26 01:40:10.504   589   589 I SystemServerTiming: OnBootPhase_100
06-26 01:40:10.504   589   589 I SystemServerTiming: OnBootPhase_100_com.android.server.security.FileIntegrityService
06-26 01:40:10.504   589   589 D SystemServerTiming: OnBootPhase_100_com.android.server.security.FileIntegrityService took to complete: 0ms
06-26 01:40:10.504   589   589 I SystemServerTiming: OnBootPhase_100_com.android.server.pm.Installer
06-26 01:40:10.504   589   589 D SystemServerTiming: OnBootPhase_100_com.android.server.pm.Installer took to complete: 0ms
06-26 01:40:10.504   589   589 I SystemServerTiming: OnBootPhase_100_com.android.server.os.DeviceIdentifiersPolicyService
06-26 01:40:10.505   589   589 D SystemServerTiming: OnBootPhase_100_com.android.server.os.DeviceIdentifiersPolicyService took to complete: 0ms
06-26 01:40:10.505   589   589 I SystemServerTiming: OnBootPhase_100_com.android.server.uri.UriGrantsManagerService$Lifecycle
06-26 01:40:10.505   589   589 D SystemServerTiming: OnBootPhase_100_com.android.server.uri.UriGrantsManagerService$Lifecycle took to complete: 0ms
06-26 01:40:10.505   589   589 I SystemServerTiming: OnBootPhase_100_com.android.server.powerstats.PowerStatsService
06-26 01:40:10.505   589   589 D SystemServerTiming: OnBootPhase_100_com.android.server.powerstats.PowerStatsService took to complete: 0ms
06-26 01:40:10.505   589   589 I SystemServerTiming: OnBootPhase_100_com.android.server.wm.ActivityTaskManagerService$Lifecycle
06-26 01:40:10.505   589   589 D SystemServerTiming: OnBootPhase_100_com.android.server.wm.ActivityTaskManagerService$Lifecycle took to complete: 0ms
06-26 01:40:10.505   589   589 I SystemServerTiming: OnBootPhase_100_com.android.server.am.ActivityManagerService$Lifecycle
06-26 01:40:10.505   589   589 D SystemServerTiming: OnBootPhase_100_com.android.server.am.ActivityManagerService$Lifecycle took to complete: 0ms
06-26 01:40:10.505   589   589 I SystemServerTiming: OnBootPhase_100_com.android.server.pm.DataLoaderManagerService
06-26 01:40:10.505   589   589 D SystemServerTiming: OnBootPhase_100_com.android.server.pm.DataLoaderManagerService took to complete: 0ms
06-26 01:40:10.505   589   589 I SystemServerTiming: OnBootPhase_100_com.android.server.power.PowerManagerService
06-26 01:40:10.505   589   589 D SystemServerTiming: OnBootPhase_100_com.android.server.power.PowerManagerService took to complete: 0ms
06-26 01:40:10.505   589   589 I SystemServerTiming: OnBootPhase_100_com.android.server.power.ThermalManagerService
06-26 01:40:10.505   589   589 D SystemServerTiming: OnBootPhase_100_com.android.server.power.ThermalManagerService took to complete: 0ms
06-26 01:40:10.505   589   589 I SystemServerTiming: OnBootPhase_100_com.android.server.power.hint.HintManagerService
06-26 01:40:10.505   589   589 D SystemServerTiming: OnBootPhase_100_com.android.server.power.hint.HintManagerService took to complete: 0ms
06-26 01:40:10.505   589   589 I SystemServerTiming: OnBootPhase_100_com.android.server.recoverysystem.RecoverySystemService$Lifecycle
06-26 01:40:10.505   589   589 D SystemServerTiming: OnBootPhase_100_com.android.server.recoverysystem.RecoverySystemService$Lifecycle took to complete: 0ms
06-26 01:40:10.506   589   589 I SystemServerTiming: OnBootPhase_100_com.android.server.lights.LightsService
06-26 01:40:10.506   589   589 D SystemServerTiming: OnBootPhase_100_com.android.server.lights.LightsService took to complete: 0ms
06-26 01:40:10.506   589   589 I SystemServerTiming: OnBootPhase_100_com.android.server.display.DisplayManagerService
06-26 01:40:10.507   589   618 D LocalDisplayAdapter: Update supported modes.
06-26 01:40:10.507   589   618 D LocalDisplayAdapter:   DisplayModeRecord{mMode={id=1, width=3840, height=2160, fps=59.94006, alternativeRefreshRates=[]}}
06-26 01:40:10.507   589   618 D LocalDisplayAdapter:   DisplayModeRecord{mMode={id=2, width=3840, height=2160, fps=60.000004, alternativeRefreshRates=[]}}
06-26 01:40:10.507   589   618 D LocalDisplayAdapter:   DisplayModeRecord{mMode={id=3, width=3840, height=2160, fps=50.0, alternativeRefreshRates=[]}}
06-26 01:40:10.507   589   618 D LocalDisplayAdapter:   DisplayModeRecord{mMode={id=4, width=3840, height=2160, fps=29.97003, alternativeRefreshRates=[]}}
06-26 01:40:10.507   589   618 D LocalDisplayAdapter:   DisplayModeRecord{mMode={id=5, width=3840, height=2160, fps=30.000002, alternativeRefreshRates=[]}}
06-26 01:40:10.507   589   618 D LocalDisplayAdapter:   DisplayModeRecord{mMode={id=6, width=3840, height=2160, fps=25.0, alternativeRefreshRates=[]}}
06-26 01:40:10.508   589   618 D LocalDisplayAdapter:   DisplayModeRecord{mMode={id=7, width=3840, height=2160, fps=23.976025, alternativeRefreshRates=[]}}
06-26 01:40:10.508   589   618 D LocalDisplayAdapter:   DisplayModeRecord{mMode={id=8, width=3840, height=2160, fps=24.000002, alternativeRefreshRates=[]}}
06-26 01:40:10.508   589   618 D LocalDisplayAdapter:   DisplayModeRecord{mMode={id=9, width=1920, height=1080, fps=59.94006, alternativeRefreshRates=[]}}
06-26 01:40:10.508   589   618 D LocalDisplayAdapter:   DisplayModeRecord{mMode={id=10, width=1920, height=1080, fps=60.000004, alternativeRefreshRates=[]}}
06-26 01:40:10.508   589   618 D LocalDisplayAdapter:   DisplayModeRecord{mMode={id=11, width=1920, height=1080, fps=50.0, alternativeRefreshRates=[]}}
06-26 01:40:10.508   589   618 D LocalDisplayAdapter:   DisplayModeRecord{mMode={id=12, width=1920, height=1080, fps=29.97003, alternativeRefreshRates=[]}}
06-26 01:40:10.508   589   618 D LocalDisplayAdapter:   DisplayModeRecord{mMode={id=13, width=1920, height=1080, fps=30.000002, alternativeRefreshRates=[]}}
06-26 01:40:10.508   589   618 D LocalDisplayAdapter:   DisplayModeRecord{mMode={id=14, width=1920, height=1080, fps=23.976025, alternativeRefreshRates=[]}}
06-26 01:40:10.508   589   618 D LocalDisplayAdapter:   DisplayModeRecord{mMode={id=15, width=1920, height=1080, fps=24.000002, alternativeRefreshRates=[]}}
06-26 01:40:10.508   589   618 D LocalDisplayAdapter:   DisplayModeRecord{mMode={id=16, width=1280, height=720, fps=59.94006, alternativeRefreshRates=[]}}
06-26 01:40:10.508   589   618 D LocalDisplayAdapter:   DisplayModeRecord{mMode={id=17, width=1280, height=720, fps=60.000004, alternativeRefreshRates=[]}}
06-26 01:40:10.508   589   618 D LocalDisplayAdapter:   DisplayModeRecord{mMode={id=18, width=1280, height=720, fps=50.0, alternativeRefreshRates=[]}}
06-26 01:40:10.508   589   618 W LocalDisplayAdapter: DisplayModeSpecs base mode no longer available, using currently active mode.
06-26 01:40:10.520   589   618 I DisplayDeviceRepository: Display device added: DisplayDeviceInfo{"Built-in Screen": uniqueId="local:4633598477623942714", 3840 x 2160, modeId 1, defaultModeId 1, supportedModes [{id=1, width=3840, height=2160, fps=59.94006, alternativeRefreshRates=[]}, {id=2, width=3840, height=2160, fps=60.000004, alternativeRefreshRates=[]}, {id=3, width=3840, height=2160, fps=50.0, alternativeRefreshRates=[]}, {id=4, width=3840, height=2160, fps=29.97003, alternativeRefreshRates=[]}, {id=5, width=3840, height=2160, fps=30.000002, alternativeRefreshRates=[]}, {id=6, width=3840, height=2160, fps=25.0, alternativeRefreshRates=[]}, {id=7, width=3840, height=2160, fps=23.976025, alternativeRefreshRates=[]}, {id=8, width=3840, height=2160, fps=24.000002, alternativeRefreshRates=[]}, {id=9, width=1920, height=1080, fps=59.94006, alternativeRefreshRates=[]}, {id=10, width=1920, height=1080, fps=60.000004, alternativeRefreshRates=[]}, {id=11, width=1920, height=1080, fps=50.0, alternativeRefreshRates=[]}, {id=12, width=1920, height=1080, fps=29.97003, alternativeRefreshRates=[]}, {id=13, width=1920, height=1080, fps=30.000002, alternativeRefreshRates=[]}, {id=14, width=1920, height=1080, fps=23.976025, alternativeRefreshRates=[]}, {id=15, width=1920, height=1080, fps=24.000002, alternativeRefreshRates=[]}, {id=16, width=1280, height=720, fps=59.94006, alternativeRefreshRates=[]}, {id=17, width=1280, height=720, fps=60.000004, alternativeRefreshRates=[]}, {id=18, width=1280, height=720, fps=50.0, alternativeRefreshRates=[]}], colorMode 0, supportedColorModes [0], hdrCapabilities HdrCapabilities{mSupportedHdrTypes=[], mMaxLuminance=500.0, mMaxAverageLuminance=500.0, mMinLuminance=0.0}, allmSupported true, gameContentTypeSupported true, density 320, 79.947 x 80.682 dpi, appVsyncOff 2000000, presDeadline 13683333, touch INTERNAL, rotation 0, type INTERNAL, address {port=58, model=0x404dd943fa90de}, deviceProductInfo DeviceProductInfo{name=SONY TV  *30, manufacturerPnpId=SNY, productId=47365, modelYear=null, manufactureDate=ManufactureDate{week=1, year=2021}, connectionToSinkType=2}, state UNKNOWN, frameRateOverride , brightnessMinimum 0.0, brightnessMaximum 1.0, brightnessDefault 0.39763778, FLAG_DEFAULT_DISPLAY, FLAG_ROTATES_WITH_CONTENT, FLAG_SECURE, FLAG_SUPPORTS_PROTECTED_BUFFERS}
06-26 01:40:10.522   589   618 I LogicalDisplayMapper: Applying layout: [{addr: {port=58, model=0x404dd943fa90de}, dispId: 0(ON)}], Previous layout: null
06-26 01:40:10.527   589   618 I LogicalDisplayMapper: Adding new display: 0: DisplayInfo{"Built-in Screen", displayId 0", displayGroupId -1, FLAG_SECURE, FLAG_SUPPORTS_PROTECTED_BUFFERS, FLAG_TRUSTED, real 3840 x 2160, largest app 3840 x 2160, smallest app 3840 x 2160, appVsyncOff 2000000, presDeadline 13683333, mode 1, defaultMode 1, modes [{id=1, width=3840, height=2160, fps=59.94006, alternativeRefreshRates=[]}, {id=2, width=3840, height=2160, fps=60.000004, alternativeRefreshRates=[]}, {id=3, width=3840, height=2160, fps=50.0, alternativeRefreshRates=[]}, {id=4, width=3840, height=2160, fps=29.97003, alternativeRefreshRates=[]}, {id=5, width=3840, height=2160, fps=30.000002, alternativeRefreshRates=[]}, {id=6, width=3840, height=2160, fps=25.0, alternativeRefreshRates=[]}, {id=7, width=3840, height=2160, fps=23.976025, alternativeRefreshRates=[]}, {id=8, width=3840, height=2160, fps=24.000002, alternativeRefreshRates=[]}, {id=9, width=1920, height=1080, fps=59.94006, alternativeRefreshRates=[]}, {id=10, width=1920, height=1080, fps=60.000004, alternativeRefreshRates=[]}, {id=11, width=1920, height=1080, fps=50.0, alternativeRefreshRates=[]}, {id=12, width=1920, height=1080, fps=29.97003, alternativeRefreshRates=[]}, {id=13, width=1920, height=1080, fps=30.000002, alternativeRefreshRates=[]}, {id=14, width=1920, height=1080, fps=23.976025, alternativeRefreshRates=[]}, {id=15, width=1920, height=1080, fps=24.000002, alternativeRefreshRates=[]}, {id=16, width=1280, height=720, fps=59.94006, alternativeRefreshRates=[]}, {id=17, width=1280, height=720, fps=60.000004, alternativeRefreshRates=[]}, {id=18, width=1280, height=720, fps=50.0, alternativeRefreshRates=[]}], hdrCapabilities HdrCapabilities{mSupportedHdrTypes=[], mMaxLuminance=500.0, mMaxAverageLuminance=500.0, mMinLuminance=0.0}, userDisabledHdrTypes [], minimalPostProcessingSupported true, rotation 0, state UNKNOWN, type INTERNAL, uniqueId "local:4633598477623942714", app 3840 x 2160, density 320 (79.947 x 80.682) dpi, layerStack 0, colorMode 0, supportedColorModes [0], address {port=58, model=0x404dd943fa90de}, deviceProductInfo DeviceProductInfo{name=SONY TV  *30, manufacturerPnpId=SNY, productId=47365, modelYear=null, manufactureDate=ManufactureDate{week=1, year=2021}, connectionToSinkType=2}, removeMode 0, refreshRateOverride 0.0, brightnessMinimum 0.0, brightnessMaximum 1.0, brightnessDefault 0.39763778}
06-26 01:40:10.528   589   618 I LogicalDisplayMapper: Setting new display group 0 for display 0, from previous group: null
06-26 01:40:10.529   589   589 D SystemServerTiming: OnBootPhase_100_com.android.server.display.DisplayManagerService took to complete: 23ms
06-26 01:40:10.529   589   589 D SystemServerTiming: OnBootPhase_100 took to complete: 26ms
06-26 01:40:10.529   589   589 D SystemServerTiming: WaitForDisplay took to complete: 26ms
06-26 01:40:10.530   589   589 I SystemServerTiming: StartDomainVerificationService
06-26 01:40:10.551   589   589 D SystemServerTiming: StartDomainVerificationService took to complete: 21ms
06-26 01:40:10.551   589   589 I SystemServerTiming: StartPackageManagerService
06-26 01:40:10.551   589   589 I Watchdog: Pausing HandlerChecker: main thread for reason: packagemanagermain. Pause count: 1
06-26 01:40:10.558   589   589 I PackageManagerTiming: create package manager
06-26 01:40:10.568   589   589 I PackageManagerTiming: createSubComponents
06-26 01:40:10.575   589   589 I UserTypeFactory: Creating custom user type com.android.tv.profile
06-26 01:40:10.600   589   589 D PackageManagerTiming: createSubComponents took to complete: 32ms
06-26 01:40:10.600   589   589 I PackageManagerTiming: addSharedUsers
06-26 01:40:10.602   589   589 D PackageManagerTiming: addSharedUsers took to complete: 2ms
06-26 01:40:10.604   589   589 I PackageManagerTiming: get system config
06-26 01:40:10.604   589   589 D PackageManagerTiming: get system config took to complete: 0ms
06-26 01:40:10.608   589   589 D PackageManager: Directories scanned as system partitions: [/system:0, /vendor:524288, /odm:4194304, /oem:262144, /product:1048576, /system_ext:2097152, /apex/com.android.wifi:8388608, /apex/com.android.vndk.v31:8388608, /apex/com.android.tzdata:8388608, /apex/com.android.tethering:8388608, /apex/com.android.sdkext:8388608, /apex/com.android.scheduling:8388608, /apex/com.android.runtime:8388608, /apex/com.android.resolv:8388608, /apex/com.android.permission:8388608, /apex/com.android.os.statsd:8388608, /apex/com.android.neuralnetworks:8388608, /apex/com.android.mediaprovider:8388608, /apex/com.android.media.swcodec:8388608, /apex/com.android.media:8388608, /apex/com.android.ipsec:8388608, /apex/com.android.i18n:8388608, /apex/com.android.extservices:8388608, /apex/com.android.conscrypt:8388608, /apex/com.android.art:8388608, /apex/com.android.appsearch:8388608, /apex/com.android.adbd:8388608]
06-26 01:40:10.612   589   589 D SELinuxMMAC: Using policy file /system/etc/selinux/plat_mac_permissions.xml
06-26 01:40:10.615   589   589 D SELinuxMMAC: Using policy file /system_ext/etc/selinux/system_ext_mac_permissions.xml
06-26 01:40:10.616   589   589 D SELinuxMMAC: Using policy file /product/etc/selinux/product_mac_permissions.xml
06-26 01:40:10.618   589   589 D SELinuxMMAC: Using policy file /vendor/etc/selinux/vendor_mac_permissions.xml
06-26 01:40:10.619   589   589 I PackageManagerTiming: loadFallbacks
06-26 01:40:10.621   589   589 D PackageManagerTiming: loadFallbacks took to complete: 1ms
06-26 01:40:10.621   589   589 I PackageManagerTiming: read user settings
06-26 01:40:10.695     0     0 E [   20.436255@0]  init: Control message: Could not find 'aidl/package_native' for ctl.interface_start from pid: 222 (/system/bin/servicemanager)
06-26 01:40:10.832   589   589 W android.permission.PermissionManager: Missing ActivityManager; assuming 1000 holds android.permission.SET_PREFERRED_APPLICATIONS
06-26 01:40:10.833   589   589 W android.permission.PermissionManager: Missing ActivityManager; assuming 1000 holds android.permission.SET_PREFERRED_APPLICATIONS
06-26 01:40:10.833   589   589 W android.permission.PermissionManager: Missing ActivityManager; assuming 1000 holds android.permission.SET_PREFERRED_APPLICATIONS
06-26 01:40:10.834   589   589 W android.permission.PermissionManager: Missing ActivityManager; assuming 1000 holds android.permission.SET_PREFERRED_APPLICATIONS
06-26 01:40:10.835   589   589 W android.permission.PermissionManager: Missing ActivityManager; assuming 1000 holds android.permission.SET_PREFERRED_APPLICATIONS
06-26 01:40:10.835   589   589 W android.permission.PermissionManager: Missing ActivityManager; assuming 1000 holds android.permission.SET_PREFERRED_APPLICATIONS
06-26 01:40:10.836   589   589 W android.permission.PermissionManager: Missing ActivityManager; assuming 1000 holds android.permission.SET_PREFERRED_APPLICATIONS
