06-26 01:39:55.561     0     0 I         : [    2.379775@3]
06-26 01:39:55.561     0     0 I [    2.385137@3]  hdmitx: system: update physical size: 1220 680
06-26 01:39:55.561     0     0 I         : [    2.385959@2]  EXT4-fs (dm-1): mounted filesystem without journal. Opts: barrier=1
06-26 01:39:55.561     0     0 I         : [    2.389003@3]  [drm] drm hdmitx hpd notify
06-26 01:39:55.561     0     0 I         : [    2.389030@3]  [drm] meson_hdmitx_hpd_cb[1429]
06-26 01:39:55.561     0     0 I         : [    2.391177@2]  EXT4-fs (dm-2): mounted filesystem without journal. Opts: barrier=1
06-26 01:39:55.561     0     0 I         : [    2.395632@2]  EXT4-fs (dm-3): mounted filesystem without journal. Opts: barrier=1
06-26 01:39:55.561     0     0 I         : [    2.400996@3]  EXT4-fs (dm-5): mounted filesystem without journal. Opts: errors=panic
06-26 01:39:55.561     0     0 I         : [    2.405831@3]  EXT4-fs (dm-6): mounted filesystem without journal. Opts: errors=panic
06-26 01:39:55.561     0     0 W         : [    2.408447@3]  EXT4-fs (mmcblk0p17): Ignoring removed nomblk_io_submit option
06-26 01:39:55.561     0     0 I         : [    2.409704@3]  EXT4-fs (mmcblk0p17): mounted filesystem without journal. Opts: nodelalloc,nomblk_io_submit,errors=panic
06-26 01:39:55.561     0     0 W [    2.461431@2]  printk: init: 162 output lines suppressed due to ratelimiting
06-26 01:39:55.561     0     0 I [    2.633142@3]  init: Opening SELinux policy
06-26 01:39:55.561     0     0 I [    2.646621@3]  init: Loading SELinux policy
06-26 01:39:55.561     0     0 I [    2.673801@3]  SELinux: Permission nlmsg_getneigh in class netlink_route_socket not defined in policy.
06-26 01:39:55.561     0     0 I [    2.674668@3]  SELinux: the above unknown classes and permissions will be denied
06-26 01:39:55.561     0     0 I [    2.675267@3]  SELinux: policy capability network_peer_controls=1
06-26 01:39:55.561     0     0 I [    2.675979@3]  SELinux: policy capability open_perms=1
06-26 01:39:55.561     0     0 I [    2.676628@3]  SELinux: policy capability extended_socket_class=1
06-26 01:39:55.561     0     0 I [    2.677397@3]  SELinux: policy capability always_check_network=0
06-26 01:39:55.561     0     0 I [    2.678156@3]  SELinux: policy capability cgroup_seclabel=0
06-26 01:39:55.561     0     0 I [    2.678869@3]  SELinux: policy capability nnp_nosuid_transition=1
06-26 01:39:55.561     0     0 I         : [    2.782685@0]  av out status: high
06-26 01:39:55.561     0     0 I [    2.929869@1]  selinux: SELinux: Loaded file_contexts
06-26 01:39:55.561     0     0 I [    2.929913@1]  selinux:  
06-26 01:39:55.561     0     0 I [    3.013855@2]  init: init second stage started!
06-26 01:39:55.561     0     0 I [    3.069648@3]  init: Using Android DT directory /proc/device-tree/firmware/android/
06-26 01:39:55.561     0     0 E [    3.071543@3]  init: Init cannot set 'ro.boot.wificountrycode' to 'MX': Read-only property was already set
06-26 01:39:55.561     0     0 E [    3.072593@3]  init: Init cannot set 'ro.boot.verifiedbootstate' to 'orange': Read-only property was already set
06-26 01:39:55.561     0     0 W [    3.077283@3]  init: Overriding previous property 'persist.sys.usb.config':'none' with new value 'adb'
06-26 01:39:55.561     0     0 W [    3.078563@3]  init: Overriding previous property 'persist.sys.usb.config':'adb' with new value 'none'
06-26 01:39:55.561     0     0 W [    3.079125@3]  init: Couldn't load property file '/vendor/default.prop': open() failed: No such file or directory: No such file or directory
06-26 01:39:55.561     0     0 E [    3.083666@3]  init: Do not have permissions to set 'bluetooth.device.class_of_device' to '44,4,32' in property file '/vendor/build.prop': SELinux permission check failed
06-26 01:39:55.562     0     0 W [    3.085146@3]  init: Overriding previous property 'persist.sys.usb.config':'none' with new value 'mtp'
06-26 01:39:55.562     0     0 E [    3.086152@3]  init: Do not have permissions to set 'ro.com.google.gmsversion' to 'S_amlogic' in property file '/vendor/build.prop': SELinux permission check failed
06-26 01:39:55.562     0     0 I [    3.544097@3]  ueventd: ueventd started!
06-26 01:39:55.562     0     0 I [    3.549914@3]  selinux: SELinux: Loaded file_contexts
06-26 01:39:55.562     0     0 I [    3.549955@3]  selinux:  
06-26 01:39:55.562     0     0 I [    3.550566@3]  ueventd: Parsing file /system/etc/ueventd.rc...
06-26 01:39:55.562     0     0 I [    3.551529@3]  ueventd: Added '/vendor/etc/ueventd.rc' to import list
06-26 01:39:55.562     0     0 I [    3.551721@3]  ueventd: Added '/odm/etc/ueventd.rc' to import list
06-26 01:39:55.562     0     0 I [    3.552882@3]  ueventd: Parsing file /vendor/etc/ueventd.rc...
06-26 01:39:55.562     0     0 I [    3.553234@3]  ueventd: Unable to read config file '/vendor/etc/ueventd.rc': open() failed: No such file or directory
06-26 01:39:55.562     0     0 I [    3.554555@3]  ueventd: Parsing file /odm/etc/ueventd.rc...
06-26 01:39:55.562     0     0 I [    3.555259@3]  ueventd: Unable to read config file '/odm/etc/ueventd.rc': open() failed: No such file or directory
06-26 01:39:55.562     0     0 W [    3.742589@1]  hdr10_tmo_alg: module license 'unspecified' taints kernel.
06-26 01:39:55.562     0     0 W         : [    3.742766@1]  Disabling lock debugging due to kernel taint
06-26 01:39:55.562     0     0 I [    3.744042@1]  hdr10_tmo_alg: hdr10_tmo_alg_driver_init insmod ok. v1.0_2020-12-24
06-26 01:39:55.562     0     0 E         : [    3.778870@1]  [TEE] tee log buffer init failed
06-26 01:39:55.563     0     0 I         : [    3.806812@2]  checking watermark status return 0xFFFFFFFF
06-26 01:39:55.563     0     0 I [    3.808235@2]  optee_armtz: initialized driver
06-26 01:39:55.563     0     0 I         : [    4.626724@0]  lcd vlock_en=0, vlock_mode=0x8 i=101
06-26 01:39:55.563     0     0 I         : [    5.224823@0]  Registered swp emulation handler
06-26 01:39:55.563     0     0 I [    5.274470@1]  unifykey: already inited!
06-26 01:39:55.563     0     0 I [    5.276318@3]  logd.auditd: start
06-26 01:39:55.626     0     0 I         : [    5.369274@1]  vdec init cpu id: 0x37(0)
06-26 01:39:55.626     0     0 I         : [    5.369291@1]  register clk_set_setting cpu[55]
06-26 01:39:55.634     0     0 I         : [    5.375299@0]  Registered firmware driver success.
06-26 01:39:55.634     0     0 I         : [    5.376887@0]  Try to load video/h264_enc.bin  ...
06-26 01:39:55.638     0     0 W         : [    5.378868@0]  firmware_codec firmware_vdec: Direct firmware load for video/h264_enc.bin failed with error -2
06-26 01:39:55.638     0     0 I [    5.379454@0]  Error: -2 can't load the video/h264_enc.bin.
06-26 01:39:55.638     0     0 I         : [    5.380219@0]  get data from fsys fail.
06-26 01:39:55.638     0     0 I         : [    5.380600@0]  invaild file type.
06-26 01:39:55.638     0     0 I         : [    5.381550@0]  Try to load video/video_ucode.bin  ...
06-26 01:39:55.642     0     0 I         : [    5.386007@1]  load firmware size : 372544, Name : video/video_ucode.bin.
06-26 01:39:55.646     0     0 I         : [    5.389779@2]  Registered frame rate driver success.
06-26 01:39:55.667     0     0 D         : [    5.409097@0]  power domain: name: pwrc-vdec, dev: ffffff9d09ea4400, link: ffffff9d0b587800
06-26 01:39:55.667     0     0 E         : [    5.409118@0]  vdec vdec: Get pwrc-hcodec failed, pm-domain: 0
06-26 01:39:55.667     0     0 E         : [    5.409154@0]  vdec vdec: Get pwrc-vdec-2 failed, pm-domain: 0
06-26 01:39:55.667     0     0 D         : [    5.410270@0]  power domain: name: pwrc-hevc, dev: ffffff9d0b7cd000, link: ffffff9d0b7cf000
06-26 01:39:55.667     0     0 E         : [    5.410284@0]  vdec vdec: Get pwrc-hevc-b failed, pm-domain: 0
06-26 01:39:55.667     0     0 E         : [    5.410607@0]  vdec vdec: Get pwrc-wave failed, pm-domain: 0
06-26 01:39:55.667     0     0 E         : [    5.411372@0]  vdec power init success!
06-26 01:39:55.682     0     0 E         : [    5.425748@2]  Amlogic A/V streaming port init
06-26 01:39:55.687     0     0 I         : [    5.428458@2]  no need to register_tync_func.
06-26 01:39:55.687     0     0 I         : [    5.428487@2]  no need to register_tync_func.
06-26 01:39:55.687     0     0 I         : [    5.428854@2]  no need to register_tync_func.
06-26 01:39:55.687     0     0 I         : [    5.429395@2]  no need to register_tync_func.
06-26 01:39:55.687     0     0 I         : [    5.429937@2]  no need to register_tync_func.
06-26 01:39:55.687     0     0 I         : [    5.430479@2]  no need to register_tync_func.
06-26 01:39:55.687     0     0 I         : [    5.431080@2]  no need to register_tync_func.
06-26 01:39:55.690     0     0 I         : [    5.431564@2]  no need to register_tync_func.
06-26 01:39:55.691     0     0 I         : [    5.432105@2]  no need to register_tync_func.
06-26 01:39:55.691     0     0 I         : [    5.432683@2]  get gate demux control failed 0000000000000000
06-26 01:39:55.691     0     0 I         : [    5.433366@2]  get gate parser_top control failed 0000000000000000
06-26 01:39:55.691     0     0 I         : [    5.434162@2]  get gate vdec control ok ffffff9d387afe00
06-26 01:39:55.691     0     0 I         : [    5.434863@2]  get gate clk_81 control failed 0000000000000000
06-26 01:39:55.694     0     0 I         : [    5.435529@2]  get gate clk_vdec_mux control ok ffffff9d387aff00
06-26 01:39:55.694     0     0 I         : [    5.436280@2]  get gate clk_hcodec_mux control failed 0000000000000000
06-26 01:39:55.694     0     0 I         : [    5.437101@2]  get gate clk_hevc_mux control failed 0000000000000000
06-26 01:39:55.695     0     0 I         : [    5.437873@2]  get gate clk_hevcb_mux control failed 0000000000000000
06-26 01:39:55.695     0     0 I         : [    5.438724@2]  get gate ahbarb0 control failed 0000000000000000
--------- beginning of system
06-26 01:39:55.695   231   231 I vold    : Vold 3.0 (the awakening) firing up
06-26 01:39:55.696   231   231 D vold    : Detected support for: ext4 f2fs vfat exfat
06-26 01:39:55.699     0     0 I         : [    5.439429@2]  get gate asyncfifo control failed 0000000000000000
06-26 01:39:55.699     0     0 I         : [    5.440176@2]  get gate clk_hevcf_mux control ok ffffff9d0b630100
06-26 01:39:55.699     0     0 I         : [    5.440925@2]  get mux clk err.
06-26 01:39:55.699     0     0 I         : [    5.441312@2]  get mux clk err.
06-26 01:39:55.699     0     0 I         : [    5.441702@2]  get mux clk err.
06-26 01:39:55.699     0     0 I         : [    5.442092@2]  get mux clk err.
06-26 01:39:55.699     0     0 I         : [    5.442482@2]  get mux clk err.
06-26 01:39:55.699     0     0 I         : [    5.442908@2]  get mux clk err.
06-26 01:39:55.702     0     0 I         : [    5.443263@2]  get mux clk err.
06-26 01:39:55.702     0     0 I         : [    5.443652@2]  get mux clk err.
06-26 01:39:55.704   231   231 D vold    : Found unmanaged dm device named system_ext_a
06-26 01:39:55.704   231   231 D vold    : Found unmanaged dm device named odm_a
06-26 01:39:55.704   231   231 D vold    : Found unmanaged dm device named system_a
06-26 01:39:55.704   231   231 D vold    : Found unmanaged dm device named vendor_dlkm_a
06-26 01:39:55.704   231   231 D vold    : Found unmanaged dm device named vendor_a
06-26 01:39:55.704   231   231 D vold    : Found unmanaged dm device named odm_dlkm_a
06-26 01:39:55.704   231   231 D vold    : Found unmanaged dm device named product_a
06-26 01:39:55.709   231   231 D vold    : VoldNativeService::start() completed OK
06-26 01:39:55.710     0     0 I [    5.450322@2]  register_afd_function: gfunc 0000000000000000, func: 00000000f5912a40, ver:AFD module: v2022.08.09a
06-26 01:39:55.751     0     0 I [    5.487910@3]  tune2fs: tune2fs 1.45.4 (23-Sep-2019)
06-26 01:39:55.752     0     0 I [    5.492233@3]  tune2fs: Cannot enable project quota; inode size too small.
06-26 01:39:55.752     0     0 I [    5.494835@3]  tune2fs: tune2fs terminated by exit(1)
06-26 01:39:55.752     0     0 I         : [    5.494835@3]
06-26 01:39:55.754     0     0 W         : [    5.498250@3]  EXT4-fs (mmcblk0p16): Ignoring removed nomblk_io_submit option
06-26 01:39:55.758     0     0 I         : [    5.499833@3]  EXT4-fs (mmcblk0p16): mounted filesystem without journal. Opts: errors=remount-ro,nomblk_io_submit
06-26 01:39:55.758     0     0 W         : [    5.501095@3]  ext4 filesystem being mounted at /mnt/vendor/param supports timestamps until 2038 (0x7fffffff)
06-26 01:39:55.782     0     0 I [    5.525965@3]  e2fsck: e2fsck 1.45.4 (23-Sep-2019)
06-26 01:39:55.790     0     0 I [    5.531901@2]  e2fsck: Pass 1: Checking inodes, blocks, and sizes
06-26 01:39:55.790     0     0 I [    5.533329@2]  e2fsck: Pass 2: Checking directory structure
06-26 01:39:55.790     0     0 I [    5.534514@2]  e2fsck: Pass 3: Checking directory connectivity
06-26 01:39:55.790     0     0 I [    5.534607@2]  e2fsck: Pass 4: Checking reference counts
06-26 01:39:55.794     0     0 I [    5.535331@2]  e2fsck: Pass 5: Checking group summary information
06-26 01:39:55.794     0     0 I [    5.538075@2]  e2fsck: /dev/block/by-name/param: 16/1024 files (12.5% non-contiguous), 294/1024 blocks
06-26 01:39:55.798     0     0 W         : [    5.542100@2]  EXT4-fs (mmcblk0p16): Ignoring removed nomblk_io_submit option
06-26 01:39:55.802     0     0 I         : [    5.543663@2]  EXT4-fs (mmcblk0p16): mounted filesystem without journal. Opts: nodelalloc,nomblk_io_submit,errors=panic
06-26 01:39:55.802     0     0 W         : [    5.544908@2]  ext4 filesystem being mounted at /mnt/vendor/param supports timestamps until 2038 (0x7fffffff)
06-26 01:39:55.806     0     0 W         : [    5.548592@2]  EXT4-fs (mmcblk0p10): Ignoring removed nomblk_io_submit option
06-26 01:39:55.806     0     0 I         : [    5.550616@2]  EXT4-fs (mmcblk0p10): mounted filesystem with ordered data mode. Opts: errors=remount-ro,nomblk_io_submit
06-26 01:39:55.810     0     0 W         : [    5.551951@2]  ext4 filesystem being mounted at /mnt/vendor/tee supports timestamps until 2038 (0x7fffffff)
06-26 01:39:55.842     0     0 W         : [    5.584756@3]  EXT4-fs (mmcblk0p10): Ignoring removed nomblk_io_submit option
06-26 01:39:55.842     0     0 I         : [    5.586784@2]  EXT4-fs (mmcblk0p10): mounted filesystem with ordered data mode. Opts: nodelalloc,nomblk_io_submit,errors=panic
06-26 01:39:55.846     0     0 W         : [    5.588132@2]  ext4 filesystem being mounted at /mnt/vendor/tee supports timestamps until 2038 (0x7fffffff)
06-26 01:39:55.858     0     0 W         : [    5.599716@2]  FAT-fs (mmcblk0p4): Volume was not properly unmounted. Some data may be corrupt. Please run fsck.
06-26 01:39:55.886     0     0 W         : [    5.628516@2]  EXT4-fs (mmcblk0p5): Ignoring removed nomblk_io_submit option
06-26 01:39:55.890     0     0 I         : [    5.631355@3]  EXT4-fs (mmcblk0p5): mounted filesystem with ordered data mode. Opts: errors=remount-ro,nomblk_io_submit
06-26 01:39:55.890     0     0 W         : [    5.632671@3]  ext4 filesystem being mounted at /mnt/skyinfo supports timestamps until 2038 (0x7fffffff)
06-26 01:39:55.930     0     0 W         : [    5.671879@3]  EXT4-fs (mmcblk0p5): Ignoring removed nomblk_io_submit option
06-26 01:39:55.930     0     0 I         : [    5.673741@3]  EXT4-fs (mmcblk0p5): mounted filesystem with ordered data mode. Opts: nodelalloc,nomblk_io_submit,errors=panic
06-26 01:39:55.934     0     0 W         : [    5.675081@3]  ext4 filesystem being mounted at /mnt/skyinfo supports timestamps until 2038 (0x7fffffff)
06-26 01:39:56.335     0     0 I [    6.075894@3]  wait_for_keymaster: Waiting for Keymaster device
06-26 01:39:56.438     0     0 W [    6.178430@3]  ServiceManager: Waited one second for android.system.keystore2.IKeystoreService/default (is service started? are binder threads started and available?)
06-26 01:39:56.538     0     0 W [    6.280414@3]  ServiceManager: Waited one second for android.system.keystore2.IKeystoreService/default (is service started? are binder threads started and available?)
06-26 01:39:56.542     0     0 I [    6.283054@0]  wait_for_keymaster: Keymaster device ready
06-26 01:39:56.542     0     0 I [    6.284847@0]  binder: undelivered transaction 129, process died.
06-26 01:39:56.569   231   231 I Checkpoint: Validating checkpoint on /dev/block/by-name/userdata
06-26 01:39:56.570   231   231 E Checkpoint: No magic
06-26 01:39:56.570     0     0 D [    6.312965@0]  vdc: Waited 0ms for vold
06-26 01:39:56.574     0     0 E [    6.314495@0]  vdc: Command: checkpoint restoreCheckpoint /dev/block/by-name/userdata Failed: Status(-8, EX_SERVICE_SPECIFIC): '22: No magic'
06-26 01:39:56.598     0     0 D [    6.341059@0]  vdc: Waited 0ms for vold
06-26 01:39:56.628   231   231 D vold    : fscrypt_mount_metadata_encrypted: /data encrypt: 0 format: 0 with null
06-26 01:39:56.628   231   231 D vold    : metadata_key_dir/key: /metadata/vold/metadata_encryption/key
06-26 01:39:56.629   231   231 D vold    : Key exists, using: /metadata/vold/metadata_encryption/key
06-26 01:39:56.631     0     0 D [    6.372259@0]  vdc: Waited 0ms for vold
06-26 01:39:57.027   231   231 D vold    : Mounting metadata-encrypted filesystem:/data
06-26 01:39:57.038   231   231 I vold    : [libfs_mgr]superblock s_max_mnt_count:65535,/dev/block/dm-7
06-26 01:39:57.042     0     0 W         : [    6.784172@3]  EXT4-fs (dm-7): Ignoring removed nomblk_io_submit option
06-26 01:39:57.042     0     0 I         : [    6.784323@3]  EXT4-fs (dm-7): Using encoding defined by superblock: utf8-12.1.0 with flags 0x0
06-26 01:39:57.048   231   231 I vold    : [libfs_mgr]check_fs(): mount(/dev/block/dm-7,/data,ext4)=0: Success
06-26 01:39:57.050     0     0 I         : [    6.791692@0]  EXT4-fs (dm-7): mounted filesystem with ordered data mode. Opts: errors=remount-ro,nomblk_io_submit
06-26 01:39:57.051   231   231 I vold    : [libfs_mgr]check_fs(): unmount(/data) succeeded
06-26 01:39:57.051   231   231 I vold    : [libfs_mgr]Running /system/bin/e2fsck on /dev/block/dm-7
06-26 01:39:57.070     0     0 I [    6.814520@2]  e2fsck: e2fsck 1.45.4 (23-Sep-2019)
06-26 01:39:57.130     0     0 I [    6.874212@2]  e2fsck: /dev/block/dm-7: clean, 7832/1731616 files, 949374/6920960 blocks
06-26 01:39:57.134   231   231 I vold    : [libfs_mgr]superblock s_max_mnt_count:65535,/dev/block/dm-7
06-26 01:39:57.138     0     0 W         : [    6.879980@2]  EXT4-fs (dm-7): Ignoring removed nomblk_io_submit option
06-26 01:39:57.138     0     0 I         : [    6.880132@2]  EXT4-fs (dm-7): Using encoding defined by superblock: utf8-12.1.0 with flags 0x0
06-26 01:39:57.144   231   231 I vold    : [libfs_mgr]__mount(source=/dev/block/dm-7,target=/data,type=ext4)=0: Success
06-26 01:39:57.144   231   231 D vold    : Mounted /data
06-26 01:39:57.145   231   240 D vold    : Disk at 253:7 changed
06-26 01:39:57.146     0     0 I         : [    6.887337@3]  EXT4-fs (dm-7): mounted filesystem with ordered data mode. Opts: nodelalloc,nomblk_io_submit,errors=panic
06-26 01:39:57.201   231   231 I Checkpoint: cp_prepareCheckpoint called
06-26 01:39:57.229   231   231 I vold    : fscrypt_initialize_systemwide_keys
06-26 01:39:57.230     0     0 D [    6.973584@1]  vdc: Waited 0ms for vold
06-26 01:39:57.230   231   231 D vold    : Key exists, using: /data/unencrypted/key
06-26 01:39:57.238   231   231 D vold    : Installed fscrypt key with ref 51b3c6f390ade51abbf6f608475bb90e to /data
06-26 01:39:57.239   231   231 D vold    : Added fscrypt-provisioning key for 51b3c6f390ade51abbf6f608475bb90e to session keyring
06-26 01:39:57.258   231   231 I vold    : Wrote system DE key reference to:/data/unencrypted/ref
06-26 01:39:57.258   231   231 D vold    : Generating standard storage key
06-26 01:39:57.258   231   231 D vold    : Installed fscrypt key with ref 7b04f71d0e6f11accb837e43186bf7de to /data
06-26 01:39:57.258   231   231 D vold    : Added fscrypt-provisioning key for 7b04f71d0e6f11accb837e43186bf7de to session keyring
06-26 01:39:57.261   231   231 I vold    : Wrote per boot key reference to:/data/unencrypted/per_boot_ref
06-26 01:39:57.266     0     0 I [    7.009104@0]  fscrypt: AES-256-CTS-CBC using implementation "cts-cbc-aes-ce"
06-26 01:39:57.270     0     0 I [    7.014027@0]  fscrypt: AES-256-XTS using implementation "xts-aes-ce"
06-26 01:39:57.359   231   231 I incfs   : Initial API level of the device: 31
06-26 01:39:57.359   231   231 I incfs   : ro.incremental.enable: yes
06-26 01:39:57.359   231   231 I incfs   : isFsAvailable: true
06-26 01:39:57.359   231   231 I incfs   : isFsAvailable: true
06-26 01:39:57.360   231   231 I incfs   : IncFs_Features: v2
06-26 01:39:57.389   231   231 E vold    : keystore2 Keystore earlyBootEnded returned service specific error: -68
06-26 01:39:57.434     0     0 I [    7.177980@0]  apexd: This device does not support updatable APEX. Exiting
06-26 01:39:57.434     0     0 I [    7.178207@0]  apexd: Marking APEXd as activated
06-26 01:39:57.566   231   231 D vold    : fscrypt_init_user0
06-26 01:39:57.566   231   231 D vold    : Preparing: /data/misc/vold/user_keys
06-26 01:39:57.566     0     0 D [    7.310316@1]  vdc: Waited 0ms for vold
06-26 01:39:57.567   231   231 D vold    : Preparing: /data/misc/vold/user_keys/ce
06-26 01:39:57.568   231   231 D vold    : Preparing: /data/misc/vold/user_keys/de
06-26 01:39:57.576   231   231 D vold    : Installed fscrypt key with ref d234c508d980d78eb8a454252782125b to /data
06-26 01:39:57.576   231   231 D vold    : Added fscrypt-provisioning key for d234c508d980d78eb8a454252782125b to session keyring
06-26 01:39:57.576   231   231 D vold    : Installed de key for user 0
06-26 01:39:57.576   231   231 D vold    : fscrypt_prepare_user_storage for volume null, user 0, serial 0, flags 1
06-26 01:39:57.576   231   231 D vold    : Preparing: /data/system/users/0
06-26 01:39:57.577   231   231 D vold    : Preparing: /data/misc/profiles/cur/0
06-26 01:39:57.578   231   231 D vold    : Preparing: /data/system_de/0
06-26 01:39:57.578   231   231 D vold    : Preparing: /data/misc_de/0
06-26 01:39:57.579   231   231 D vold    : Preparing: /data/vendor_de/0
06-26 01:39:57.579   231   231 D vold    : Preparing: /data/user_de/0
06-26 01:39:57.580   231   231 I vold    : Verified that /data/system_de/0 has the encryption policy d234c508d980d78eb8a454252782125b v2 modes 1/4 flags 0x2
06-26 01:39:57.580   231   231 I vold    : Verified that /data/misc_de/0 has the encryption policy d234c508d980d78eb8a454252782125b v2 modes 1/4 flags 0x2
06-26 01:39:57.580   231   231 I vold    : Verified that /data/vendor_de/0 has the encryption policy d234c508d980d78eb8a454252782125b v2 modes 1/4 flags 0x2
06-26 01:39:57.580   231   231 I vold    : Verified that /data/user_de/0 has the encryption policy d234c508d980d78eb8a454252782125b v2 modes 1/4 flags 0x2
06-26 01:39:57.580   231   231 D vold    : /system/bin/vold_prepare_subdirs
06-26 01:39:57.580   231   231 D vold    :     prepare
06-26 01:39:57.580   231   231 D vold    :     
06-26 01:39:57.580   231   231 D vold    :     0
06-26 01:39:57.580   231   231 D vold    :     1
06-26 01:39:57.640   231   231 D vold    : Detected support for FS_IOC_ADD_ENCRYPTION_KEY
06-26 01:39:57.790     0     0 I [    7.533261@0]  apexd: This device does not support updatable APEX. Exiting
06-26 01:39:57.790     0     0 I [    7.533465@0]  apexd: Marking APEXd as ready
06-26 01:39:57.863     0     0 I         : [    7.605863@0]  mali fe400000.bifrost: Kernel DDK version r44p0-01eac0
06-26 01:39:57.868     0     0 E         : [    7.608431@0]  mali fe400000.bifrost: No OPPs found in device tree! Scaling timeouts using 100000 kHz
06-26 01:39:57.868     0     0 I         : [    7.608909@0]  mali fe400000.bifrost: GPU identified as 0x3 arch 7.0.9 r0p0 status 0
06-26 01:39:57.868     0     0 I         : [    7.610262@0]  mali fe400000.bifrost: No priority control manager is configured
06-26 01:39:57.868     0     0 I         : [    7.611061@0]  mali fe400000.bifrost: No memory group manager is configured
06-26 01:39:57.871     0     0 I         : [    7.614422@0]  mali fe400000.bifrost: Probed as mali0
06-26 01:39:57.910     0     0 W         : [    7.650832@0]  AUCPU sequence no updated
06-26 01:39:57.911     0     0 W         : [    7.653013@0]  Amlogic Aucpu driver installed
06-26 01:39:57.922     0     0 W         : [    7.662721@0]  aucpu trace orig 0x0 now 0xdeadface
06-26 01:39:57.922     0     0 W         : [    7.662733@0]  --stage value 57005 line 64206
06-26 01:39:57.922     0     0 W         : [    7.663183@0]  aucpu trace error orig 0x0 now 0xdeadface
06-26 01:39:57.922     0     0 W         : [    7.663187@0]  --Err value 57005 line 64206
06-26 01:39:57.922     0     0 W         : [    7.664580@0]  aml dvb init
06-26 01:39:57.930     0     0 W         : [    7.671892@2]  Amlogic CI mode init
06-26 01:39:57.930     0     0 W [    7.674616@0]  init: Top-level directory needs encryption action, eg mkdir /data/media <mode> <uid> <gid> encryption=Require
06-26 01:39:57.934     0     0 I [    7.675477@0]  init: Not setting encryption policy on: /data/media
06-26 01:39:58.006     0     0 W         : [    7.746759@2]  pci_register_driver success
06-26 01:39:58.042     0     0 I [    7.782739@3]  ######platform_wifi_power_on: is_pcie_wifi=0
06-26 01:39:58.042     0     0 I         : [    7.782795@3]  aml_wifi aml_wifi: [extern_wifi_set_enable] WIFI  Disable! 484
06-26 01:39:58.578     0     0 I         : [    8.318662@3]  aml_wifi aml_wifi: [extern_wifi_set_enable] WIFI  Enable! 484
06-26 01:39:59.093     0     0 E         : [    8.836694@0]  meson-gx-mmc fe088000.sdio: 8 [0x1aa], TIMEOUT[0x2800]
06-26 01:39:59.094     0     0 W         : [    8.837370@3]  meson-gx-mmc fe088000.sdio: card claims to support voltages below defined range
06-26 01:39:59.186     0     0 I [    8.927194@3]  r: b_s = 2d, b_sz = 13, f: b_s = 0, b_sz = 2d
06-26 01:39:59.186     0     0 I         : [    8.927222@3]  the final result: sel = 1, rx = 16
06-26 01:39:59.186     0     0 I [    8.928437@3]  mmc2: new ultra high speed SDR104 SDIO card at address 0001
06-26 01:39:59.186     0     0 I [    8.928649@3]  mmc2: clock 166666665, 4-bit-bus-width
06-26 01:39:59.186     0     0 I         : [    8.928649@3]
06-26 01:39:59.186     0     0 I         : [    8.929148@3]  [sdio_reinit] finish
06-26 01:39:59.211     0     0 W         : [    8.951686@3]
06-26 01:39:59.211     0     0 W         : [    8.951715@3]  **********************************************************
06-26 01:39:59.211     0     0 W         : [    8.952067@3]  **   NOTICE NOTICE NOTICE NOTICE NOTICE NOTICE NOTICE   **
06-26 01:39:59.211     0     0 W         : [    8.952911@3]  **                                                      **
06-26 01:39:59.211     0     0 W         : [    8.953756@3]  ** trace_printk() being used. Allocating extra memory.  **
06-26 01:39:59.211     0     0 W         : [    8.954601@3]  **                                                      **
06-26 01:39:59.211     0     0 W         : [    8.955494@3]  ** This means that this is a DEBUG kernel and it is     **
06-26 01:39:59.214     0     0 W         : [    8.956293@3]  ** unsafe for production use.                           **
06-26 01:39:59.215     0     0 W         : [    8.957136@3]  **                                                      **
06-26 01:39:59.215     0     0 W         : [    8.957981@3]  ** If you see this message and you are not debugging    **
06-26 01:39:59.215     0     0 W         : [    8.958846@3]  ** the kernel, report this immediately to your vendor!  **
06-26 01:39:59.218     0     0 W         : [    8.959671@3]  **                                                      **
06-26 01:39:59.218     0     0 W         : [    8.960517@3]  **   NOTICE NOTICE NOTICE NOTICE NOTICE NOTICE NOTICE   **
06-26 01:39:59.218     0     0 W         : [    8.961361@3]  **********************************************************
06-26 01:39:59.914     0     0 E [    9.654651@3]  WCN_ERR: marlin_find_sdio_device_id open /sys/bus/sdio/devices/sdio:8800:1/uevent fail no.1 cnt=6
06-26 01:40:00.562     0     0 E [   10.302650@1]  WCN_ERR: marlin_find_sdio_device_id open /sys/bus/sdio/devices/mmc1:8800:1/uevent fail no.1 cnt=6
06-26 01:40:01.210     0     0 E [   10.950735@1]  WCN_ERR: marlin_find_sdio_device_id open /sys/bus/sdio/devices/mmc2:8800:1/uevent fail no.1 cnt=6
06-26 01:40:01.858     0     0 E [   11.598647@1]  WCN_ERR: marlin_find_sdio_device_id open /sys/bus/sdio/devices/mmc0:8800:1/uevent fail no.1 cnt=6
06-26 01:40:01.858     0     0 W         : [   11.599228@1]  this is not uwe5621 module,error,exit!!!.
06-26 01:40:01.927     0     0 W [   11.668352@2]  sprdwl_ng: Unknown symbol marlin_reset_register_notify (err -2)
06-26 01:40:01.927     0     0 W [   11.668600@2]  sprdwl_ng: Unknown symbol marlin_reset_unregister_notify (err -2)
06-26 01:40:01.927     0     0 W [   11.669988@2]  sprdwl_ng: Unknown symbol wcn_get_chip_model (err -2)
06-26 01:40:01.927     0     0 W [   11.670376@2]  sprdwl_ng: Unknown symbol get_wcn_bus_ops (err -2)
06-26 01:40:01.927     0     0 W [   11.671118@2]  sprdwl_ng: Unknown symbol mdbg_assert_interface (err -2)
06-26 01:40:01.931     0     0 W [   11.671914@2]  sprdwl_ng: Unknown symbol wcn_get_chip_name (err -2)
06-26 01:40:01.931     0     0 W [   11.672828@2]  sprdwl_ng: Unknown symbol start_marlin (err -2)
06-26 01:40:01.931     0     0 W [   11.673385@2]  sprdwl_ng: Unknown symbol marlin_reset_callback_register (err -2)
06-26 01:40:01.931     0     0 W [   11.674315@2]  sprdwl_ng: Unknown symbol cali_ini_need_download (err -2)
06-26 01:40:01.931     0     0 W [   11.675162@2]  sprdwl_ng: Unknown symbol marlin_reset_callback_unregister (err -2)
06-26 01:40:01.935     0     0 W [   11.676082@2]  sprdwl_ng: Unknown symbol stop_marlin (err -2)
06-26 01:40:01.935     0     0 W [   11.676868@2]  sprdwl_ng: Unknown symbol marlin_get_ant_num (err -2)
06-26 01:40:01.935     0     0 W [   11.677587@2]  sprdwl_ng: Unknown symbol marlin_get_wcn_chipid (err -2)
06-26 01:40:01.935     0     0 W [   11.678452@2]  sprdwl_ng: Unknown symbol get_fw_version (err -2)
06-26 01:40:01.971     0     0 W [   11.712972@3]  sprdbt_tty: Unknown symbol marlin_get_ant_num (err -2)
06-26 01:40:01.971     0     0 W [   11.713129@3]  sprdbt_tty: Unknown symbol wcn_get_chip_model (err -2)
06-26 01:40:01.971     0     0 W [   11.713933@3]  sprdbt_tty: Unknown symbol marlin_get_wcn_module_vendor (err -2)
06-26 01:40:01.971     0     0 W [   11.714917@3]  sprdbt_tty: Unknown symbol marlin_reset_callback_register (err -2)
06-26 01:40:01.974     0     0 W [   11.715812@3]  sprdbt_tty: Unknown symbol start_marlin (err -2)
06-26 01:40:01.974     0     0 W [   11.716485@3]  sprdbt_tty: Unknown symbol stop_marlin (err -2)
06-26 01:40:01.974     0     0 W [   11.717223@3]  sprdbt_tty: Unknown symbol marlin_set_sleep (err -2)
06-26 01:40:01.974     0     0 W [   11.717990@3]  sprdbt_tty: Unknown symbol marlin_set_wakeup (err -2)
06-26 01:40:01.978     0     0 W [   11.718887@3]  sprdbt_tty: Unknown symbol get_wcn_bus_ops (err -2)
06-26 01:40:01.978     0     0 W [   11.719552@3]  sprdbt_tty: Unknown symbol marlin_get_power_state (err -2)
06-26 01:40:02.058     0     0 I [   11.799426@1]  logd: logd reinit
06-26 01:40:02.058     0     0 E [   11.800863@1]  logd: FrameworkListener: read() failed (Connection reset by peer)
06-26 01:40:02.394     0     0 I [   12.136955@1]  update_verifier: Started with arg 1: nonencrypted
06-26 01:40:02.402     0     0 I [   12.140770@3]  update_verifier: Booting slot 0: isSlotMarkedSuccessful=1
06-26 01:40:02.402     0     0 I [   12.143528@3]  update_verifier: Leaving update_verifier.
06-26 01:40:02.486     0     0 I         : [   12.227838@0]  file system registered
06-26 01:40:02.490     0     0 W         : [   12.233560@1]  using random self ethernet address
06-26 01:40:02.490     0     0 W         : [   12.233593@1]  using random host ethernet address
06-26 01:40:02.494     0     0 W         : [   12.235969@2]  using random self ethernet address
06-26 01:40:02.494     0     0 W         : [   12.236004@2]  using random host ethernet address
06-26 01:40:02.502     0     0 I         : [   12.243731@3]  assign_ffs_buffer FFS_BUFFER_MAX=256!!!
06-26 01:40:02.506     0     0 I         : [   12.250180@0]  assign_ffs_buffer FFS_BUFFER_MAX=256!!!
06-26 01:40:02.510     0     0 I         : [   12.253955@0]  assign_ffs_buffer FFS_BUFFER_MAX=256!!!
06-26 01:40:02.530     0     0 W         : [   12.271807@1]  ammvdec_h264 module init
06-26 01:40:02.542     0     0 W         : [   12.284462@0]  ammvdec_h264 module init
06-26 01:40:02.559     0     0 D         : [   12.300628@3]  amvdec_h265 module init
06-26 01:40:02.567     0     0 D         : [   12.310528@3]  amvdec_h265 module init
06-26 01:40:02.582     0     0 W         : [   12.326134@0]  ammvdec_mpeg12 module init
06-26 01:40:02.590     0     0 W         : [   12.332049@1]  ammvdec_mpeg12 module init
06-26 01:40:02.594     0     0 W         : [   12.336342@3]  ammvdec_mpeg4_driver_init_module
06-26 01:40:02.598     0     0 W         : [   12.341160@1]  ammvdec_mpeg4_driver_init_module
06-26 01:40:02.602     0     0 W [   12.345054@3]  0: amvdec_vc1 module init
06-26 01:40:02.611     0     0 D         : [   12.354373@1]  amvdec_vp9 module init
06-26 01:40:02.622     0     0 D         : [   12.363393@1]  amvdec_vp9 module init
06-26 01:40:02.642     0     0 W         : [   12.385044@1]  vpu_init
06-26 01:40:02.642     0     0 W         : [   12.385073@1]  The chip is not support hevc encoder
06-26 01:40:02.686     0     0 I         : [   12.429443@0]  v4l dec module init
06-26 01:40:02.687     0     0 I         : [   12.430455@1]  aml-vcodec-dec vcodec_dec: v4ldec registered as /dev/video26
06-26 01:40:02.694     0     0 E         : [   12.434894@1]  register_amlogic_afbc_dec_fun
06-26 01:40:02.706     0     0 D         : [   12.450020@1]  amvdec_av1 module init
06-26 01:40:02.718     0     0 D         : [   12.461508@3]  amvdec_av1 module init
06-26 01:40:03.082     0     0 I [   12.819229@0]  gxbb_pm: early_suspend_state=0
06-26 01:40:03.126     0     0 I [   12.867096@2]  dim: load 0xa00 pq len 115 later.
06-26 01:40:03.255     0     0 W [   12.992941@2]  healthd: No battery devices found
06-26 01:40:03.255     0     0 W [   12.998741@2]  healthd: battery none chg=a
06-26 01:40:03.358     0     0 E [   13.099786@2]  map_store: rm default
06-26 01:40:03.358     0     0 E [   13.100400@2]  map_store: add default decoder ppmgr deinterlace amvideo
06-26 01:40:03.370     0     0 I [   13.113006@2]  audio_dsp: drc high cut scale set to 0%
06-26 01:40:03.370     0     0 I [   13.114146@2]  audio_dsp: drc low boost scale set to 0%
06-26 01:40:03.374     0     0 I [   13.117911@0]  audio_dsp: drc mode set to RF
06-26 01:40:03.449   379   379 I android.hardware.wifi@1.0-service.droidlogic: Wifi Hal is booting up...
06-26 01:40:03.454   379   379 I HidlServiceManagement: Registered android.hardware.wifi@1.5::IWifi/default
06-26 01:40:03.457   410   410 I gsid    : no DSU: No such file or directory
06-26 01:40:03.484     0     0 E [   13.224400@3]  init: Unable to set property 'ro.tv.mirada.hardware.manufacture' from uid:0 gid:0 pid:207: SELinux permission check failed
06-26 01:40:03.484     0     0 E [   13.228509@3]  init: Unable to set property 'ro.tv.mirada.hardware.model' from uid:0 gid:0 pid:207: SELinux permission check failed
06-26 01:40:03.610     0     0 I         : [   13.353722@0]  video_composer_open iminor(inode) =0
06-26 01:40:03.610     0     0 I [   13.353868@0]  vc: [0]vd_render_index_get: render_index is 0.
06-26 01:40:03.622     0     0 I         : [   13.354978@0]  video_composer_open iminor(inode) =1
06-26 01:40:03.622     0     0 I [   13.355109@0]  vc: [1]vd_render_index_get: render_index is 1.
06-26 01:40:03.790     0     0 I [   13.531751@2]  hdmitx: system: set hdcp_pwr 1
06-26 01:40:03.846     0     0 I [   13.590086@1]  hdmitx: system: restore hdcp_pwr 0
06-26 01:40:03.854     0     0 I [   13.597880@0]  hdmitx: avmute_store -1
06-26 01:40:03.923     0     0 E [   13.664863@0]  init: Could not start service 'qpltest' as part of class 'main': Cannot find '/vendor/bin/qpl.sh': No such file or directory
06-26 01:40:03.923     0     0 E [   13.666098@0]  init: Could not start service 'vendor_flash_recovery' as part of class 'main': Cannot find '/vendor/bin/install-recovery.sh': No such file or directory
06-26 01:40:04.056   461   461 I installd: installd firing up
06-26 01:40:04.135   467   467 W storaged: health: invalid battery status
06-26 01:40:04.159   468   468 I wificond: wificond is starting up...
06-26 01:40:04.165   468   468 I HidlServiceManagement: Registered android.system.wifi.keystore@1.0::IKeystore/default
06-26 01:40:04.691     0     0 E [   14.432175@0]  init: Control message: Could not find 'aidl/package_native' for ctl.interface_start from pid: 222 (/system/bin/servicemanager)
06-26 01:40:04.691     0     0 I         : [   14.433834@3]  read descriptors
06-26 01:40:04.692     0     0 I         : [   14.433932@3]  read strings
06-26 01:40:04.692     0     0 W         : [   14.434798@0]  USB RESET
06-26 01:40:05.362     0     0 I [   15.105807@3]  hdmitx: hdmitx20_ext_get_audio_status[3196] val = 1
06-26 01:40:05.446     0     0 I [   15.180593@3]  audio_ddr_mngr: frddrs[0] registered by device fe330000.audiobus:tdm@2
06-26 01:40:05.446     0     0 D         : [   15.181005@3]  aml_tdm_set_fmt...0x4001, id(2), clksel(2)
06-26 01:40:05.446     0     0 I         : [   15.181027@3]  master_mode(1), binv(1), finv(1) out_skew(2), in_skew(3)
06-26 01:40:05.446     0     0 D         : [   15.181739@3]  dump_pcm_setting...(0000000000000000)
06-26 01:40:05.446     0     0 D         : [   15.181749@3]  	pcm_mode(1)
06-26 01:40:05.446     0     0 D         : [   15.181753@3]  	sysclk(12288000)
06-26 01:40:05.446     0     0 D         : [   15.181757@3]  	sysclk_bclk_ratio(4)
06-26 01:40:05.446     0     0 D         : [   15.181761@3]  	bclk(3072000)
06-26 01:40:05.446     0     0 D         : [   15.181765@3]  	bclk_lrclk_ratio(64)
06-26 01:40:05.446     0     0 D         : [   15.181769@3]  	lrclk(48000)
06-26 01:40:05.446     0     0 D         : [   15.181773@3]  	tx_mask(0x3)
06-26 01:40:05.446     0     0 D         : [   15.181777@3]  	rx_mask(0x3)
06-26 01:40:05.446     0     0 D         : [   15.181780@3]  	slots(2)
06-26 01:40:05.446     0     0 D         : [   15.181785@3]  	slot_width(32)
06-26 01:40:05.446     0     0 D         : [   15.181788@3]  	lane_mask_in(0x1)
06-26 01:40:05.446     0     0 D         : [   15.181792@3]  	lane_mask_out(0x1)
06-26 01:40:05.446     0     0 I [   15.181800@3]  aml_set_tdm_mclk_s4: force_mpll = 0, freq = 12288000
06-26 01:40:05.446     0     0 D         : [   15.182525@3]  aml_tdm_set_clkdiv, div 4, clksel(2)
06-26 01:40:05.446     0     0 D         : [   15.182542@3]  aml_set_bclk_ratio, select I2S mode
06-26 01:40:05.446     0     0 D         : [   15.182556@3]  aml_tdm_hw_setting_init(), enable mclk for tdm-2
06-26 01:40:05.446     0     0 D         : [   15.182761@3]  aml_tdm_prepare(), reset fddr
06-26 01:40:05.446     0     0 D         : [   15.182795@3]  dump_pcm_setting...(0000000000000000)
06-26 01:40:05.446     0     0 D         : [   15.182799@3]  	pcm_mode(1)
06-26 01:40:05.446     0     0 D         : [   15.182803@3]  	sysclk(12288000)
06-26 01:40:05.446     0     0 D         : [   15.182807@3]  	sysclk_bclk_ratio(4)
06-26 01:40:05.446     0     0 D         : [   15.182811@3]  	bclk(3072000)
06-26 01:40:05.446     0     0 D         : [   15.182815@3]  	bclk_lrclk_ratio(64)
06-26 01:40:05.446     0     0 D         : [   15.182819@3]  	lrclk(48000)
06-26 01:40:05.446     0     0 D         : [   15.182823@3]  	tx_mask(0x3)
06-26 01:40:05.446     0     0 D         : [   15.182827@3]  	rx_mask(0x3)
06-26 01:40:05.446     0     0 D         : [   15.182831@3]  	slots(2)
06-26 01:40:05.446     0     0 D         : [   15.182836@3]  	slot_width(32)
06-26 01:40:05.446     0     0 D         : [   15.182840@3]  	lane_mask_in(0x1)
06-26 01:40:05.446     0     0 D         : [   15.182844@3]  	lane_mask_out(0x1)
06-26 01:40:05.446     0     0 I [   15.182851@3]  aml_set_tdm_mclk_s4: force_mpll = 0, freq = 12288000
06-26 01:40:05.446     0     0 D         : [   15.183299@3]  aml_tdm_set_clkdiv, div 4, clksel(2)
06-26 01:40:05.446     0     0 D         : [   15.183316@3]  aml_set_bclk_ratio, select I2S mode
06-26 01:40:05.446     0     0 D         : [   15.183329@3]  aml_tdm_hw_setting_init(), enable mclk for tdm-2
06-26 01:40:05.446     0     0 D         : [   15.183341@3]  ss_prepare() 250, lvl 1
06-26 01:40:05.446     0     0 I         : [   15.183346@3]  ss_prepare[258], hdmitx src switch to spdif 0
06-26 01:40:05.446     0     0 I         : [   15.183975@3]  sharebuffer_spdifout_prepare  get_hdmitx_audio_src(rtd->card):0  spdif_id:0
06-26 01:40:05.446     0     0 I [   15.185027@3]  hdmitx: hdmitx_notify_callback_a[6755] audio prepare
06-26 01:40:05.446     0     0 D         : [   15.185785@3]  spdif_a fifo ctrl, frddr:0 type:1, 16 bits, chmask 0x3, swap 0x10
06-26 01:40:05.446     0     0 I [   15.185800@3]  hdmitx: hdmitx_notify_callback_a[6761] type:1 rate:3 size:1 chs:2 i2s_ch_mask:1 aud_src_if:0
06-26 01:40:05.446     0     0 I [   15.187069@3]  hdmitx: hdmitx_set_i2s_mask[6716] ch_num 2 ch_msk 1
06-26 01:40:05.446     0     0 I [   15.187781@3]  hdmitx: hdmitx_notify_callback_a[6768] aud_src_if is 0, aud_output_ch is 0x0, reset aud_output_ch as 0
06-26 01:40:05.446     0     0 I [   15.189097@3]  hdmitx: audio: aout notify format CT_PCM
06-26 01:40:05.453     0     0 I [   15.192858@3]  hdmitx: audio: set audio param
06-26 01:40:05.454     0     0 D [   15.192903@3]  audio_ddr_mngr: frddr_set_sharebuffer_enable share lvl: 1, dst_src: 3
06-26 01:40:05.454     0     0 I         : [   15.193038@3]  aml_T9015_audio_set_bias_level
06-26 01:40:05.454     0     0 I         : [   15.193337@3]  aml_T9015_audio_set_bias_level
06-26 01:40:05.454     0     0 D         : [   15.193859@3]  tdm playback mute: 0, lane_cnt = 4
06-26 01:40:05.454     0     0 D         : [   15.195575@3]  asoc-aml-card auge_sound: TDM[2] Playback enable
06-26 01:40:05.454     0     0 D         : [   15.195606@3]  ss_trigger() ss 3
06-26 01:40:05.454     0     0 D         : [   15.195613@3]  spdif_a is set to enable
06-26 01:40:05.454     0     0 D         : [   15.195728@3]  ss_mute() 378, mute 0, id 0
06-26 01:40:05.690     0     0 E [   15.430563@1]  init: Control message: Could not find 'aidl/package_native' for ctl.interface_start from pid: 222 (/system/bin/servicemanager)
06-26 01:40:05.730     0     0 I         : [   15.472019@1]  update audio atmos flag! audio_type = 0
06-26 01:40:05.863     0     0 I [   15.604321@2]  hdmitx: system: set hdcp_pwr 1
06-26 01:40:05.907     0     0 I [   15.650406@0]  hdmitx: system: restore hdcp_pwr 0
06-26 01:40:05.907     0     0 W         : [   15.650583@0]  amhdmitx amhdmitx0: hdmitx20: stop14
06-26 01:40:05.907     0     0 W         : [   15.651353@0]  amhdmitx amhdmitx0: hdmitx20: stop22
06-26 01:40:05.918     0     0 I [   15.659754@0]  hdmitx: system: hdcp: set mode as 2
06-26 01:40:06.058     0     0 I         : [   15.799120@1]  the esm code address is ffffffc010f03000
06-26 01:40:06.058     0     0 I         : [   15.799345@1]  the esm data address is ffffffc010f34000
06-26 01:40:06.058     0     0 I         : [   15.800568@1]  info.hpi_base = 0xfe032000 region_name:ESM-FE032000
06-26 01:40:06.058     0     0 I         : [   15.800712@1]  esm data = 00000000e0eac30a size:131072
06-26 01:40:06.066     0     0 I [   15.807888@0]  hdmitx: hw: hdcp22: Nonce HW  Vld: 1
06-26 01:40:06.690     0     0 E [   16.431226@1]  init: Control message: Could not find 'aidl/package_native' for ctl.interface_start from pid: 222 (/system/bin/servicemanager)
06-26 01:40:06.715   533   584 V BootAnimation: Surface size has been limited to [1920x1080] from [3840x2160]
06-26 01:40:07.551   333   333 D Zygote32Timing: PreloadResources took to complete: 1206ms
06-26 01:40:07.690     0     0 E [   17.432517@0]  init: Control message: Could not find 'aidl/package_native' for ctl.interface_start from pid: 222 (/system/bin/servicemanager)
06-26 01:40:07.757   333   333 D Zygote32Timing: PostZygoteInitGC took to complete: 60ms
06-26 01:40:07.758   333   333 D Zygote32Timing: ZygoteInit took to complete: 1465ms
06-26 01:40:08.014     0     0 I [   17.754767@2]  hdmitx: hdcptx: 2  auth: 1
06-26 01:40:08.186     0     0 I [   17.929757@3]  hdmitx: avmute_store -1
06-26 01:40:08.336   589   589 I SystemServerTiming: InitBeforeStartServices
06-26 01:40:08.354   589   589 I SystemServer: Entered the Android system server!
06-26 01:40:08.374     0     0 I [   18.114923@1]  hdmitx: hdmitx: set hdcp22 content type 1
06-26 01:40:08.690     0     0 E [   18.433310@0]  init: Control message: Could not find 'aidl/package_native' for ctl.interface_start from pid: 222 (/system/bin/servicemanager)
06-26 01:40:08.847   589   589 I SystemServerInitThreadPool: Creating instance with 4 threads
06-26 01:40:09.203   467   467 E storaged: getService package_native failed
06-26 01:40:09.205   467   609 I storaged: storaged: Start
06-26 01:40:09.676   589   589 D SystemServerTiming: InitBeforeStartServices took to complete: 1339ms
06-26 01:40:09.676   589   589 I SystemServerTiming: StartServices
06-26 01:40:09.676   589   589 I SystemServerTiming: startBootstrapServices
06-26 01:40:09.676   589   589 I SystemServerTiming: StartWatchdog
06-26 01:40:09.686   589   589 D SystemServerTiming: StartWatchdog took to complete: 11ms
06-26 01:40:09.687   589   589 I SystemServer: Reading configuration...
06-26 01:40:09.687   589   589 I SystemServerTiming: ReadingSystemConfig
06-26 01:40:09.687   589   589 D SystemServerTiming: ReadingSystemConfig took to complete: 1ms
06-26 01:40:09.688   589   622 I SystemServerTimingAsync: InitThreadPoolExec:ReadingSystemConfig
06-26 01:40:09.688   589   622 D SystemServerInitThreadPool: Started executing ReadingSystemConfig
06-26 01:40:09.688   589   589 I SystemServerTiming: PlatformCompat
06-26 01:40:09.690   589   622 I SystemConfig: Reading permissions from /system/etc/sysconfig/hiddenapi-package-whitelist.xml
06-26 01:40:09.692   589   589 D CompatConfig: Found a config file: /system/etc/compatconfig/framework-platform-compat-config.xml
06-26 01:40:09.694   589   622 I SystemConfig: Reading permissions from /system/etc/sysconfig/framework-sysconfig.xml
06-26 01:40:09.694     0     0 E [   19.434141@3]  init: Control message: Could not find 'aidl/package_native' for ctl.interface_start from pid: 222 (/system/bin/servicemanager)
06-26 01:40:09.696   589   622 I SystemConfig: Reading permissions from /system/etc/sysconfig/preinstalled-packages-platform.xml
06-26 01:40:09.697   589   589 D CompatConfig: Adding: com.android.server.compat.config.Change@9cfc321
06-26 01:40:09.699   589   589 D CompatConfig: Adding: com.android.server.compat.config.Change@7705346
06-26 01:40:09.699   589   622 I SystemConfig: Reading permissions from /system/etc/sysconfig/netflix.xml
06-26 01:40:09.699   589   589 D CompatConfig: Adding: com.android.server.compat.config.Change@1525a34
06-26 01:40:09.700   589   589 D CompatConfig: Adding: com.android.server.compat.config.Change@fc4705d
06-26 01:40:09.701   589   589 D CompatConfig: Adding: com.android.server.compat.config.Change@5ce5dd2
06-26 01:40:09.701   589   622 I SystemConfig: Reading permissions from /system/etc/sysconfig/operator-flags.xml
06-26 01:40:09.701   589   589 D CompatConfig: Adding: com.android.server.compat.config.Change@cd4e5a0
06-26 01:40:09.702   589   589 D CompatConfig: Adding: com.android.server.compat.config.Change@e5cb559
06-26 01:40:09.703   589   622 I SystemConfig: Reading permissions from /system/etc/sysconfig/preinstalled-packages-com.android.providers.media.module.xml
06-26 01:40:09.704   589   589 D CompatConfig: Adding: com.android.server.compat.config.Change@14c01ff
06-26 01:40:09.705   589   589 D CompatConfig: Adding: com.android.server.compat.config.Change@32bbcc
06-26 01:40:09.705   589   589 D CompatConfig: Adding: com.android.server.compat.config.Change@69a4e15
06-26 01:40:09.706   589   622 I SystemConfig: Reading permissions from /system/etc/permissions/android.hardware.bluetooth.xml
06-26 01:40:09.706   589   589 D CompatConfig: Adding: com.android.server.compat.config.Change@f68bf1b
06-26 01:40:09.707   589   589 D CompatConfig: Adding: com.android.server.compat.config.Change@3b5c8b8
06-26 01:40:09.707   589   589 D CompatConfig: Adding: com.android.server.compat.config.Change@ddeb691
06-26 01:40:09.708   589   622 I SystemConfig: Reading permissions from /system/etc/permissions/android.test.runner.xml
06-26 01:40:09.708   589   589 D CompatConfig: Adding: com.android.server.compat.config.Change@7ca31f7
06-26 01:40:09.709   589   589 D CompatConfig: Adding: com.android.server.compat.config.Change@85ab864
06-26 01:40:09.710   589   589 D CompatConfig: Adding: com.android.server.compat.config.Change@b45df82
06-26 01:40:09.710   589   622 I SystemConfig: Reading permissions from /system/etc/permissions/com.android.media.remotedisplay.xml
06-26 01:40:09.711   589   589 D CompatConfig: Adding: com.android.server.compat.config.Change@765f693
06-26 01:40:09.711   589   589 D CompatConfig: Adding: com.android.server.compat.config.Change@3cf6d0
06-26 01:40:09.712   589   622 I SystemConfig: Reading permissions from /system/etc/permissions/android.test.mock.xml
06-26 01:40:09.712   589   589 D CompatConfig: Adding: com.android.server.compat.config.Change@8f671ce
