06-26 20:29:15.483   593   593 I SystemServerTiming: StartHardwarePropertiesManagerService
06-26 20:29:15.497     0     0 I         : [   26.192241@1]  read descriptors
06-26 20:29:15.497     0     0 I         : [   26.192283@1]  read strings
06-26 20:29:15.497     0     0 I         : [   26.192403@1]  read descriptors
06-26 20:29:15.497     0     0 I         : [   26.192698@1]  read strings
06-26 20:29:15.487   593   593 D SystemServerTiming: StartHardwarePropertiesManagerService took to complete: 5ms
06-26 20:29:15.488   593   593 I SystemServerTiming: StartTwilightService
06-26 20:29:15.488   593   593 I SystemServiceManager: Starting com.android.server.twilight.TwilightService
06-26 20:29:15.488   593   593 D SystemServerTiming: StartTwilightService took to complete: 1ms
06-26 20:29:15.488   593   593 I SystemServerTiming: StartColorDisplay
06-26 20:29:15.488   593   593 I SystemServiceManager: Starting com.android.server.display.color.ColorDisplayService
06-26 20:29:15.499   593   676 W StorageManagerService: No primary storage defined yet; hacking together a stub
06-26 20:29:15.504   593   593 D SystemServerTiming: StartColorDisplay took to complete: 16ms
06-26 20:29:15.505   593   647 I UsbDeviceManager: Usb gadget hal service started android.hardware.usb.gadget@1.0::IUsbGadget default
06-26 20:29:15.506   593   593 I SystemServerTiming: StartJobScheduler
06-26 20:29:15.507   593   593 I SystemServiceManager: Starting com.android.server.job.JobSchedulerService
06-26 20:29:15.518   593   620 E UsbDeviceManager: prcessing MSG_GET_CURRENT_USB_FUNCTIONS
06-26 20:29:15.518   593   620 E UsbDeviceManager: updating mCurrentFunctions
06-26 20:29:15.518   593   620 E UsbDeviceManager: mCurrentFunctions:0applied:1
06-26 20:29:15.522   593   740 I UsbPortManager: Usb hal service started android.hardware.usb@1.0::IUsb default
06-26 20:29:15.523   593   593 D JobStore: Start tag: job-info
06-26 20:29:15.528   593   740 I UsbPortManager: USB HAL version: 10
06-26 20:29:15.531   593   593 W JobStore: Periodic job for uid='10054' persisted run-time is too big [00:26, 2562047788015:12:55]. Clamping to [6:00:26,12:00:26]
06-26 20:29:15.531   593   676 D SystemServerInitThreadPool: Finished executing UsbService$Lifecycle#onStart
06-26 20:29:15.531   593   676 D SystemServerTimingAsync: InitThreadPoolExec:UsbService$Lifecycle#onStart took to complete: 54ms
06-26 20:29:15.532   593   593 I JobStore: Read 9 jobs
06-26 20:29:15.549   593   593 V HistoricalRegistry: Interaction before persistence initialized
06-26 20:29:15.550   593   593 V HistoricalRegistry: Interaction before persistence initialized
06-26 20:29:15.551   593   593 D SystemServerTiming: StartJobScheduler took to complete: 46ms
06-26 20:29:15.551   593   593 I SystemServerTiming: StartSoundTrigger
06-26 20:29:15.551   593   593 I SystemServiceManager: Starting com.android.server.soundtrigger.SoundTriggerService
06-26 20:29:15.559   593   593 D SystemServerTiming: StartSoundTrigger took to complete: 7ms
06-26 20:29:15.559   593   593 I SystemServerTiming: StartTrustManager
06-26 20:29:15.559   593   593 I SystemServiceManager: Starting com.android.server.trust.TrustManagerService
06-26 20:29:15.565   593   593 D SystemServerTiming: StartTrustManager took to complete: 5ms
06-26 20:29:15.566   593   593 I SystemServerTiming: StartBackupManager
06-26 20:29:15.566   593   593 I SystemServiceManager: Starting com.android.server.backup.BackupManagerService$Lifecycle
06-26 20:29:15.569   593   593 D SystemServerTiming: StartBackupManager took to complete: 3ms
06-26 20:29:15.569   593   593 I SystemServerTiming: StartAppWidgetService
06-26 20:29:15.569   593   593 I SystemServiceManager: Starting com.android.server.appwidget.AppWidgetService
06-26 20:29:15.573   593   593 D SystemServerTiming: StartAppWidgetService took to complete: 5ms
06-26 20:29:15.574   593   593 I SystemServerTiming: StartVoiceRecognitionManager
06-26 20:29:15.574   593   593 I SystemServiceManager: Starting com.android.server.voiceinteraction.VoiceInteractionManagerService
06-26 20:29:15.603   593   593 D SystemServerTiming: StartVoiceRecognitionManager took to complete: 30ms
06-26 20:29:15.603   593   593 I SystemServerTiming: StartAppHibernationService
06-26 20:29:15.604   593   593 I SystemServiceManager: Starting com.android.server.apphibernation.AppHibernationService
06-26 20:29:15.608   593   593 D SystemServerTiming: StartAppHibernationService took to complete: 4ms
06-26 20:29:15.608   593   593 I SystemServerTiming: StartGestureLauncher
06-26 20:29:15.609   593   593 I SystemServiceManager: Starting com.android.server.GestureLauncherService
06-26 20:29:15.609   593   593 D SystemServerTiming: StartGestureLauncher took to complete: 0ms
06-26 20:29:15.609   593   593 I SystemServerTiming: StartSensorNotification
06-26 20:29:15.609   593   593 I SystemServiceManager: Starting com.android.server.SensorNotificationService
06-26 20:29:15.609   593   593 D SystemServerTiming: StartSensorNotification took to complete: 0ms
06-26 20:29:15.610   593   593 I SystemServerTiming: StartDiskStatsService
06-26 20:29:15.615   593   593 D SystemServerTiming: StartDiskStatsService took to complete: 5ms
06-26 20:29:15.615   593   593 I SystemServerTiming: RuntimeService
06-26 20:29:15.616   593   593 D SystemServerTiming: RuntimeService took to complete: 1ms
06-26 20:29:15.616   593   593 I SystemServerTiming: StartNetworkTimeUpdateService
06-26 20:29:15.619   593   593 D SystemServerTiming: StartNetworkTimeUpdateService took to complete: 3ms
06-26 20:29:15.619   593   593 I SystemServerTiming: CertBlacklister
06-26 20:29:15.620   593   593 D SystemServerTiming: CertBlacklister took to complete: 1ms
06-26 20:29:15.620   593   593 I SystemServerTiming: StartEmergencyAffordanceService
06-26 20:29:15.620   593   593 I SystemServiceManager: Starting com.android.server.emergency.EmergencyAffordanceService
06-26 20:29:15.623   593   593 D SystemServerTiming: StartEmergencyAffordanceService took to complete: 2ms
06-26 20:29:15.623   593   593 I SystemServerTiming: StartDreamManager
06-26 20:29:15.623   593   627 I SystemServerTimingAsync: InitThreadPoolExec:startBlobStoreManagerService
06-26 20:29:15.623   593   627 D SystemServerInitThreadPool: Started executing startBlobStoreManagerService
06-26 20:29:15.623   593   627 I SystemServerTimingAsync: startBlobStoreManagerService
06-26 20:29:15.623   593   593 I SystemServiceManager: Starting com.android.server.dreams.DreamManagerService
06-26 20:29:15.624   593   627 I SystemServiceManager: Starting com.android.server.blob.BlobStoreManagerService
06-26 20:29:15.625   593   593 D SystemServerTiming: StartDreamManager took to complete: 3ms
06-26 20:29:15.625   593   593 I SystemServerTiming: AddGraphicsStatsService
06-26 20:29:15.628   593   627 D SystemServerTimingAsync: startBlobStoreManagerService took to complete: 5ms
06-26 20:29:15.628   593   627 D SystemServerInitThreadPool: Finished executing startBlobStoreManagerService
06-26 20:29:15.628   593   627 D SystemServerTimingAsync: InitThreadPoolExec:startBlobStoreManagerService took to complete: 5ms
06-26 20:29:15.637   593   593 D SystemServerTiming: AddGraphicsStatsService took to complete: 11ms
06-26 20:29:15.637   593   593 I SystemServerTiming: StartRestrictionManager
06-26 20:29:15.637   593   593 I SystemServiceManager: Starting com.android.server.restrictions.RestrictionsManagerService
06-26 20:29:15.640   593   593 D SystemServerTiming: StartRestrictionManager took to complete: 2ms
06-26 20:29:15.640   593   593 I SystemServerTiming: StartMediaSessionService
06-26 20:29:15.641   593   593 I SystemServiceManager: Starting com.android.server.media.MediaSessionService
06-26 20:29:15.646   593   593 D SystemServerTiming: StartMediaSessionService took to complete: 6ms
06-26 20:29:15.646   593   593 I SystemServerTiming: StartHdmiControlService
06-26 20:29:15.646   593   593 I SystemServiceManager: Starting com.android.server.hdmi.HdmiControlService
06-26 20:29:15.661   593   593 D HdmiCecActiveness: setState inactive mState:null
06-26 20:29:15.665   593   593 D HdmiCecActiveness: notify active state changes completed
06-26 20:29:15.669   593   593 I EarcController: EarcController initEarcState supported:true
06-26 20:29:15.669   593   593 D EarcController: initEarcState settings:true
06-26 20:29:15.669   593   593 D EarcController: setEarcMode true
06-26 20:29:15.676   593   593 D EarcController: setEarcHalSettings true
06-26 20:29:15.681   593   593 D HDMI    : Getting CEC setting value 'hdmi_cec_enabled'.
06-26 20:29:15.681   593   593 D HDMI    : Reading 'hdmi_control_enabled' global setting.
06-26 20:29:15.682   593   593 D HDMI    : Getting CEC setting value 'volume_control_enabled'.
06-26 20:29:15.682   593   593 D HDMI    : Reading 'hdmi_control_volume_control_enabled' global setting.
06-26 20:29:15.691   593   593 D HDMI    : soundbar mode:false
06-26 20:29:15.694   593   593 E HDMI    : [1]:Couldn't connect to cec@1.1java.util.NoSuchElementException
06-26 20:29:15.695   593   593 W HDMI    : [1]:Couldn't get tv.cec service.
06-26 20:29:15.695   593   593 W HDMI    : [1]:Unable to use cec@1.1
06-26 20:29:15.701   593   593 I HdmiControlService: Device does not support MHL-control.
06-26 20:29:15.702   593   593 D HDMI    : setOption: [flag:2, enabled:false]
06-26 20:29:15.705     0     0 W         : [   26.403769@3]  [RX]-cec cfg = 2
06-26 20:29:15.703   593   593 D HdmiCecActiveness: setState disabled mState:inactive
06-26 20:29:15.704   593   593 D HdmiCecActiveness: notify active state changes completed
06-26 20:29:15.707   593   593 D HDMI    : initPortInfo port info:port_id: 0, type: HDMI_OUT, address: 0x3000, cec: true, arc: true, mhl: false
06-26 20:29:15.726   593   593 W SystemServiceManager: Service com.android.server.hdmi.HdmiControlService took 62 ms in onStart
06-26 20:29:15.726   593   593 D SystemServerTiming: StartHdmiControlService took to complete: 81ms
06-26 20:29:15.726   593   593 I SystemServerTiming: StartTvInputManager
06-26 20:29:15.727   593   593 I SystemServiceManager: Starting com.android.server.tv.TvInputManagerService
06-26 20:29:15.736   593   593 D SystemServerTiming: StartTvInputManager took to complete: 9ms
06-26 20:29:15.736   593   593 I SystemServerTiming: StartMediaResourceMonitor
06-26 20:29:15.736   593   593 I SystemServiceManager: Starting com.android.server.media.MediaResourceMonitorService
06-26 20:29:15.737   593   593 D SystemServerTiming: StartMediaResourceMonitor took to complete: 2ms
06-26 20:29:15.737   593   593 I SystemServerTiming: StartTvRemoteService
06-26 20:29:15.737   593   593 I SystemServiceManager: Starting com.android.server.tv.TvRemoteService
06-26 20:29:15.738   593   593 D SystemServerTiming: StartTvRemoteService took to complete: 1ms
06-26 20:29:15.738   593   593 I SystemServerTiming: StartMediaRouterService
06-26 20:29:15.739   593   593 V HistoricalRegistry: Interaction before persistence initialized
06-26 20:29:15.741   593   593 D SystemServerTiming: StartMediaRouterService took to complete: 2ms
06-26 20:29:15.741   593   593 I SystemServerTiming: StartBiometricService
06-26 20:29:15.741   593   593 I SystemServiceManager: Starting com.android.server.biometrics.BiometricService
06-26 20:29:15.746   593   593 D SystemServerTiming: StartBiometricService took to complete: 4ms
06-26 20:29:15.746   593   593 I SystemServerTiming: StartAuthService
06-26 20:29:15.746   593   593 I SystemServiceManager: Starting com.android.server.biometrics.AuthService
06-26 20:29:15.752   593   593 D SystemServerTiming: StartAuthService took to complete: 6ms
06-26 20:29:15.752   593   593 I SystemServerTiming: StartBackgroundDexOptService
06-26 20:29:15.752   593   593 W BackgroundDexOptService: SysProp pm.dexopt.downgrade_after_inactive_days not set
06-26 20:29:15.753   593   593 D SystemServerTiming: StartBackgroundDexOptService took to complete: 1ms
06-26 20:29:15.753   593   593 I SystemServerTiming: StartDynamicCodeLoggingService
06-26 20:29:15.756   593   593 D SystemServerTiming: StartDynamicCodeLoggingService took to complete: 2ms
06-26 20:29:15.756   593   593 I SystemServerTiming: StartPruneInstantAppsJobService
06-26 20:29:15.757   593   593 D SystemServerTiming: StartPruneInstantAppsJobService took to complete: 1ms
06-26 20:29:15.757   593   593 I SystemServerTiming: StartShortcutServiceLifecycle
06-26 20:29:15.757   593   593 I SystemServiceManager: Starting com.android.server.pm.ShortcutService$Lifecycle
06-26 20:29:15.760   593   593 V HistoricalRegistry: Interaction before persistence initialized
06-26 20:29:15.761   593   593 D SystemServerTiming: StartShortcutServiceLifecycle took to complete: 4ms
06-26 20:29:15.761   593   593 I SystemServerTiming: StartLauncherAppsService
06-26 20:29:15.761   593   593 I SystemServiceManager: Starting com.android.server.pm.LauncherAppsService
06-26 20:29:15.764   593   593 D SystemServerTiming: StartLauncherAppsService took to complete: 3ms
06-26 20:29:15.764   593   593 I SystemServerTiming: StartCrossProfileAppsService
06-26 20:29:15.764   593   593 I SystemServiceManager: Starting com.android.server.pm.CrossProfileAppsService
06-26 20:29:15.766   593   593 D SystemServerTiming: StartCrossProfileAppsService took to complete: 2ms
06-26 20:29:15.766   593   593 I SystemServerTiming: StartPeopleService
06-26 20:29:15.766   593   593 I SystemServiceManager: Starting com.android.server.people.PeopleService
06-26 20:29:15.768   593   593 D SystemServerTiming: StartPeopleService took to complete: 2ms
06-26 20:29:15.768   593   593 I SystemServerTiming: StartMediaMetricsManager
06-26 20:29:15.769   593   593 I SystemServiceManager: Starting com.android.server.media.metrics.MediaMetricsManagerService
06-26 20:29:15.772   593   593 D SystemServerTiming: StartMediaMetricsManager took to complete: 3ms
06-26 20:29:15.772   593   593 I SystemServerTiming: StartMediaProjectionManager
06-26 20:29:15.772   593   593 I SystemServiceManager: Starting com.android.server.media.projection.MediaProjectionManagerService
06-26 20:29:15.776   593   593 D SystemServerTiming: StartMediaProjectionManager took to complete: 5ms
06-26 20:29:15.776   593   593 I SystemServerTiming: StartSliceManagerService
06-26 20:29:15.776   593   593 I SystemServiceManager: Starting com.android.server.slice.SliceManagerService$Lifecycle
06-26 20:29:15.785   593   593 D SystemServerTiming: StartSliceManagerService took to complete: 9ms
06-26 20:29:15.785   593   593 I SystemServerTiming: StartStatsCompanion
06-26 20:29:15.804   593   593 I SystemServiceManager: Starting com.android.server.stats.StatsCompanion$Lifecycle
06-26 20:29:15.817   593   593 D SystemServerTiming: StartStatsCompanion took to complete: 32ms
06-26 20:29:15.818   593   593 I SystemServerTiming: StartRebootReadinessManagerService
06-26 20:29:15.832   593   593 I SystemServiceManager: Starting com.android.server.scheduling.RebootReadinessManagerService$Lifecycle
06-26 20:29:15.845   593   593 D SystemServerTiming: StartRebootReadinessManagerService took to complete: 27ms
06-26 20:29:15.845   593   593 I SystemServerTiming: StartStatsPullAtomService
06-26 20:29:15.846   593   593 I SystemServiceManager: Starting com.android.server.stats.pull.StatsPullAtomService
06-26 20:29:15.846   593   593 D SystemServerTiming: StartStatsPullAtomService took to complete: 2ms
06-26 20:29:15.847   593   593 I SystemServerTiming: StartIncidentCompanionService
06-26 20:29:15.847   593   593 I SystemServiceManager: Starting com.android.server.incident.IncidentCompanionService
06-26 20:29:15.848   593   593 D SystemServerTiming: StartIncidentCompanionService took to complete: 1ms
06-26 20:29:15.848   593   593 I SystemServerTiming: StartMmsService
06-26 20:29:15.848   593   593 I SystemServiceManager: Starting com.android.server.MmsServiceBroker
06-26 20:29:15.850   593   593 D SystemServerTiming: StartMmsService took to complete: 1ms
06-26 20:29:15.850   593   593 I SystemServerTiming: StartAutoFillService
06-26 20:29:15.851   593   593 I SystemServiceManager: Starting com.android.server.autofill.AutofillManagerService
06-26 20:29:15.854   593   593 D AutofillManagerService: setLogLevelFromSettings(): level=2, debug=true, verbose=false
06-26 20:29:15.854   593   593 D AutofillManagerService: setMaxPartitionsFromSettings(): 10
06-26 20:29:15.854   593   593 D AutofillManagerService: setMaxVisibleDatasetsFromSettings(): 0
06-26 20:29:15.858   593   621 D AutofillUI: destroySaveUiUiThread(): already destroyed
06-26 20:29:15.859   593   593 E AutofillManagerServiceImpl: Bad service name: com.google.android.gms/.autofill.service.AutofillService
06-26 20:29:15.859   593   593 D AutofillManagerServiceImpl: Reset component for user 0:com.google.android.gms/.autofill.service.AutofillService
06-26 20:29:15.861   593   593 D SystemServerTiming: StartAutoFillService took to complete: 11ms
06-26 20:29:15.862   593   593 D SystemServer: TranslationService not defined by OEM
06-26 20:29:15.862   593   593 I SystemServerTiming: StartClipboardService
06-26 20:29:15.862   593   593 I SystemServiceManager: Starting com.android.server.clipboard.ClipboardService
06-26 20:29:15.867   593   593 D SystemServerTiming: StartClipboardService took to complete: 6ms
06-26 20:29:15.867   593   593 I SystemServerTiming: AppServiceManager
06-26 20:29:15.867   593   593 I SystemServiceManager: Starting com.android.server.appbinding.AppBindingService$Lifecycle
06-26 20:29:15.869   593   593 D SystemServerTiming: AppServiceManager took to complete: 1ms
06-26 20:29:15.869   593   593 I SystemServerTiming: startTracingServiceProxy
06-26 20:29:15.870   593   593 I SystemServiceManager: Starting com.android.server.tracing.TracingServiceProxy
06-26 20:29:15.872   593   593 D SystemServerTiming: startTracingServiceProxy took to complete: 2ms
06-26 20:29:15.872   593   593 I SystemServerTiming: MakeLockSettingsServiceReady
06-26 20:29:15.882   593   593 I SyntheticPasswordManager: Device does not support weaver
06-26 20:29:15.883   593   593 I LockSettingsService: Device doesn't implement AuthSecret HAL
06-26 20:29:15.886   593   593 D SystemServerTiming: MakeLockSettingsServiceReady took to complete: 15ms
06-26 20:29:15.886   593   593 I SystemServerTiming: StartBootPhaseLockSettingsReady
06-26 20:29:15.886   593   593 I SystemServiceManager: Starting phase 480
06-26 20:29:15.887   593   593 I SystemServerTiming: OnBootPhase_480
06-26 20:29:15.887   593   593 I SystemServerTiming: OnBootPhase_480_com.android.server.security.FileIntegrityService
06-26 20:29:15.887   593   593 D SystemServerTiming: OnBootPhase_480_com.android.server.security.FileIntegrityService took to complete: 0ms
06-26 20:29:15.887   593   593 I SystemServerTiming: OnBootPhase_480_com.android.server.pm.Installer
06-26 20:29:15.887   593   593 D SystemServerTiming: OnBootPhase_480_com.android.server.pm.Installer took to complete: 0ms
06-26 20:29:15.887   593   593 I SystemServerTiming: OnBootPhase_480_com.android.server.os.DeviceIdentifiersPolicyService
06-26 20:29:15.887   593   593 D SystemServerTiming: OnBootPhase_480_com.android.server.os.DeviceIdentifiersPolicyService took to complete: 0ms
06-26 20:29:15.887   593   593 I SystemServerTiming: OnBootPhase_480_com.android.server.uri.UriGrantsManagerService$Lifecycle
06-26 20:29:15.887   593   593 D SystemServerTiming: OnBootPhase_480_com.android.server.uri.UriGrantsManagerService$Lifecycle took to complete: 0ms
06-26 20:29:15.887   593   593 I SystemServerTiming: OnBootPhase_480_com.android.server.powerstats.PowerStatsService
06-26 20:29:15.887   593   593 D SystemServerTiming: OnBootPhase_480_com.android.server.powerstats.PowerStatsService took to complete: 0ms
06-26 20:29:15.887   593   593 I SystemServerTiming: OnBootPhase_480_com.android.server.wm.ActivityTaskManagerService$Lifecycle
06-26 20:29:15.887   593   593 D SystemServerTiming: OnBootPhase_480_com.android.server.wm.ActivityTaskManagerService$Lifecycle took to complete: 0ms
06-26 20:29:15.887   593   593 I SystemServerTiming: OnBootPhase_480_com.android.server.am.ActivityManagerService$Lifecycle
06-26 20:29:15.887   593   593 D SystemServerTiming: OnBootPhase_480_com.android.server.am.ActivityManagerService$Lifecycle took to complete: 0ms
06-26 20:29:15.887   593   593 I SystemServerTiming: OnBootPhase_480_com.android.server.pm.DataLoaderManagerService
06-26 20:29:15.887   593   593 D SystemServerTiming: OnBootPhase_480_com.android.server.pm.DataLoaderManagerService took to complete: 0ms
06-26 20:29:15.887   593   593 I SystemServerTiming: OnBootPhase_480_com.android.server.power.PowerManagerService
06-26 20:29:15.887   593   593 D SystemServerTiming: OnBootPhase_480_com.android.server.power.PowerManagerService took to complete: 0ms
06-26 20:29:15.887   593   593 I SystemServerTiming: OnBootPhase_480_com.android.server.power.ThermalManagerService
06-26 20:29:15.887   593   593 D SystemServerTiming: OnBootPhase_480_com.android.server.power.ThermalManagerService took to complete: 0ms
06-26 20:29:15.887   593   593 I SystemServerTiming: OnBootPhase_480_com.android.server.power.hint.HintManagerService
06-26 20:29:15.887   593   593 D SystemServerTiming: OnBootPhase_480_com.android.server.power.hint.HintManagerService took to complete: 0ms
06-26 20:29:15.887   593   593 I SystemServerTiming: OnBootPhase_480_com.android.server.recoverysystem.RecoverySystemService$Lifecycle
06-26 20:29:15.887   593   593 D SystemServerTiming: OnBootPhase_480_com.android.server.recoverysystem.RecoverySystemService$Lifecycle took to complete: 0ms
06-26 20:29:15.887   593   593 I SystemServerTiming: OnBootPhase_480_com.android.server.lights.LightsService
06-26 20:29:15.887   593   593 D SystemServerTiming: OnBootPhase_480_com.android.server.lights.LightsService took to complete: 0ms
06-26 20:29:15.887   593   593 I SystemServerTiming: OnBootPhase_480_com.android.server.display.DisplayManagerService
06-26 20:29:15.887   593   593 D SystemServerTiming: OnBootPhase_480_com.android.server.display.DisplayManagerService took to complete: 0ms
06-26 20:29:15.888   593   593 I SystemServerTiming: OnBootPhase_480_com.android.server.pm.verify.domain.DomainVerificationService
06-26 20:29:15.888   593   593 D SystemServerTiming: OnBootPhase_480_com.android.server.pm.verify.domain.DomainVerificationService took to complete: 0ms
06-26 20:29:15.888   593   593 I SystemServerTiming: OnBootPhase_480_com.android.server.pm.PackageInstallerService$Lifecycle
06-26 20:29:15.888   593   593 D SystemServerTiming: OnBootPhase_480_com.android.server.pm.PackageInstallerService$Lifecycle took to complete: 0ms
06-26 20:29:15.888   593   593 I SystemServerTiming: OnBootPhase_480_com.android.server.pm.UserManagerService$LifeCycle
06-26 20:29:15.888   593   593 D SystemServerTiming: OnBootPhase_480_com.android.server.pm.UserManagerService$LifeCycle took to complete: 0ms
06-26 20:29:15.888   593   593 I SystemServerTiming: OnBootPhase_480_com.android.server.om.OverlayManagerService
06-26 20:29:15.888   593   593 D SystemServerTiming: OnBootPhase_480_com.android.server.om.OverlayManagerService took to complete: 0ms
06-26 20:29:15.888   593   593 I SystemServerTiming: OnBootPhase_480_com.android.server.SensorPrivacyService
06-26 20:29:15.888   593   593 D SystemServerTiming: OnBootPhase_480_com.android.server.SensorPrivacyService took to complete: 0ms
06-26 20:29:15.888   593   593 I SystemServerTiming: OnBootPhase_480_com.android.server.sensors.SensorService
06-26 20:29:15.888   593   593 D SystemServerTiming: OnBootPhase_480_com.android.server.sensors.SensorService took to complete: 0ms
06-26 20:29:15.888   593   593 I SystemServerTiming: OnBootPhase_480_com.android.server.SystemConfigService
06-26 20:29:15.889   593   593 D SystemServerTiming: OnBootPhase_480_com.android.server.SystemConfigService took to complete: 0ms
06-26 20:29:15.889   593   593 I SystemServerTiming: OnBootPhase_480_com.android.server.BatteryService
06-26 20:29:15.889   593   593 D SystemServerTiming: OnBootPhase_480_com.android.server.BatteryService took to complete: 0ms
06-26 20:29:15.889   593   593 I SystemServerTiming: OnBootPhase_480_com.android.server.usage.UsageStatsService
06-26 20:29:15.889   593   593 D SystemServerTiming: OnBootPhase_480_com.android.server.usage.UsageStatsService took to complete: 0ms
06-26 20:29:15.889   593   593 I SystemServerTiming: OnBootPhase_480_com.android.server.webkit.WebViewUpdateService
06-26 20:29:15.889   593   593 D SystemServerTiming: OnBootPhase_480_com.android.server.webkit.WebViewUpdateService took to complete: 0ms
06-26 20:29:15.889   593   593 I SystemServerTiming: OnBootPhase_480_com.android.server.CachedDeviceStateService
06-26 20:29:15.889   593   593 D SystemServerTiming: OnBootPhase_480_com.android.server.CachedDeviceStateService took to complete: 0ms
06-26 20:29:15.889   593   593 I SystemServerTiming: OnBootPhase_480_com.android.server.BinderCallsStatsService$LifeCycle
06-26 20:29:15.889   593   593 D SystemServerTiming: OnBootPhase_480_com.android.server.BinderCallsStatsService$LifeCycle took to complete: 0ms
06-26 20:29:15.890   593   593 I SystemServerTiming: OnBootPhase_480_com.android.server.LooperStatsService$Lifecycle
06-26 20:29:15.890   593   593 D SystemServerTiming: OnBootPhase_480_com.android.server.LooperStatsService$Lifecycle took to complete: 0ms
06-26 20:29:15.890   593   593 I SystemServerTiming: OnBootPhase_480_com.android.server.rollback.RollbackManagerService
06-26 20:29:15.890   593   593 D SystemServerTiming: OnBootPhase_480_com.android.server.rollback.RollbackManagerService took to complete: 0ms
06-26 20:29:15.890   593   593 I SystemServerTiming: OnBootPhase_480_com.android.server.os.NativeTombstoneManagerService
06-26 20:29:15.890   593   593 D SystemServerTiming: OnBootPhase_480_com.android.server.os.NativeTombstoneManagerService took to complete: 0ms
06-26 20:29:15.890   593   593 I SystemServerTiming: OnBootPhase_480_com.android.server.os.BugreportManagerService
06-26 20:29:15.890   593   593 D SystemServerTiming: OnBootPhase_480_com.android.server.os.BugreportManagerService took to complete: 0ms
06-26 20:29:15.890   593   593 I SystemServerTiming: OnBootPhase_480_com.android.server.gpu.GpuService
06-26 20:29:15.890   593   593 D SystemServerTiming: OnBootPhase_480_com.android.server.gpu.GpuService took to complete: 0ms
06-26 20:29:15.890   593   593 I SystemServerTiming: OnBootPhase_480_com.android.server.security.KeyChainSystemService
06-26 20:29:15.890   593   593 D SystemServerTiming: OnBootPhase_480_com.android.server.security.KeyChainSystemService took to complete: 0ms
06-26 20:29:15.890   593   593 I SystemServerTiming: OnBootPhase_480_com.android.server.telecom.TelecomLoaderService
06-26 20:29:15.890   593   593 D SystemServerTiming: OnBootPhase_480_com.android.server.telecom.TelecomLoaderService took to complete: 0ms
06-26 20:29:15.890   593   593 I SystemServerTiming: OnBootPhase_480_com.android.server.accounts.AccountManagerService$Lifecycle
06-26 20:29:15.890   593   593 D SystemServerTiming: OnBootPhase_480_com.android.server.accounts.AccountManagerService$Lifecycle took to complete: 0ms
06-26 20:29:15.890   593   593 I SystemServerTiming: OnBootPhase_480_com.android.server.content.ContentService$Lifecycle
06-26 20:29:15.890   593   593 D SystemServerTiming: OnBootPhase_480_com.android.server.content.ContentService$Lifecycle took to complete: 0ms
06-26 20:29:15.890   593   593 I SystemServerTiming: OnBootPhase_480_com.android.server.DropBoxManagerService
06-26 20:29:15.890   593   593 D SystemServerTiming: OnBootPhase_480_com.android.server.DropBoxManagerService took to complete: 0ms
06-26 20:29:15.890   593   593 I SystemServerTiming: OnBootPhase_480_com.android.role.RoleService
06-26 20:29:15.890   593   593 D SystemServerTiming: OnBootPhase_480_com.android.role.RoleService took to complete: 0ms
06-26 20:29:15.890   593   593 I SystemServerTiming: OnBootPhase_480_com.android.server.vibrator.VibratorManagerService$Lifecycle
06-26 20:29:15.890   593   593 D SystemServerTiming: OnBootPhase_480_com.android.server.vibrator.VibratorManagerService$Lifecycle took to complete: 0ms
06-26 20:29:15.890   593   593 I SystemServerTiming: OnBootPhase_480_com.android.server.alarm.AlarmManagerService
06-26 20:29:15.890   593   593 D SystemServerTiming: OnBootPhase_480_com.android.server.alarm.AlarmManagerService took to complete: 0ms
06-26 20:29:15.890   593   593 I SystemServerTiming: OnBootPhase_480_com.android.server.devicestate.DeviceStateManagerService
06-26 20:29:15.891   593   593 D SystemServerTiming: OnBootPhase_480_com.android.server.devicestate.DeviceStateManagerService took to complete: 0ms
06-26 20:29:15.891   593   593 I SystemServerTiming: OnBootPhase_480_com.android.server.camera.CameraServiceProxy
06-26 20:29:15.891   593   593 D SystemServerTiming: OnBootPhase_480_com.android.server.camera.CameraServiceProxy took to complete: 0ms
06-26 20:29:15.891   593   593 I SystemServerTiming: OnBootPhase_480_com.android.server.BluetoothService
06-26 20:29:15.891   593   593 D SystemServerTiming: OnBootPhase_480_com.android.server.BluetoothService took to complete: 0ms
06-26 20:29:15.891   593   593 I SystemServerTiming: OnBootPhase_480_com.android.server.connectivity.IpConnectivityMetrics
06-26 20:29:15.891   593   593 D SystemServerTiming: OnBootPhase_480_com.android.server.connectivity.IpConnectivityMetrics took to complete: 0ms
06-26 20:29:15.891   593   593 I SystemServerTiming: OnBootPhase_480_com.android.server.net.watchlist.NetworkWatchlistService$Lifecycle
06-26 20:29:15.891   593   593 D SystemServerTiming: OnBootPhase_480_com.android.server.net.watchlist.NetworkWatchlistService$Lifecycle took to complete: 0ms
06-26 20:29:15.891   593   593 I SystemServerTiming: OnBootPhase_480_com.android.server.PinnerService
06-26 20:29:15.891   593   593 D SystemServerTiming: OnBootPhase_480_com.android.server.PinnerService took to complete: 0ms
06-26 20:29:15.891   593   593 I SystemServerTiming: OnBootPhase_480_com.google.android.startop.iorap.IorapForwardingService
06-26 20:29:15.891   593   593 D SystemServerTiming: OnBootPhase_480_com.google.android.startop.iorap.IorapForwardingService took to complete: 0ms
06-26 20:29:15.891   593   593 I SystemServerTiming: OnBootPhase_480_com.android.server.integrity.AppIntegrityManagerService
06-26 20:29:15.891   593   593 D SystemServerTiming: OnBootPhase_480_com.android.server.integrity.AppIntegrityManagerService took to complete: 0ms
06-26 20:29:15.891   593   593 I SystemServerTiming: OnBootPhase_480_com.android.server.inputmethod.InputMethodManagerService$Lifecycle
06-26 20:29:15.891   593   593 D SystemServerTiming: OnBootPhase_480_com.android.server.inputmethod.InputMethodManagerService$Lifecycle took to complete: 0ms
06-26 20:29:15.891   593   593 I SystemServerTiming: OnBootPhase_480_com.android.server.accessibility.AccessibilityManagerService$Lifecycle
06-26 20:29:15.891   593   593 D SystemServerTiming: OnBootPhase_480_com.android.server.accessibility.AccessibilityManagerService$Lifecycle took to complete: 0ms
06-26 20:29:15.891   593   593 I SystemServerTiming: OnBootPhase_480_com.android.server.StorageManagerService$Lifecycle
06-26 20:29:15.891   593   593 D SystemServerTiming: OnBootPhase_480_com.android.server.StorageManagerService$Lifecycle took to complete: 0ms
06-26 20:29:15.891   593   593 I SystemServerTiming: OnBootPhase_480_com.android.server.usage.StorageStatsService$Lifecycle
06-26 20:29:15.891   593   593 D SystemServerTiming: OnBootPhase_480_com.android.server.usage.StorageStatsService$Lifecycle took to complete: 0ms
06-26 20:29:15.891   593   593 I SystemServerTiming: OnBootPhase_480_com.android.server.UiModeManagerService
06-26 20:29:15.891   593   593 D SystemServerTiming: OnBootPhase_480_com.android.server.UiModeManagerService took to complete: 0ms
06-26 20:29:15.891   593   593 I SystemServerTiming: OnBootPhase_480_com.android.server.locksettings.LockSettingsService$Lifecycle
06-26 20:29:15.891   593   593 D SystemServerTiming: OnBootPhase_480_com.android.server.locksettings.LockSettingsService$Lifecycle took to complete: 0ms
06-26 20:29:15.892   593   593 I SystemServerTiming: OnBootPhase_480_com.android.server.PersistentDataBlockService
06-26 20:29:15.892   593   593 D SystemServerTiming: OnBootPhase_480_com.android.server.PersistentDataBlockService took to complete: 0ms
06-26 20:29:15.892   593   593 I SystemServerTiming: OnBootPhase_480_com.android.server.testharness.TestHarnessModeService
06-26 20:29:15.892   593   593 D SystemServerTiming: OnBootPhase_480_com.android.server.testharness.TestHarnessModeService took to complete: 0ms
06-26 20:29:15.892   593   593 I SystemServerTiming: OnBootPhase_480_com.android.server.oemlock.OemLockService
06-26 20:29:15.892   593   593 D SystemServerTiming: OnBootPhase_480_com.android.server.oemlock.OemLockService took to complete: 0ms
06-26 20:29:15.892   593   593 I SystemServerTiming: OnBootPhase_480_com.android.server.DeviceIdleController
06-26 20:29:15.892   593   593 D SystemServerTiming: OnBootPhase_480_com.android.server.DeviceIdleController took to complete: 0ms
06-26 20:29:15.892   593   593 I SystemServerTiming: OnBootPhase_480_com.android.server.devicepolicy.DevicePolicyManagerService$Lifecycle
06-26 20:29:15.892   593   593 D SystemServerTiming: OnBootPhase_480_com.android.server.devicepolicy.DevicePolicyManagerService$Lifecycle took to complete: 0ms
06-26 20:29:15.892   593   593 I SystemServerTiming: OnBootPhase_480_com.android.server.texttospeech.TextToSpeechManagerService
06-26 20:29:15.892   593   593 D SystemServerTiming: OnBootPhase_480_com.android.server.texttospeech.TextToSpeechManagerService took to complete: 0ms
06-26 20:29:15.892   593   593 I SystemServerTiming: OnBootPhase_480_com.android.server.speech.SpeechRecognitionManagerService
06-26 20:29:15.892   593   593 D SystemServerTiming: OnBootPhase_480_com.android.server.speech.SpeechRecognitionManagerService took to complete: 0ms
06-26 20:29:15.892   593   593 I SystemServerTiming: OnBootPhase_480_com.android.server.searchui.SearchUiManagerService
06-26 20:29:15.892   593   593 D SystemServerTiming: OnBootPhase_480_com.android.server.searchui.SearchUiManagerService took to complete: 0ms
06-26 20:29:15.892   593   593 I SystemServerTiming: OnBootPhase_480_com.android.server.smartspace.SmartspaceManagerService
06-26 20:29:15.892   593   593 D SystemServerTiming: OnBootPhase_480_com.android.server.smartspace.SmartspaceManagerService took to complete: 0ms
06-26 20:29:15.892   593   593 I SystemServerTiming: OnBootPhase_480_com.android.server.graphics.fonts.FontManagerService$Lifecycle
06-26 20:29:15.892   593   593 D SystemServerTiming: OnBootPhase_480_com.android.server.graphics.fonts.FontManagerService$Lifecycle took to complete: 0ms
06-26 20:29:15.892   593   593 I SystemServerTiming: OnBootPhase_480_com.android.server.textservices.TextServicesManagerService$Lifecycle
06-26 20:29:15.892   593   593 D SystemServerTiming: OnBootPhase_480_com.android.server.textservices.TextServicesManagerService$Lifecycle took to complete: 0ms
06-26 20:29:15.892   593   593 I SystemServerTiming: OnBootPhase_480_com.android.server.textclassifier.TextClassificationManagerService$Lifecycle
06-26 20:29:15.892   593   593 D SystemServerTiming: OnBootPhase_480_com.android.server.textclassifier.TextClassificationManagerService$Lifecycle took to complete: 0ms
06-26 20:29:15.892   593   593 I SystemServerTiming: OnBootPhase_480_com.android.server.NetworkScoreService$Lifecycle
06-26 20:29:15.892   593   593 D SystemServerTiming: OnBootPhase_480_com.android.server.NetworkScoreService$Lifecycle took to complete: 0ms
06-26 20:29:15.892   593   593 I SystemServerTiming: OnBootPhase_480_com.android.server.wifi.WifiService
06-26 20:29:15.893   593   593 D SystemServerTiming: OnBootPhase_480_com.android.server.wifi.WifiService took to complete: 0ms
06-26 20:29:15.893   593   593 I SystemServerTiming: OnBootPhase_480_com.android.server.wifi.scanner.WifiScanningService
06-26 20:29:15.893   593   593 D SystemServerTiming: OnBootPhase_480_com.android.server.wifi.scanner.WifiScanningService took to complete: 0ms
06-26 20:29:15.893   593   593 I SystemServerTiming: OnBootPhase_480_com.android.server.wifi.p2p.WifiP2pService
06-26 20:29:15.893   593   593 D SystemServerTiming: OnBootPhase_480_com.android.server.wifi.p2p.WifiP2pService took to complete: 0ms
06-26 20:29:15.893   593   593 I SystemServerTiming: OnBootPhase_480_com.android.server.ethernet.EthernetService
06-26 20:29:15.893   593   593 D SystemServerTiming: OnBootPhase_480_com.android.server.ethernet.EthernetService took to complete: 0ms
06-26 20:29:15.893   593   593 I SystemServerTiming: OnBootPhase_480_com.android.server.ConnectivityServiceInitializer
06-26 20:29:15.893   593   593 D SystemServerTiming: OnBootPhase_480_com.android.server.ConnectivityServiceInitializer took to complete: 0ms
06-26 20:29:15.893   593   593 I SystemServerTiming: OnBootPhase_480_com.android.server.notification.NotificationManagerService
06-26 20:29:15.893   593   593 D SystemServerTiming: OnBootPhase_480_com.android.server.notification.NotificationManagerService took to complete: 0ms
06-26 20:29:15.893   593   593 I SystemServerTiming: OnBootPhase_480_com.android.server.storage.DeviceStorageMonitorService
06-26 20:29:15.893   593   593 D SystemServerTiming: OnBootPhase_480_com.android.server.storage.DeviceStorageMonitorService took to complete: 0ms
06-26 20:29:15.893   593   593 I SystemServerTiming: OnBootPhase_480_com.android.server.location.LocationManagerService$Lifecycle
06-26 20:29:15.893   593   593 D SystemServerTiming: OnBootPhase_480_com.android.server.location.LocationManagerService$Lifecycle took to complete: 0ms
06-26 20:29:15.893   593   593 I SystemServerTiming: OnBootPhase_480_com.android.server.timedetector.TimeDetectorService$Lifecycle
06-26 20:29:15.893   593   593 D SystemServerTiming: OnBootPhase_480_com.android.server.timedetector.TimeDetectorService$Lifecycle took to complete: 0ms
06-26 20:29:15.894   593   593 I SystemServerTiming: OnBootPhase_480_com.android.server.timezonedetector.TimeZoneDetectorService$Lifecycle
06-26 20:29:15.894   593   593 D SystemServerTiming: OnBootPhase_480_com.android.server.timezonedetector.TimeZoneDetectorService$Lifecycle took to complete: 0ms
06-26 20:29:15.894   593   593 I SystemServerTiming: OnBootPhase_480_com.android.server.timezonedetector.location.LocationTimeZoneManagerService$Lifecycle
06-26 20:29:15.894   593   593 D SystemServerTiming: OnBootPhase_480_com.android.server.timezonedetector.location.LocationTimeZoneManagerService$Lifecycle took to complete: 0ms
06-26 20:29:15.894   593   593 I SystemServerTiming: OnBootPhase_480_com.android.server.search.SearchManagerService$Lifecycle
06-26 20:29:15.894   593   593 D SystemServerTiming: OnBootPhase_480_com.android.server.search.SearchManagerService$Lifecycle took to complete: 0ms
06-26 20:29:15.894   593   593 I SystemServerTiming: OnBootPhase_480_com.android.server.wallpaper.WallpaperManagerService$Lifecycle
06-26 20:29:15.895   593   593 D SystemServerTiming: OnBootPhase_480_com.android.server.wallpaper.WallpaperManagerService$Lifecycle took to complete: 1ms
06-26 20:29:15.895   593   593 I SystemServerTiming: OnBootPhase_480_com.android.server.audio.AudioService$Lifecycle
06-26 20:29:15.895   593   593 D SystemServerTiming: OnBootPhase_480_com.android.server.audio.AudioService$Lifecycle took to complete: 0ms
06-26 20:29:15.895   593   593 I SystemServerTiming: OnBootPhase_480_com.android.server.soundtrigger_middleware.SoundTriggerMiddlewareService$Lifecycle
06-26 20:29:15.895   593   593 D SystemServerTiming: OnBootPhase_480_com.android.server.soundtrigger_middleware.SoundTriggerMiddlewareService$Lifecycle took to complete: 0ms
06-26 20:29:15.895   593   593 I SystemServerTiming: OnBootPhase_480_com.android.server.DockObserver
06-26 20:29:15.895   593   593 D SystemServerTiming: OnBootPhase_480_com.android.server.DockObserver took to complete: 0ms
06-26 20:29:15.895   593   593 I SystemServerTiming: OnBootPhase_480_com.android.server.adb.AdbService$Lifecycle
06-26 20:29:15.895   593   593 D SystemServerTiming: OnBootPhase_480_com.android.server.adb.AdbService$Lifecycle took to complete: 0ms
06-26 20:29:15.895   593   593 I SystemServerTiming: OnBootPhase_480_com.android.server.usb.UsbService$Lifecycle
06-26 20:29:15.895   593   593 D SystemServerTiming: OnBootPhase_480_com.android.server.usb.UsbService$Lifecycle took to complete: 0ms
06-26 20:29:15.895   593   593 I SystemServerTiming: OnBootPhase_480_com.android.server.twilight.TwilightService
06-26 20:29:15.895   593   593 D SystemServerTiming: OnBootPhase_480_com.android.server.twilight.TwilightService took to complete: 0ms
06-26 20:29:15.895   593   593 I SystemServerTiming: OnBootPhase_480_com.android.server.display.color.ColorDisplayService
06-26 20:29:15.895   593   593 D SystemServerTiming: OnBootPhase_480_com.android.server.display.color.ColorDisplayService took to complete: 0ms
06-26 20:29:15.895   593   593 I SystemServerTiming: OnBootPhase_480_com.android.server.job.JobSchedulerService
06-26 20:29:15.895   593   593 D SystemServerTiming: OnBootPhase_480_com.android.server.job.JobSchedulerService took to complete: 0ms
06-26 20:29:15.895   593   593 I SystemServerTiming: OnBootPhase_480_com.android.server.soundtrigger.SoundTriggerService
06-26 20:29:15.896   593   593 D SoundTriggerService: onBootPhase: 480 : false
06-26 20:29:15.896   593   593 D SystemServerTiming: OnBootPhase_480_com.android.server.soundtrigger.SoundTriggerService took to complete: 0ms
06-26 20:29:15.896   593   593 I SystemServerTiming: OnBootPhase_480_com.android.server.trust.TrustManagerService
06-26 20:29:15.896   593   593 D SystemServerTiming: OnBootPhase_480_com.android.server.trust.TrustManagerService took to complete: 0ms
06-26 20:29:15.896   593   593 I SystemServerTiming: OnBootPhase_480_com.android.server.backup.BackupManagerService$Lifecycle
06-26 20:29:15.896   593   593 D SystemServerTiming: OnBootPhase_480_com.android.server.backup.BackupManagerService$Lifecycle took to complete: 0ms
06-26 20:29:15.896   593   593 I SystemServerTiming: OnBootPhase_480_com.android.server.appwidget.AppWidgetService
06-26 20:29:15.896   593   593 D SystemServerTiming: OnBootPhase_480_com.android.server.appwidget.AppWidgetService took to complete: 0ms
06-26 20:29:15.896   593   593 I SystemServerTiming: OnBootPhase_480_com.android.server.voiceinteraction.VoiceInteractionManagerService
06-26 20:29:15.896   593   593 D SystemServerTiming: OnBootPhase_480_com.android.server.voiceinteraction.VoiceInteractionManagerService took to complete: 0ms
06-26 20:29:15.896   593   593 I SystemServerTiming: OnBootPhase_480_com.android.server.apphibernation.AppHibernationService
06-26 20:29:15.896   593   593 D SystemServerTiming: OnBootPhase_480_com.android.server.apphibernation.AppHibernationService took to complete: 0ms
06-26 20:29:15.896   593   593 I SystemServerTiming: OnBootPhase_480_com.android.server.GestureLauncherService
06-26 20:29:15.896   593   593 D SystemServerTiming: OnBootPhase_480_com.android.server.GestureLauncherService took to complete: 0ms
06-26 20:29:15.896   593   593 I SystemServerTiming: OnBootPhase_480_com.android.server.SensorNotificationService
06-26 20:29:15.896   593   593 D SystemServerTiming: OnBootPhase_480_com.android.server.SensorNotificationService took to complete: 0ms
06-26 20:29:15.896   593   593 I SystemServerTiming: OnBootPhase_480_com.android.server.emergency.EmergencyAffordanceService
06-26 20:29:15.896   593   593 D SystemServerTiming: OnBootPhase_480_com.android.server.emergency.EmergencyAffordanceService took to complete: 0ms
06-26 20:29:15.896   593   593 I SystemServerTiming: OnBootPhase_480_com.android.server.dreams.DreamManagerService
06-26 20:29:15.896   593   593 D SystemServerTiming: OnBootPhase_480_com.android.server.dreams.DreamManagerService took to complete: 0ms
06-26 20:29:15.896   593   593 I SystemServerTiming: OnBootPhase_480_com.android.server.blob.BlobStoreManagerService
06-26 20:29:15.896   593   593 D SystemServerTiming: OnBootPhase_480_com.android.server.blob.BlobStoreManagerService took to complete: 0ms
06-26 20:29:15.896   593   593 I SystemServerTiming: OnBootPhase_480_com.android.server.restrictions.RestrictionsManagerService
06-26 20:29:15.896   593   593 D SystemServerTiming: OnBootPhase_480_com.android.server.restrictions.RestrictionsManagerService took to complete: 0ms
06-26 20:29:15.896   593   593 I SystemServerTiming: OnBootPhase_480_com.android.server.media.MediaSessionService
06-26 20:29:15.896   593   593 D SystemServerTiming: OnBootPhase_480_com.android.server.media.MediaSessionService took to complete: 0ms
06-26 20:29:15.896   593   593 I SystemServerTiming: OnBootPhase_480_com.android.server.hdmi.HdmiControlService
06-26 20:29:15.896   593   593 D SystemServerTiming: OnBootPhase_480_com.android.server.hdmi.HdmiControlService took to complete: 0ms
06-26 20:29:15.896   593   593 I SystemServerTiming: OnBootPhase_480_com.android.server.tv.TvInputManagerService
06-26 20:29:15.896   593   593 D SystemServerTiming: OnBootPhase_480_com.android.server.tv.TvInputManagerService took to complete: 0ms
06-26 20:29:15.896   593   593 I SystemServerTiming: OnBootPhase_480_com.android.server.media.MediaResourceMonitorService
06-26 20:29:15.897   593   593 D SystemServerTiming: OnBootPhase_480_com.android.server.media.MediaResourceMonitorService took to complete: 0ms
06-26 20:29:15.897   593   593 I SystemServerTiming: OnBootPhase_480_com.android.server.tv.TvRemoteService
06-26 20:29:15.897   593   593 D SystemServerTiming: OnBootPhase_480_com.android.server.tv.TvRemoteService took to complete: 0ms
06-26 20:29:15.897   593   593 I SystemServerTiming: OnBootPhase_480_com.android.server.biometrics.BiometricService
06-26 20:29:15.897   593   593 D SystemServerTiming: OnBootPhase_480_com.android.server.biometrics.BiometricService took to complete: 0ms
06-26 20:29:15.897   593   593 I SystemServerTiming: OnBootPhase_480_com.android.server.biometrics.AuthService
06-26 20:29:15.897   593   593 D SystemServerTiming: OnBootPhase_480_com.android.server.biometrics.AuthService took to complete: 0ms
06-26 20:29:15.897   593   593 I SystemServerTiming: OnBootPhase_480_com.android.server.pm.ShortcutService$Lifecycle
06-26 20:29:15.902   593   593 D SystemServerTiming: OnBootPhase_480_com.android.server.pm.ShortcutService$Lifecycle took to complete: 6ms
06-26 20:29:15.902   593   593 I SystemServerTiming: OnBootPhase_480_com.android.server.pm.LauncherAppsService
06-26 20:29:15.902   593   593 D SystemServerTiming: OnBootPhase_480_com.android.server.pm.LauncherAppsService took to complete: 0ms
06-26 20:29:15.902   593   593 I SystemServerTiming: OnBootPhase_480_com.android.server.pm.CrossProfileAppsService
06-26 20:29:15.902   593   593 D SystemServerTiming: OnBootPhase_480_com.android.server.pm.CrossProfileAppsService took to complete: 0ms
06-26 20:29:15.902   593   593 I SystemServerTiming: OnBootPhase_480_com.android.server.people.PeopleService
06-26 20:29:15.902   593   593 D SystemServerTiming: OnBootPhase_480_com.android.server.people.PeopleService took to complete: 0ms
06-26 20:29:15.902   593   593 I SystemServerTiming: OnBootPhase_480_com.android.server.media.metrics.MediaMetricsManagerService
06-26 20:29:15.902   593   593 D SystemServerTiming: OnBootPhase_480_com.android.server.media.metrics.MediaMetricsManagerService took to complete: 0ms
06-26 20:29:15.902   593   593 I SystemServerTiming: OnBootPhase_480_com.android.server.media.projection.MediaProjectionManagerService
06-26 20:29:15.902   593   593 D SystemServerTiming: OnBootPhase_480_com.android.server.media.projection.MediaProjectionManagerService took to complete: 0ms
06-26 20:29:15.903   593   593 I SystemServerTiming: OnBootPhase_480_com.android.server.slice.SliceManagerService$Lifecycle
06-26 20:29:15.903   593   593 D SystemServerTiming: OnBootPhase_480_com.android.server.slice.SliceManagerService$Lifecycle took to complete: 0ms
06-26 20:29:15.903   593   593 I SystemServerTiming: OnBootPhase_480_com.android.server.stats.StatsCompanion$Lifecycle
06-26 20:29:15.903   593   593 D SystemServerTiming: OnBootPhase_480_com.android.server.stats.StatsCompanion$Lifecycle took to complete: 0ms
06-26 20:29:15.903   593   593 I SystemServerTiming: OnBootPhase_480_com.android.server.scheduling.RebootReadinessManagerService$Lifecycle
06-26 20:29:15.903   593   593 D SystemServerTiming: OnBootPhase_480_com.android.server.scheduling.RebootReadinessManagerService$Lifecycle took to complete: 0ms
06-26 20:29:15.903   593   593 I SystemServerTiming: OnBootPhase_480_com.android.server.stats.pull.StatsPullAtomService
06-26 20:29:15.903   593   593 D SystemServerTiming: OnBootPhase_480_com.android.server.stats.pull.StatsPullAtomService took to complete: 0ms
06-26 20:29:15.903   593   593 I SystemServerTiming: OnBootPhase_480_com.android.server.incident.IncidentCompanionService
06-26 20:29:15.903   593   593 D SystemServerTiming: OnBootPhase_480_com.android.server.incident.IncidentCompanionService took to complete: 0ms
06-26 20:29:15.903   593   593 I SystemServerTiming: OnBootPhase_480_com.android.server.MmsServiceBroker
06-26 20:29:15.903   593   593 D SystemServerTiming: OnBootPhase_480_com.android.server.MmsServiceBroker took to complete: 0ms
06-26 20:29:15.903   593   593 I SystemServerTiming: OnBootPhase_480_com.android.server.autofill.AutofillManagerService
06-26 20:29:15.903   593   593 D SystemServerTiming: OnBootPhase_480_com.android.server.autofill.AutofillManagerService took to complete: 0ms
06-26 20:29:15.903   593   593 I SystemServerTiming: OnBootPhase_480_com.android.server.clipboard.ClipboardService
06-26 20:29:15.903   593   593 D SystemServerTiming: OnBootPhase_480_com.android.server.clipboard.ClipboardService took to complete: 0ms
