06-26 01:08:39.555     0     0 D         : [   11.439664@1]- 	lane_oe_mask_in(0x0)
06-26 01:08:39.555     0     0 D         : [   11.439667@1]- 	lane_oe_mask_out(0x0)
06-26 01:08:39.553  4114  4114 D amlaudioMixer: newAmlAudioMixer()
06-26 01:08:39.555     0     0 D         : [   11.439670@1]- 	lane_lb_mask_in(0x0)
06-26 01:08:39.555     0     0 D         : [   11.439674@1]- aml_dai_set_tdm_sysclk(), mpll no change, keep clk
06-26 01:08:39.555     0     0 D         : [   11.439677@1]- aml_dai_set_tdm_sysclk(), mclk no change, keep clk
06-26 01:08:39.553  4114  4114 I amlaudioMixer: ++pcm_mixer_thread_run()
06-26 01:08:39.555     0     0 D         : [   11.439681@1]- set mclk:12288000, mpll:24576000, get mclk:12287994, mpll:24575987
06-26 01:08:39.553  4114  4114 I amlaudioMixer: ++pcm_mixer_thread_run() audio_mixer->mixing_enable -1
06-26 01:08:39.554  4114  4114 I amlaudioMixer: ++pcm_mixer_thread_run() audio_mixer->mixing_enable -1, pthread_create ret 0
06-26 01:08:39.554  4114  4114 D audio_hw_primary: adev_open: exit
06-26 01:08:39.555     0     0 D         : [   11.439685@1]- aml_dai_set_clkdiv, div 4, clksel(1)
06-26 01:08:39.555     0     0 D         : [   11.439695@1]- aml_dai_set_bclk_ratio, select I2S mode
06-26 01:08:39.555     0     0 D         : [   11.439704@1]- aml_dai_tdm_hw_params(), enable mclk for TDM-B
06-26 01:08:39.556  4114  4114 D audio_hw_primary: adev_set_mode(0xe747e860, 0)
06-26 01:08:39.556  4184  4184 I AudioFlinger: loadHwModule() Loaded primary audio interface, handle 10
06-26 01:08:39.557  4184  4184 I AudioFlinger: openOutput() this 0xe8502fe0, module 10 Device type:0x2,@:, SamplingRate 48000, Format 0x000001, Channels 0x3, flags 0x2
06-26 01:08:39.558  4114  4114 D audio_hw_primary: adev_open_output_stream_new: enter
06-26 01:08:39.558  4114  4114 D audio_hw_primary: adev_open_output_stream: enter: devices(0x2) channel_mask(0x3) rate(48000) format(0x1) flags(0x2)
06-26 01:08:39.558  4114  4114 I audio_hwsync: aml_audio_hwsync_init open tsync fd 17
06-26 01:08:39.558  4114  4114 I audio_hwsync: aml_audio_hwsync_init done
06-26 01:08:39.558  4114  4114 D audio_hw_primary: adev_open_output_stream: exit
06-26 01:08:39.558  4114  4114 D audio_hw_profile: get_hdmi_sink_cap_new is running...
06-26 01:08:39.559  4114  4114 D audio_hw_profile: query hdmi format...
06-26 01:08:39.559  4114  4114 D audio_hw_profile: get_hdmi_sink_cap_new ddp is unsupported; ddp-joc(atmos) is unsupported;
06-26 01:08:39.559  4114  4114 I audio_hw_profile: PCM cap Max channel =2
06-26 01:08:39.559  4114  4114 I audio_hw_primary: get_sink_capability mbox+dvb case sink_capability =  0x1
06-26 01:08:39.559  4114  4114 I audio_hw_primary: !!!get_sink_format() Sink devices 0 Source format 0x1 digital_format(hdmi_format) 0x5 Sink Capability 0x1
06-26 01:08:39.559  4114  4114 I audio_hw_primary: get_sink_format() HDMI ARC or mbox + dvb case
06-26 01:08:39.559  4114  4114 I audio_hw_primary: get_sink_format sink_format 0x1 optical_format 0x1, dual_output 0
06-26 01:08:39.559  4114  4114 I audio-subMixingFactory: ++initSubMixingInput()
06-26 01:08:39.559  4114  4114 I audio-subMixingFactory: ++initSubMixingInputPcm(), out 0xe3a00af0, flags 0x2, hwsync lpcm 0, out format 0x1
06-26 01:08:39.559  4114  4114 I audio-subMixingFactory: initSubMixingInputPcm(), primary presentation
06-26 01:08:39.560  4114  4114 D audio_hw_primary: -adev_open_output_stream_new: out 0xe3a00af0: usecase:[0]PCM_NORMAL card:0 alsa devices:0
06-26 01:08:39.561  4114  4148 I audio_hw_primary: out_get_buffer_size(out->config.rate=48000, format 1,stream format 1)
06-26 01:08:39.562  4184  4184 I AudioFlinger: HAL output buffer size 2048 frames, normal sink buffer size 2048 frames
06-26 01:08:39.563  3820  3820 I hwservicemanager: getTransport: Cannot find entry android.hardware.audio.effect@7.0::IEffectsFactory/default in either framework or device VINTF manifest.
06-26 01:08:39.564  3820  3820 I hwservicemanager: getTransport: Cannot find entry android.hardware.audio.effect@6.0::IEffectsFactory/default in either framework or device VINTF manifest.
06-26 01:08:39.565  4114  4329 I amlaudioMixer: [mixer_16b_threadloop:1294] began create thread
06-26 01:08:39.566  4114  4329 D audio_hw_utils: [aml_set_thread_priority:1382] thread:amlAudioMixer16 set priority, ret:0 policy:1 priority:5
06-26 01:08:39.566  4114  4329 D audio_virtual_buf: audio_virtual_buf_open mixer_16bit_thread buf_begin=32000000 buf_target=32000000 time=0
06-26 01:08:39.575     0     0 D         : [   11.460462@2]- spdif_a fifo ctrl, frddr:0 type:1, 16 bits, chmask 0x3, swap 0x10
06-26 01:08:39.575     0     0 D [   11.460478@2]- spdif_info: rate: 48000, channel status ch0_l:0x100, ch0_r:0x100, ch1_l:0x200, ch1_r:0x200
06-26 01:08:39.575     0     0 D [   11.460487@2]- audio_ddr_mngr: frddr_set_sharebuffer_enable sel:1, dst_src:3
06-26 01:08:39.575     0     0 D         : [   11.460751@2]- tdm playback mute: 0, lane_cnt = 4
06-26 01:08:39.598     0     0 I         : [   11.484481@2]- asoc-aml-card auge_sound: tdm playback enable
06-26 01:08:39.598     0     0 D         : [   11.484493@2]- spdif_a is set to enable
06-26 01:08:39.651     0     0 I [   11.536540@3]- binder: 4243:4243 ioctl 40046210 fff55788 returned -22
06-26 01:08:39.650  4243  4243 D hw-ProcessState: Binder ioctl to enable oneway spam detection failed: Invalid argument
06-26 01:08:39.656  4239  4239 D ProcessState: Binder ioctl to enable oneway spam detection failed: Invalid argument
06-26 01:08:39.657  4239  4239 I mediaserver: ServiceManager: 0xea8414b0
06-26 01:08:39.658     0     0 I [   11.542734@3]- binder: 4239:4239 ioctl 40046210 ff9c3158 returned -22
06-26 01:08:39.658  4239  4239 W BatteryNotifier: batterystats service unavailable!
06-26 01:08:39.662  4141  4280 E gralloc4: ERROR: Unrecognized and/or unsupported format 0x16 and usage 0x100
06-26 01:08:39.662  4141  4280 E gralloc4: allocate, buffer allocation failed with -22
06-26 01:08:39.662  4193  4228 E GraphicBufferAllocator: Failed to allocate (128 x 128) layerCount 1 format 22 usage 100: 5
06-26 01:08:39.663  4239  4239 W BatteryNotifier: batterystats service unavailable!
06-26 01:08:39.666  4239  4239 E AmloadAmlogicPlayers: AmlogicMediaFactoryInit failed:dlopen failed: library "libmedia_amlogic.so" not found
06-26 01:08:39.672  4243  4243 D ProcessState: Binder ioctl to enable oneway spam detection failed: Invalid argument
06-26 01:08:39.674     0     0 I [   11.558998@1]- binder: 4243:4243 ioctl 40046210 fff55750 returned -22
06-26 01:08:39.691  4243  4243 I ServiceManager: Waiting for service 'package_native' on '/dev/binder'...
06-26 01:08:39.711  4097  4097 D Zygote  : begin preload
06-26 01:08:39.711  4097  4097 I Zygote  : Calling ZygoteHooks.beginPreload()
06-26 01:08:39.714  4114  4148 E EffectsFactoryConfigLoader: Error querying effect 4b8b4260-3429-11e6-a6c7-0002a5d5c51b on lib audio_pre_processing
06-26 01:08:39.714  4114  4148 E EffectsFactoryConfigLoader: Error querying effect 5dbdc480-3429-11e6-a499-0002a5d5c51b on lib audio_pre_processing
06-26 01:08:39.715  4114  4148 E EffectsFactoryConfigLoader: 2 errors during loading of configuration: /vendor/etc/audio_effects.xml
06-26 01:08:39.715  4114  4148 E EffectsFactory: Effect config is partially invalid, skipped 2 elements
06-26 01:08:39.715  4184  4184 I BufferProvider: found effect "Multichannel Downmix To Stereo" from The Android Open Source Project
06-26 01:08:39.717  4114  4148 I audio_hw_primary: out_get_buffer_size(out->config.rate=48000, format 1,stream format 1)
06-26 01:08:39.717  4184  4184 D AudioFlinger: Failed to add event callback
06-26 01:08:39.718  4237  4237 I MediaExtractorFactory: plugin directory not present (/system_ext/lib/extractors)
06-26 01:08:39.721  4184  4330 I AudioFlinger: AudioFlinger's thread 0xeb16eea0 tid=4330 ready to run
06-26 01:08:39.723  4184  4184 V APM_AudioPolicyManager: checkAndSetVolume cannot set volume group 3 volume when isn ot requested for comm
06-26 01:08:39.725  4184  4330 W AudioFlinger: no wake lock to update, system not ready yet
06-26 01:08:39.726  4184  4330 D AudioFlinger: ro.audio.silent is ignored since no output device is set
06-26 01:08:39.726  4114  4114 W audio-subMixingFactory: out_get_presentation_position_port(), pts not valid yet
06-26 01:08:39.726  4114  4114 D audio-subMixingFactory: out_standby_subMixingPCM: out_stream(0xe3a00af0) usecase: [0]PCM_NORMAL
06-26 01:08:39.727  4184  4330 W AudioFlinger: no wake lock to update, system not ready yet
06-26 01:08:39.727  4184  4330 D AudioFlinger: ro.audio.silent is ignored since no output device is set
06-26 01:08:39.738  4184  4184 W AudioFlinger: moveEffects() bad srcOutput 0
06-26 01:08:39.738  4184  4184 V APM_AudioPolicyManager: selectOutputForMusicEffects selected output 13
06-26 01:08:39.738  4184  4184 V APM_AudioPolicyManager: setOutputDevices device {type:0x2,@:} delayMs 0
06-26 01:08:39.738  4184  4184 V APM_AudioPolicyManager: setOutputDevices() prevDevice {type:0x2,@:}
06-26 01:08:39.739  4184  4184 V APM_AudioPolicyManager: setOutputDevices changing device to {type:0x2,@:}
06-26 01:08:39.761  4114  4114 I audio_hw_primary: ++adev_create_audio_patch
06-26 01:08:39.761  4114  4114 I audio_hw_primary: +adev_create_audio_patch num_sources [1] , num_sinks [1],src_config->type=2,sink_config->type=1,aml_dev->patch_src=11
06-26 01:08:39.761  4114  4114 I audio_hw_primary: --register_audio_patch: after registering new patch, patch sets will be:
06-26 01:08:39.761  4114  4114 I audio_hw_primary: adev_create_audio_patch(), patch new handle for AF: 0xff7f0814
06-26 01:08:39.761  4114  4114 I audio_hw_primary: aml_audio_output_routing: outport OUTPORT_SPEAKER already exists, do nothing
06-26 01:08:39.761  4114  4114 I audio_hw_primary: adev_create_audio_patch: mix->device patch: outport(0)
06-26 01:08:39.763     0     0 I [   11.648714@2]- binder: 4231:4231 ioctl 40046210 ff933e70 returned -22
06-26 01:08:39.762  4184  4184 V APM_AudioPolicyManager: setOutputDevices() AF::createAudioPatch returned 0 patchHandle 12 num_sources 1 num_sinks 1
06-26 01:08:39.762  4231  4231 D hw-ProcessState: Binder ioctl to enable oneway spam detection failed: Invalid argument
06-26 01:08:39.766     0     0 I [   11.649600@2]- binder: 4231:4231 ioctl 40046210 ff933e88 returned -22
06-26 01:08:39.763  4231  4231 D ProcessState: Binder ioctl to enable oneway spam detection failed: Invalid argument
06-26 01:08:39.763  4231  4231 I cameraserver: ServiceManager: 0xf3cc14f0
06-26 01:08:39.763  4231  4231 I CameraService: CameraService started (pid=4231)
06-26 01:08:39.764  4231  4231 I CameraService: CameraService process starting
06-26 01:08:39.766  4231  4231 W BatteryNotifier: batterystats service unavailable!
06-26 01:08:39.766  4231  4231 W BatteryNotifier: batterystats service unavailable!
06-26 01:08:39.771  4184  4184 V APM_AudioPolicyManager: checkAndSetVolume cannot set volume group 3 volume when isn ot requested for comm
06-26 01:08:39.774  4231  4231 I CameraProviderManager: Connecting to new camera provider: legacy/0, isRemote? 1
06-26 01:08:39.775  4119  4119 D CamPrvdr@2.5-legacy: notifyDeviceStateChange: New device state: 0x0
06-26 01:08:39.776  4231  4231 I CameraProviderManager: Camera provider legacy/0 ready with 0 camera devices
06-26 01:08:39.776  4231  4332 W CameraProviderManager: addProviderLocked: Camera provider HAL with name 'legacy/0' already registered
06-26 01:08:39.778  4231  4231 I cameraserver: Waiting for activity service
06-26 01:08:39.783  4184  4184 I AudioFlinger: openOutput() this 0xe8502fe0, module 10 Device type:0x2,@:, SamplingRate 32000, Format 0x000001, Channels 0x3, flags 0x41
06-26 01:08:39.784  4114  4114 D audio_hw_primary: adev_open_output_stream_new: enter
06-26 01:08:39.784  4114  4114 D audio_hw_primary: adev_open_output_stream: enter: devices(0x2) channel_mask(0x3) rate(32000) format(0x1) flags(0x41)
06-26 01:08:39.784  4114  4114 I audio_hwsync: aml_audio_hwsync_init open tsync fd 18
06-26 01:08:39.784  4114  4114 I audio_hwsync: aml_audio_hwsync_init done
06-26 01:08:39.784  4114  4114 D audio_hw_primary: adev_open_output_stream format=1 rate=32000
06-26 01:08:39.784  4114  4114 I audio_hw_primary: init resampler from 32000 to 48000!
06-26 01:08:39.784  4114  4114 D aml_audio_resampler: resampler_init, Init Resampler: input_sr = 32000, output_sr = 48000 
06-26 01:08:39.784  4114  4114 D audio_hw_primary: adev_open_output_stream: exit
06-26 01:08:39.784  4114  4114 D audio_hw_profile: get_hdmi_sink_cap_new is running...
06-26 01:08:39.785  4114  4114 D audio_hw_profile: query hdmi format...
06-26 01:08:39.785  4114  4114 D audio_hw_profile: get_hdmi_sink_cap_new ddp is unsupported; ddp-joc(atmos) is unsupported;
06-26 01:08:39.785  4114  4114 I audio_hw_profile: PCM cap Max channel =2
06-26 01:08:39.785  4114  4114 I audio_hw_primary: get_sink_capability mbox+dvb case sink_capability =  0x1
06-26 01:08:39.785  4114  4114 I audio_hw_primary: !!!get_sink_format() Sink devices 0 Source format 0x1 digital_format(hdmi_format) 0x5 Sink Capability 0x1
06-26 01:08:39.785  4114  4114 I audio_hw_primary: get_sink_format() HDMI ARC or mbox + dvb case
06-26 01:08:39.785  4114  4114 I audio_hw_primary: get_sink_format sink_format 0x1 optical_format 0x1, dual_output 0
06-26 01:08:39.785  4114  4114 I audio-subMixingFactory: ++initSubMixingInput()
06-26 01:08:39.785  4114  4114 I audio-subMixingFactory: ++initSubMixingInputPcm(), out 0xe3a04150, flags 0x41, hwsync lpcm 1, out format 0x1
06-26 01:08:39.785  4114  4114 I audio-subMixingFactory: initSubMixingInputPcm(), lpcm case
06-26 01:08:39.785  4114  4114 D audio_hw_primary: -adev_open_output_stream_new: out 0xe3a04150: usecase:[2]PCM_HWSYNC card:0 alsa devices:0
06-26 01:08:39.787  4114  4114 I audio_hw_primary: out_get_buffer_size(out->config.rate=32000, format 1,stream format 1)
06-26 01:08:39.787  4184  4184 I AudioFlinger: HAL output buffer size 2053 frames, normal sink buffer size 2053 frames
06-26 01:08:39.789  4184  4184 D AudioFlinger: Failed to add event callback
06-26 01:08:39.790  4184  4336 I AudioFlinger: AudioFlinger's thread 0xe70440a0 tid=4336 ready to run
06-26 01:08:39.790  4184  4336 W AudioFlinger: no wake lock to update, system not ready yet
06-26 01:08:39.790  4184  4336 D AudioFlinger: ro.audio.silent is ignored since no output device is set
06-26 01:08:39.791  4114  4148 D audio-subMixingFactory: out_standby_subMixingPCM: out_stream(0xe3a04150) usecase: [2]PCM_HWSYNC
06-26 01:08:39.791  4184  4336 W AudioFlinger: no wake lock to update, system not ready yet
06-26 01:08:39.791  4184  4336 D AudioFlinger: ro.audio.silent is ignored since no output device is set
06-26 01:08:39.791  4114  4148 D audio_hw_primary: out_set_parameters(kvpairs(closing=true), out_device=0x2)
06-26 01:08:39.791  4114  4148 E audio_hw_primary: Amlogic_HAL - out_set_parameters: parameter is NULL, change ret value to 0 in order to pass VTS test.
06-26 01:08:39.792  4114  4148 D audio_hw_primary: out_dump(0xe3a04150, 19)
06-26 01:08:39.793  4114  4148 D audio_hw_primary: out_set_parameters(kvpairs(exiting=1), out_device=0x2)
06-26 01:08:39.794  4114  4148 E audio_hw_primary: Amlogic_HAL - out_set_parameters: parameter is NULL, change ret value to 0 in order to pass VTS test.
06-26 01:08:39.794  4184  4336 W AudioFlinger: no wake lock to update, system not ready yet
06-26 01:08:39.794  4184  4336 D AudioFlinger: ro.audio.silent is ignored since no output device is set
06-26 01:08:39.795  4114  4148 D audio_hw_primary: adev_close_output_stream_new: enter usecase = [2]PCM_HWSYNC
06-26 01:08:39.795  4114  4148 I audio-subMixingFactory: ++deleteSubMixingInput()
06-26 01:08:39.795  4114  4148 I audio-subMixingFactory: deleteSubMixingInputPcm(), cnt_stream_using_mixer 0
06-26 01:08:39.795  4114  4148 I amlaudioMixer: [delete_mixer_input_port:181] input port:-1
06-26 01:08:39.795  4114  4148 I audio-subMixingFactory: deleteSubMixingInputPcm(), lpcm case
06-26 01:08:39.795  4114  4148 D audio_hw_primary: adev_close_output_stream: enter: dev(0xe747e860) stream(0xe3a04150)
06-26 01:08:39.795  4114  4148 D audio-subMixingFactory: out_standby_subMixingPCM: out_stream(0xe3a04150) usecase: [2]PCM_HWSYNC
06-26 01:08:39.795  4114  4148 I audio_hwsync: aml_audio_hwsync_release done
06-26 01:08:39.795  4114  4148 D audio_hw_primary: adev_close_output_stream: exit
06-26 01:08:39.795  4114  4148 D audio_hw_primary: adev_close_output_stream_new: exit
06-26 01:08:39.796  4184  4184 I AudioFlinger: openOutput() this 0xe8502fe0, module 10 Device type:0x2,@:, SamplingRate 48000, Format 0x000001, Channels 0x3, flags 0x4011
06-26 01:08:39.796  4114  4148 D audio_hw_primary: adev_open_output_stream_new: enter
06-26 01:08:39.796  4114  4148 D audio_hw_primary: adev_open_output_stream: enter: devices(0x2) channel_mask(0x3) rate(48000) format(0x1) flags(0x4011)
06-26 01:08:39.796  4114  4148 I aml_mmap_audio: [outMmapInit:316] stream:0xe3a04150
06-26 01:08:39.797  4114  4148 E ion     : ioctl c0044901 failed with code -1: Invalid argument
06-26 01:08:39.797  4114  4148 I audio_hwsync: aml_audio_hwsync_init open tsync fd 20
06-26 01:08:39.797  4114  4148 I audio_hwsync: aml_audio_hwsync_init done
06-26 01:08:39.797  4114  4148 D audio_hw_primary: adev_open_output_stream: exit
06-26 01:08:39.797  4114  4148 D audio_hw_profile: get_hdmi_sink_cap_new is running...
06-26 01:08:39.798  4114  4148 D audio_hw_profile: query hdmi format...
06-26 01:08:39.798  4114  4148 D audio_hw_profile: get_hdmi_sink_cap_new ddp is unsupported; ddp-joc(atmos) is unsupported;
06-26 01:08:39.798  4114  4148 I audio_hw_profile: PCM cap Max channel =2
06-26 01:08:39.798  4114  4148 I audio_hw_primary: get_sink_capability mbox+dvb case sink_capability =  0x1
06-26 01:08:39.798  4114  4148 I audio_hw_primary: !!!get_sink_format() Sink devices 0 Source format 0x1 digital_format(hdmi_format) 0x5 Sink Capability 0x1
06-26 01:08:39.798  4114  4148 I audio_hw_primary: get_sink_format() HDMI ARC or mbox + dvb case
06-26 01:08:39.798  4114  4148 I audio_hw_primary: get_sink_format sink_format 0x1 optical_format 0x1, dual_output 0
06-26 01:08:39.798  4114  4148 I audio-subMixingFactory: ++initSubMixingInput()
06-26 01:08:39.798  4114  4148 I audio-subMixingFactory: ++initSubMixingInputPcm(), out 0xe3a04150, flags 0x4011, hwsync lpcm 0, out format 0x1
06-26 01:08:39.798  4114  4148 D audio_hw_primary: -adev_open_output_stream_new: out 0xe3a04150: usecase:[7]PCM_MMAP card:0 alsa devices:0
06-26 01:08:39.809  4114  4114 I audio_hw_primary: out_get_buffer_size(out->config.rate=48000, format 1,stream format 1)
06-26 01:08:39.815  4239  4239 I AmlogicNuPlayerFactoryInit: register  AmNuPlayerFactory err =0
06-26 01:08:39.816  4184  4338 I AudioFlinger: AudioFlinger's thread 0xe7ec21a0 tid=4338 ready to run
06-26 01:08:39.817  4114  4148 D audio_hw_primary: out_set_parameters(kvpairs(closing=true), out_device=0x2)
06-26 01:08:39.817  4114  4148 E audio_hw_primary: Amlogic_HAL - out_set_parameters: parameter is NULL, change ret value to 0 in order to pass VTS test.
06-26 01:08:39.818  4114  4148 I audio_hw_primary: out_set_volume(), stream(0xe3a04150), left:1.000000 right:1.000000 
06-26 01:08:39.825  4184  4184 D AudioFlinger: closing mmapThread 0xe7ec21a0
06-26 01:08:39.824  4281  4281 D ProcessState: Binder ioctl to enable oneway spam detection failed: Invalid argument
06-26 01:08:39.825  4184  4184 D AudioFlinger: mmapThread exit()
06-26 01:08:39.826  4114  4148 D audio_hw_primary: adev_open_input_stream: enter: devices(0x80000004) channel_mask(0xc) rate(48000) format(0x1) source(1)
06-26 01:08:39.826  4114  4148 D audio_hw_primary: check_input_parameters(sample_rate=48000, format=1, channel_count=2, devices = 80000004)
06-26 01:08:39.826  4114  4114 D audio_hw_primary: adev_close_output_stream_new: enter usecase = [7]PCM_MMAP
06-26 01:08:39.826  4114  4114 I audio-subMixingFactory: ++deleteSubMixingInput()
06-26 01:08:39.826  4114  4114 I audio-subMixingFactory: deleteSubMixingInputPcm(), cnt_stream_using_mixer 0
06-26 01:08:39.826  4114  4114 I amlaudioMixer: [delete_mixer_input_port:181] input port:-1
06-26 01:08:39.826  4114  4114 D audio_hw_primary: adev_close_output_stream: enter: dev(0xe747e860) stream(0xe3a04150)
06-26 01:08:39.826  4114  4114 D audio_hw_primary: out_standby_new: enter
06-26 01:08:39.826  4114  4114 I audio_hw_primary: [do_output_standby_l:6964] stream:0xe3a04150 usecase:[7]PCM_MMAP, continuous:0
06-26 01:08:39.826  4114  4114 I audio_hw_primary: ++[usecase_change_validate_l:9826], dev masks:0, is_standby:1, out usecase:[7]PCM_MMAP
06-26 01:08:39.826  4114  4114 I audio_hw_primary: --[usecase_change_validate_l:9842], dev masks:0, is_standby:1, out usecase [7]PCM_MMAP
06-26 01:08:39.827  4114  4114 I audio_hw_primary: do_output_standby_l current usecase_masks 0
06-26 01:08:39.827  4114  4114 D audio_hw_primary: out_standby_new: exit
06-26 01:08:39.827  4114  4114 I audio_hwsync: aml_audio_hwsync_release done
06-26 01:08:39.827  4114  4114 I aml_mmap_audio: [outMmapDeInit:360] stream:0xe3a04150
06-26 01:08:39.826  4114  4148 D audio_hw_primary: adev_open_input_stream: exit
06-26 01:08:39.827  4114  4114 D audio_hw_primary: adev_close_output_stream: exit
06-26 01:08:39.827  4114  4114 D audio_hw_primary: adev_close_output_stream_new: exit
06-26 01:08:39.827     0     0 I [   11.710895@3]- binder: 4281:4281 ioctl 40046210 ffc6d470 returned -22
06-26 01:08:39.830  4114  4148 D audio_hw_primary: in_get_buffer_size: enter: channel_mask(0xc) rate(48000) format(0x1)
06-26 01:08:39.830  4114  4148 D audio_hw_primary: get_input_buffer_size(sample_rate=48000, format=1, channel_count=2)
06-26 01:08:39.830  4114  4148 D audio_hw_primary: in_get_buffer_size: exit: buffer_size = 4096
06-26 01:08:39.830  4114  4148 D audio_hw_primary: in_get_buffer_size: enter: channel_mask(0xc) rate(48000) format(0x1)
06-26 01:08:39.830  4114  4148 D audio_hw_primary: get_input_buffer_size(sample_rate=48000, format=1, channel_count=2)
06-26 01:08:39.830  4114  4148 D audio_hw_primary: in_get_buffer_size: exit: buffer_size = 4096
06-26 01:08:39.833  4184  4343 I AudioFlinger: AudioFlinger's thread 0xeafe2f20 tid=4343 ready to run
06-26 01:08:39.833  4114  4148 D audio_hw_primary: in_standby: enter: stream(0xe3903dc0)
06-26 01:08:39.833  4114  4148 D audio_hw_primary: do_input_standby(0xe3903dc0) in->standby = 1
06-26 01:08:39.833  4114  4148 D audio_hw_primary: in_standby: exit
06-26 01:08:39.834  4184  4343 W AudioFlinger: no wake lock to update, system not ready yet
06-26 01:08:39.834  4114  4148 D audio_hw_primary: in_standby: enter: stream(0xe3903dc0)
06-26 01:08:39.834  4114  4148 D audio_hw_primary: do_input_standby(0xe3903dc0) in->standby = 1
06-26 01:08:39.834  4114  4148 D audio_hw_primary: in_standby: exit
06-26 01:08:39.835  4184  4343 W AudioFlinger: no wake lock to update, system not ready yet
06-26 01:08:39.835  4114  4148 D audio_hw_primary: adev_open_input_stream: enter: devices(0x90000000) channel_mask(0xc) rate(48000) format(0x3) source(1)
06-26 01:08:39.835  4114  4148 D audio_hw_primary: check_input_parameters(sample_rate=48000, format=3, channel_count=2, devices = 90000000)
06-26 01:08:39.835  4114  4341 D audio_hw_primary: adev_close_input_stream: enter: dev(0xe747e860) stream(0xe3903dc0)
06-26 01:08:39.835  4114  4148 D audio_hw_primary: adev_open_input_stream: exit
06-26 01:08:39.835  4114  4341 D audio_hw_primary: in_standby: enter: stream(0xe3903dc0)
06-26 01:08:39.836  4114  4341 D audio_hw_primary: do_input_standby(0xe3903dc0) in->standby = 1
06-26 01:08:39.836  4114  4341 D audio_hw_primary: in_standby: exit
06-26 01:08:39.836  4114  4341 D audio_hw_primary: adev_close_input_stream: exit
06-26 01:08:39.837  4114  4148 D audio_hw_primary: in_get_buffer_size: enter: channel_mask(0xc) rate(48000) format(0x3)
06-26 01:08:39.837  4114  4148 D audio_hw_primary: get_input_buffer_size(sample_rate=48000, format=3, channel_count=2)
06-26 01:08:39.837  4114  4148 D audio_hw_primary: in_get_buffer_size: exit: buffer_size = 8192
06-26 01:08:39.838  4281  4281 D BootAnimation: BootAnimationStartTiming start time: 11667ms
06-26 01:08:39.838  4281  4281 D BootAnimation: BootAnimationPreloadTiming start time: 11667ms
06-26 01:08:39.838  4114  4148 D audio_hw_primary: in_get_buffer_size: enter: channel_mask(0xc) rate(48000) format(0x3)
06-26 01:08:39.838  4114  4148 D audio_hw_primary: get_input_buffer_size(sample_rate=48000, format=3, channel_count=2)
06-26 01:08:39.838  4114  4148 D audio_hw_primary: in_get_buffer_size: exit: buffer_size = 8192
06-26 01:08:39.843  4184  4345 I AudioFlinger: AudioFlinger's thread 0xeaaaef20 tid=4345 ready to run
06-26 01:08:39.844  4114  4341 D audio_hw_primary: adev_open_input_stream: enter: devices(0x80000004) channel_mask(0xc) rate(16000) format(0x3) source(1)
06-26 01:08:39.844  4114  4145 D audio_hw_primary: adev_close_input_stream: enter: dev(0xe747e860) stream(0xe39024d0)
06-26 01:08:39.844  4114  4341 D audio_hw_primary: check_input_parameters(sample_rate=16000, format=3, channel_count=2, devices = 80000004)
06-26 01:08:39.844  4114  4145 D audio_hw_primary: in_standby: enter: stream(0xe39024d0)
06-26 01:08:39.844  4114  4145 D audio_hw_primary: do_input_standby(0xe39024d0) in->standby = 1
06-26 01:08:39.844  4114  4341 D audio_hw_primary: adev_open_input_stream: in->requested_rate = 16000, in->config.rate = 48000
06-26 01:08:39.844  4114  4145 D audio_hw_primary: in_standby: exit
06-26 01:08:39.844  4114  4145 D audio_hw_primary: adev_close_input_stream: exit
06-26 01:08:39.844  4114  4341 D audio_hw_primary: adev_open_input_stream: exit
06-26 01:08:39.845  4114  4148 D audio_hw_primary: in_get_buffer_size: enter: channel_mask(0xc) rate(16000) format(0x3)
06-26 01:08:39.845  4114  4148 D audio_hw_primary: get_input_buffer_size(sample_rate=16000, format=3, channel_count=2)
06-26 01:08:39.845  4114  4148 D audio_hw_primary: in_get_buffer_size: exit: buffer_size = 8192
06-26 01:08:39.846  4114  4148 D audio_hw_primary: in_get_buffer_size: enter: channel_mask(0xc) rate(16000) format(0x3)
06-26 01:08:39.846  4114  4148 D audio_hw_primary: get_input_buffer_size(sample_rate=16000, format=3, channel_count=2)
06-26 01:08:39.846  4114  4148 D audio_hw_primary: in_get_buffer_size: exit: buffer_size = 8192
06-26 01:08:39.853  4184  4347 I AudioFlinger: AudioFlinger's thread 0xeaaaef20 tid=4347 ready to run
06-26 01:08:39.853  4184  4184 V APM_AudioPolicyManager: onNewAudioModulesAvailableInt: Input device list is empty! for profile ble_in
06-26 01:08:39.854  4114  4148 D audio_hw_primary: adev_close_input_stream: enter: dev(0xe747e860) stream(0xe3903dc0)
06-26 01:08:39.854  4114  4148 D audio_hw_primary: in_standby: enter: stream(0xe3903dc0)
06-26 01:08:39.854  4114  4148 D audio_hw_primary: do_input_standby(0xe3903dc0) in->standby = 1
06-26 01:08:39.854  4114  4148 D audio_hw_primary: in_standby: exit
06-26 01:08:39.854  4114  4148 D audio_hw_primary: adev_close_input_stream: exit
06-26 01:08:39.863  4267  4267 E applypatch: Partition contents don't have the expected checksum
06-26 01:08:39.923  4184  4184 I bt_a2dp_hw: system/bt/audio_a2dp_hw/src/audio_a2dp_hw.cc:1893 adev_open: adev_open:  adev_open in A2dp_hw module
06-26 01:08:39.924  4184  4184 I AudioFlinger: loadHwModule() Loaded a2dp audio interface, handle 18
06-26 01:08:39.924  4184  4184 V APM_AudioPolicyManager: onNewAudioModulesAvailableInt: Input device list is empty! for profile a2dp input
06-26 01:08:39.931  4184  4184 I AudioFlinger: loadHwModule() Loaded usb audio interface, handle 26
06-26 01:08:39.931  4184  4184 V APM_AudioPolicyManager: onNewAudioModulesAvailableInt: Input device list is empty! for profile usb_device input
06-26 01:08:39.937  4114  4341 I r_submix: adev_open(name=audio_hw_if)
06-26 01:08:39.938  4114  4145 I r_submix: adev_init_check()
06-26 01:08:39.939  4184  4184 I AudioFlinger: loadHwModule() Loaded r_submix audio interface, handle 34
06-26 01:08:39.939  4114  4145 D r_submix: adev_open_input_stream(addr=0)
06-26 01:08:39.939  4114  4145 D r_submix: submix_audio_device_create_pipe_l(addr=0, idx=9)
06-26 01:08:39.939  4114  4145 D r_submix:   now using address 0 for route 9
06-26 01:08:39.946  4184  4350 I AudioFlinger: AudioFlinger's thread 0xeaaaef20 tid=4350 ready to run
06-26 01:08:39.946  4114  4341 I r_submix: in_standby()
06-26 01:08:39.951  4184  4350 W AudioFlinger: no wake lock to update, system not ready yet
06-26 01:08:39.951  4114  4341 I r_submix: in_standby()
06-26 01:08:39.951  4184  4350 W AudioFlinger: no wake lock to update, system not ready yet
06-26 01:08:39.952  4114  4341 D r_submix: adev_close_input_stream()
06-26 01:08:39.952  4114  4341 D r_submix: submix_audio_device_release_pipe_l(idx=9) addr=0
06-26 01:08:39.952  4114  4341 D r_submix: submix_audio_device_destroy_pipe_l(): pipe destroyed
06-26 01:08:39.957  4184  4184 I audioserver: Waiting for activity service
06-26 01:08:39.966     0     0 I [   11.852636@0]- resman: 4 appname:secmem, type=3
06-26 01:08:39.965  4239  4239 I secmem_tz: secmem version 2.1.2-ga9afe7a(build:833)
06-26 01:08:39.966  4239  4239 E secmem_tz: [Secure_Check_Resm_tvp_support:583] secmem support resmanager tvp
06-26 01:08:39.973  4239  4239 I secmem_tz: secmem initialized success 0xe43913d4
06-26 01:08:39.980  4097  4097 D Zygote32Timing: BeginPreload took to complete: 269ms
06-26 01:08:39.980  4097  4097 I Zygote  : Preloading classes...
06-26 01:08:39.985  4239  4239 I VideoTunnelDisplay: videoTunnelLibInit ok
06-26 01:08:39.985  4239  4239 V VideoTunnelDisplay: ctor videotunnel_ops
06-26 01:08:39.985  4239  4239 I dvbclr  : 
06-26 01:08:39.985  4239  4239 I dvbclr  : MM-module-name:libdec_ca,Version:
06-26 01:08:39.985  4239  4239 I dvbclr  : 
06-26 01:08:39.985  4239  4239 I dvbclr  : Build options:SDK=31,DISABLE_DASH=false,DISABLE_AMP=false,DISABLE_LOOP=false,DISABLE_CA_CALLBACK_INTERFACE=false,DISABLE_CA_FINGERPRINT_CALLBACK=false,DISABLE_DASH_INTERFACE=false,DISABLE_MEDIAHAL_GETFIRSTPTS=true.
06-26 01:08:39.985  4239  4239 I drmphal : 
06-26 01:08:39.985  4239  4239 I drmphal : MM-module-name:libdrmp,Version:
06-26 01:08:39.985  4239  4239 I drmphal : 
06-26 01:08:39.985  4239  4239 I drmphal : Build options:SDK=31,DISABLE_DASH=true,DISABLE_AMP=true,DISABLE_LOOP=false,DISABLE_CA_CALLBACK_INTERFACE=false,DISABLE_CA_FINGERPRINT_CALLBACK=false,DISABLE_DASH_INTERFACE=false,DISABLE_MEDIAHAL_GETFIRSTPTS=false.
06-26 01:08:39.985  4239  4239 I DrmPlayer: 
06-26 01:08:39.985  4239  4239 I DrmPlayer: MM-module-name:libDrmPlayer,Version:
06-26 01:08:39.985  4239  4239 I DrmPlayer: 
06-26 01:08:39.985  4239  4239 I DrmPlayer: Build options:SDK=31,ENABLE_MEDIA_METRICS=true,DISABLE_CA_CALLBACK_INTERFACE=false,DISABLE_CA_FINGERPRINT_CALLBACK=false.
06-26 01:08:39.988  4239  4239 V DrmPlayerFactory: register DrmPlayerFactory success
06-26 01:08:39.989  4239  4239 E AmloadAmlogicPlayers: AmlogicCTCMediaPlayerFactory failed! dlopen failed: library "libCTC_MediaProcessor.so" not found
06-26 01:08:39.991  4239  4239 E AmloadAmlogicPlayers: AmMediaPlayerFactory failed:dlopen failed: library "libAmIptvMedia.so" not found
06-26 01:08:39.991  4239  4239 D hw-ProcessState: Binder ioctl to enable oneway spam detection failed: Invalid argument
06-26 01:08:39.994     0     0 I [   11.877637@0]- binder: 4239:4239 ioctl 40046210 ff9c3140 returned -22
06-26 01:08:40.029  4281  4281 D BootAnimation: BootAnimationPreloadStopTiming start time: 11858ms
06-26 01:08:40.108  4355  4355 I applypatch: Patching /dev/block/by-name/recovery
06-26 01:08:40.162  4097  4097 I Typeface: Preloading /system/fonts/Roboto-Regular.ttf
06-26 01:08:40.162  4097  4097 I Typeface: Preloading /system/fonts/RobotoStatic-Regular.ttf
06-26 01:08:40.369  4097  4097 E ActivityRecognitionHardware: activity_recognition HAL is deprecated. class_init is effectively a no-op
06-26 01:08:40.382  4240  4240 W ServiceManager: Waited one second for package_native (is service started? are binder threads started and available?)
06-26 01:08:40.382  3819  3819 I servicemanager: Since 'package_native' could not be found, trying to start it as a lazy AIDL service
06-26 01:08:40.390     0     0 E [   12.274353@2]- init: Control message: Could not find 'aidl/package_native' for ctl.interface_start from pid: 3819 (/system/bin/servicemanager)
06-26 01:08:40.398  3819  4357 W libc    : Unable to set property "ctl.interface_start" to "aidl/package_native": error code: 0x20
06-26 01:08:40.399  3819  4357 I servicemanager: Tried to start aidl service package_native as a lazy service, but was unable to. Usually this happens when a service is not installed, but if the service is intended to be used as a lazy service, then it may be configured incorrectly.
06-26 01:08:40.418  4355  4355 E applypatch: Partition contents don't have the expected checksum
06-26 01:08:40.669  4355  4355 E applypatch: Partition contents don't have the expected checksum
06-26 01:08:40.677  4355  4355 E applypatch: Failed to find any match
06-26 01:08:40.714  4358  4358 I recovery: Installing new recovery image: failed
06-26 01:08:41.149  4097  4306 I zygote  : Verified 2763 classes from mainline modules in 975.255ms
06-26 01:08:41.383  4240  4240 W ServiceManager: Waited one second for package_native (is service started? are binder threads started and available?)
06-26 01:08:41.383  3819  3819 I servicemanager: Since 'package_native' could not be found, trying to start it as a lazy AIDL service
06-26 01:08:41.385  3819  4359 W libc    : Unable to set property "ctl.interface_start" to "aidl/package_native": error code: 0x20
06-26 01:08:41.385  3819  4359 I servicemanager: Tried to start aidl service package_native as a lazy service, but was unable to. Usually this happens when a service is not installed, but if the service is intended to be used as a lazy service, then it may be configured incorrectly.
06-26 01:08:41.386     0     0 E [   13.271073@2]- init: Control message: Could not find 'aidl/package_native' for ctl.interface_start from pid: 3819 (/system/bin/servicemanager)
06-26 01:08:41.581  4181  4181 I SKHDI   : [sk_hdi_dmd_drv_cab_mxl248_init,499]: wait 20ms for stable
06-26 01:08:41.603  4181  4181 I SKHDI   : [sk_hdi_dmd_drv_cab_mxl248_init,505]: init ok.chip id[0X2],firmware[1.1.1.5-RC4],mxlware[1.1.1.5-RC4]
06-26 01:08:41.603  4181  4181 I SKHDI   : [mxl248_local_add_device,179]: mxl248 local device list add a device [0xee9003b0]
06-26 01:08:41.603  4181  4181 I SKHDI   : [sk_hdi_dmd_drv_cab_mxl248_init,514]: sk_hdi_dmd_drv_cab_mxl248_init: found one frontend p_device=0xee9003b0 fe_type=3
06-26 01:08:41.603  4181  4181 I SKHDI   : [sk_hdi_dmd_init,176]: Init FRONTEND_MULTISTANDARD_CXD2856
06-26 01:08:41.616  4181  4181 I SKHDI   : [sony_tuner_mxl608_create,308]: sony_tuner_mxl608_create
06-26 01:08:41.625  4181  4181 I SKHDI   : [MxL608_Initialize,16]: ===>skyworth mxl608 tuner i2c add:0xc0
06-26 01:08:41.636  4181  4181 D SKAPI   : [sk_task_create,296]: create the task: SKDMDTask priority: 64 sk_pid: 3
06-26 01:08:41.636  4181  4181 I SKHDI   : [sk_hdi_dmd_init,226]: sky_DEMOD_initialize: OK; DeviceCnt:0x2 
06-26 01:08:41.636  4181  4181 I SKHDI   : HDI_DMD:[sk_hdi_dmd_init 238] <== 
06-26 01:08:41.636  4181  4181 D SKHDI   : [sk_hdi_dmx_init,316]: HDI_DMX==>
06-26 01:08:41.636  4181  4181 D SKAPI   : [sk_task_create,296]: create the task: sk_dmx_task priority: 64 sk_pid: 4
06-26 01:08:41.647  4181  4362 D SKAPI   : [wrap_task_fun,111]: the task_name: sk_dmx_task task_id: 4362 task_pro: 64 pro: 0 thread_id: 4362
06-26 01:08:41.647  4181  4361 D SKAPI   : [wrap_task_fun,111]: the task_name: SKDMDTask task_id: 4361 task_pro: 64 pro: 0 thread_id: 4361
06-26 01:08:41.647  4181  4361 D SKHDI   : [sk_hdi_dmd_drv_process_task,1040]: SK HDI TASK ENTER
06-26 01:08:41.692  4181  4181 W vendor.skyworth: type=1400 audit(0.0:37): avc: denied { read } for name="u:object_r:system_prop:s0" dev="tmpfs" ino=1426 scontext=u:r:stbmedia:s0 tcontext=u:object_r:system_prop:s0 tclass=file permissive=0
06-26 01:08:41.695  4181  4181 D SKHDI   : [sk_hdi_dmx_init,342]: HDI_DMX<==
06-26 01:08:41.695  4181  4181 D SKHDI   : [sk_hdi_av_init,351]: HDI_AV==>
06-26 01:08:41.695  4181  4181 W libc    : Access denied finding property "persist.sys.stb.video.delay"
06-26 01:08:41.695  4181  4181 D SKHDI   : [amlav_audio_delay,861]: debugsky audio_delay---- 0
06-26 01:08:41.696  4181  4181 D SKHDI   : [sk_hdi_amlav_init,916]: add decoder(0x1)
06-26 01:08:41.696  4181  4181 D SKHDI   : [sk_hdi_av_init,366]: HDI_AV<==
06-26 01:08:41.696  4181  4181 D SKHDI   : [sk_hdi_fcc_init,73]: HDI_FCC==>
06-26 01:08:41.696  4181  4181 D SKHDI   : [sk_hdi_fcc_init,83]: HDI_FCC<==
06-26 01:08:41.696  4181  4181 D SKHDI   : [sk_hdi_pvr_init,111]: HDI_PVR==>
06-26 01:08:41.696  4181  4181 D SKHDI   : [sk_hdi_pvr_init,123]: HDI_PVR<==
06-26 01:08:41.696  4181  4181 I PORTTING: D[Common.cpp,open_frontend,150]:==>
06-26 01:08:41.696  4181  4181 D SKHDI   : [sk_hdi_av_injecter_open,1554]: HDI_AV==>
06-26 01:08:41.696  4181  4181 D SKHDI   : [sk_hdi_av_injecter_open,1580]: HDI_AV<==
06-26 01:08:41.696  4181  4181 I PORTTING: D[Common.cpp,open_frontend,169]:Open Inject[0]<=>(0xef1457d0,4011087824)
06-26 01:08:41.696  4181  4181 D SKHDI   : [sk_hdi_av_injecter_open,1554]: HDI_AV==>
06-26 01:08:41.696  4181  4181 D SKHDI   : [sk_hdi_av_injecter_open,1580]: HDI_AV<==
06-26 01:08:41.696  4181  4181 I PORTTING: D[Common.cpp,open_frontend,169]:Open Inject[1]<=>(0xef1458d0,4011088080)
06-26 01:08:41.696  4181  4181 D SKHDI   : [sk_hdi_av_injecter_open,1554]: HDI_AV==>
06-26 01:08:41.696  4181  4181 D SKHDI   : [sk_hdi_av_injecter_open,1580]: HDI_AV<==
06-26 01:08:41.696  4181  4181 I PORTTING: D[Common.cpp,open_frontend,169]:Open Inject[2]<=>(0xef145dd0,4011089360)
06-26 01:08:41.696  4181  4181 D SKHDI   : [sk_hdi_av_injecter_open,1554]: HDI_AV==>
06-26 01:08:41.696  4181  4181 D SKHDI   : [sk_hdi_av_injecter_open,1580]: HDI_AV<==
06-26 01:08:41.696  4181  4181 I PORTTING: D[Common.cpp,open_frontend,169]:Open Inject[3]<=>(0xef1456d0,4011087568)
06-26 01:08:41.696  4181  4181 D SKHDI   : [sk_hdi_av_injecter_open,1554]: HDI_AV==>
06-26 01:08:41.696  4181  4181 D SKHDI   : [sk_hdi_av_injecter_open,1580]: HDI_AV<==
06-26 01:08:41.696  4181  4181 I PORTTING: D[Common.cpp,open_frontend,169]:Open Inject[4]<=>(0xef145d10,4011089168)
06-26 01:08:41.696  4181  4181 D SKHDI   : [sk_hdi_av_injecter_open,1554]: HDI_AV==>
06-26 01:08:41.696  4181  4181 D SKHDI   : [sk_hdi_av_injecter_open,1580]: HDI_AV<==
06-26 01:08:41.696  4181  4181 I PORTTING: D[Common.cpp,open_frontend,169]:Open Inject[5]<=>(0xef145ad0,4011088592)
06-26 01:08:41.696  4181  4181 D SKHDI   : [sk_hdi_av_injecter_open,1554]: HDI_AV==>
06-26 01:08:41.696  4181  4181 D SKHDI   : [sk_hdi_av_injecter_open,1580]: HDI_AV<==
06-26 01:08:41.696  4181  4181 I PORTTING: D[Common.cpp,open_frontend,169]:Open Inject[6]<=>(0xef1460d0,4011090128)
06-26 01:08:41.696  4181  4181 D SKHDI   : [sk_hdi_av_injecter_open,1554]: HDI_AV==>
06-26 01:08:41.696  4181  4181 D SKHDI   : [sk_hdi_av_injecter_open,1580]: HDI_AV<==
06-26 01:08:41.697  4181  4181 I PORTTING: D[Common.cpp,open_frontend,169]:Open Inject[7]<=>(0xef145710,4011087632)
06-26 01:08:41.697  4181  4181 I SKHDI   : HDI_DMD:[sk_hdi_dmd_open 250] ==> 
06-26 01:08:41.697  4181  4181 I SKHDI   : [sk_hdi_dmd_open,325]: sky_DEMOD_Open: OK .
06-26 01:08:41.697  4181  4181 I SKHDI   : HDI_DMD:[sk_hdi_dmd_open 339] <== 
06-26 01:08:41.697  4181  4181 I PORTTING: D[Common.cpp,open_frontend,176]:Open DMD[8]<=>(0xeea40c50,4003728464)
06-26 01:08:41.697  4181  4181 I SKHDI   : HDI_DMD:[sk_hdi_dmd_open 250] ==> 
06-26 01:08:41.697  4181  4181 I SKHDI   : [sk_hdi_dmd_open,325]: sky_DEMOD_Open: OK .
06-26 01:08:41.697  4181  4181 I SKHDI   : HDI_DMD:[sk_hdi_dmd_open 339] <== 
06-26 01:08:41.697  4181  4181 I PORTTING: D[Common.cpp,open_frontend,176]:Open DMD[9]<=>(0xeea409b0,4003727792)
06-26 01:08:41.697  4181  4181 I SKHDI   : HDI_DMD:[sk_hdi_dmd_open 250] ==> 
06-26 01:08:41.697  4181  4181 I SKHDI   : HDI_DMD:[sk_hdi_dmd_open 339] <== 
06-26 01:08:41.697  4181  4181 I PORTTING: D[Common.cpp,open_frontend,178]:Open DMD[10] failed
06-26 01:08:41.697  4181  4181 I SKHDI   : HDI_DMD:[sk_hdi_dmd_open 250] ==> 
06-26 01:08:41.697  4181  4181 I SKHDI   : HDI_DMD:[sk_hdi_dmd_open 339] <== 
06-26 01:08:41.697  4181  4181 I PORTTING: D[Common.cpp,open_frontend,178]:Open DMD[11] failed
06-26 01:08:41.697  4181  4181 I SKHDI   : HDI_DMD:[sk_hdi_dmd_open 250] ==> 
06-26 01:08:41.697  4181  4181 I SKHDI   : HDI_DMD:[sk_hdi_dmd_open 339] <== 
06-26 01:08:41.697  4181  4181 I PORTTING: D[Common.cpp,open_frontend,178]:Open DMD[12] failed
06-26 01:08:41.697  4181  4181 I SKHDI   : HDI_DMD:[sk_hdi_dmd_open 250] ==> 
06-26 01:08:41.697  4181  4181 I SKHDI   : HDI_DMD:[sk_hdi_dmd_open 339] <== 
06-26 01:08:41.697  4181  4181 I PORTTING: D[Common.cpp,open_frontend,178]:Open DMD[13] failed
06-26 01:08:41.697  4181  4181 I SKHDI   : HDI_DMD:[sk_hdi_dmd_open 250] ==> 
06-26 01:08:41.697  4181  4181 I SKHDI   : HDI_DMD:[sk_hdi_dmd_open 339] <== 
06-26 01:08:41.697  4181  4181 I PORTTING: D[Common.cpp,open_frontend,178]:Open DMD[14] failed
06-26 01:08:41.697  4181  4181 I SKHDI   : HDI_DMD:[sk_hdi_dmd_open 250] ==> 
06-26 01:08:41.697  4181  4181 I SKHDI   : HDI_DMD:[sk_hdi_dmd_open 339] <== 
06-26 01:08:41.697  4181  4181 I PORTTING: D[Common.cpp,open_frontend,178]:Open DMD[15] failed
06-26 01:08:41.697  4181  4181 I SKHDI   : HDI_DMD:[sk_hdi_dmd_open 250] ==> 
06-26 01:08:41.697  4181  4181 I SKHDI   : HDI_DMD:[sk_hdi_dmd_open 339] <== 
06-26 01:08:41.697  4181  4181 I PORTTING: D[Common.cpp,open_frontend,178]:Open DMD[16] failed
06-26 01:08:41.697  4181  4181 I SKHDI   : HDI_DMD:[sk_hdi_dmd_open 250] ==> 
06-26 01:08:41.697  4181  4181 I SKHDI   : HDI_DMD:[sk_hdi_dmd_open 339] <== 
06-26 01:08:41.697  4181  4181 I PORTTING: D[Common.cpp,open_frontend,178]:Open DMD[17] failed
06-26 01:08:41.697  4181  4181 I SKHDI   : HDI_DMD:[sk_hdi_dmd_open 250] ==> 
06-26 01:08:41.697  4181  4181 I SKHDI   : HDI_DMD:[sk_hdi_dmd_open 339] <== 
06-26 01:08:41.697  4181  4181 I PORTTING: D[Common.cpp,open_frontend,178]:Open DMD[18] failed
06-26 01:08:41.697  4181  4181 I SKHDI   : HDI_DMD:[sk_hdi_dmd_open 250] ==> 
06-26 01:08:41.697  4181  4181 I SKHDI   : HDI_DMD:[sk_hdi_dmd_open 339] <== 
06-26 01:08:41.698  4181  4181 I PORTTING: D[Common.cpp,open_frontend,178]:Open DMD[19] failed
06-26 01:08:41.698  4181  4181 I SKHDI   : HDI_DMD:[sk_hdi_dmd_open 250] ==> 
06-26 01:08:41.698  4181  4181 I SKHDI   : HDI_DMD:[sk_hdi_dmd_open 339] <== 
06-26 01:08:41.698  4181  4181 I PORTTING: D[Common.cpp,open_frontend,178]:Open DMD[20] failed
06-26 01:08:41.698  4181  4181 I SKHDI   : HDI_DMD:[sk_hdi_dmd_open 250] ==> 
06-26 01:08:41.698  4181  4181 I SKHDI   : HDI_DMD:[sk_hdi_dmd_open 339] <== 
06-26 01:08:41.698  4181  4181 I PORTTING: D[Common.cpp,open_frontend,178]:Open DMD[21] failed
06-26 01:08:41.698  4181  4181 I SKHDI   : HDI_DMD:[sk_hdi_dmd_open 250] ==> 
06-26 01:08:41.698  4181  4181 I SKHDI   : HDI_DMD:[sk_hdi_dmd_open 339] <== 
06-26 01:08:41.698  4181  4181 I PORTTING: D[Common.cpp,open_frontend,178]:Open DMD[22] failed
06-26 01:08:41.698  4181  4181 I SKHDI   : HDI_DMD:[sk_hdi_dmd_open 250] ==> 
06-26 01:08:41.698  4181  4181 I SKHDI   : HDI_DMD:[sk_hdi_dmd_open 339] <== 
06-26 01:08:41.698  4181  4181 I PORTTING: D[Common.cpp,open_frontend,178]:Open DMD[23] failed
06-26 01:08:41.698  4181  4181 I SKHDI   : HDI_DMD:[sk_hdi_dmd_open 250] ==> 
06-26 01:08:41.698  4181  4181 I SKHDI   : [sk_hdi_dmd_open,325]: sky_DEMOD_Open: OK .
06-26 01:08:41.698  4181  4181 I SKHDI   : HDI_DMD:[sk_hdi_dmd_open 339] <== 
06-26 01:08:41.698  4181  4181 I PORTTING: D[Common.cpp,open_frontend,176]:Open DMD[24]<=>(0xeea42f50,4003737424)
06-26 01:08:41.698  4181  4181 I SKHDI   : HDI_DMD:[sk_hdi_dmd_open 250] ==> 
06-26 01:08:41.698  4181  4181 I SKHDI   : HDI_DMD:[sk_hdi_dmd_open 339] <== 
06-26 01:08:41.698  4181  4181 I PORTTING: D[Common.cpp,open_frontend,178]:Open DMD[25] failed
06-26 01:08:41.698  4181  4181 I SKHDI   : HDI_DMD:[sk_hdi_dmd_open 250] ==> 
06-26 01:08:41.698  4181  4181 I SKHDI   : HDI_DMD:[sk_hdi_dmd_open 339] <== 
06-26 01:08:41.698  4181  4181 I PORTTING: D[Common.cpp,open_frontend,178]:Open DMD[26] failed
06-26 01:08:41.698  4181  4181 I SKHDI   : HDI_DMD:[sk_hdi_dmd_open 250] ==> 
06-26 01:08:41.698  4181  4181 I SKHDI   : HDI_DMD:[sk_hdi_dmd_open 339] <== 
06-26 01:08:41.698  4181  4181 I PORTTING: D[Common.cpp,open_frontend,178]:Open DMD[27] failed
06-26 01:08:41.698  4181  4181 I SKHDI   : HDI_DMD:[sk_hdi_dmd_open 250] ==> 
06-26 01:08:41.698  4181  4181 I SKHDI   : HDI_DMD:[sk_hdi_dmd_open 339] <== 
06-26 01:08:41.698  4181  4181 I PORTTING: D[Common.cpp,open_frontend,178]:Open DMD[28] failed
06-26 01:08:41.698  4181  4181 I SKHDI   : HDI_DMD:[sk_hdi_dmd_open 250] ==> 
06-26 01:08:41.698  4181  4181 I SKHDI   : HDI_DMD:[sk_hdi_dmd_open 339] <== 
06-26 01:08:41.698  4181  4181 I PORTTING: D[Common.cpp,open_frontend,178]:Open DMD[29] failed
06-26 01:08:41.698  4181  4181 I SKHDI   : HDI_DMD:[sk_hdi_dmd_open 250] ==> 
06-26 01:08:41.698  4181  4181 I SKHDI   : HDI_DMD:[sk_hdi_dmd_open 339] <== 
06-26 01:08:41.698  4181  4181 I PORTTING: D[Common.cpp,open_frontend,178]:Open DMD[30] failed
06-26 01:08:41.698  4181  4181 I SKHDI   : HDI_DMD:[sk_hdi_dmd_open 250] ==> 
06-26 01:08:41.699  4181  4181 I SKHDI   : HDI_DMD:[sk_hdi_dmd_open 339] <== 
06-26 01:08:41.699  4181  4181 I PORTTING: D[Common.cpp,open_frontend,178]:Open DMD[31] failed
06-26 01:08:41.699  4181  4181 I PORTTING: D[Callback.cpp,dmd_callback_contorl,162]:add register_callback fe_type=3,callback=0
06-26 01:08:41.699  4181  4181 I PORTTING: D[Callback.cpp,dmd_callback_contorl,162]:add register_callback fe_type=4,callback=0
06-26 01:08:41.699  4181  4181 I PORTTING: D[Callback.cpp,dmd_callback_contorl,162]:add register_callback fe_type=5,callback=0
06-26 01:08:41.699  4181  4181 I PORTTING: D[Callback.cpp,dmd_callback_contorl,162]:add register_callback fe_type=3,callback=2
06-26 01:08:41.699  4181  4181 I PORTTING: D[Callback.cpp,dmd_callback_contorl,162]:add register_callback fe_type=4,callback=2
06-26 01:08:41.699  4181  4181 I PORTTING: D[Callback.cpp,dmd_callback_contorl,162]:add register_callback fe_type=5,callback=2
06-26 01:08:41.699  4181  4181 I PORTTING: D[Callback.cpp,dmd_callback_contorl,162]:add register_callback fe_type=3,callback=3
06-26 01:08:41.699  4181  4181 I PORTTING: D[Callback.cpp,dmd_callback_contorl,162]:add register_callback fe_type=4,callback=3
06-26 01:08:41.699  4097  4097 D MtpDeviceJNI: register_android_mtp_MtpDevice
06-26 01:08:41.699  4181  4181 I PORTTING: D[Callback.cpp,dmd_callback_contorl,162]:add register_callback fe_type=5,callback=3
06-26 01:08:41.699  4181  4181 I PORTTING: D[Common.cpp,open_frontend,184]:<==
06-26 01:08:41.699  4181  4181 I PORTTING: D[Common.cpp,portting_init,313]:<==
06-26 01:08:41.700  4181  4181 I HidlServiceManagement: Registered vendor.skyworthdigital.stbmedia@1.0::IStbmedia/default
06-26 01:08:41.701  4181  4181 I HidlServiceManagement: Removing namespace from process name vendor.skyworthdigital.stbmedia@1.0-service to stbmedia@1.0-service.
06-26 01:08:41.701  4181  4181 I LegacySupport: Registration complete for vendor.skyworthdigital.stbmedia@1.0::IStbmedia/default.
06-26 01:08:41.759  4097  4097 I zygote  : Thread[1,tid=4097,Native,Thread*=0xe7005410,peer=0x13000078,"main"] recursive attempt to load library "librtp_jni.so"
06-26 01:08:41.981  4097  4097 W Zygote  : Class not found for preloading: android.view.SurfaceView$2
06-26 01:08:42.383  4240  4240 W ServiceManager: Waited one second for package_native (is service started? are binder threads started and available?)
06-26 01:08:42.384  3819  3819 I servicemanager: Since 'package_native' could not be found, trying to start it as a lazy AIDL service
06-26 01:08:42.386  3819  4365 W libc    : Unable to set property "ctl.interface_start" to "aidl/package_native": error code: 0x20
06-26 01:08:42.386     0     0 E [   14.272399@1]- init: Control message: Could not find 'aidl/package_native' for ctl.interface_start from pid: 3819 (/system/bin/servicemanager)
06-26 01:08:42.386  3819  4365 I servicemanager: Tried to start aidl service package_native as a lazy service, but was unable to. Usually this happens when a service is not installed, but if the service is intended to be used as a lazy service, then it may be configured incorrectly.
06-26 01:08:42.807  4097  4097 I Zygote  : ...preloaded 13903 classes in 2826ms.
06-26 01:08:42.807  4097  4097 D Zygote32Timing: PreloadClasses took to complete: 2828ms
06-26 01:08:42.816  4097  4097 D ApplicationLoaders: Created zygote-cached class loader: /system/framework/android.hidl.base-V1.0-java.jar
06-26 01:08:42.821  4097  4097 D ApplicationLoaders: Created zygote-cached class loader: /system/framework/android.hidl.manager-V1.0-java.jar
06-26 01:08:42.823  4095  4095 W ServiceManager: Service statscompanion didn't start. Returning NULL
06-26 01:08:42.827  4097  4097 D ApplicationLoaders: Created zygote-cached class loader: /system/framework/android.test.base.jar
06-26 01:08:42.827  4097  4097 D Zygote32Timing: CacheNonBootClasspathClassLoaders took to complete: 19ms
06-26 01:08:42.827  4097  4097 I Zygote  : Preloading resources...
06-26 01:08:42.850  4097  4097 W Resources: Preloaded drawable resource #0x1080285 (android:drawable/dialog_background_material) that varies with configuration!!
06-26 01:08:42.878  4095  4095 W statsd  : StatsPullerManager: Unknown tagId 10001
06-26 01:08:42.878  4095  4095 E statsd  : Stats puller failed for tag: 10001 at 14701166423
06-26 01:08:42.878  4095  4095 W statsd  : StatsPullerManager: Unknown tagId 10001
06-26 01:08:42.878  4095  4095 E statsd  : Stats puller failed for tag: 10001 at 14701166423
06-26 01:08:42.878  4095  4095 W statsd  : StatsPullerManager: Unknown tagId 10000
06-26 01:08:42.878  4095  4095 E statsd  : Stats puller failed for tag: 10000 at 14701166423
