06-16 14:56:51.711   604   634 E KernelCpuThreadReader: 	at com.android.internal.os.KernelCpuThreadReader.create(KernelCpuThreadReader.java:151)
06-16 14:56:51.711   604   634 E KernelCpuThreadReader: 	at com.android.internal.os.KernelCpuThreadReaderSettingsObserver.<init>(KernelCpuThreadReaderSettingsObserver.java:95)
06-16 14:56:51.711   604   634 E KernelCpuThreadReader: 	at com.android.internal.os.KernelCpuThreadReaderSettingsObserver.getSettingsModifiedReader(KernelCpuThreadReaderSettingsObserver.java:80)
06-16 14:56:51.711   604   634 E KernelCpuThreadReader: 	at com.android.server.stats.pull.StatsPullAtomService.initializePullersState(StatsPullAtomService.java:798)
06-16 14:56:51.711   604   634 E KernelCpuThreadReader: 	at com.android.server.stats.pull.StatsPullAtomService.lambda$onBootPhase$0$StatsPullAtomService(StatsPullAtomService.java:757)
06-16 14:56:51.711   604   634 E KernelCpuThreadReader: 	at com.android.server.stats.pull.StatsPullAtomService$$ExternalSyntheticLambda14.run(Unknown Source:2)
06-16 14:56:51.711   604   634 E KernelCpuThreadReader: 	at android.os.Handler.handleCallback(Handler.java:938)
06-16 14:56:51.711   604   634 E KernelCpuThreadReader: 	at android.os.Handler.dispatchMessage(Handler.java:99)
06-16 14:56:51.711   604   634 E KernelCpuThreadReader: 	at android.os.Looper.loopOnce(Looper.java:201)
06-16 14:56:51.711   604   634 E KernelCpuThreadReader: 	at android.os.Looper.loop(Looper.java:288)
06-16 14:56:51.711   604   634 E KernelCpuThreadReader: 	at android.os.HandlerThread.run(HandlerThread.java:67)
06-16 14:56:51.712   604   604 E DisplayPowerController[0]: failed to set up display white-balance: java.lang.IllegalStateException: cannot find light sensor
06-16 14:56:51.713   604   604 W DisplayPowerController[0]: Screen brightness nits configuration is unavailable; falling back
06-16 14:56:51.718   604   634 I HealthServiceWrapper: health: HealthServiceWrapper listening to instance default
06-16 14:56:51.729   604   604 I FaceDownDetector: readValuesFromDeviceConfig():
06-16 14:56:51.729   604   604 I FaceDownDetector: mAccelerationThreshold=0.2
06-16 14:56:51.729   604   604 I FaceDownDetector: mZAccelerationThreshold=-9.5
06-16 14:56:51.729   604   604 I FaceDownDetector: mTimeThreshold=PT1S
06-16 14:56:51.729   604   604 I FaceDownDetector: mIsEnabled=true
06-16 14:56:51.731   604   651 W KeyguardServiceDelegate: onScreenTurningOn(): no keyguard service!
06-16 14:56:51.733   604   651 V DisplayPowerController[0]: Brightness [0.39763778] reason changing to: 'override', previous reason: '0'.
06-16 14:56:51.735   604   642 W KernelCpuProcStringReader: File not found. It's normal if not implemented: /proc/uid_concurrent_policy_time
06-16 14:56:51.735   604   629 I DisplayDeviceRepository: Display device changed state: "Built-in Screen", ON
06-16 14:56:51.735   604   777 E DisplayDeviceConfig: requesting nits when no mapping exists.
06-16 14:56:51.737   604   604 D PowerManagerService: sdt acquireBlocker
06-16 14:56:51.739   604   627 I WindowManager: onDisplayChanged, oldSize= Point(1920, 1080), newSize= Point(1920, 1080)
06-16 14:56:51.740   604   604 D SystemServerTiming: MakePowerManagerServiceReady took to complete: 39ms
06-16 14:56:51.740   604   635 I DropBoxManagerService: add tag=system_server_wtf isTagEnabled=true flags=0x2
06-16 14:56:51.740   604   604 I SystemServerTiming: StartPermissionPolicyService
06-16 14:56:51.740   604   604 I SystemServiceManager: Starting com.android.server.policy.PermissionPolicyService
06-16 14:56:51.742   604   777 E DisplayDeviceConfig: requesting nits when no mapping exists.
06-16 14:56:51.747   604   635 I DropBoxManagerService: add tag=system_server_wtf isTagEnabled=true flags=0x2
06-16 14:56:51.752   604   634 D StatsPullAtomService: Registering pullers with statsd
06-16 14:56:51.753   604   604 D SystemServerTiming: StartPermissionPolicyService took to complete: 13ms
06-16 14:56:51.754   604   604 I SystemServerTiming: MakePackageManagerServiceReady
06-16 14:56:51.780   604   604 V UserDataPreparer: Found /data/user_de/0 with serial number 0
06-16 14:56:51.781   604   604 V UserDataPreparer: Found /data/user/0 with serial number 0
06-16 14:56:51.781   604   604 V UserDataPreparer: Found /data/system_de/0 with serial number 0
06-16 14:56:51.781   604   604 W UserDataPreparer: Invalid user directory /data/system_de/usagestats
06-16 14:56:51.781   604   604 V UserDataPreparer: Found /data/system_ce/0 with serial number 0
06-16 14:56:51.782   604   604 V UserDataPreparer: Found /data/misc_ce/0 with serial number 0
06-16 14:56:51.880   604   634 I StatsPullAtomService: register thermal listener successfully
06-16 14:56:51.880   604   604 I PackageManager: Permission ownership changed. Updating all permissions.
06-16 14:56:51.982   604   661 E DefaultPermGrantPolicy: Package not found: com.google.android.tv.axel
06-16 14:56:51.983   604   661 E DefaultPermGrantPolicy: Package not found: com.google.android.tv.dfuservice
06-16 14:56:51.984   604   604 D StagingManagerTiming: restoreSessions took to complete: 1ms
06-16 14:56:51.984   604   604 D SystemServerTiming: MakePackageManagerServiceReady took to complete: 231ms
06-16 14:56:51.984   604   604 I SystemServerTiming: MakeDisplayManagerServiceReady
06-16 14:56:51.987   604   629 E DisplayModeDirector: Asked about unknown display, returning empty display mode specs!(id=0)
06-16 14:56:51.987   604   629 E DisplayModeDirector: Asked about unknown display, returning empty display mode specs!(id=0)
06-16 14:56:51.992   604   604 D SystemServerTiming: MakeDisplayManagerServiceReady took to complete: 7ms
06-16 14:56:51.992   604   604 I SystemServerTiming: StartDeviceSpecificServices
06-16 14:56:51.992   604   604 D SystemServerTiming: StartDeviceSpecificServices took to complete: 0ms
06-16 14:56:51.992   604   604 I SystemServerTiming: GameManagerService
06-16 14:56:51.994   604   604 I SystemServiceManager: Starting com.android.server.app.GameManagerService$Lifecycle
06-16 14:56:51.998   604   604 D SystemServerTiming: GameManagerService took to complete: 6ms
06-16 14:56:51.999   604   604 I SystemServerTiming: StartBootPhaseDeviceSpecificServicesReady
06-16 14:56:51.999   604   604 I SystemServiceManager: Starting phase 520
06-16 14:56:51.999   604   604 I SystemServerTiming: OnBootPhase_520
06-16 14:56:51.999   604   604 I SystemServerTiming: OnBootPhase_520_com.android.server.security.FileIntegrityService
06-16 14:56:51.999   604   604 D SystemServerTiming: OnBootPhase_520_com.android.server.security.FileIntegrityService took to complete: 0ms
06-16 14:56:51.999   604   604 I SystemServerTiming: OnBootPhase_520_com.android.server.pm.Installer
06-16 14:56:51.999   604   604 D SystemServerTiming: OnBootPhase_520_com.android.server.pm.Installer took to complete: 0ms
06-16 14:56:51.999   604   604 I SystemServerTiming: OnBootPhase_520_com.android.server.os.DeviceIdentifiersPolicyService
06-16 14:56:51.999   604   604 D SystemServerTiming: OnBootPhase_520_com.android.server.os.DeviceIdentifiersPolicyService took to complete: 0ms
06-16 14:56:51.999   604   604 I SystemServerTiming: OnBootPhase_520_com.android.server.uri.UriGrantsManagerService$Lifecycle
06-16 14:56:51.999   604   604 D SystemServerTiming: OnBootPhase_520_com.android.server.uri.UriGrantsManagerService$Lifecycle took to complete: 0ms
06-16 14:56:51.999   604   604 I SystemServerTiming: OnBootPhase_520_com.android.server.powerstats.PowerStatsService
06-16 14:56:51.999   604   604 D SystemServerTiming: OnBootPhase_520_com.android.server.powerstats.PowerStatsService took to complete: 0ms
06-16 14:56:51.999   604   604 I SystemServerTiming: OnBootPhase_520_com.android.server.wm.ActivityTaskManagerService$Lifecycle
06-16 14:56:51.999   604   604 D SystemServerTiming: OnBootPhase_520_com.android.server.wm.ActivityTaskManagerService$Lifecycle took to complete: 0ms
06-16 14:56:51.999   604   604 I SystemServerTiming: OnBootPhase_520_com.android.server.am.ActivityManagerService$Lifecycle
06-16 14:56:51.999   604   604 D SystemServerTiming: OnBootPhase_520_com.android.server.am.ActivityManagerService$Lifecycle took to complete: 0ms
06-16 14:56:51.999   604   604 I SystemServerTiming: OnBootPhase_520_com.android.server.pm.DataLoaderManagerService
06-16 14:56:52.000   604   604 D SystemServerTiming: OnBootPhase_520_com.android.server.pm.DataLoaderManagerService took to complete: 0ms
06-16 14:56:52.000   604   604 I SystemServerTiming: OnBootPhase_520_com.android.server.power.PowerManagerService
06-16 14:56:52.000   604   604 D SystemServerTiming: OnBootPhase_520_com.android.server.power.PowerManagerService took to complete: 0ms
06-16 14:56:52.000   604   604 I SystemServerTiming: OnBootPhase_520_com.android.server.power.ThermalManagerService
06-16 14:56:52.000   604   604 D SystemServerTiming: OnBootPhase_520_com.android.server.power.ThermalManagerService took to complete: 0ms
06-16 14:56:52.000   604   604 I SystemServerTiming: OnBootPhase_520_com.android.server.power.hint.HintManagerService
06-16 14:56:52.000   604   604 D SystemServerTiming: OnBootPhase_520_com.android.server.power.hint.HintManagerService took to complete: 0ms
06-16 14:56:52.000   604   604 I SystemServerTiming: OnBootPhase_520_com.android.server.recoverysystem.RecoverySystemService$Lifecycle
06-16 14:56:52.000   604   604 D SystemServerTiming: OnBootPhase_520_com.android.server.recoverysystem.RecoverySystemService$Lifecycle took to complete: 0ms
06-16 14:56:52.000   604   604 I SystemServerTiming: OnBootPhase_520_com.android.server.lights.LightsService
06-16 14:56:52.000   604   604 D SystemServerTiming: OnBootPhase_520_com.android.server.lights.LightsService took to complete: 0ms
06-16 14:56:52.000   604   604 I SystemServerTiming: OnBootPhase_520_com.android.server.display.DisplayManagerService
06-16 14:56:52.000   604   604 D SystemServerTiming: OnBootPhase_520_com.android.server.display.DisplayManagerService took to complete: 0ms
06-16 14:56:52.000   604   604 I SystemServerTiming: OnBootPhase_520_com.android.server.pm.verify.domain.DomainVerificationService
06-16 14:56:52.000   604   604 D SystemServerTiming: OnBootPhase_520_com.android.server.pm.verify.domain.DomainVerificationService took to complete: 0ms
06-16 14:56:52.000   604   604 I SystemServerTiming: OnBootPhase_520_com.android.server.pm.PackageInstallerService$Lifecycle
06-16 14:56:52.000   604   604 D SystemServerTiming: OnBootPhase_520_com.android.server.pm.PackageInstallerService$Lifecycle took to complete: 0ms
06-16 14:56:52.000   604   604 I SystemServerTiming: OnBootPhase_520_com.android.server.pm.UserManagerService$LifeCycle
06-16 14:56:52.000   604   604 D SystemServerTiming: OnBootPhase_520_com.android.server.pm.UserManagerService$LifeCycle took to complete: 0ms
06-16 14:56:52.000   604   604 I SystemServerTiming: OnBootPhase_520_com.android.server.om.OverlayManagerService
06-16 14:56:52.000   604   604 D SystemServerTiming: OnBootPhase_520_com.android.server.om.OverlayManagerService took to complete: 0ms
06-16 14:56:52.000   604   604 I SystemServerTiming: OnBootPhase_520_com.android.server.SensorPrivacyService
06-16 14:56:52.000   604   604 D SystemServerTiming: OnBootPhase_520_com.android.server.SensorPrivacyService took to complete: 0ms
06-16 14:56:52.000   604   604 I SystemServerTiming: OnBootPhase_520_com.android.server.sensors.SensorService
06-16 14:56:52.000   604   604 D SystemServerTiming: OnBootPhase_520_com.android.server.sensors.SensorService took to complete: 0ms
06-16 14:56:52.000   604   604 I SystemServerTiming: OnBootPhase_520_com.android.server.SystemConfigService
06-16 14:56:52.000   604   604 D SystemServerTiming: OnBootPhase_520_com.android.server.SystemConfigService took to complete: 0ms
06-16 14:56:52.000   604   604 I SystemServerTiming: OnBootPhase_520_com.android.server.BatteryService
06-16 14:56:52.000   604   604 D SystemServerTiming: OnBootPhase_520_com.android.server.BatteryService took to complete: 0ms
06-16 14:56:52.001   604   604 I SystemServerTiming: OnBootPhase_520_com.android.server.usage.UsageStatsService
06-16 14:56:52.001   604   604 D SystemServerTiming: OnBootPhase_520_com.android.server.usage.UsageStatsService took to complete: 0ms
06-16 14:56:52.001   604   604 I SystemServerTiming: OnBootPhase_520_com.android.server.webkit.WebViewUpdateService
06-16 14:56:52.001   604   604 D SystemServerTiming: OnBootPhase_520_com.android.server.webkit.WebViewUpdateService took to complete: 0ms
06-16 14:56:52.001   604   604 I SystemServerTiming: OnBootPhase_520_com.android.server.CachedDeviceStateService
06-16 14:56:52.001   604   604 D SystemServerTiming: OnBootPhase_520_com.android.server.CachedDeviceStateService took to complete: 0ms
06-16 14:56:52.001   604   604 I SystemServerTiming: OnBootPhase_520_com.android.server.BinderCallsStatsService$LifeCycle
06-16 14:56:52.001   604   604 D SystemServerTiming: OnBootPhase_520_com.android.server.BinderCallsStatsService$LifeCycle took to complete: 0ms
06-16 14:56:52.001   604   604 I SystemServerTiming: OnBootPhase_520_com.android.server.LooperStatsService$Lifecycle
06-16 14:56:52.001   604   604 D SystemServerTiming: OnBootPhase_520_com.android.server.LooperStatsService$Lifecycle took to complete: 0ms
06-16 14:56:52.001   604   604 I SystemServerTiming: OnBootPhase_520_com.android.server.rollback.RollbackManagerService
06-16 14:56:52.001   604   604 D SystemServerTiming: OnBootPhase_520_com.android.server.rollback.RollbackManagerService took to complete: 0ms
06-16 14:56:52.001   604   604 I SystemServerTiming: OnBootPhase_520_com.android.server.os.NativeTombstoneManagerService
06-16 14:56:52.001   604   604 D SystemServerTiming: OnBootPhase_520_com.android.server.os.NativeTombstoneManagerService took to complete: 0ms
06-16 14:56:52.001   604   604 I SystemServerTiming: OnBootPhase_520_com.android.server.os.BugreportManagerService
06-16 14:56:52.001   604   604 D SystemServerTiming: OnBootPhase_520_com.android.server.os.BugreportManagerService took to complete: 0ms
06-16 14:56:52.001   604   604 I SystemServerTiming: OnBootPhase_520_com.android.server.gpu.GpuService
06-16 14:56:52.001   604   604 D SystemServerTiming: OnBootPhase_520_com.android.server.gpu.GpuService took to complete: 0ms
06-16 14:56:52.001   604   604 I SystemServerTiming: OnBootPhase_520_com.android.server.security.KeyChainSystemService
06-16 14:56:52.001   604   604 D SystemServerTiming: OnBootPhase_520_com.android.server.security.KeyChainSystemService took to complete: 0ms
06-16 14:56:52.001   604   604 I SystemServerTiming: OnBootPhase_520_com.android.server.telecom.TelecomLoaderService
06-16 14:56:52.001   604   604 D SystemServerTiming: OnBootPhase_520_com.android.server.telecom.TelecomLoaderService took to complete: 0ms
06-16 14:56:52.001   604   604 I SystemServerTiming: OnBootPhase_520_com.android.server.accounts.AccountManagerService$Lifecycle
06-16 14:56:52.001   604   604 D SystemServerTiming: OnBootPhase_520_com.android.server.accounts.AccountManagerService$Lifecycle took to complete: 0ms
06-16 14:56:52.001   604   604 I SystemServerTiming: OnBootPhase_520_com.android.server.content.ContentService$Lifecycle
06-16 14:56:52.001   604   604 D SystemServerTiming: OnBootPhase_520_com.android.server.content.ContentService$Lifecycle took to complete: 0ms
06-16 14:56:52.002   604   604 I SystemServerTiming: OnBootPhase_520_com.android.server.DropBoxManagerService
06-16 14:56:52.002   604   604 D SystemServerTiming: OnBootPhase_520_com.android.server.DropBoxManagerService took to complete: 0ms
06-16 14:56:52.002   604   604 I SystemServerTiming: OnBootPhase_520_com.android.role.RoleService
06-16 14:56:52.002   604   604 D SystemServerTiming: OnBootPhase_520_com.android.role.RoleService took to complete: 0ms
06-16 14:56:52.002   604   604 I SystemServerTiming: OnBootPhase_520_com.android.server.vibrator.VibratorManagerService$Lifecycle
06-16 14:56:52.002   604   604 D SystemServerTiming: OnBootPhase_520_com.android.server.vibrator.VibratorManagerService$Lifecycle took to complete: 0ms
06-16 14:56:52.002   604   604 I SystemServerTiming: OnBootPhase_520_com.android.server.alarm.AlarmManagerService
06-16 14:56:52.002   604   604 D SystemServerTiming: OnBootPhase_520_com.android.server.alarm.AlarmManagerService took to complete: 0ms
06-16 14:56:52.002   604   604 I SystemServerTiming: OnBootPhase_520_com.android.server.devicestate.DeviceStateManagerService
06-16 14:56:52.002   604   604 D SystemServerTiming: OnBootPhase_520_com.android.server.devicestate.DeviceStateManagerService took to complete: 0ms
06-16 14:56:52.002   604   604 I SystemServerTiming: OnBootPhase_520_com.android.server.camera.CameraServiceProxy
06-16 14:56:52.002   604   604 D SystemServerTiming: OnBootPhase_520_com.android.server.camera.CameraServiceProxy took to complete: 0ms
06-16 14:56:52.002   604   604 I SystemServerTiming: OnBootPhase_520_com.android.server.BluetoothService
06-16 14:56:52.002   604   604 D SystemServerTiming: OnBootPhase_520_com.android.server.BluetoothService took to complete: 0ms
06-16 14:56:52.002   604   604 I SystemServerTiming: OnBootPhase_520_com.android.server.connectivity.IpConnectivityMetrics
06-16 14:56:52.002   604   604 D SystemServerTiming: OnBootPhase_520_com.android.server.connectivity.IpConnectivityMetrics took to complete: 0ms
06-16 14:56:52.002   604   604 I SystemServerTiming: OnBootPhase_520_com.android.server.net.watchlist.NetworkWatchlistService$Lifecycle
06-16 14:56:52.002   604   604 D SystemServerTiming: OnBootPhase_520_com.android.server.net.watchlist.NetworkWatchlistService$Lifecycle took to complete: 0ms
06-16 14:56:52.002   604   604 I SystemServerTiming: OnBootPhase_520_com.android.server.PinnerService
06-16 14:56:52.002   604   604 D SystemServerTiming: OnBootPhase_520_com.android.server.PinnerService took to complete: 0ms
06-16 14:56:52.002   604   604 I SystemServerTiming: OnBootPhase_520_com.google.android.startop.iorap.IorapForwardingService
06-16 14:56:52.002   604   604 D SystemServerTiming: OnBootPhase_520_com.google.android.startop.iorap.IorapForwardingService took to complete: 0ms
06-16 14:56:52.002   604   604 I SystemServerTiming: OnBootPhase_520_com.android.server.integrity.AppIntegrityManagerService
06-16 14:56:52.002   604   604 D SystemServerTiming: OnBootPhase_520_com.android.server.integrity.AppIntegrityManagerService took to complete: 0ms
06-16 14:56:52.002   604   604 I SystemServerTiming: OnBootPhase_520_com.android.server.inputmethod.InputMethodManagerService$Lifecycle
06-16 14:56:52.003   604   604 D SystemServerTiming: OnBootPhase_520_com.android.server.inputmethod.InputMethodManagerService$Lifecycle took to complete: 0ms
06-16 14:56:52.003   604   604 I SystemServerTiming: OnBootPhase_520_com.android.server.accessibility.AccessibilityManagerService$Lifecycle
06-16 14:56:52.003   604   604 D SystemServerTiming: OnBootPhase_520_com.android.server.accessibility.AccessibilityManagerService$Lifecycle took to complete: 0ms
06-16 14:56:52.003   604   604 I SystemServerTiming: OnBootPhase_520_com.android.server.StorageManagerService$Lifecycle
06-16 14:56:52.003   604   604 D SystemServerTiming: OnBootPhase_520_com.android.server.StorageManagerService$Lifecycle took to complete: 0ms
06-16 14:56:52.003   604   604 I SystemServerTiming: OnBootPhase_520_com.android.server.usage.StorageStatsService$Lifecycle
06-16 14:56:52.003   604   604 D SystemServerTiming: OnBootPhase_520_com.android.server.usage.StorageStatsService$Lifecycle took to complete: 0ms
06-16 14:56:52.003   604   604 I SystemServerTiming: OnBootPhase_520_com.android.server.UiModeManagerService
06-16 14:56:52.003   604   604 D SystemServerTiming: OnBootPhase_520_com.android.server.UiModeManagerService took to complete: 0ms
06-16 14:56:52.003   604   604 I SystemServerTiming: OnBootPhase_520_com.android.server.locksettings.LockSettingsService$Lifecycle
06-16 14:56:52.003   604   604 D SystemServerTiming: OnBootPhase_520_com.android.server.locksettings.LockSettingsService$Lifecycle took to complete: 0ms
06-16 14:56:52.003   604   604 I SystemServerTiming: OnBootPhase_520_com.android.server.PersistentDataBlockService
06-16 14:56:52.003   604   604 D SystemServerTiming: OnBootPhase_520_com.android.server.PersistentDataBlockService took to complete: 0ms
06-16 14:56:52.003   604   604 I SystemServerTiming: OnBootPhase_520_com.android.server.testharness.TestHarnessModeService
06-16 14:56:52.003   604   604 D SystemServerTiming: OnBootPhase_520_com.android.server.testharness.TestHarnessModeService took to complete: 0ms
06-16 14:56:52.003   604   604 I SystemServerTiming: OnBootPhase_520_com.android.server.oemlock.OemLockService
06-16 14:56:52.003   604   604 D SystemServerTiming: OnBootPhase_520_com.android.server.oemlock.OemLockService took to complete: 0ms
06-16 14:56:52.003   604   604 I SystemServerTiming: OnBootPhase_520_com.android.server.DeviceIdleController
06-16 14:56:52.003   604   604 D SystemServerTiming: OnBootPhase_520_com.android.server.DeviceIdleController took to complete: 0ms
06-16 14:56:52.003   604   604 I SystemServerTiming: OnBootPhase_520_com.android.server.devicepolicy.DevicePolicyManagerService$Lifecycle
06-16 14:56:52.003   604   604 D SystemServerTiming: OnBootPhase_520_com.android.server.devicepolicy.DevicePolicyManagerService$Lifecycle took to complete: 0ms
06-16 14:56:52.003   604   604 I SystemServerTiming: OnBootPhase_520_com.android.server.texttospeech.TextToSpeechManagerService
06-16 14:56:52.003   604   604 D SystemServerTiming: OnBootPhase_520_com.android.server.texttospeech.TextToSpeechManagerService took to complete: 0ms
06-16 14:56:52.003   604   604 I SystemServerTiming: OnBootPhase_520_com.android.server.speech.SpeechRecognitionManagerService
06-16 14:56:52.003   604   604 D SystemServerTiming: OnBootPhase_520_com.android.server.speech.SpeechRecognitionManagerService took to complete: 0ms
06-16 14:56:52.003   604   604 I SystemServerTiming: OnBootPhase_520_com.android.server.searchui.SearchUiManagerService
06-16 14:56:52.003   604   604 D SystemServerTiming: OnBootPhase_520_com.android.server.searchui.SearchUiManagerService took to complete: 0ms
06-16 14:56:52.003   604   604 I SystemServerTiming: OnBootPhase_520_com.android.server.smartspace.SmartspaceManagerService
06-16 14:56:52.003   604   604 D SystemServerTiming: OnBootPhase_520_com.android.server.smartspace.SmartspaceManagerService took to complete: 0ms
06-16 14:56:52.004   604   604 I SystemServerTiming: OnBootPhase_520_com.android.server.graphics.fonts.FontManagerService$Lifecycle
06-16 14:56:52.004   604   604 D SystemServerTiming: OnBootPhase_520_com.android.server.graphics.fonts.FontManagerService$Lifecycle took to complete: 0ms
06-16 14:56:52.004   604   604 I SystemServerTiming: OnBootPhase_520_com.android.server.textservices.TextServicesManagerService$Lifecycle
06-16 14:56:52.004   604   604 D SystemServerTiming: OnBootPhase_520_com.android.server.textservices.TextServicesManagerService$Lifecycle took to complete: 0ms
06-16 14:56:52.004   604   604 I SystemServerTiming: OnBootPhase_520_com.android.server.textclassifier.TextClassificationManagerService$Lifecycle
06-16 14:56:52.004   604   604 D SystemServerTiming: OnBootPhase_520_com.android.server.textclassifier.TextClassificationManagerService$Lifecycle took to complete: 0ms
06-16 14:56:52.004   604   604 I SystemServerTiming: OnBootPhase_520_com.android.server.NetworkScoreService$Lifecycle
06-16 14:56:52.004   604   604 D SystemServerTiming: OnBootPhase_520_com.android.server.NetworkScoreService$Lifecycle took to complete: 0ms
06-16 14:56:52.004   604   604 I SystemServerTiming: OnBootPhase_520_com.android.server.wifi.WifiService
06-16 14:56:52.004   604   604 D SystemServerTiming: OnBootPhase_520_com.android.server.wifi.WifiService took to complete: 0ms
06-16 14:56:52.004   604   604 I SystemServerTiming: OnBootPhase_520_com.android.server.wifi.scanner.WifiScanningService
06-16 14:56:52.004   604   604 D SystemServerTiming: OnBootPhase_520_com.android.server.wifi.scanner.WifiScanningService took to complete: 0ms
06-16 14:56:52.004   604   604 I SystemServerTiming: OnBootPhase_520_com.android.server.wifi.p2p.WifiP2pService
06-16 14:56:52.004   604   604 D SystemServerTiming: OnBootPhase_520_com.android.server.wifi.p2p.WifiP2pService took to complete: 0ms
06-16 14:56:52.004   604   604 I SystemServerTiming: OnBootPhase_520_com.android.server.ethernet.EthernetService
06-16 14:56:52.004   604   604 D SystemServerTiming: OnBootPhase_520_com.android.server.ethernet.EthernetService took to complete: 0ms
06-16 14:56:52.004   604   604 I SystemServerTiming: OnBootPhase_520_com.android.server.ConnectivityServiceInitializer
06-16 14:56:52.004   604   604 D SystemServerTiming: OnBootPhase_520_com.android.server.ConnectivityServiceInitializer took to complete: 0ms
06-16 14:56:52.004   604   604 I SystemServerTiming: OnBootPhase_520_com.android.server.notification.NotificationManagerService
06-16 14:56:52.004   604   604 D SystemServerTiming: OnBootPhase_520_com.android.server.notification.NotificationManagerService took to complete: 0ms
06-16 14:56:52.004   604   604 I SystemServerTiming: OnBootPhase_520_com.android.server.storage.DeviceStorageMonitorService
06-16 14:56:52.004   604   604 D SystemServerTiming: OnBootPhase_520_com.android.server.storage.DeviceStorageMonitorService took to complete: 0ms
06-16 14:56:52.004   604   604 I SystemServerTiming: OnBootPhase_520_com.android.server.location.LocationManagerService$Lifecycle
06-16 14:56:52.004   604   604 D SystemServerTiming: OnBootPhase_520_com.android.server.location.LocationManagerService$Lifecycle took to complete: 0ms
06-16 14:56:52.004   604   604 I SystemServerTiming: OnBootPhase_520_com.android.server.timedetector.TimeDetectorService$Lifecycle
06-16 14:56:52.004   604   604 D SystemServerTiming: OnBootPhase_520_com.android.server.timedetector.TimeDetectorService$Lifecycle took to complete: 0ms
06-16 14:56:52.004   604   604 I SystemServerTiming: OnBootPhase_520_com.android.server.timezonedetector.TimeZoneDetectorService$Lifecycle
06-16 14:56:52.004   604   604 D SystemServerTiming: OnBootPhase_520_com.android.server.timezonedetector.TimeZoneDetectorService$Lifecycle took to complete: 0ms
06-16 14:56:52.005   604   604 I SystemServerTiming: OnBootPhase_520_com.android.server.timezonedetector.location.LocationTimeZoneManagerService$Lifecycle
06-16 14:56:52.005   604   604 D SystemServerTiming: OnBootPhase_520_com.android.server.timezonedetector.location.LocationTimeZoneManagerService$Lifecycle took to complete: 0ms
06-16 14:56:52.005   604   604 I SystemServerTiming: OnBootPhase_520_com.android.server.search.SearchManagerService$Lifecycle
06-16 14:56:52.005   604   604 D SystemServerTiming: OnBootPhase_520_com.android.server.search.SearchManagerService$Lifecycle took to complete: 0ms
06-16 14:56:52.005   604   604 I SystemServerTiming: OnBootPhase_520_com.android.server.wallpaper.WallpaperManagerService$Lifecycle
06-16 14:56:52.005   604   604 D SystemServerTiming: OnBootPhase_520_com.android.server.wallpaper.WallpaperManagerService$Lifecycle took to complete: 1ms
06-16 14:56:52.005   604   604 I SystemServerTiming: OnBootPhase_520_com.android.server.audio.AudioService$Lifecycle
06-16 14:56:52.005   604   604 D SystemServerTiming: OnBootPhase_520_com.android.server.audio.AudioService$Lifecycle took to complete: 0ms
06-16 14:56:52.005   604   604 I SystemServerTiming: OnBootPhase_520_com.android.server.soundtrigger_middleware.SoundTriggerMiddlewareService$Lifecycle
06-16 14:56:52.005   604   604 D SystemServerTiming: OnBootPhase_520_com.android.server.soundtrigger_middleware.SoundTriggerMiddlewareService$Lifecycle took to complete: 0ms
06-16 14:56:52.006   604   604 I SystemServerTiming: OnBootPhase_520_com.android.server.DockObserver
06-16 14:56:52.006   604   604 D SystemServerTiming: OnBootPhase_520_com.android.server.DockObserver took to complete: 0ms
06-16 14:56:52.006   604   604 I SystemServerTiming: OnBootPhase_520_com.android.server.adb.AdbService$Lifecycle
06-16 14:56:52.006   604   604 D SystemServerTiming: OnBootPhase_520_com.android.server.adb.AdbService$Lifecycle took to complete: 0ms
06-16 14:56:52.006   604   604 I SystemServerTiming: OnBootPhase_520_com.android.server.usb.UsbService$Lifecycle
06-16 14:56:52.006   604   604 D SystemServerTiming: OnBootPhase_520_com.android.server.usb.UsbService$Lifecycle took to complete: 0ms
06-16 14:56:52.006   604   604 I SystemServerTiming: OnBootPhase_520_com.android.server.twilight.TwilightService
06-16 14:56:52.006   604   604 D SystemServerTiming: OnBootPhase_520_com.android.server.twilight.TwilightService took to complete: 0ms
06-16 14:56:52.006   604   604 I SystemServerTiming: OnBootPhase_520_com.android.server.display.color.ColorDisplayService
06-16 14:56:52.006   604   604 D SystemServerTiming: OnBootPhase_520_com.android.server.display.color.ColorDisplayService took to complete: 0ms
06-16 14:56:52.006   604   604 I SystemServerTiming: OnBootPhase_520_com.android.server.job.JobSchedulerService
06-16 14:56:52.006   604   604 D SystemServerTiming: OnBootPhase_520_com.android.server.job.JobSchedulerService took to complete: 0ms
06-16 14:56:52.006   604   604 I SystemServerTiming: OnBootPhase_520_com.android.server.soundtrigger.SoundTriggerService
06-16 14:56:52.006   604   604 D SoundTriggerService: onBootPhase: 520 : false
06-16 14:56:52.006   604   604 D SystemServerTiming: OnBootPhase_520_com.android.server.soundtrigger.SoundTriggerService took to complete: 0ms
06-16 14:56:52.006   604   604 I SystemServerTiming: OnBootPhase_520_com.android.server.trust.TrustManagerService
06-16 14:56:52.006   604   604 D SystemServerTiming: OnBootPhase_520_com.android.server.trust.TrustManagerService took to complete: 0ms
06-16 14:56:52.006   604   604 I SystemServerTiming: OnBootPhase_520_com.android.server.backup.BackupManagerService$Lifecycle
06-16 14:56:52.006   604   604 D SystemServerTiming: OnBootPhase_520_com.android.server.backup.BackupManagerService$Lifecycle took to complete: 0ms
06-16 14:56:52.006   604   604 I SystemServerTiming: OnBootPhase_520_com.android.server.appwidget.AppWidgetService
06-16 14:56:52.006   604   604 D SystemServerTiming: OnBootPhase_520_com.android.server.appwidget.AppWidgetService took to complete: 0ms
06-16 14:56:52.006   604   604 I SystemServerTiming: OnBootPhase_520_com.android.server.voiceinteraction.VoiceInteractionManagerService
06-16 14:56:52.006   604   604 D SystemServerTiming: OnBootPhase_520_com.android.server.voiceinteraction.VoiceInteractionManagerService took to complete: 0ms
06-16 14:56:52.006   604   604 I SystemServerTiming: OnBootPhase_520_com.android.server.apphibernation.AppHibernationService
06-16 14:56:52.006   604   604 D SystemServerTiming: OnBootPhase_520_com.android.server.apphibernation.AppHibernationService took to complete: 0ms
06-16 14:56:52.006   604   604 I SystemServerTiming: OnBootPhase_520_com.android.server.GestureLauncherService
06-16 14:56:52.007   604   604 D SystemServerTiming: OnBootPhase_520_com.android.server.GestureLauncherService took to complete: 0ms
06-16 14:56:52.007   604   604 I SystemServerTiming: OnBootPhase_520_com.android.server.SensorNotificationService
06-16 14:56:52.007   604   604 D SystemServerTiming: OnBootPhase_520_com.android.server.SensorNotificationService took to complete: 0ms
06-16 14:56:52.007   604   604 I SystemServerTiming: OnBootPhase_520_com.android.server.emergency.EmergencyAffordanceService
06-16 14:56:52.007   604   604 D SystemServerTiming: OnBootPhase_520_com.android.server.emergency.EmergencyAffordanceService took to complete: 0ms
06-16 14:56:52.007   604   604 I SystemServerTiming: OnBootPhase_520_com.android.server.dreams.DreamManagerService
06-16 14:56:52.007   604   604 D SystemServerTiming: OnBootPhase_520_com.android.server.dreams.DreamManagerService took to complete: 0ms
06-16 14:56:52.007   604   604 I SystemServerTiming: OnBootPhase_520_com.android.server.blob.BlobStoreManagerService
06-16 14:56:52.007   604   604 D SystemServerTiming: OnBootPhase_520_com.android.server.blob.BlobStoreManagerService took to complete: 0ms
06-16 14:56:52.007   604   604 I SystemServerTiming: OnBootPhase_520_com.android.server.restrictions.RestrictionsManagerService
06-16 14:56:52.007   604   604 D SystemServerTiming: OnBootPhase_520_com.android.server.restrictions.RestrictionsManagerService took to complete: 0ms
06-16 14:56:52.007   604   604 I SystemServerTiming: OnBootPhase_520_com.android.server.media.MediaSessionService
06-16 14:56:52.007   604   604 D SystemServerTiming: OnBootPhase_520_com.android.server.media.MediaSessionService took to complete: 0ms
06-16 14:56:52.007   604   604 I SystemServerTiming: OnBootPhase_520_com.android.server.hdmi.HdmiControlService
06-16 14:56:52.007   604   604 D SystemServerTiming: OnBootPhase_520_com.android.server.hdmi.HdmiControlService took to complete: 0ms
06-16 14:56:52.007   604   604 I SystemServerTiming: OnBootPhase_520_com.android.server.tv.TvInputManagerService
06-16 14:56:52.007   604   604 D SystemServerTiming: OnBootPhase_520_com.android.server.tv.TvInputManagerService took to complete: 0ms
06-16 14:56:52.007   604   604 I SystemServerTiming: OnBootPhase_520_com.android.server.media.MediaResourceMonitorService
06-16 14:56:52.007   604   604 D SystemServerTiming: OnBootPhase_520_com.android.server.media.MediaResourceMonitorService took to complete: 0ms
06-16 14:56:52.007   604   604 I SystemServerTiming: OnBootPhase_520_com.android.server.tv.TvRemoteService
06-16 14:56:52.007   604   604 D SystemServerTiming: OnBootPhase_520_com.android.server.tv.TvRemoteService took to complete: 0ms
06-16 14:56:52.007   604   604 I SystemServerTiming: OnBootPhase_520_com.android.server.biometrics.BiometricService
06-16 14:56:52.007   604   604 D SystemServerTiming: OnBootPhase_520_com.android.server.biometrics.BiometricService took to complete: 0ms
06-16 14:56:52.007   604   604 I SystemServerTiming: OnBootPhase_520_com.android.server.biometrics.AuthService
06-16 14:56:52.007   604   604 D SystemServerTiming: OnBootPhase_520_com.android.server.biometrics.AuthService took to complete: 0ms
06-16 14:56:52.007   604   604 I SystemServerTiming: OnBootPhase_520_com.android.server.pm.ShortcutService$Lifecycle
06-16 14:56:52.007   604   604 D SystemServerTiming: OnBootPhase_520_com.android.server.pm.ShortcutService$Lifecycle took to complete: 0ms
06-16 14:56:52.007   604   604 I SystemServerTiming: OnBootPhase_520_com.android.server.pm.LauncherAppsService
06-16 14:56:52.007   604   604 D SystemServerTiming: OnBootPhase_520_com.android.server.pm.LauncherAppsService took to complete: 0ms
06-16 14:56:52.007   604   604 I SystemServerTiming: OnBootPhase_520_com.android.server.pm.CrossProfileAppsService
06-16 14:56:52.008   604   604 D SystemServerTiming: OnBootPhase_520_com.android.server.pm.CrossProfileAppsService took to complete: 0ms
06-16 14:56:52.008   604   604 I SystemServerTiming: OnBootPhase_520_com.android.server.people.PeopleService
06-16 14:56:52.008   604   604 D SystemServerTiming: OnBootPhase_520_com.android.server.people.PeopleService took to complete: 0ms
06-16 14:56:52.008   604   604 I SystemServerTiming: OnBootPhase_520_com.android.server.media.metrics.MediaMetricsManagerService
06-16 14:56:52.008   604   604 D SystemServerTiming: OnBootPhase_520_com.android.server.media.metrics.MediaMetricsManagerService took to complete: 0ms
06-16 14:56:52.008   604   604 I SystemServerTiming: OnBootPhase_520_com.android.server.media.projection.MediaProjectionManagerService
06-16 14:56:52.008   604   604 D SystemServerTiming: OnBootPhase_520_com.android.server.media.projection.MediaProjectionManagerService took to complete: 0ms
06-16 14:56:52.008   604   604 I SystemServerTiming: OnBootPhase_520_com.android.server.slice.SliceManagerService$Lifecycle
06-16 14:56:52.008   604   604 D SystemServerTiming: OnBootPhase_520_com.android.server.slice.SliceManagerService$Lifecycle took to complete: 0ms
06-16 14:56:52.008   604   604 I SystemServerTiming: OnBootPhase_520_com.android.server.stats.StatsCompanion$Lifecycle
06-16 14:56:52.008   604   604 D SystemServerTiming: OnBootPhase_520_com.android.server.stats.StatsCompanion$Lifecycle took to complete: 0ms
06-16 14:56:52.008   604   604 I SystemServerTiming: OnBootPhase_520_com.android.server.scheduling.RebootReadinessManagerService$Lifecycle
06-16 14:56:52.008   604   604 D SystemServerTiming: OnBootPhase_520_com.android.server.scheduling.RebootReadinessManagerService$Lifecycle took to complete: 0ms
06-16 14:56:52.008   604   604 I SystemServerTiming: OnBootPhase_520_com.android.server.stats.pull.StatsPullAtomService
06-16 14:56:52.008   604   604 D SystemServerTiming: OnBootPhase_520_com.android.server.stats.pull.StatsPullAtomService took to complete: 0ms
06-16 14:56:52.008   604   604 I SystemServerTiming: OnBootPhase_520_com.android.server.incident.IncidentCompanionService
06-16 14:56:52.008   604   604 D SystemServerTiming: OnBootPhase_520_com.android.server.incident.IncidentCompanionService took to complete: 0ms
06-16 14:56:52.008   604   604 I SystemServerTiming: OnBootPhase_520_com.android.server.MmsServiceBroker
06-16 14:56:52.008   604   604 D SystemServerTiming: OnBootPhase_520_com.android.server.MmsServiceBroker took to complete: 0ms
06-16 14:56:52.008   604   604 I SystemServerTiming: OnBootPhase_520_com.android.server.autofill.AutofillManagerService
06-16 14:56:52.008   604   604 D SystemServerTiming: OnBootPhase_520_com.android.server.autofill.AutofillManagerService took to complete: 0ms
06-16 14:56:52.008   604   604 I SystemServerTiming: OnBootPhase_520_com.android.server.clipboard.ClipboardService
06-16 14:56:52.008   604   604 D SystemServerTiming: OnBootPhase_520_com.android.server.clipboard.ClipboardService took to complete: 0ms
06-16 14:56:52.008   604   604 I SystemServerTiming: OnBootPhase_520_com.android.server.appbinding.AppBindingService$Lifecycle
06-16 14:56:52.008   604   604 D SystemServerTiming: OnBootPhase_520_com.android.server.appbinding.AppBindingService$Lifecycle took to complete: 0ms
06-16 14:56:52.008   604   604 I SystemServerTiming: OnBootPhase_520_com.android.server.tracing.TracingServiceProxy
06-16 14:56:52.008   604   604 D SystemServerTiming: OnBootPhase_520_com.android.server.tracing.TracingServiceProxy took to complete: 0ms
06-16 14:56:52.008   604   604 I SystemServerTiming: OnBootPhase_520_com.android.server.policy.PermissionPolicyService
06-16 14:56:52.008   604   604 D SystemServerTiming: OnBootPhase_520_com.android.server.policy.PermissionPolicyService took to complete: 0ms
06-16 14:56:52.009   604   604 I SystemServerTiming: OnBootPhase_520_com.android.server.pm.StagingManager$Lifecycle
06-16 14:56:52.009   604   604 D SystemServerTiming: OnBootPhase_520_com.android.server.pm.StagingManager$Lifecycle took to complete: 0ms
06-16 14:56:52.009   604   604 I SystemServerTiming: OnBootPhase_520_com.android.server.app.GameManagerService$Lifecycle
06-16 14:56:52.009   604   604 D SystemServerTiming: OnBootPhase_520_com.android.server.app.GameManagerService$Lifecycle took to complete: 0ms
06-16 14:56:52.009   604   604 D SystemServerTiming: OnBootPhase_520 took to complete: 10ms
06-16 14:56:52.009   604   604 D SystemServerTiming: StartBootPhaseDeviceSpecificServicesReady took to complete: 10ms
06-16 14:56:52.009   604   604 I SystemServerTiming: AppSearchManagerService
06-16 14:56:52.020   604   604 I SystemServiceManager: Starting com.android.server.appsearch.AppSearchManagerService
06-16 14:56:52.023   604   604 D SystemServerTiming: AppSearchManagerService took to complete: 14ms
06-16 14:56:52.023   604   604 I SystemServerTiming: StartMediaCommunicationService
06-16 14:56:52.024   604   604 I SystemServiceManager: Starting com.android.server.media.MediaCommunicationService
06-16 14:56:52.026   604   604 D SystemServerTiming: StartMediaCommunicationService took to complete: 3ms
06-16 14:56:52.027   604   604 I SystemServerTiming: PhaseActivityManagerReady
06-16 14:56:52.027   604   604 I SystemServerTiming: controllersReady
06-16 14:56:52.033   604   679 I SystemServerTimingAsync: InitThreadPoolExec:Update app-ops uidState in case package com.graymatrix.did changed
06-16 14:56:52.033   604   673 I SystemServerTimingAsync: InitThreadPoolExec:Update app-ops uidState in case package com.android.providers.media.module changed
06-16 14:56:52.033   604   679 D SystemServerInitThreadPool: Started executing Update app-ops uidState in case package com.graymatrix.did changed
06-16 14:56:52.034   604   633 I SystemServerTimingAsync: InitThreadPoolExec:Update app-ops uidState in case package com.android.systemui changed
06-16 14:56:52.034   604   633 D SystemServerInitThreadPool: Started executing Update app-ops uidState in case package com.android.systemui changed
06-16 14:56:52.034   604   687 I SystemServerTimingAsync: InitThreadPoolExec:Update app-ops uidState in case package com.google.android.inputmethod.latin changed
06-16 14:56:52.034   604   687 D SystemServerInitThreadPool: Started executing Update app-ops uidState in case package com.google.android.inputmethod.latin changed
06-16 14:56:52.034   604   673 D SystemServerInitThreadPool: Started executing Update app-ops uidState in case package com.android.providers.media.module changed
06-16 14:56:52.035   604   679 D SystemServerInitThreadPool: Finished executing Update app-ops uidState in case package com.graymatrix.did changed
06-16 14:56:52.035   604   687 D SystemServerInitThreadPool: Finished executing Update app-ops uidState in case package com.google.android.inputmethod.latin changed
06-16 14:56:52.035   604   679 D SystemServerTimingAsync: InitThreadPoolExec:Update app-ops uidState in case package com.graymatrix.did changed took to complete: 2ms
06-16 14:56:52.035   604   673 D SystemServerInitThreadPool: Finished executing Update app-ops uidState in case package com.android.providers.media.module changed
06-16 14:56:52.035   604   673 D SystemServerTimingAsync: InitThreadPoolExec:Update app-ops uidState in case package com.android.providers.media.module changed took to complete: 2ms
06-16 14:56:52.035   604   673 I SystemServerTimingAsync: InitThreadPoolExec:Update app-ops uidState in case package com.google.android.play.games changed
06-16 14:56:52.035   604   673 D SystemServerInitThreadPool: Started executing Update app-ops uidState in case package com.google.android.play.games changed
06-16 14:56:52.035   604   673 D SystemServerInitThreadPool: Finished executing Update app-ops uidState in case package com.google.android.play.games changed
06-16 14:56:52.035   604   673 D SystemServerTimingAsync: InitThreadPoolExec:Update app-ops uidState in case package com.google.android.play.games changed took to complete: 0ms
06-16 14:56:52.035   604   673 I SystemServerTimingAsync: InitThreadPoolExec:Update app-ops uidState in case package com.google.android.syncadapters.calendar changed
06-16 14:56:52.035   604   673 D SystemServerInitThreadPool: Started executing Update app-ops uidState in case package com.google.android.syncadapters.calendar changed
06-16 14:56:52.035   604   673 D SystemServerInitThreadPool: Finished executing Update app-ops uidState in case package com.google.android.syncadapters.calendar changed
06-16 14:56:52.035   604   673 D SystemServerTimingAsync: InitThreadPoolExec:Update app-ops uidState in case package com.google.android.syncadapters.calendar changed took to complete: 0ms
06-16 14:56:52.036   604   673 I SystemServerTimingAsync: InitThreadPoolExec:Update app-ops uidState in case package com.netflix.ninja changed
06-16 14:56:52.036   604   673 D SystemServerInitThreadPool: Started executing Update app-ops uidState in case package com.netflix.ninja changed
06-16 14:56:52.036   604   673 D SystemServerInitThreadPool: Finished executing Update app-ops uidState in case package com.netflix.ninja changed
06-16 14:56:52.036   604   673 D SystemServerTimingAsync: InitThreadPoolExec:Update app-ops uidState in case package com.netflix.ninja changed took to complete: 0ms
06-16 14:56:52.036   604   673 I SystemServerTimingAsync: InitThreadPoolExec:Update app-ops uidState in case package com.google.android.tts changed
06-16 14:56:52.036   604   673 D SystemServerInitThreadPool: Started executing Update app-ops uidState in case package com.google.android.tts changed
06-16 14:56:52.036   604   673 D SystemServerInitThreadPool: Finished executing Update app-ops uidState in case package com.google.android.tts changed
06-16 14:56:52.036   604   673 D SystemServerTimingAsync: InitThreadPoolExec:Update app-ops uidState in case package com.google.android.tts changed took to complete: 1ms
06-16 14:56:52.036   604   673 I SystemServerTimingAsync: InitThreadPoolExec:Update app-ops uidState in case package com.google.android.youtube.tv changed
06-16 14:56:52.036   604   673 D SystemServerInitThreadPool: Started executing Update app-ops uidState in case package com.google.android.youtube.tv changed
06-16 14:56:52.036   604   673 D SystemServerInitThreadPool: Finished executing Update app-ops uidState in case package com.google.android.youtube.tv changed
06-16 14:56:52.036   604   673 D SystemServerTimingAsync: InitThreadPoolExec:Update app-ops uidState in case package com.google.android.youtube.tv changed took to complete: 0ms
06-16 14:56:52.036   604   673 I SystemServerTimingAsync: InitThreadPoolExec:Update app-ops uidState in case package com.google.android.gms changed
06-16 14:56:52.036   604   673 D SystemServerInitThreadPool: Started executing Update app-ops uidState in case package com.google.android.gms changed
06-16 14:56:52.037   604   604 D SystemServerTiming: controllersReady took to complete: 10ms
06-16 14:56:52.037   604   673 D SystemServerInitThreadPool: Finished executing Update app-ops uidState in case package com.google.android.gms changed
06-16 14:56:52.037   604   673 D SystemServerTimingAsync: InitThreadPoolExec:Update app-ops uidState in case package com.google.android.gms changed took to complete: 0ms
06-16 14:56:52.037   604   673 I SystemServerTimingAsync: InitThreadPoolExec:Update app-ops uidState in case package com.google.android.gsf changed
06-16 14:56:52.037   604   673 D SystemServerInitThreadPool: Started executing Update app-ops uidState in case package com.google.android.gsf changed
06-16 14:56:52.037   604   673 D SystemServerInitThreadPool: Finished executing Update app-ops uidState in case package com.google.android.gsf changed
06-16 14:56:52.037   604   673 D SystemServerTimingAsync: InitThreadPoolExec:Update app-ops uidState in case package com.google.android.gsf changed took to complete: 1ms
06-16 14:56:52.037   604   673 I SystemServerTimingAsync: InitThreadPoolExec:Update app-ops uidState in case package com.google.android.marvin.talkback changed
06-16 14:56:52.037   604   673 D SystemServerInitThreadPool: Started executing Update app-ops uidState in case package com.google.android.marvin.talkback changed
06-16 14:56:52.037   604   673 D SystemServerInitThreadPool: Finished executing Update app-ops uidState in case package com.google.android.marvin.talkback changed
06-16 14:56:52.037   604   673 D SystemServerTimingAsync: InitThreadPoolExec:Update app-ops uidState in case package com.google.android.marvin.talkback changed took to complete: 0ms
06-16 14:56:52.037   604   673 I SystemServerTimingAsync: InitThreadPoolExec:Update app-ops uidState in case package com.android.vending changed
06-16 14:56:52.037   604   673 D SystemServerInitThreadPool: Started executing Update app-ops uidState in case package com.android.vending changed
06-16 14:56:52.037   604   673 D SystemServerInitThreadPool: Finished executing Update app-ops uidState in case package com.android.vending changed
06-16 14:56:52.037   604   673 D SystemServerTimingAsync: InitThreadPoolExec:Update app-ops uidState in case package com.android.vending changed took to complete: 0ms
06-16 14:56:52.037   604   673 I SystemServerTimingAsync: InitThreadPoolExec:Update app-ops uidState in case package com.google.android.apps.mediashell changed
06-16 14:56:52.038   604   673 D SystemServerInitThreadPool: Started executing Update app-ops uidState in case package com.google.android.apps.mediashell changed
06-16 14:56:52.038   604   673 D SystemServerInitThreadPool: Finished executing Update app-ops uidState in case package com.google.android.apps.mediashell changed
06-16 14:56:52.038   604   673 D SystemServerTimingAsync: InitThreadPoolExec:Update app-ops uidState in case package com.google.android.apps.mediashell changed took to complete: 0ms
06-16 14:56:52.038   604   673 I SystemServerTimingAsync: InitThreadPoolExec:Update app-ops uidState in case package com.google.android.tungsten.setupwraith changed
06-16 14:56:52.038   604   673 D SystemServerInitThreadPool: Started executing Update app-ops uidState in case package com.google.android.tungsten.setupwraith changed
06-16 14:56:52.038   604   633 D SystemServerInitThreadPool: Finished executing Update app-ops uidState in case package com.android.systemui changed
06-16 14:56:52.038   604   687 D SystemServerTimingAsync: InitThreadPoolExec:Update app-ops uidState in case package com.google.android.inputmethod.latin changed took to complete: 2ms
06-16 14:56:52.038   604   633 D SystemServerTimingAsync: InitThreadPoolExec:Update app-ops uidState in case package com.android.systemui changed took to complete: 5ms
06-16 14:56:52.038   604   687 I SystemServerTimingAsync: InitThreadPoolExec:Update app-ops uidState in case package com.google.android.tvrecommendations changed
06-16 14:56:52.038   604   687 D SystemServerInitThreadPool: Started executing Update app-ops uidState in case package com.google.android.tvrecommendations changed
06-16 14:56:52.038   604   687 D SystemServerInitThreadPool: Finished executing Update app-ops uidState in case package com.google.android.tvrecommendations changed
