06-26 00:40:46.613  3822  3822 I hwservicemanager: Since vendor.amlogic.display.meson_display_ipc@1.0::IMesonDisplayIPC/default is not registered, trying to start it as a lazy HAL.
06-26 00:40:46.613  4100  4100 I zygote  : Core platform API reporting enabled, enforcing=false
06-26 00:40:46.632  4143  4143 V MesonHwc: Link to system service death notification successful
06-26 00:40:46.634  4111  4111 D MesonDisplayClient: Try get meson_ipc service(2)
06-26 00:40:46.634  4111  4192 I SystemControl: getTvDolbyVision mode :, dv support:1
06-26 00:40:46.634  4143  4143 D MesonHwc: RealModeMgr::update mDvEnabled(0)
06-26 00:40:46.634  4143  4143 D MesonHwc: RealModeMgr::update get current mode:480cvbs
06-26 00:40:46.634  4143  4143 I MesonHwc: HwcConfig::default frame buffer size (1920 x 1080)
06-26 00:40:46.635  4111  4192 I SystemControl: set displaymode callback
06-26 00:40:46.635  4111  4192 I SystemControl: [/SystemControlHal.cpp, onDensityChange, 110] onDensityChange display:0, size:1920 1080
06-26 00:40:46.635  4143  4143 D MesonHwc: updatePipe connector:CVBS-21, connected:1
06-26 00:40:46.635  4143  4143 D MesonHwc: Update period fe502a->0
06-26 00:40:46.635  4143  4143 D MesonHwc: Update period fe502a->0
06-26 00:40:46.635  4143  4143 I MesonHwc: HwcConfig::default frame buffer size (1920 x 1080)
06-26 00:40:46.635  4143  4143 D MesonHwc: Update composition NULL -> MultiplanesWithDiComposition
06-26 00:40:46.635  4143  4143 D MesonHwc: cvbs connector getHadrCapabilities none
06-26 00:40:46.637  3822  3822 I hwservicemanager: Since vendor.amlogic.display.meson_display_ipc@1.0::IMesonDisplayIPC/default is not registered, trying to start it as a lazy HAL.
06-26 00:40:46.638  4143  4143 I HidlServiceManagement: Registered vendor.amlogic.display.meson_display_ipc@1.0::IMesonDisplayIPC/default
06-26 00:40:46.638  4143  4143 D MesonDisplayServer: register success
06-26 00:40:46.639  4143  4143 E MesonHwc: Unkown function description (44)
06-26 00:40:46.640  4143  4143 E MesonHwc: Unkown function description (45)
06-26 00:40:46.640  4143  4143 E MesonHwc: Unkown function description (46)
06-26 00:40:46.640  4143  4143 E MesonHwc: Unkown function description (47)
06-26 00:40:46.640  4143  4143 E MesonHwc: Unkown function description (48)
06-26 00:40:46.640  4143  4143 E MesonHwc: Unkown function description (49)
06-26 00:40:46.640  4143  4143 E MesonHwc: Unkown function description (52)
06-26 00:40:46.640  4143  4143 E MesonHwc: Unkown function description (55)
06-26 00:40:46.640  4143  4143 E MesonHwc: Unkown function description (56)
06-26 00:40:46.640  4143  4143 E MesonHwc: Unkown function description (57)
06-26 00:40:46.640  4143  4143 E MesonHwc: Unkown function description (58)
06-26 00:40:46.640  4143  4143 E MesonHwc: Unkown function description (59)
06-26 00:40:46.640  4143  4143 E MesonHwc: Unkown function description (68)
06-26 00:40:46.640  4143  4143 E MesonHwc: Unkown function description (69)
06-26 00:40:46.640  4143  4143 E MesonHwc: Unkown function description (70)
06-26 00:40:46.642  4143  4143 I HidlServiceManagement: Registered android.hardware.graphics.composer@2.4::IComposer/default
06-26 00:40:46.643  4143  4143 I HidlServiceManagement: Removing namespace from process name android.hardware.graphics.composer@2.4-service.droidlogic to composer@2.4-service.droidlogic.
06-26 00:40:46.657  4111  4111 D MesonDisplayClient: Try get meson_ipc service(3)
06-26 00:40:46.661  4143  4221 D MesonHwc: get existing connector 13-0xeb14091c
06-26 00:40:46.662  4143  4221 V MesonDisplayServer: GetDisplayMode:480cvbs
06-26 00:40:46.663  4111  4111 I SystemControl: [/DisplayMode.cpp, getDisplayMode, 2184] getDisplayMode mode:480cvbs
06-26 00:40:46.663  4111  4111 I SystemControl: [/DisplayMode.cpp, getBootEnv, 360] key:ubootenv.var.hdmimode value:720p60hz
06-26 00:40:46.663  4111  4111 I SystemControl: [/DisplayMode.cpp, getBootEnv, 360] key:ubootenv.var.cvbsmode value:480cvbs
06-26 00:40:46.663  4111  4111 I SystemControl: [/DisplayMode.cpp, getCommonData, 1505] hdmi_current_mode:480cvbs, ubootenv hdmimode:720p60hz cvbsmode:480cvbs
06-26 00:40:46.664  4143  4221 D MesonDisplayServer: getDisplayAttribute "HDMI Color ATTR": "444,8bit"
06-26 00:40:46.664  4111  4111 I SystemControl: [/DisplayMode.cpp, getBootEnv, 360] key:ubootenv.var.colorattribute value:444,8bit
06-26 00:40:46.664  4111  4111 I SystemControl: [/DisplayMode.cpp, getCommonData, 1513] hdmi_current_attr:444,8bit, ubootenv_colorattribute:444,8bit
06-26 00:40:46.664  4111  4111 I SystemControl: [/DisplayMode.cpp, getBootEnv, 360] key:ubootenv.var.dv_enable value:(null)
06-26 00:40:46.665  4111  4111 I SystemControl: [/DisplayMode.cpp, getCommonData, 1527] dv_enable:0
06-26 00:40:46.665  4111  4111 I SystemControl: [/DisplayMode.cpp, getBootEnv, 360] key:ubootenv.var.dv_type value:(null)
06-26 00:40:46.665  4111  4111 I SystemControl: [/DisplayMode.cpp, getCommonData, 1538] ubootenv_dv_type:0
06-26 00:40:46.665  4111  4111 I SystemControl: [/DisplayMode.cpp, getHdmiData, 1659] display sink type:0 [0:none, 1:sink, 2:repeater]
06-26 00:40:46.665  4111  4111 I SystemControl: [/DisplayMode.cpp, filterHdmiDispcap, 1404] before filtered HdmiDispcap: 
06-26 00:40:46.665  4111  4111 I SystemControl: [/DisplayMode.cpp, filterHdmiDispcap, 1433] after filtered HdmiDispcap: 
06-26 00:40:46.671  4143  4143 D MesonDisplayServer: getDisplayAttribute "Dolby Vision CAP2": "The Rx don't support DolbyVision"
06-26 00:40:46.671  4111  4111 E SystemControl: [/DisplayMode.cpp, getHdmiDvCap, 1578] TV isn't support dolby vision: The Rx don't support DolbyVision
06-26 00:40:46.671  4111  4111 I SystemControl: [/DisplayMode.cpp, sceneProcess, 517] scene mode:0
06-26 00:40:46.671  4111  4111 I SystemControl: [/DisplayMode.cpp, getBootEnv, 360] key:ubootenv.var.is.bestmode value:false
06-26 00:40:46.671  4111  4111 I SystemControl: [/DisplayMode.cpp, getBootEnv, 360] key:ubootenv.var.colorattribute value:444,8bit
06-26 00:40:46.671  4111  4111 I SystemControl: [/SceneProcess.cpp, UpdateSceneInputInfo, 986] state:0, isbestcolorspace:1, isbestpolicy:0, cur_displaymode:720p60hz
06-26 00:40:46.672  4111  4111 I SystemControl: [/SceneProcess.cpp, UpdateSceneInputInfo, 994] isDvEnable:0, isTvSupportDv:0, isTvSupportHDR:0, isHdrResolutionPriority:0, hdr_priority:0, hdr_policy:0
06-26 00:40:46.672  4111  4111 I SystemControl: [/SceneProcess.cpp, UpdateSceneInputInfo, 1001] dv_cap:The Rx don't support DolbyVision, ubootenv_dv_type:0, dv_deepcolor:, dv_displaymode:
06-26 00:40:46.672  4111  4111 I SystemControl: [/SceneProcess.cpp, UpdateSceneInputInfo, 1007] isframeratepriority:1, isLowPowerMode:0, isDeepColor:1
06-26 00:40:46.672  4111  4111 I SystemControl: [/SceneProcess.cpp, UpdateSceneInputInfo, 1011] isSupport4K:1, isSupport4K30Hz:1
06-26 00:40:46.672  4111  4111 I SystemControl: [/SceneProcess.cpp, UpdateSceneInputInfo, 1015] sinkType:0, edidParsing:ng
06-26 00:40:46.672  4111  4111 I SystemControl: [/SceneProcess.cpp, UpdateSceneInputInfo, 1018] dc_cap:
06-26 00:40:46.672  4111  4111 I SystemControl: [/SceneProcess.cpp, UpdateSceneInputInfo, 1021] disp_cap:
06-26 00:40:46.672  4111  4111 I SystemControl: [/SceneProcess.cpp, UpdateSceneInputInfo, 1025] ubootenv_cvbsmode:480cvbs, ubootenv_colorattribute:444,8bit
06-26 00:40:46.672  4111  4111 I SystemControl: [/SceneProcess.cpp, SDRSceneProcess, 1315] final_displaymode:480cvbs
06-26 00:40:46.672  4111  4111 I SystemControl: [/SysWrite.cpp, writeSys, 242] write /sys/class/amhdmitx/amhdmitx0/valid_mode, val:480cvbsrgb,8bit end
06-26 00:40:46.672  4111  4111 E SystemControl: [/SceneProcess.cpp, isModeSupportDeepColorAttr, 838] check DISPLAY_HDMI_VALID_MODE: 480cvbsrgb,8bit
06-26 00:40:46.672  4111  4111 E SystemControl: [/SceneProcess.cpp, isModeSupportDeepColorAttr, 839] return DISPLAY_HDMI_VALID_MODE: 0
06-26 00:40:46.672  4111  4111 I SystemControl: [/SceneProcess.cpp, getHdmiColorAttribute, 957] get hdmi color attribute : [rgb,8bit], outputmode is: [480cvbs] , and support color list is: [rgb,8bit]
06-26 00:40:46.672  4111  4111 I SystemControl: [/SceneProcess.cpp, updateHdmiDeepColor, 969] colorAttribute = rgb,8bit
06-26 00:40:46.672  4111  4111 I SystemControl: [/SceneProcess.cpp, SDRSceneProcess, 1328] final_deepcolor = rgb,8bit
06-26 00:40:46.672  4111  4111 I SystemControl: [/SceneProcess.cpp, Process, 1379] final_displaymode:480cvbs, final_deepcolor:rgb,8bit, dv_type:0
06-26 00:40:46.672  4111  4111 I SystemControl: [/DisplayMode.cpp, sceneProcess, 574] final_displaymode:480cvbs, final_deepcolor:rgb,8bit, dv_type:0
06-26 00:40:46.672  4111  4111 I SystemControl: [/DisplayMode.cpp, applyDisplaySetting, 687] quiescent_mode is 0
06-26 00:40:46.672  4111  4111 I SystemControl: [/DisplayMode.cpp, getBootEnv, 360] key:ubootenv.var.frac_rate_policy value:1
06-26 00:40:46.673  4111  4111 I SystemControl: [/DisplayMode.cpp, applyDisplaySetting, 722] cur frac_rate_policy is equals
06-26 00:40:46.674     0     0 I [   10.567317@1]- hdmitx: system: sname = invalid
06-26 00:40:46.675     0     0 I [   10.567325@1]- hdmitx: system: char_clk = 0
06-26 00:40:46.675     0     0 I [   10.567328@1]- hdmitx: system: cd = 4
06-26 00:40:46.675     0     0 I [   10.567331@1]- hdmitx: system: cs = 0
06-26 00:40:46.675     0     0 I [   10.567337@1]- hdmitx: asion == EDID == prxcap->IDProductCode =
06-26 00:40:46.675     0     0 I [   10.567340@1]- hdmitx: asion == EDID == prxcap->IDManufacturerName =
06-26 00:40:46.674  4216  4216 I bootstat: Service started: /system/bin/bootstat --set_system_boot_reason 
06-26 00:40:46.677  4216  4216 I bootstat: Canonical boot reason: reboot,shell
06-26 00:40:46.677  4216  4216 I bootstat: Canonical boot reason: reboot,shell
06-26 00:40:46.686  4143  4143 D MesonDisplayServer: getDisplayAttribute "HDMI Color ATTR": "444,8bit"
06-26 00:40:46.698     0     0 I [   10.593545@2]- hdmitx: store_avmute 1
06-26 00:40:46.687  4111  4111 I SystemControl: [/DisplayMode.cpp, applyDisplaySetting, 744] curDeepcolor[444,8bit] final_deepcolor[rgb,8bit]
06-26 00:40:46.710     0     0 I [   10.593617@2]- hdmitx: hw: avmute set to 2
06-26 00:40:46.687  4111  4111 I SystemControl: [/DisplayMode.cpp, applyDisplaySetting, 747] set color space from:444,8bit to rgb,8bit
06-26 00:40:46.689  4143  4143 D MesonDisplayServer: SetDisplay[HDMI Color ATTR] attr to "rgb,8bit"
06-26 00:40:46.690  4216  4216 I bootstat: Last reboot reason read from /metadata/bootstat/persist.sys.boot.reason : reboot,shell. Last reboot reason read from persist.sys.boot.reason : reboot,shell
06-26 00:40:46.690  4216  4216 I bootstat: Normalized last reboot reason : reboot,shell
06-26 00:40:46.690  4219  4219 I perfetto: probes.cc:84            Starting /system/bin/traced_probes service
06-26 00:40:46.693  4111  4111 I SystemControl: [/DisplayMode.cpp, getBootEnv, 360] key:ubootenv.var.hdr_policy value:0
06-26 00:40:46.693  4111  4111 I SystemControl: [/DisplayMode.cpp, getHdrStrategy, 2750] getHdrStrategy is [0]
06-26 00:40:46.693  4143  4221 D MesonDisplayServer: getDisplayAttribute "Dolby Vision Enable": "N"
06-26 00:40:46.695  4143  4220 D MesonDisplayServer: getDisplayAttribute "Dolby Vision LL Policy": "0"
06-26 00:40:46.696  4111  4111 I SystemControl: [/DisplayMode.cpp, checkDolbyVisionStatusChanged, 3439] curDvMode 0, want DvMode 0
06-26 00:40:46.696  4111  4111 I SystemControl: [/DisplayMode.cpp, applyDisplaySetting, 795] cur DvMode is equals
06-26 00:40:46.697  4143  4221 D MesonHwc: get existing connector 13-0xeb14091c
06-26 00:40:46.697  4143  4221 V MesonDisplayServer: GetDisplayMode:480cvbs
06-26 00:40:46.698  4111  4111 I SystemControl: [/DisplayMode.cpp, getDisplayMode, 2184] getDisplayMode mode:480cvbs
06-26 00:40:46.698  4111  4111 I SystemControl: [/DisplayMode.cpp, applyDisplaySetting, 805] curMode:[480cvbs] ,final_displaymode[480cvbs]
06-26 00:40:46.698  4111  4111 I SystemControl: [/DisplayMode.cpp, isMatchMode, 1323] curmode:480cvbs, tmpMode:480cvbs, outputmode:480cvbs
06-26 00:40:46.698  4111  4111 I SystemControl: [/DisplayMode.cpp, applyDisplaySetting, 810] cur mode is equals
06-26 00:40:46.698  4111  4111 I SystemControl: [/SysWrite.cpp, writeSys, 242] write /sys/devices/virtual/amhdmitx/amhdmitx0/avmute, val:1 end
06-26 00:40:46.702  4219  4227 I perfetto: _activity_trigger.cc:71 mm_events ftrace instance not found. Triggering of traces on memory pressure will not be available on this device.
06-26 00:40:46.703  4219  4219 I perfetto: probes_producer.cc:129  Disconnected from tracing service
06-26 00:40:46.726     0     0 I [   10.619197@1]- binder: 4217:4217 ioctl 40046210 ffabf718 returned -22
06-26 00:40:46.724  4217  4217 D ProcessState: Binder ioctl to enable oneway spam detection failed: Invalid argument
06-26 00:40:46.734  4223  4223 W perfetto: service.cc:207          Started traced, listening on /dev/socket/traced_producer /dev/socket/traced_consumer
06-26 00:40:46.780  4181  4181 I FastMixerState: sMaxFastTracks = 8
06-26 00:40:46.788  4196  4196 D hw-ProcessState: Binder ioctl to enable oneway spam detection failed: Invalid argument
06-26 00:40:46.790     0     0 I [   10.682723@0]- binder: 4196:4196 ioctl 40046210 ff9b7358 returned -22
06-26 00:40:46.792  4196  4196 D ProcessState: Binder ioctl to enable oneway spam detection failed: Invalid argument
06-26 00:40:46.796     0     0 I [   10.687338@1]- binder: 4196:4196 ioctl 40046210 ff9b7370 returned -22
06-26 00:40:46.810     0     0 I [   10.694157@0]- hdmitx: system: hdcp: set mode as -1
06-26 00:40:46.810     0     0 I [   10.694391@0]- hdmitx: system: store_phy 0
06-26 00:40:46.799  4111  4111 I SystemControl: [/SysWrite.cpp, writeSys, 242] write /sys/class/amhdmitx/amhdmitx0/hdcp_mode, val:-1 end
06-26 00:40:46.799  4111  4111 I SystemControl: [/SysWrite.cpp, writeSys, 242] write /sys/class/amhdmitx/amhdmitx0/phy, val:0 end
06-26 00:40:46.807  4196  4196 I SurfaceFlinger: Using HWComposer service: default
06-26 00:40:46.808  4196  4196 I SurfaceFlinger: SurfaceFlinger is starting
06-26 00:40:46.810  4196  4196 I SurfaceFlinger: Disabling blur effects, they are not supported.
06-26 00:40:46.822  4196  4196 I SurfaceFlinger: SurfaceFlinger's main thread ready to run. Initializing graphics H/W...
06-26 00:40:46.822  4196  4196 D RenderEngine: Threaded RenderEngine with SkiaGL Backend
06-26 00:40:46.823  4181  4181 V MediaUtils: physMem: 2032029696
06-26 00:40:46.823  4181  4181 V MediaUtils: requested limit: 406405920
06-26 00:40:46.823  4181  4181 I libc    : malloc_limit: Allocation limit enabled, max size 406405920 bytes
06-26 00:40:46.823  4181  4181 D hw-ProcessState: Binder ioctl to enable oneway spam detection failed: Invalid argument
06-26 00:40:46.823  4181  4181 D ProcessState: Binder ioctl to enable oneway spam detection failed: Invalid argument
06-26 00:40:46.825  4181  4181 I audioserver: ServiceManager: 0xef4809f0
06-26 00:40:46.826     0     0 I [   10.718434@0]- binder: 4181:4181 ioctl 40046210 ffa1f650 returned -22
06-26 00:40:46.826     0     0 I [   10.718617@0]- binder: 4181:4181 ioctl 40046210 ffa1f668 returned -22
06-26 00:40:46.827  4181  4181 W BatteryNotifier: batterystats service unavailable!
06-26 00:40:46.831  4235  4235 I installd: installd firing up
06-26 00:40:46.838  3822  3822 I hwservicemanager: getTransport: Cannot find entry android.hardware.audio@7.0::IDevicesFactory/default in either framework or device VINTF manifest.
06-26 00:40:46.839  3822  3822 I hwservicemanager: getTransport: Cannot find entry android.hardware.audio@6.0::IDevicesFactory/default in either framework or device VINTF manifest.
06-26 00:40:46.840  4230  4230 D ProcessState: Binder ioctl to enable oneway spam detection failed: Invalid argument
06-26 00:40:46.842     0     0 I [   10.734880@3]- binder: 4230:4230 ioctl 40046210 ffa95ac0 returned -22
06-26 00:40:46.846     0     0 I [   10.740897@2]- binder: 4231:4231 ioctl 40046210 ff93f7c8 returned -22
06-26 00:40:46.846  4231  4231 D ProcessState: Binder ioctl to enable oneway spam detection failed: Invalid argument
06-26 00:40:46.850  4111  4111 I SystemControl: [/HDCPTxAuth.cpp, stopVerAll, 320] hdcp_tx 2.2 & 1.4 stop hdcp pwr
06-26 00:40:46.850  4111  4111 I SystemControl: [/SysWrite.cpp, writeSys, 242] write /sys/class/amhdmitx/amhdmitx0/hdcp_pwr, val:1 end
06-26 00:40:46.850     0     0 I [   10.745396@0]- hdmitx: system: set hdcp_pwr 1
06-26 00:40:46.886  4235  4235 D ProcessState: Binder ioctl to enable oneway spam detection failed: Invalid argument
06-26 00:40:46.886     0     0 I [   10.781158@1]- binder: 4235:4235 ioctl 40046210 ffa6f280 returned -22
06-26 00:40:46.917  4219  4219 I perfetto: probes_producer.cc:112  Connected to the service
06-26 00:40:46.969  4245  4245 I wificond: wificond is starting up...
06-26 00:40:46.972  4111  4111 I SystemControl: [/SysWrite.cpp, writeSys, 242] write /sys/class/amhdmitx/amhdmitx0/hdcp_ctrl, val:stop14 end
06-26 00:40:46.972  4245  4245 D ProcessState: Binder ioctl to enable oneway spam detection failed: Invalid argument
06-26 00:40:46.973  4111  4111 I SystemControl: [/SysWrite.cpp, writeSys, 242] write /sys/class/amhdmitx/amhdmitx0/hdcp_ctrl, val:stop22 end
06-26 00:40:46.974     0     0 I [   10.864676@3]- binder: 4245:4245 ioctl 40046210 ff8b3bf8 returned -22
06-26 00:40:46.974     0     0 I [   10.867516@2]- hdmitx: system: restore hdcp_pwr 0
06-26 00:40:46.975  4111  4111 I SystemControl: [/DisplayMode.cpp, setDisplayMode, 2194] setDisplayMode mode:480cvbs
06-26 00:40:46.976  4143  4228 D MesonDisplayServer: SetDisplay[dummy] Mode to "480cvbs"
06-26 00:40:46.976  4143  4228 D MesonHwc: get existing connector 13-0xeb14091c
06-26 00:40:46.977  4143  4228 I MesonHwc: Crtc setMode: 480cvbs
06-26 00:40:46.980  4245  4245 D hw-ProcessState: Binder ioctl to enable oneway spam detection failed: Invalid argument
06-26 00:40:46.983     0     0 I [   10.874365@2]- vout: vmode set to 480cvbs
06-26 00:40:46.983     0     0 I [   10.874375@2]- vout: don't set the same mode as current, exit
06-26 00:40:46.983     0     0 I [   10.875344@3]- binder: 4245:4245 ioctl 40046210 ff8b3ba8 returned -22
06-26 00:40:46.981  4237  4237 V MediaUtils: physMem: 2032029696
06-26 00:40:46.999     0     0 I [   10.890036@1]- binder: 4237:4237 ioctl 40046210 ffa9c440 returned -22
06-26 00:40:46.983  4245  4245 I HidlServiceManagement: Registered android.system.wifi.keystore@1.0::IKeystore/default
06-26 00:40:46.983  4237  4237 V MediaUtils: requested limit: 134217728
06-26 00:40:46.986  4143  4228 D MesonHwc: get existing connector 13-0xeb14091c
06-26 00:40:46.988  4143  4228 V MesonDisplayServer: GetDisplayMode:480cvbs
06-26 00:40:46.988  4111  4111 I SystemControl: [/DisplayMode.cpp, getDisplayMode, 2184] getDisplayMode mode:480cvbs
06-26 00:40:46.993  4111  4111 I SystemControl: [/DisplayMode.cpp, getContentTypeSupport, 3082] getContentTypeSupport: game is false
06-26 00:40:46.994  4237  4237 I libc    : malloc_limit: Allocation limit enabled, max size 134217728 bytes
06-26 00:40:46.995  4237  4237 D ProcessState: Binder ioctl to enable oneway spam detection failed: Invalid argument
06-26 00:40:46.996  4111  4111 I SystemControl: [/DisplayMode.cpp, applyDisplaySetting, 876] set display-size:720x480
06-26 00:40:46.996  4111  4111 I SystemControl: [/DisplayMode.cpp, getPosition, 2086] getPosition curMode:480cvbs position[0]:0 position[1]:0 position[2]:720 position[3]:480
06-26 00:40:46.996  4111  4111 I SystemControl: [/DisplayMode.cpp, setPosition, 2102] setPosition curMode:480cvbs left:0 top:0 width:720 height:480
06-26 00:40:46.996  4111  4111 I SystemControl: [/Ubootenv.cpp, updateValue, 68] [ubootenv] update value name [ubootenv.var.480cvbs_x]: value [0] 
06-26 00:40:46.996  4111  4111 I SystemControl: [/Ubootenv.cpp, updateValue, 68] [ubootenv] update value name [ubootenv.var.480cvbs_y]: value [0] 
06-26 00:40:46.996  4111  4111 I SystemControl: [/Ubootenv.cpp, updateValue, 68] [ubootenv] update value name [ubootenv.var.480cvbs_w]: value [720] 
06-26 00:40:46.996  4111  4111 I SystemControl: [/Ubootenv.cpp, updateValue, 68] [ubootenv] update value name [ubootenv.var.480cvbs_h]: value [480] 
06-26 00:40:46.997  4237  4237 D AudioPowerUsage: AudioPowerUsage
06-26 00:40:46.997  4237  4237 D AudioAnalytics: AudioAnalytics
06-26 00:40:46.997  4237  4237 D MediaMetricsService: MediaMetricsService
06-26 00:40:46.997  4143  4228 V MesonDisplayServer: SetDisplay[cvbs] DisplayRect to "(0,0,720,480)"
06-26 00:40:46.997  4143  4228 V MesonDisplayServer: SetDisplayViewPort done
06-26 00:40:47.008  3822  3822 I hwservicemanager: getTransport: Cannot find entry android.hardware.audio.effect@7.0::IEffectsFactory/default in either framework or device VINTF manifest.
06-26 00:40:47.008  3822  3822 I hwservicemanager: getTransport: Cannot find entry android.hardware.audio.effect@6.0::IEffectsFactory/default in either framework or device VINTF manifest.
06-26 00:40:47.014  4181  4181 I AudioFlinger: Using default 3000 mSec as standby time.
06-26 00:40:47.016  4237  4237 I ServiceManager: Waiting for service 'package_native' on '/dev/binder'...
06-26 00:40:47.019  4111  4111 E SystemControl: [/SysWrite.cpp, writeSys, 232] writeSysFs, open /sys/class/amhdmitx/amhdmitx0/aud_mute fail.
06-26 00:40:47.019  4111  4111 I SystemControl: [/SysWrite.cpp, writeSys, 242] write /sys/class/amhdmitx/amhdmitx0/aud_mute, val:1 end
06-26 00:40:47.019  4111  4111 E SystemControl: [/SysWrite.cpp, writeSys, 232] writeSysFs, open /sys/class/amhdmitx/amhdmitx0/aud_mute fail.
06-26 00:40:47.019  4111  4111 I SystemControl: [/SysWrite.cpp, writeSys, 242] write /sys/class/amhdmitx/amhdmitx0/aud_mute, val:0 end
06-26 00:40:47.019  4111  4111 I SystemControl: [/SysWrite.cpp, writeSys, 242] write /sys/devices/virtual/amhdmitx/amhdmitx0/avmute, val:-1 end
06-26 00:40:47.019  4111  4111 I SystemControl: [/SystemControlHal.cpp, onEvent, 74] onEvent event:0, client size:0
06-26 00:40:47.019  4111  4111 I SystemControl: [/DisplayMode.cpp, getBootEnv, 360] key:ubootenv.var.digitaudiooutput value:(null)
06-26 00:40:47.023     0     0 I [   10.914615@1]- hdmitx: store_avmute -1
06-26 00:40:47.023     0     0 I [   10.914625@1]- hdmitx: hw: avmute set to 1
06-26 00:40:47.023  4181  4181 I APM_AudioPolicyManager: loading audio_policy_configuration.xml
06-26 00:40:47.028  4111  4111 W systemcontrol: type=1400 audit(0.0:34): avc: denied { read } for name="u:object_r:default_prop:s0" dev="tmpfs" ino=266 scontext=u:r:system_control:s0 tcontext=u:object_r:default_prop:s0 tclass=file permissive=0
06-26 00:40:47.029  4143  4228 D MesonHwc: get existing connector 13-0xeb14091c
06-26 00:40:47.030  4143  4228 V MesonDisplayServer: GetDisplayMode:480cvbs
06-26 00:40:47.033  4111  4111 I SystemControl: [/DisplayMode.cpp, getDisplayMode, 2184] getDisplayMode mode:480cvbs
06-26 00:40:47.033  4111  4111 I SystemControl: [/DisplayMode.cpp, getBootEnv, 360] key:ubootenv.var.hdmichecksum value:0x00000000
06-26 00:40:47.033  4111  4111 I SystemControl: [/Ubootenv.cpp, updateValue, 68] [ubootenv] update value name [ubootenv.var.cvbsmode]: value [480cvbs] 
06-26 00:40:47.034  4111  4111 W libc    : Access denied finding property "persist.systemcontrol.debug"
06-26 00:40:47.042  4196  4243 D libEGL  : loaded /vendor/lib/egl/libGLES_mali.so
06-26 00:40:47.098  4196  4243 W libc    : Access denied finding property "vendor.mali.config"
06-26 00:40:47.103  4253  4253 I gatekeeperd: Starting gatekeeperd...
06-26 00:40:47.104  4253  4253 D ProcessState: Binder ioctl to enable oneway spam detection failed: Invalid argument
06-26 00:40:47.107     0     0 I [   10.999422@3]- binder: 4253:4253 ioctl 40046210 fff421a0 returned -22
06-26 00:40:47.114  4181  4181 D APM_EngineLoader: Loaded engine from libaudiopolicyenginedefault.so
06-26 00:40:47.114  4181  4181 D APM::AudioPolicyEngine/Base: loadAudioPolicyEngineConfig: No configuration found, using default matching phone experience.
06-26 00:40:47.114  4181  4181 I APM::AudioPolicyEngine/Config: loading audio_policy_configuration.xml
06-26 00:40:47.131  4253  4253 D hw-ProcessState: Binder ioctl to enable oneway spam detection failed: Invalid argument
06-26 00:40:47.133     0     0 I [   11.025849@3]- binder: 4253:4253 ioctl 40046210 fff42028 returned -22
06-26 00:40:47.143  4181  4181 W APM::AudioPolicyEngine/Base: loadAudioPolicyEngineConfig: No configuration of AUDIO_STREAM_ASSISTANT found, using default volume configuration
06-26 00:40:47.143  4181  4181 W APM::AudioPolicyEngine/Base: loadAudioPolicyEngineConfig: No configuration of AUDIO_STREAM_CALL_ASSISTANT found, using default volume configuration
06-26 00:40:47.165  4266  4266 I livelock: started
06-26 00:40:47.168  4255  4255 D hw-ProcessState: Binder ioctl to enable oneway spam detection failed: Invalid argument
06-26 00:40:47.170  4196  4243 I RenderEngine: OpenGL ES informations:
06-26 00:40:47.170  4196  4243 I RenderEngine: vendor    : ARM
06-26 00:40:47.170  4196  4243 I RenderEngine: renderer  : Mali-G31
06-26 00:40:47.170  4196  4243 I RenderEngine: version   : OpenGL ES 3.2 v1.r32p1-01bet0.41b18dcf185382f01efb2f3854f9997f
06-26 00:40:47.170  4196  4243 I RenderEngine: extensions: GL_EXT_debug_marker GL_ARM_rgba8 GL_ARM_mali_shader_binary GL_OES_depth24 GL_OES_depth_texture GL_OES_depth_texture_cube_map GL_OES_packed_depth_stencil GL_OES_rgb8_rgba8 GL_EXT_read_format_bgra GL_OES_compressed_paletted_texture GL_OES_compressed_ETC1_RGB8_texture GL_OES_standard_derivatives GL_OES_EGL_image GL_OES_EGL_image_external GL_OES_EGL_image_external_essl3 GL_OES_EGL_sync GL_OES_texture_npot GL_OES_vertex_half_float GL_OES_required_internalformat GL_OES_vertex_array_object GL_OES_mapbuffer GL_EXT_texture_format_BGRA8888 GL_EXT_texture_rg GL_EXT_texture_type_2_10_10_10_REV GL_OES_fbo_render_mipmap GL_OES_element_index_uint GL_EXT_shadow_samplers GL_OES_texture_compression_astc GL_KHR_texture_compression_astc_ldr GL_KHR_texture_compression_astc_hdr GL_KHR_texture_compression_astc_sliced_3d GL_EXT_texture_compression_astc_decode_mode GL_EXT_texture_compression_astc_decode_mode_rgb9e5 GL_KHR_debug GL_EXT_occlusion_query_boolean GL_EXT_disjoint_timer_query GL_EXT_blend_minmax GL_EXT_discard_
06-26 00:40:47.170  4196  4243 I RenderEngine: GL_MAX_TEXTURE_SIZE = 16383
06-26 00:40:47.170  4196  4243 I RenderEngine: GL_MAX_VIEWPORT_DIMS = 16383
06-26 00:40:47.171     0     0 I [   11.063151@3]- binder: 4255:4255 ioctl 40046210 fff7a238 returned -22
06-26 00:40:47.172  4266  4266 W livelock: [khungtaskd] not configurable
06-26 00:40:47.181  4255  4255 I usbd    : Usb HAL found.
06-26 00:40:47.182  4266  4266 I livelock: ro.config.low_ram=false
06-26 00:40:47.182  4266  4266 I livelock: ro.llk.sysrq_t=true
06-26 00:40:47.182  4266  4266 I livelock: ro.llk.enable=true
06-26 00:40:47.182  4266  4266 I livelock: ro.khungtask.enable=true
06-26 00:40:47.182  4266  4266 I livelock: ro.llk.mlockall=true
06-26 00:40:47.182  4266  4266 I livelock: ro.llk.killtest=true
06-26 00:40:47.182  4266  4266 I livelock: ro.khungtask.timeout=720s
06-26 00:40:47.182  4266  4266 I livelock: ro.llk.timeout_ms=600.000s
06-26 00:40:47.182  4266  4266 I livelock: ro.llk.D.timeout_ms=600.000s
06-26 00:40:47.182  4266  4266 I livelock: ro.llk.Z.timeout_ms=600.000s
06-26 00:40:47.182  4266  4266 I livelock: ro.llk.stack.timeout_ms=600.000s
06-26 00:40:47.182  4266  4266 I livelock: ro.llk.check_ms=120.000s
06-26 00:40:47.182  4266  4266 I livelock: ro.llk.stack=wait_on_page_bit_killable,bit_wait_io,__get_user_pages,cma_alloc
06-26 00:40:47.182  4266  4266 I livelock: ro.llk.ignorelist.process.stack=apexd,ueventd,init,keystore,lmkd.llkd,keystore2,llkd
06-26 00:40:47.182  4266  4266 I livelock: ro.llk.ignorelist.process=[watchdog/3],[watchdogd/0],[khungtaskd],lmkd,[watchdogd],[kthreadd],[watchdog/1],watchdogd,4266,[watchdog/2],2,0,1,init,llkd
06-26 00:40:47.182  4266  4266 I livelock: ro.llk.ignorelist.parent=com.antutu.ABenchMark
06-26 00:40:47.182  4266  4266 I livelock: ro.llk.ignorelist.uid=
06-26 00:40:47.182  4255  4255 I usbd    : peristent prop is adb
06-26 00:40:47.202  4143  4228 D ComposerResources: setUVM with pid 4196
06-26 00:40:47.211  4143  4221 E android.hardware.graphics.composer@2.4-service.droidlogic: halEventcallback onHotplug client2.4
06-26 00:40:47.211  4196  4196 I SurfaceFlinger: onComposerHalHotplug(0, connected)
06-26 00:40:47.211  4196  4196 I HWComposer: Switching to legacy multi-display mode
06-26 00:40:47.214  4196  4281 W EventThread: Ignoring VSYNC request while display is disconnected
06-26 00:40:47.214  4196  4281 W EventThread: Ignoring VSYNC request while display is disconnected
06-26 00:40:47.214  4196  4282 W EventThread: Ignoring VSYNC request while display is disconnected
06-26 00:40:47.215  4196  4282 W EventThread: Ignoring VSYNC request while display is disconnected
06-26 00:40:47.215  4196  4281 W EventThread: Ignoring VSYNC request while display is disconnected
06-26 00:40:47.215  4196  4281 W EventThread: Ignoring VSYNC request while display is disconnected
06-26 00:40:47.215  4143  4221 D MesonHwc: cvbs connector getHadrCapabilities none
06-26 00:40:47.215  4143  4221 D MesonHwc: cvbs connector getHadrCapabilities none
06-26 00:40:47.215  4143  4221 D MesonHwc: cvbs connector getHadrCapabilities none
06-26 00:40:47.215  4143  4221 D MesonHwc: cvbs connector getHadrCapabilities none
06-26 00:40:47.216  4196  4196 W HwcComposer: getPerFrameMetadataKeys failed with 8
06-26 00:40:47.219  4165  4165 I libusbconfigfs: setCurrentUsbFunctions None
06-26 00:40:47.219  4165  4165 I libusbconfigfs: Gadget cannot be pulled down
06-26 00:40:47.220  4165  4165 I android.hardware.usb.gadget@1.2-service: mMonitor not running
06-26 00:40:47.220  4165  4165 I android.hardware.usb.gadget@1.2-service: Returned from tearDown gadget
06-26 00:40:47.224  4142  4168 E gralloc4: Format [id:0x110] which doesn't support linear should not have bpp defined
06-26 00:40:47.238     0     0 I [   11.131110@3]- binder: 4196:4243 ioctl 40046210 e88fae20 returned -22
06-26 00:40:47.224  4142  4168 E gralloc4: Format [id:0x110] which doesn't support linear should not have bpp defined
06-26 00:40:47.225  4142  4168 E ion     : ioctl c0044901 failed with code -1: Invalid argument
06-26 00:40:47.226  4196  4196 E ion     : ioctl c0044901 failed with code -1: Invalid argument
06-26 00:40:47.228  4196  4196 I SurfaceFlinger: Dispatching display hotplug event displayId=0, connected=1
06-26 00:40:47.228  4143  4221 E MesonHwc: register unknown callback (6)
06-26 00:40:47.234  4196  4196 I HidlServiceManagement: Registered android.frameworks.displayservice@1.0::IDisplayService/default
06-26 00:40:47.235  4196  4196 D SurfaceFlinger: Setting power mode 2 on display 0
06-26 00:40:47.235  4143  4221 D MesonHwc: ERR: PLEASE FIX NON-IMPLEMENT FUN(setPowerMode).
06-26 00:40:47.235  4196  4196 D SurfaceFlinger: Finished setting power mode 2 on display 0
06-26 00:40:47.236  4196  4243 D hw-ProcessState: Binder ioctl to enable oneway spam detection failed: Invalid argument
06-26 00:40:47.243  4196  4285 W SurfaceFlinger: Failed to set thread name on dispatch thread
06-26 00:40:47.274     0     0 I [   11.167751@1]- binder: 4242:4242 ioctl 40046210 ffe390e8 returned -22
06-26 00:40:47.276  4249  4249 I android.hardware.media.omx@1.0-service: mediacodecservice starting
06-26 00:40:47.286  4242  4242 D hw-ProcessState: Binder ioctl to enable oneway spam detection failed: Invalid argument
06-26 00:40:47.291  4236  4236 I main_extractorservice: enable media.extractor memory limits
06-26 00:40:47.292  4236  4236 V MediaUtils: physMem: 2032029696
06-26 00:40:47.292  4236  4236 V MediaUtils: requested limit: 406405920
06-26 00:40:47.292  4236  4236 I libc    : malloc_limit: Allocation limit enabled, max size 406405920 bytes
06-26 00:40:47.294  4249  4249 W android.hardware.media.omx@1.0-service: libminijail[4249]: failed to get path of fd 5: No such file or directory
06-26 00:40:47.294  4249  4249 W android.hardware.media.omx@1.0-service: libminijail[4249]: allowing syscall: clock_gettime
06-26 00:40:47.294  4249  4249 W android.hardware.media.omx@1.0-service: libminijail[4249]: allowing syscall: connect
06-26 00:40:47.294  4249  4249 W android.hardware.media.omx@1.0-service: libminijail[4249]: allowing syscall: fcntl64
06-26 00:40:47.294  4249  4249 W android.hardware.media.omx@1.0-service: libminijail[4249]: allowing syscall: socket
06-26 00:40:47.294  4249  4249 W android.hardware.media.omx@1.0-service: libminijail[4249]: allowing syscall: writev
06-26 00:40:47.295  4249  4249 W android.hardware.media.omx@1.0-service: libminijail[4249]: compile_file: <fd>(59): syscall getrandom redefined here
06-26 00:40:47.295  4249  4249 W android.hardware.media.omx@1.0-service: libminijail[4249]: compile_file: <fd>(15): previous definition here
06-26 00:40:47.301  4249  4249 W android.hardware.media.omx@1.0-service: libminijail[4249]: compile_file: /system/etc/seccomp_policy/crash_dump.arm.policy(1): syscall read redefined here
06-26 00:40:47.301  4249  4249 W android.hardware.media.omx@1.0-service: libminijail[4249]: compile_file: <fd>(9): previous definition here
06-26 00:40:47.301  4249  4249 W android.hardware.media.omx@1.0-service: libminijail[4249]: compile_file: /system/etc/seccomp_policy/crash_dump.arm.policy(2): syscall write redefined here
06-26 00:40:47.301  4249  4249 W android.hardware.media.omx@1.0-service: libminijail[4249]: compile_file: <fd>(5): previous definition here
06-26 00:40:47.301  4249  4249 W android.hardware.media.omx@1.0-service: libminijail[4249]: compile_file: /system/etc/seccomp_policy/crash_dump.arm.policy(3): syscall exit redefined here
06-26 00:40:47.301  4249  4249 W android.hardware.media.omx@1.0-service: libminijail[4249]: compile_file: <fd>(40): previous definition here
06-26 00:40:47.302  4249  4249 W android.hardware.media.omx@1.0-service: libminijail[4249]: compile_file: /system/etc/seccomp_policy/crash_dump.arm.policy(4): syscall rt_sigreturn redefined here
06-26 00:40:47.302  4249  4249 W android.hardware.media.omx@1.0-service: libminijail[4249]: compile_file: <fd>(45): previous definition here
06-26 00:40:47.302  4249  4249 W android.hardware.media.omx@1.0-service: libminijail[4249]: compile_file: /system/etc/seccomp_policy/crash_dump.arm.policy(6): syscall exit_group redefined here
06-26 00:40:47.302  4249  4249 W android.hardware.media.omx@1.0-service: libminijail[4249]: compile_file: <fd>(44): previous definition here
06-26 00:40:47.302  4249  4249 W android.hardware.media.omx@1.0-service: libminijail[4249]: compile_file: /system/etc/seccomp_policy/crash_dump.arm.policy(7): syscall clock_gettime redefined here
06-26 00:40:47.302  4249  4249 W android.hardware.media.omx@1.0-service: libminijail[4249]: compile_file: <fd>(7): previous definition here
06-26 00:40:47.302  4249  4249 W android.hardware.media.omx@1.0-service: libminijail[4249]: compile_file: /system/etc/seccomp_policy/crash_dump.arm.policy(8): syscall gettimeofday redefined here
06-26 00:40:47.302  4249  4249 W android.hardware.media.omx@1.0-service: libminijail[4249]: compile_file: <fd>(47): previous definition here
06-26 00:40:47.302  4249  4249 W android.hardware.media.omx@1.0-service: libminijail[4249]: compile_file: /system/etc/seccomp_policy/crash_dump.arm.policy(9): syscall futex redefined here
06-26 00:40:47.302  4249  4249 W android.hardware.media.omx@1.0-service: libminijail[4249]: compile_file: <fd>(3): previous definition here
06-26 00:40:47.302  4249  4249 W android.hardware.media.omx@1.0-service: libminijail[4249]: compile_file: /system/etc/seccomp_policy/crash_dump.arm.policy(10): syscall getrandom redefined here
06-26 00:40:47.303  4249  4249 W android.hardware.media.omx@1.0-service: libminijail[4249]: compile_file: <fd>(15): previous definition here
06-26 00:40:47.303  4249  4249 W android.hardware.media.omx@1.0-service: libminijail[4249]: compile_file: /system/etc/seccomp_policy/crash_dump.arm.policy(13): syscall ppoll redefined here
06-26 00:40:47.304  4249  4249 W android.hardware.media.omx@1.0-service: libminijail[4249]: compile_file: <fd>(13): previous definition here
06-26 00:40:47.304  4249  4249 W android.hardware.media.omx@1.0-service: libminijail[4249]: compile_file: /system/etc/seccomp_policy/crash_dump.arm.policy(14): syscall pipe2 redefined here
06-26 00:40:47.304  4249  4249 W android.hardware.media.omx@1.0-service: libminijail[4249]: compile_file: <fd>(46): previous definition here
06-26 00:40:47.304  4249  4249 W android.hardware.media.omx@1.0-service: libminijail[4249]: compile_file: /system/etc/seccomp_policy/crash_dump.arm.policy(15): syscall openat redefined here
06-26 00:40:47.304  4249  4249 W android.hardware.media.omx@1.0-service: libminijail[4249]: compile_file: <fd>(30): previous definition here
06-26 00:40:47.304  4249  4249 W android.hardware.media.omx@1.0-service: libminijail[4249]: compile_file: /system/etc/seccomp_policy/crash_dump.arm.policy(16): syscall dup redefined here
06-26 00:40:47.304  4249  4249 W android.hardware.media.omx@1.0-service: libminijail[4249]: compile_file: <fd>(12): previous definition here
06-26 00:40:47.304  4249  4249 W android.hardware.media.omx@1.0-service: libminijail[4249]: compile_file: /system/etc/seccomp_policy/crash_dump.arm.policy(17): syscall close redefined here
06-26 00:40:47.304  4249  4249 W android.hardware.media.omx@1.0-service: libminijail[4249]: compile_file: <fd>(10): previous definition here
06-26 00:40:47.304  4249  4249 W android.hardware.media.omx@1.0-service: libminijail[4249]: compile_file: /system/etc/seccomp_policy/crash_dump.arm.policy(18): syscall lseek redefined here
06-26 00:40:47.304  4249  4249 W android.hardware.media.omx@1.0-service: libminijail[4249]: compile_file: <fd>(50): previous definition here
06-26 00:40:47.305  4249  4249 W android.hardware.media.omx@1.0-service: libminijail[4249]: compile_file: /system/etc/seccomp_policy/crash_dump.arm.policy(19): syscall getdents64 redefined here
06-26 00:40:47.305  4249  4249 W android.hardware.media.omx@1.0-service: libminijail[4249]: compile_file: <fd>(58): previous definition here
06-26 00:40:47.305  4249  4249 W android.hardware.media.omx@1.0-service: libminijail[4249]: compile_file: /system/etc/seccomp_policy/crash_dump.arm.policy(20): syscall faccessat redefined here
06-26 00:40:47.305  4249  4249 W android.hardware.media.omx@1.0-service: libminijail[4249]: compile_file: <fd>(38): previous definition here
06-26 00:40:47.305  4249  4249 W android.hardware.media.omx@1.0-service: libminijail[4249]: compile_file: /system/etc/seccomp_policy/crash_dump.arm.policy(25): syscall rt_sigprocmask redefined here
06-26 00:40:47.305  4249  4249 W android.hardware.media.omx@1.0-service: libminijail[4249]: compile_file: <fd>(41): previous definition here
06-26 00:40:47.305  4249  4249 W android.hardware.media.omx@1.0-service: libminijail[4249]: compile_file: /system/etc/seccomp_policy/crash_dump.arm.policy(28): syscall prctl redefined here
06-26 00:40:47.305  4249  4249 W android.hardware.media.omx@1.0-service: libminijail[4249]: compile_file: <fd>(6): previous definition here
06-26 00:40:47.305  4249  4249 W android.hardware.media.omx@1.0-service: libminijail[4249]: compile_file: /system/etc/seccomp_policy/crash_dump.arm.policy(29): syscall madvise redefined here
06-26 00:40:47.305  4249  4249 W android.hardware.media.omx@1.0-service: libminijail[4249]: compile_file: <fd>(29): previous definition here
06-26 00:40:47.305  4249  4249 W android.hardware.media.omx@1.0-service: libminijail[4249]: compile_file: /system/etc/seccomp_policy/crash_dump.arm.policy(30): syscall mprotect redefined here
06-26 00:40:47.305  4249  4249 W android.hardware.media.omx@1.0-service: libminijail[4249]: compile_file: <fd>(28): previous definition here
06-26 00:40:47.305  4249  4249 W android.hardware.media.omx@1.0-service: libminijail[4249]: compile_file: /system/etc/seccomp_policy/crash_dump.arm.policy(31): syscall munmap redefined here
06-26 00:40:47.306  4249  4249 W android.hardware.media.omx@1.0-service: libminijail[4249]: compile_file: <fd>(27): previous definition here
06-26 00:40:47.306  4249  4249 W android.hardware.media.omx@1.0-service: libminijail[4249]: compile_file: /system/etc/seccomp_policy/crash_dump.arm.policy(32): syscall getuid32 redefined here
06-26 00:40:47.306  4249  4249 W android.hardware.media.omx@1.0-service: libminijail[4249]: compile_file: <fd>(34): previous definition here
06-26 00:40:47.306  4249  4249 W android.hardware.media.omx@1.0-service: libminijail[4249]: compile_file: /system/etc/seccomp_policy/crash_dump.arm.policy(33): syscall fstat64 redefined here
06-26 00:40:47.306  4249  4249 W android.hardware.media.omx@1.0-service: libminijail[4249]: compile_file: <fd>(35): previous definition here
06-26 00:40:47.306  4249  4249 W android.hardware.media.omx@1.0-service: libminijail[4249]: compile_file: /system/etc/seccomp_policy/crash_dump.arm.policy(34): syscall mmap2 redefined here
06-26 00:40:47.306  4249  4249 W android.hardware.media.omx@1.0-service: libminijail[4249]: compile_file: <fd>(14): previous definition here
06-26 00:40:47.310  4249  4249 W android.hardware.media.omx@1.0-service: libminijail[4249]: compile_file: <fd>(65): syscall readlinkat redefined here
06-26 00:40:47.310  4249  4249 W android.hardware.media.omx@1.0-service: libminijail[4249]: compile_file: <fd>(39): previous definition here
06-26 00:40:47.310  4249  4249 W android.hardware.media.omx@1.0-service: libminijail[4249]: compile_file: <fd>(66): syscall pread64 redefined here
06-26 00:40:47.310  4249  4249 W android.hardware.media.omx@1.0-service: libminijail[4249]: compile_file: <fd>(37): previous definition here
06-26 00:40:47.311  4249  4249 W android.hardware.media.omx@1.0-service: libminijail[4249]: compile_file: <fd>(70): syscall getdents64 redefined here
06-26 00:40:47.312  4249  4249 W android.hardware.media.omx@1.0-service: libminijail[4249]: compile_file: <fd>(58): previous definition here
06-26 00:40:47.312  4249  4249 W android.hardware.media.omx@1.0-service: libminijail[4249]: compile_file: <fd>(73): syscall _llseek redefined here
06-26 00:40:47.312  4249  4249 W android.hardware.media.omx@1.0-service: libminijail[4249]: compile_file: <fd>(51): previous definition here
06-26 00:40:47.312  4249  4249 W android.hardware.media.omx@1.0-service: libminijail[4249]: logging seccomp filter failures
06-26 00:40:47.312  4236  4236 W mediaextractor: libminijail[4236]: failed to get path of fd 5: No such file or directory
06-26 00:40:47.312  4236  4236 W mediaextractor: libminijail[4236]: allowing syscall: clock_gettime
06-26 00:40:47.313  4236  4236 W mediaextractor: libminijail[4236]: allowing syscall: connect
06-26 00:40:47.313  4236  4236 W mediaextractor: libminijail[4236]: allowing syscall: fcntl64
06-26 00:40:47.313  4236  4236 W mediaextractor: libminijail[4236]: allowing syscall: socket
06-26 00:40:47.317     0     0 I [   11.208747@2]- binder: 4249:4249 ioctl 40046210 ffd93f38 returned -22
06-26 00:40:47.317     0     0 I [   11.209324@2]- binder: 4249:4249 ioctl 40046210 ffd93f20 returned -22
06-26 00:40:47.350     0     0 I [   11.240895@0]- binder: 4236:4236 ioctl 40046210 ff8c8bc0 returned -22
06-26 00:40:47.313  4236  4236 W mediaextractor: libminijail[4236]: allowing syscall: writev
06-26 00:40:47.313  4249  4249 D ProcessState: Binder ioctl to enable oneway spam detection failed: Invalid argument
06-26 00:40:47.314  4249  4249 D hw-ProcessState: Binder ioctl to enable oneway spam detection failed: Invalid argument
06-26 00:40:47.315  4236  4236 W mediaextractor: libminijail[4236]: compile_file: /apex/com.android.media/etc/seccomp_policy/crash_dump.arm.policy(1): syscall read redefined here
06-26 00:40:47.315  4236  4236 W mediaextractor: libminijail[4236]: compile_file: <fd>(19): previous definition here
06-26 00:40:47.315  4236  4236 W mediaextractor: libminijail[4236]: compile_file: /apex/com.android.media/etc/seccomp_policy/crash_dump.arm.policy(2): syscall write redefined here
06-26 00:40:47.315  4236  4236 W mediaextractor: libminijail[4236]: compile_file: <fd>(6): previous definition here
06-26 00:40:47.315  4236  4236 W mediaextractor: libminijail[4236]: compile_file: /apex/com.android.media/etc/seccomp_policy/crash_dump.arm.policy(3): syscall exit redefined here
06-26 00:40:47.315  4236  4236 W mediaextractor: libminijail[4236]: compile_file: <fd>(27): previous definition here
06-26 00:40:47.315  4236  4236 W mediaextractor: libminijail[4236]: compile_file: /apex/com.android.media/etc/seccomp_policy/crash_dump.arm.policy(4): syscall rt_sigreturn redefined here
06-26 00:40:47.315  4236  4236 W mediaextractor: libminijail[4236]: compile_file: <fd>(29): previous definition here
06-26 00:40:47.315  4236  4236 W mediaextractor: libminijail[4236]: compile_file: /apex/com.android.media/etc/seccomp_policy/crash_dump.arm.policy(6): syscall exit_group redefined here
06-26 00:40:47.315  4236  4236 W mediaextractor: libminijail[4236]: compile_file: <fd>(28): previous definition here
06-26 00:40:47.315  4236  4236 W mediaextractor: libminijail[4236]: compile_file: /apex/com.android.media/etc/seccomp_policy/crash_dump.arm.policy(7): syscall clock_gettime redefined here
06-26 00:40:47.316  4236  4236 W mediaextractor: libminijail[4236]: compile_file: <fd>(20): previous definition here
06-26 00:40:47.316  4236  4236 W mediaextractor: libminijail[4236]: compile_file: /apex/com.android.media/etc/seccomp_policy/crash_dump.arm.policy(9): syscall futex redefined here
06-26 00:40:47.316  4236  4236 W mediaextractor: libminijail[4236]: compile_file: <fd>(4): previous definition here
06-26 00:40:47.316  4236  4236 W mediaextractor: libminijail[4236]: compile_file: /apex/com.android.media/etc/seccomp_policy/crash_dump.arm.policy(10): syscall getrandom redefined here
06-26 00:40:47.316  4236  4236 W mediaextractor: libminijail[4236]: compile_file: <fd>(43): previous definition here
06-26 00:40:47.316  4236  4236 W mediaextractor: libminijail[4236]: compile_file: /apex/com.android.media/etc/seccomp_policy/crash_dump.arm.policy(12): syscall gettid redefined here
06-26 00:40:47.316  4236  4236 W mediaextractor: libminijail[4236]: compile_file: <fd>(34): previous definition here
06-26 00:40:47.316  4236  4236 W mediaextractor: libminijail[4236]: compile_file: /apex/com.android.media/etc/seccomp_policy/crash_dump.arm.policy(15): syscall openat redefined here
06-26 00:40:47.316  4236  4236 W mediaextractor: libminijail[4236]: compile_file: <fd>(16): previous definition here
06-26 00:40:47.316  4236  4236 W mediaextractor: libminijail[4236]: compile_file: /apex/com.android.media/etc/seccomp_policy/crash_dump.arm.policy(16): syscall dup redefined here
06-26 00:40:47.316  4236  4236 W mediaextractor: libminijail[4236]: compile_file: <fd>(11): previous definition here
06-26 00:40:47.316  4236  4236 W mediaextractor: libminijail[4236]: compile_file: /apex/com.android.media/etc/seccomp_policy/crash_dump.arm.policy(17): syscall close redefined here
06-26 00:40:47.316  4236  4236 W mediaextractor: libminijail[4236]: compile_file: <fd>(9): previous definition here
06-26 00:40:47.316  4236  4236 W mediaextractor: libminijail[4236]: compile_file: /apex/com.android.media/etc/seccomp_policy/crash_dump.arm.policy(18): syscall lseek redefined here
06-26 00:40:47.317  4236  4236 W mediaextractor: libminijail[4236]: compile_file: <fd>(21): previous definition here
06-26 00:40:47.317  4236  4236 W mediaextractor: libminijail[4236]: compile_file: /apex/com.android.media/etc/seccomp_policy/crash_dump.arm.policy(20): syscall faccessat redefined here
06-26 00:40:47.317  4236  4236 W mediaextractor: libminijail[4236]: compile_file: <fd>(30): previous definition here
06-26 00:40:47.317  4236  4236 W mediaextractor: libminijail[4236]: compile_file: /apex/com.android.media/etc/seccomp_policy/crash_dump.arm.policy(25): syscall rt_sigprocmask redefined here
06-26 00:40:47.317  4236  4236 W mediaextractor: libminijail[4236]: compile_file: <fd>(35): previous definition here
06-26 00:40:47.317  4236  4236 W mediaextractor: libminijail[4236]: compile_file: /apex/com.android.media/etc/seccomp_policy/crash_dump.arm.policy(28): syscall prctl redefined here
06-26 00:40:47.317  4236  4236 W mediaextractor: libminijail[4236]: compile_file: <fd>(5): previous definition here
06-26 00:40:47.317  4236  4236 W mediaextractor: libminijail[4236]: compile_file: /apex/com.android.media/etc/seccomp_policy/crash_dump.arm.policy(29): syscall madvise redefined here
06-26 00:40:47.317  4236  4236 W mediaextractor: libminijail[4236]: compile_file: <fd>(31): previous definition here
06-26 00:40:47.317  4236  4236 W mediaextractor: libminijail[4236]: compile_file: /apex/com.android.media/etc/seccomp_policy/crash_dump.arm.policy(30): syscall mprotect redefined here
06-26 00:40:47.317  4236  4236 W mediaextractor: libminijail[4236]: compile_file: <fd>(12): previous definition here
06-26 00:40:47.318  4236  4236 W mediaextractor: libminijail[4236]: compile_file: /apex/com.android.media/etc/seccomp_policy/crash_dump.arm.policy(31): syscall munmap redefined here
06-26 00:40:47.318  4236  4236 W mediaextractor: libminijail[4236]: compile_file: <fd>(10): previous definition here
06-26 00:40:47.318  4236  4236 W mediaextractor: libminijail[4236]: compile_file: /apex/com.android.media/etc/seccomp_policy/crash_dump.arm.policy(32): syscall getuid32 redefined here
06-26 00:40:47.318  4236  4236 W mediaextractor: libminijail[4236]: compile_file: <fd>(13): previous definition here
06-26 00:40:47.318  4236  4236 W mediaextractor: libminijail[4236]: compile_file: /apex/com.android.media/etc/seccomp_policy/crash_dump.arm.policy(33): syscall fstat64 redefined here
06-26 00:40:47.318  4236  4236 W mediaextractor: libminijail[4236]: compile_file: <fd>(25): previous definition here
06-26 00:40:47.318  4236  4236 W mediaextractor: libminijail[4236]: compile_file: /apex/com.android.media/etc/seccomp_policy/crash_dump.arm.policy(34): syscall mmap2 redefined here
