06-26 00:40:47.318  4236  4236 W mediaextractor: libminijail[4236]: compile_file: <fd>(8): previous definition here
06-26 00:40:47.318  4236  4236 W mediaextractor: libminijail[4236]: compile_file: /apex/com.android.media/etc/seccomp_policy/crash_dump.arm.policy(35): syscall geteuid32 redefined here
06-26 00:40:47.318  4236  4236 W mediaextractor: libminijail[4236]: compile_file: <fd>(38): previous definition here
06-26 00:40:47.318  4236  4236 W mediaextractor: libminijail[4236]: compile_file: /apex/com.android.media/etc/seccomp_policy/crash_dump.arm.policy(36): syscall getgid32 redefined here
06-26 00:40:47.318  4236  4236 W mediaextractor: libminijail[4236]: compile_file: <fd>(39): previous definition here
06-26 00:40:47.319  4236  4236 W mediaextractor: libminijail[4236]: compile_file: /apex/com.android.media/etc/seccomp_policy/crash_dump.arm.policy(37): syscall getegid32 redefined here
06-26 00:40:47.319  4236  4236 W mediaextractor: libminijail[4236]: compile_file: <fd>(40): previous definition here
06-26 00:40:47.319  4236  4236 W mediaextractor: libminijail[4236]: compile_file: /apex/com.android.media/etc/seccomp_policy/crash_dump.arm.policy(38): syscall getgroups32 redefined here
06-26 00:40:47.319  4236  4236 W mediaextractor: libminijail[4236]: compile_file: <fd>(41): previous definition here
06-26 00:40:47.320  4165  4165 I libusbconfigfs: setCurrentUsbFunctions Adb
06-26 00:40:47.320  4165  4165 I libusbconfigfs: Service started
06-26 00:40:47.321  4165  4165 I android.hardware.usb.gadget@1.2-service: Usb Gadget setcurrent functions called successfully
06-26 00:40:47.329  4236  4236 W mediaextractor: libminijail[4236]: compile_file: <fd>(66): syscall readlinkat redefined here
06-26 00:40:47.330  4236  4236 W mediaextractor: libminijail[4236]: compile_file: <fd>(60): previous definition here
06-26 00:40:47.331  4236  4236 W mediaextractor: libminijail[4236]: compile_file: <fd>(67): syscall pread64 redefined here
06-26 00:40:47.380     0     0 I         : [   11.270171@2]- read descriptors
06-26 00:40:47.380     0     0 I         : [   11.270252@2]- read strings
06-26 00:40:47.331  4236  4236 W mediaextractor: libminijail[4236]: compile_file: <fd>(49): previous definition here
06-26 00:40:47.331  4236  4236 W mediaextractor: libminijail[4236]: compile_file: <fd>(68): nonexistent syscall 'mmap'
06-26 00:40:47.334  4236  4236 W mediaextractor: libminijail[4236]: compile_file: <fd>(70): nonexistent syscall 'newfstatat'
06-26 00:40:47.334  4236  4236 W mediaextractor: libminijail[4236]: compile_file: <fd>(71): nonexistent syscall 'getrlimit'
06-26 00:40:47.334  4236  4236 W mediaextractor: libminijail[4236]: compile_file: <fd>(72): syscall sched_setscheduler redefined here
06-26 00:40:47.334  4236  4236 W mediaextractor: libminijail[4236]: compile_file: <fd>(33): previous definition here
06-26 00:40:47.334  4236  4236 W mediaextractor: libminijail[4236]: compile_file: <fd>(73): syscall recvfrom redefined here
06-26 00:40:47.335  4236  4236 W mediaextractor: libminijail[4236]: compile_file: /apex/com.android.media/etc/seccomp_policy/crash_dump.arm.policy(22): previous definition here
06-26 00:40:47.337  4100  4100 D zygote  : Time zone APEX ICU file found: /apex/com.android.tzdata/etc/icu/icu_tzdata.dat
06-26 00:40:47.339  4100  4100 D zygote  : I18n APEX ICU file found: /apex/com.android.i18n/etc/icu/icudt68l.dat
06-26 00:40:47.335  4236  4236 W mediaextractor: libminijail[4236]: logging seccomp filter failures
06-26 00:40:47.346  4236  4236 D ProcessState: Binder ioctl to enable oneway spam detection failed: Invalid argument
06-26 00:40:47.359  4278  4278 I adbd    : persist.adb.watchdog set to ''
06-26 00:40:47.360  4278  4278 I adbd    : persist.sys.test_harness set to ''
06-26 00:40:47.363  4278  4278 I adbd    : adb watchdog timeout set to 600 seconds
06-26 00:40:47.365  4278  4278 I adbd    : Setup mdns on port= 5555
06-26 00:40:47.365  4278  4278 I adbd    : adbd listening on tcp:5555
06-26 00:40:47.365  4278  4278 I adbd    : adbd listening on vsock:5555
06-26 00:40:47.365  4278  4278 I adbd    : adbd started
06-26 00:40:47.375  4278  4296 I adbd    : opening control endpoint /dev/usb-ffs/adb/ep0
06-26 00:40:47.376  4165  4291 I libusbconfigfs: GADGET pulled up
06-26 00:40:47.377  4278  4296 I adbd    : UsbFfsConnection constructed
06-26 00:40:47.383  4278  4294 I adbd    : Waiting for persist.adb.tls_server.enable=1
06-26 00:40:47.399  4278  4302 I adbd    : UsbFfs-monitor thread spawned
06-26 00:40:47.399  4278  4302 I adbd    : USB event: FUNCTIONFS_BIND
06-26 00:40:47.408  4252  4252 I mediaswcodec: media swcodec service starting
06-26 00:40:47.444     0     0 I [   11.333715@2]- binder: 4242:4242 ioctl 40046210 ffe390b0 returned -22
06-26 00:40:47.444     0     0 I [   11.339215@3]- binder: 4252:4252 ioctl 40046210 ffbedb90 returned -22
06-26 00:40:47.450     0     0 W         : [   11.342405@2]- avc open
06-26 00:40:47.450     0     0 W         : [   11.342415@2]- amvenc_avc  check CMA pool success, max instance: 3.
06-26 00:40:47.413  4162  4162 W HidlServiceManagement: Waited one second for vendor.amlogic.hardware.hdmicec@1.0::IDroidHdmiCEC/default
06-26 00:40:47.415  3822  3822 I hw-BpHwBinder: onLastStrongRef automatically unlinking death recipients
06-26 00:40:47.416  4162  4162 I hdmicecd-client: Link to hdmi cec daemon service death notification successful
06-26 00:40:47.418  4162  4162 I hdmicecd-client: open cec device fd:6
06-26 00:40:47.419  4100  4100 I zygote  : fcntl(F_ADD_SEALS) failed: Invalid argument, no memfd support.
06-26 00:40:47.419  4100  4100 I zygote  : Falling back to ashmem implementation for JIT zygote mapping
06-26 00:40:47.462     0     0 W         : [   11.350677@2]- allocating phys 0x58c00000, size 20480k, wq:ffffffc0408a2400.
06-26 00:40:47.422  4162  4162 I HidlServiceManagement: Registered android.hardware.tv.cec@1.0::IHdmiCec/default
06-26 00:40:47.422  4162  4162 I HidlServiceManagement: Removing namespace from process name android.hardware.tv.cec@1.0-service to cec@1.0-service.
06-26 00:40:47.423  4162  4162 I LegacySupport: Registration complete for android.hardware.tv.cec@1.0::IHdmiCec/default.
06-26 00:40:47.427  4252  4252 W mediaswcodec: libminijail[4252]: failed to get path of fd 5: No such file or directory
06-26 00:40:47.427  4252  4252 W mediaswcodec: libminijail[4252]: allowing syscall: clock_gettime
06-26 00:40:47.427  4252  4252 W mediaswcodec: libminijail[4252]: allowing syscall: connect
06-26 00:40:47.427  4252  4252 W mediaswcodec: libminijail[4252]: allowing syscall: fcntl64
06-26 00:40:47.427  4252  4252 W mediaswcodec: libminijail[4252]: allowing syscall: socket
06-26 00:40:47.427  4252  4252 W mediaswcodec: libminijail[4252]: allowing syscall: writev
06-26 00:40:47.428  4252  4252 W mediaswcodec: libminijail[4252]: compile_file: <fd>(71): syscall futex redefined here
06-26 00:40:47.429  4252  4252 W mediaswcodec: libminijail[4252]: compile_file: <fd>(15): previous definition here
06-26 00:40:47.438  4242  4242 D ProcessState: Binder ioctl to enable oneway spam detection failed: Invalid argument
06-26 00:40:47.443  4252  4252 W mediaswcodec: libminijail[4252]: compile_file: <fd>(90): syscall clock_gettime redefined here
06-26 00:40:47.443  4252  4252 W mediaswcodec: libminijail[4252]: compile_file: <fd>(70): previous definition here
06-26 00:40:47.443  4252  4252 W mediaswcodec: libminijail[4252]: compile_file: <fd>(94): syscall writev redefined here
06-26 00:40:47.443  4252  4252 W mediaswcodec: libminijail[4252]: compile_file: <fd>(38): previous definition here
06-26 00:40:47.443  4252  4252 W mediaswcodec: libminijail[4252]: compile_file: <fd>(95): syscall madvise redefined here
06-26 00:40:47.444  4252  4252 W mediaswcodec: libminijail[4252]: compile_file: <fd>(66): previous definition here
06-26 00:40:47.444  4252  4252 W mediaswcodec: libminijail[4252]: logging seccomp filter failures
06-26 00:40:47.444  4252  4252 D hw-ProcessState: Binder ioctl to enable oneway spam detection failed: Invalid argument
06-26 00:40:47.444  4252  4252 I CodecServiceRegistrant: Creating software Codec2 service...
06-26 00:40:47.444  4249  4249 I omx_core: OMX_Init 66 gInitCount=1
06-26 00:40:47.445  4249  4249 V AML_all_components: 
06-26 00:40:47.445  4249  4249 V AML_all_components: --------------------------------
06-26 00:40:47.445  4249  4249 V AML_all_components: ARCH = arm
06-26 00:40:47.445  4249  4249 V AML_all_components: Author:aml.sh multi-media team
06-26 00:40:47.445  4249  4249 V AML_all_components: Branch name:   * (HEAD detached at ff578ed)
06-26 00:40:47.445  4249  4249 V AML_all_components: Last Commit Info:
06-26 00:40:47.445  4249  4249 V AML_all_components:     commit ff578ed5bbfb653c4a48e1850160c26319fdcc90
06-26 00:40:47.445  4249  4249 V AML_all_components:     Author: chuntian.miao <chuntian.miao@amlogic.com>
06-26 00:40:47.445  4249  4249 V AML_all_components:     Date: Mon Jul 25 15:47:12 2022 +0800
06-26 00:40:47.445  4249  4249 V AML_all_components:      audio: CB1 fix dolby decoder crash issue for specific file [1/1]
06-26 00:40:47.445  4249  4249 V AML_all_components:      PD#OTT-32452
06-26 00:40:47.445  4249  4249 V AML_all_components:      Change-Id: Idb9334a858d651f5de28bda449f0c12af826a7d6
06-26 00:40:47.445  4249  4249 V AML_all_components: Uncommitted-file-num:1
06-26 00:40:47.445  4249  4249 V AML_all_components: Build-time:     Wed Aug 10 10:57:08 CST 2022
06-26 00:40:47.445  4249  4249 V AML_all_components: Build-name:     drm.autobuild
06-26 00:40:47.445  4249  4249 V AML_all_components: Version:    2.1.17-gff578ed(build:1985)
06-26 00:40:47.445  4249  4249 V AML_all_components: --------------------------------
06-26 00:40:47.445  4249  4249 V OmxComponentManagerImpl: loadLibrary:517 Loading OMX library libOmxVideo.so.
06-26 00:40:47.446  4249  4249 I omx_video: support video layer1 layer_cap=707
06-26 00:40:47.446  4249  4249 D omx_video: use omx2, skip omx video_decoder.avc
06-26 00:40:47.446  4249  4249 D omx_video: registerFactory for 1 OMX.amlogic.avc.decoder.awesome2
06-26 00:40:47.446  4249  4249 D omx_video: use omx2, skip omx video_decoder.hevc
06-26 00:40:47.446  4249  4249 D omx_video: registerFactory for 3 OMX.amlogic.hevc.decoder.awesome2
06-26 00:40:47.446  4249  4249 D omx_video: use omx2, skip omx video_decoder.hevc
06-26 00:40:47.446  4249  4249 E omx_video: here OMX.amlogic.hevc.decoder.awesome2.secure 1
06-26 00:40:47.446  4249  4249 D omx_video: registerFactory for 5 OMX.amlogic.hevc.decoder.awesome2.secure
06-26 00:40:47.446  4249  4249 D omx_video: use omx2, skip omx video_decoder.avc
06-26 00:40:47.446  4249  4249 E omx_video: here OMX.amlogic.avc.decoder.awesome2.secure 1
06-26 00:40:47.446  4249  4249 D omx_video: registerFactory for 7 OMX.amlogic.avc.decoder.awesome2.secure
06-26 00:40:47.446  4249  4249 E omx_video: here OMX.amlogic.avc.decoder.awesome.hdcp.secure 1
06-26 00:40:47.446  4249  4249 D omx_video: registerFactory for 8 OMX.amlogic.avc.decoder.awesome.hdcp.secure
06-26 00:40:47.446  4249  4249 E omx_video: here OMX.amlogic.avc.decoder.awesome2.hdcp.secure 1
06-26 00:40:47.446  4249  4249 D omx_video: registerFactory for 9 OMX.amlogic.avc.decoder.awesome2.hdcp.secure
06-26 00:40:47.446  4249  4249 D omx_video: use omx2, skip omx video_decoder.mpeg4
06-26 00:40:47.446  4249  4249 D omx_video: registerFactory for 11 OMX.amlogic.mpeg4.decoder.awesome2
06-26 00:40:47.446  4249  4249 D omx_video: use omx2, skip omx video_decoder.mpeg2
06-26 00:40:47.446  4249  4249 D omx_video: registerFactory for 13 OMX.amlogic.mpeg2.decoder.awesome2
06-26 00:40:47.447  4249  4249 E omx_video: here OMX.amlogic.mpeg2.decoder.awesome.secure 1
06-26 00:40:47.447  4249  4249 D omx_video: registerFactory for 14 OMX.amlogic.mpeg2.decoder.awesome.secure
06-26 00:40:47.447  4249  4249 D omx_video: use omx2, skip omx video_decoder.mjpeg
06-26 00:40:47.447  4249  4249 D omx_video: registerFactory for 16 OMX.amlogic.mjpeg.decoder.awesome2
06-26 00:40:47.447  4249  4249 D omx_video: registerFactory for 17 OMX.amlogic.wmv3.decoder.awesome
06-26 00:40:47.447  4249  4249 D omx_video: registerFactory for 18 OMX.amlogic.mswmv3.decoder.awesome
06-26 00:40:47.447  4249  4249 D omx_video: registerFactory for 19 OMX.amlogic.vc1.decoder.awesome
06-26 00:40:47.447  4249  4249 D omx_video: registerFactory for 20 OMX.amlogic.wvc1.decoder.awesome
06-26 00:40:47.447  4249  4249 D omx_video: registerFactory for 21 OMX.amlogic.avs.decoder.awesome
06-26 00:40:47.447  4249  4249 D omx_video: registerFactory for 22 OMX.amlogic.avs2.decoder.awesome
06-26 00:40:47.447  4249  4249 D omx_video: registerFactory for 23 OMX.amlogic.h263.decoder.awesome
06-26 00:40:47.447  4249  4249 D omx_video: use omx2, skip omx video_decoder.vp9
06-26 00:40:47.447  4249  4249 D omx_video: registerFactory for 25 OMX.amlogic.vp9.decoder.awesome2
06-26 00:40:47.447  4249  4249 D omx_video: use omx2, skip omx video_decoder.vp9
06-26 00:40:47.447  4249  4249 E omx_video: here OMX.amlogic.vp9.decoder.awesome2.secure 1
06-26 00:40:47.447  4249  4249 D omx_video: registerFactory for 27 OMX.amlogic.vp9.decoder.awesome2.secure
06-26 00:40:47.474     0     0 W         : [   11.350686@2]- amvenc_avc  memory config success, buff start:0x58c00000, size is 0x1400000, wq:ffffffc0408a2400.
06-26 00:40:47.455  4249  4249 D omx_video: get avc encoder max instance number: 3
06-26 00:40:47.474     0     0 W         : [   11.350830@2]- avc release, wq:ffffffc0408a2400
06-26 00:40:47.456  4114  4114 D audio_hw_primary: adev_open: enter
06-26 00:40:47.474     0     0 W         : [   11.350838@2]- remove  encode_work_queue ffffffc0408a2400 success, _destroy_encode_work_queue line 3960.
06-26 00:40:47.474     0     0 W         : [   11.352646@2]- [+] vpu_open
06-26 00:40:47.474     0     0 W         : [   11.354780@2]- allocating phys 0x58c00000, virt addr 0x0, size 65536k
06-26 00:40:47.474     0     0 D         : [   11.355039@2]- the vdec            clock on, ref cnt: 1
06-26 00:40:47.474     0     0 W         : [   11.355064@2]- [-] vpu_open, ret: 0
06-26 00:40:47.474     0     0 W         : [   11.355174@2]- vpu_release
06-26 00:40:47.474     0     0 W         : [   11.355179@2]- vpu_free_buffers
06-26 00:40:47.474     0     0 W         : [   11.355182@2]- vpu_free_instances
06-26 00:40:47.474     0     0 W         : [   11.355186@2]- vpu_release, s_video_memory 0x58c00000
06-26 00:40:47.475     0     0 I [   11.364274@3]- binder: 4240:4240 ioctl 40046210 ffa9b898 returned -22
06-26 00:40:47.475     0     0 D         : [   11.367512@2]- the vdec            clock off, ref cnt: 0
06-26 00:40:47.457  4114  4114 I WT_Hardware: Kehwin audio :20190308
06-26 00:40:47.479     0     0 I         : [   11.370572@3]- aml_tdm_open
06-26 00:40:47.457  4242  4242 I ServiceManager: Waiting for service 'package_native' on '/dev/binder'...
06-26 00:40:47.457  4114  4114 I WT_Hardware: initAudio isUseGoogleVoice:1
06-26 00:40:47.457  4249  4249 D omx_video: gFactories[i].num for OMX.amlogic.video.encoder.avc is 3
06-26 00:40:47.457  4249  4249 D omx_video: registerFactory for 28 OMX.amlogic.video.encoder.avc
06-26 00:40:47.457  4114  4114 D AudioALSADeviceParser: card open success
06-26 00:40:47.482     0     0 E [   11.376283@3]- init: Control message: Could not find 'aidl/package_native' for ctl.interface_start from pid: 3821 (/system/bin/servicemanager)
06-26 00:40:47.457  4114  4114 D AudioALSADeviceParser: 	current mCardIndex = 0, Rch =  0 
06-26 00:40:47.457  4114  4114 D AudioALSADeviceParser: 	current sound card name = AMLAUGESOUND
06-26 00:40:47.458  4114  4114 D AudioALSADeviceParser: 	 auge sound cardIndex found = 0
06-26 00:40:47.458  4114  4114 D AudioALSADeviceParser: reach EOF
06-26 00:40:47.458  4114  4114 D AudioALSADeviceParser: alsa_device_get_card_index() parse card index:0
06-26 00:40:47.460  4249  4249 E omx_video: set hevc encoder max inst = 1
06-26 00:40:47.467  4252  4252 I HidlServiceManagement: Registered android.hardware.media.c2@1.2::IComponentStore/software
06-26 00:40:47.468  3822  3822 I hwservicemanager: getTransport: Cannot find entry android.hardware.media.c2@1.0::IComponentStore/default in either framework or device VINTF manifest.
06-26 00:40:47.468  4252  4252 I CodecServiceRegistrant: Preferred Codec2 store is defaulted to "software".
06-26 00:40:47.468  4252  4252 I CodecServiceRegistrant: Software Codec2 service created and registered.
06-26 00:40:47.468  4240  4240 D mediatuner: Tuner service starting
06-26 00:40:47.469  4240  4240 D ProcessState: Binder ioctl to enable oneway spam detection failed: Invalid argument
06-26 00:40:47.470  4240  4240 D mediatuner: ServiceManager: 0xe7cc0d70
06-26 00:40:47.470  3821  3821 I servicemanager: Since 'package_native' could not be found, trying to start it as a lazy AIDL service
06-26 00:40:47.472  4249  4249 D omx_video: gFactories[i].num for OMX.amlogic.video.encoder.hevc is 1
06-26 00:40:47.472  4249  4249 D omx_video: registerFactory for 29 OMX.amlogic.video.encoder.hevc
06-26 00:40:47.472  4249  4249 V OmxComponentManagerImpl: loadLibrary:517 Loading OMX library libOmxAudio.so.
06-26 00:40:47.475  4114  4305 D AudioHAL:AudioHotplugThread: AudioHotplugThread::getDeviceInfo opening /dev/snd/pcmC0D2c
06-26 00:40:47.479  4249  4249 D omx_audio: OmxModuleInit 150, registerFactory, name[0]:OMX.amlogic.audio.decoder.ac3  num:0
06-26 00:40:47.480  4249  4249 D omx_audio: OmxModuleInit 150, registerFactory, name[1]:OMX.amlogic.audio.decoder.eac3  num:0
06-26 00:40:47.480  4249  4249 D omx_audio: OmxModuleInit 150, registerFactory, name[6]:OMX.amlogic.audio.decoder.mp2  num:0
06-26 00:40:47.480  4249  4249 D omx_audio: OmxModuleInit 150, registerFactory, name[7]:OMX.amlogic.audio.decoder.ffmpeg  num:0
06-26 00:40:47.480  4249  4249 D omx_audio: OmxModuleInit 150, registerFactory, name[8]:OMX.amlogic.audio.decoder.dts  num:0
06-26 00:40:47.480  4249  4249 D omx_audio: OmxModuleInit 150, registerFactory, name[9]:OMX.amlogic.audio.decoder.dtshd  num:0
06-26 00:40:47.480  4249  4249 D omx_audio: OmxModuleInit 150, registerFactory, name[10]:OMX.amlogic.audio.decoder.dtse  num:0
06-26 00:40:47.480  4249  4249 I omx_core: Core library has 28 components
06-26 00:40:47.480  4249  4249 V AmlogicSoftOMXPlugin: AmlogicSoftOMXPlugin 44
06-26 00:40:47.480  4249  4249 V AmlogicSoftOMXPlugin: Loading vendor omx library.
06-26 00:40:47.481  3821  4308 W libc    : Unable to set property "ctl.interface_start" to "aidl/package_native": error code: 0x20
06-26 00:40:47.481  3821  4308 I servicemanager: Tried to start aidl service package_native as a lazy service, but was unable to. Usually this happens when a service is not installed, but if the service is intended to be used as a lazy service, then it may be configured incorrectly.
06-26 00:40:47.484  4249  4249 V AmlogicSoftOMXPlugin: getNumOfComponent 180
06-26 00:40:47.484  4249  4249 V AmlogicSoftOMXPlugin: enumerateComponents 123
06-26 00:40:47.484  4249  4249 V AmlogicSoftOMXPlugin: enumerateComponents 123
06-26 00:40:47.484  4249  4249 V AmlogicSoftOMXPlugin: enumerateComponents 123
06-26 00:40:47.484  4249  4249 V AmlogicSoftOMXPlugin: enumerateComponents 123
06-26 00:40:47.485  4249  4249 V AmlogicSoftOMXPlugin: enumerateComponents 123
06-26 00:40:47.485  4249  4249 V AmlogicSoftOMXPlugin: enumerateComponents 123
06-26 00:40:47.485  4249  4249 V AmlogicSoftOMXPlugin: enumerateComponents 123
06-26 00:40:47.485  4249  4249 V AmlogicSoftOMXPlugin: enumerateComponents 123
06-26 00:40:47.485  4249  4249 V AmlogicSoftOMXPlugin: enumerateComponents 123
06-26 00:40:47.485  4249  4249 V AmlogicSoftOMXPlugin: enumerateComponents 123
06-26 00:40:47.485  4249  4249 V AmlogicSoftOMXPlugin: enumerateComponents 123
06-26 00:40:47.485  4249  4249 V AmlogicSoftOMXPlugin: enumerateComponents 123
06-26 00:40:47.488  4249  4249 W android.hardwar: type=1400 audit(0.0:35): avc: denied { read } for name="u:object_r:default_prop:s0" dev="tmpfs" ino=266 scontext=u:r:mediacodec:s0 tcontext=u:object_r:default_prop:s0 tclass=file permissive=0
06-26 00:40:47.499     0     0 D [   11.385793@2]- audio_ddr_mngr: toddrs[0] registered by device ff642000.audiobus:tdmc
06-26 00:40:47.499     0     0 E [   11.385811@2]- ASoC: multicodec <-> TDM-C No matching channels
06-26 00:40:47.499     0     0 D [   11.385903@2]- audio_ddr_mngr: toddrs[0] released by device ff642000.audiobus:tdmc
06-26 00:40:47.499     0     0 D [   11.393761@3]- audio_ddr_mngr: toddrs[0] registered by device ff642000.audiobus:pdm
06-26 00:40:47.504     0     0 D [   11.394331@3]- audio_ddr_mngr: toddrs[0] released by device ff642000.audiobus:pdm
06-26 00:40:47.505     0     0 I         : [   11.394686@3]- loopback_dai_startup
06-26 00:40:47.505     0     0 D [   11.396400@3]- audio_ddr_mngr: toddrs[0] registered by device ff642000.audiobus:loopback@0
06-26 00:40:47.505     0     0 I         : [   11.396731@3]- loopback_dai_shutdown
06-26 00:40:47.505     0     0 D [   11.396834@3]- audio_ddr_mngr: toddrs[0] released by device ff642000.audiobus:loopback@0
06-26 00:40:47.505     0     0 I         : [   11.397178@3]- aml_tdm_open
06-26 00:40:47.518     0     0 D [   11.405959@3]- audio_ddr_mngr: toddrs[0] registered by device ff642000.audiobus:tdmb
06-26 00:40:47.518     0     0 D         : [   11.406287@3]- tdm capture mute: 1
06-26 00:40:47.518     0     0 D [   11.406414@3]- audio_ddr_mngr: toddrs[0] released by device ff642000.audiobus:tdmb
06-26 00:40:47.518     0     0 I         : [   11.406794@3]- aml_spdif_open
06-26 00:40:47.485  4114  4114 W audio_route: Control 'SPK mute' doesn't exist - skipping
06-26 00:40:47.486  4114  4114 W audio_route: Control 'SPK mute' doesn't exist - skipping
06-26 00:40:47.486  4114  4114 D audio_eq_drc_compensation: eq_drc_init: device num = 2
06-26 00:40:47.486  4114  4114 D audio_eq_drc_compensation: get_model_name: Model Name -> 
06-26 00:40:47.487  4114  4114 D IniParser: IniParser, entering...
06-26 00:40:47.487  4114  4114 D IniParser: parse, entering...
06-26 00:40:47.487  4114  4114 D audio_eq_drc_parser: handle_audio_sum_ini, INI load file error, use default file
06-26 00:40:47.487  4114  4114 D audio_eq_drc_parser: handle_audio_sum_ini, INI File -> /odm/etc/tvconfig/audio/AMLOGIC_SOC_DEFAULT.ini
06-26 00:40:47.487  4114  4114 D IniParser: ~IniParser, entering...
06-26 00:40:47.487  4114  4114 D IniParser: free, entering...
06-26 00:40:47.487  4114  4114 D IniParser: fun_name = free
06-26 00:40:47.487  4114  4114 D IniParser: fun_name = printNewMemND, fun_name = , total_cnt = 0
06-26 00:40:47.487  4114  4114 D IniParser: fun_name = free
06-26 00:40:47.487  4114  4114 D IniParser: fun_name = printDelMemND, fun_name = , total_cnt = 0
06-26 00:40:47.488  4114  4114 D IniParser: IniParser, entering...
06-26 00:40:47.488  4114  4114 D IniParser: parse, entering...
06-26 00:40:47.488  4114  4114 D audio_eq_drc_parser: handle_audio_eq_drc_ini, ini load file error!
06-26 00:40:47.488  4114  4114 D IniParser: ~IniParser, entering...
06-26 00:40:47.488  4114  4114 D IniParser: free, entering...
06-26 00:40:47.488  4114  4114 D IniParser: fun_name = free
06-26 00:40:47.488  4114  4114 D IniParser: fun_name = printNewMemND, fun_name = , total_cnt = 0
06-26 00:40:47.488  4114  4114 D IniParser: fun_name = free
06-26 00:40:47.488  4114  4114 D IniParser: fun_name = printDelMemND, fun_name = , total_cnt = 0
06-26 00:40:47.488  4114  4114 E audio_eq_drc_compensation: eq_drc_init: Get device 0  EQ&DRC config failed
06-26 00:40:47.489  4114  4114 I audio_hw_primary: aml_audio_output_routing: outport OUTPORT_SPEAKER already exists, do nothing
06-26 00:40:47.490  4114  4114 I audio_hw_primary: detect_dolby_lib_type, failed to load libdolbyms12 lib dlopen failed: library "/vendor/lib/libdolbyms12.so" not found
06-26 00:40:47.491  4114  4305 E AudioHAL:AudioHotplugThread: AudioHotplugThread::getDeviceInfo open failed for /dev/snd/pcmC0D2c
06-26 00:40:47.491  4114  4305 D AudioHAL:AudioHotplugThread: AudioHotplugThread::getDeviceInfo opening /dev/snd/pcmC0D3c
06-26 00:40:47.491  4249  4249 I SoftOMXPlugin: createOMXPlugin
06-26 00:40:47.492  4249  4249 W libc    : Access denied finding property "ro.media.xml_variant.codecs_ext"
06-26 00:40:47.492  4249  4249 D MediaCodecsXmlParser: parsing /vendor/etc/media_codecs_ext.xml...
06-26 00:40:47.526     0     0 D [   11.420602@3]- audio_ddr_mngr: toddrs[0] registered by device ff642000.audiobus:spdif
06-26 00:40:47.526     0     0 I         : [   11.420987@3]- aml_spdif_close
06-26 00:40:47.526     0     0 D [   11.421091@3]- audio_ddr_mngr: toddrs[0] released by device ff642000.audiobus:spdif
06-26 00:40:47.526     0     0 I         : [   11.421474@3]- aml_tdm_open
06-26 00:40:47.531     0     0 D [   11.424380@3]- audio_ddr_mngr: toddrs[0] registered by device ff642000.audiobus:tdma
06-26 00:40:47.531     0     0 D         : [   11.424745@3]- tdm capture mute: 1
06-26 00:40:47.531     0     0 D [   11.424858@3]- audio_ddr_mngr: toddrs[0] released by device ff642000.audiobus:tdma
06-26 00:40:47.499  4114  4305 D AudioHAL:AudioHotplugThread: AudioHotplugThread get_alsa_card_name returned 13, AMLAUGESOUND
06-26 00:40:47.499  4114  4305 D AudioHAL:AudioHotplugThread: AudioHotplugThread::getDeviceInfo opening /dev/snd/pcmC0D6c
06-26 00:40:47.499  4249  4249 D MediaCodecsXmlParser: parsing /vendor/etc/media_codecs.xml...
06-26 00:40:47.501  4114  4305 D AudioHAL:AudioHotplugThread: AudioHotplugThread get_alsa_card_name returned 13, AMLAUGESOUND
06-26 00:40:47.502  4114  4305 D AudioHAL:AudioHotplugThread: AudioHotplugThread::getDeviceInfo opening /dev/snd/pcmC0D1c
06-26 00:40:47.503  4249  4249 D MediaCodecsXmlParser: parsing /vendor/etc/media_codecs_ext.xml...
06-26 00:40:47.503  4249  4249 D MediaCodecsXmlParser: MediaCodec: cannot add existing codec: OMX.amlogic.mjpeg.decoder.awesome2 at line 115 of /vendor/etc/media_codecs_ext.xml
06-26 00:40:47.503  4249  4249 D MediaCodecsXmlParser: MediaCodec: cannot add existing codec: OMX.amlogic.avs.decoder.awesome at line 124 of /vendor/etc/media_codecs_ext.xml
06-26 00:40:47.503  4249  4249 D MediaCodecsXmlParser: MediaCodec: cannot add existing codec: OMX.amlogic.vp6a.decoder.sw at line 141 of /vendor/etc/media_codecs_ext.xml
06-26 00:40:47.503  4249  4249 D MediaCodecsXmlParser: MediaCodec: cannot add existing codec: OMX.amlogic.vp6f.decoder.sw at line 142 of /vendor/etc/media_codecs_ext.xml
06-26 00:40:47.503  4249  4249 D MediaCodecsXmlParser: MediaCodec: cannot add existing codec: OMX.amlogic.audio.decoder.ffmpeg at line 160 of /vendor/etc/media_codecs_ext.xml
06-26 00:40:47.503  4249  4249 D MediaCodecsXmlParser: MediaCodec: cannot add existing codec: OMX.amlogic.audio.decoder.dts at line 163 of /vendor/etc/media_codecs_ext.xml
06-26 00:40:47.503  4249  4249 D MediaCodecsXmlParser: MediaCodec: cannot add existing codec: OMX.amlogic.audio.decoder.dtshd at line 168 of /vendor/etc/media_codecs_ext.xml
06-26 00:40:47.503  4249  4249 D MediaCodecsXmlParser: MediaCodec: cannot add existing codec: OMX.amlogic.audio.decoder.dtse at line 173 of /vendor/etc/media_codecs_ext.xml
06-26 00:40:47.504  4249  4249 I MediaCodecsXmlParser: Did not find media_codecs_ext.xml.xml in search path
06-26 00:40:47.504  4249  4249 D MediaCodecsXmlParser: parsing /vendor/etc/media_codecs_ext.xml...
06-26 00:40:47.505  4249  4249 D MediaCodecsXmlParser: MediaCodec: cannot add existing codec: OMX.amlogic.mjpeg.decoder.awesome2 at line 115 of /vendor/etc/media_codecs_ext.xml
06-26 00:40:47.506  4249  4249 D MediaCodecsXmlParser: MediaCodec: cannot add existing codec: OMX.amlogic.avs.decoder.awesome at line 124 of /vendor/etc/media_codecs_ext.xml
06-26 00:40:47.506  4249  4249 D MediaCodecsXmlParser: MediaCodec: cannot add existing codec: OMX.amlogic.vp6a.decoder.sw at line 141 of /vendor/etc/media_codecs_ext.xml
06-26 00:40:47.506  4249  4249 D MediaCodecsXmlParser: MediaCodec: cannot add existing codec: OMX.amlogic.vp6f.decoder.sw at line 142 of /vendor/etc/media_codecs_ext.xml
06-26 00:40:47.506  4249  4249 D MediaCodecsXmlParser: MediaCodec: cannot add existing codec: OMX.amlogic.audio.decoder.ffmpeg at line 160 of /vendor/etc/media_codecs_ext.xml
06-26 00:40:47.506  4249  4249 D MediaCodecsXmlParser: MediaCodec: cannot add existing codec: OMX.amlogic.audio.decoder.dts at line 163 of /vendor/etc/media_codecs_ext.xml
06-26 00:40:47.506  4249  4249 D MediaCodecsXmlParser: MediaCodec: cannot add existing codec: OMX.amlogic.audio.decoder.dtshd at line 168 of /vendor/etc/media_codecs_ext.xml
06-26 00:40:47.507  4249  4249 D MediaCodecsXmlParser: MediaCodec: cannot add existing codec: OMX.amlogic.audio.decoder.dtse at line 173 of /vendor/etc/media_codecs_ext.xml
06-26 00:40:47.507  4249  4249 D MediaCodecsXmlParser: parsing /vendor/etc/media_codecs_performance.xml...
06-26 00:40:47.508  4249  4249 D MediaCodecsXmlParser: MediaCodec: cannot update non-existing codec: c2.android.h263.encoder at line 41 of /vendor/etc/media_codecs_performance.xml
06-26 00:40:47.508  4249  4249 D MediaCodecsXmlParser: MediaCodec: cannot update non-existing codec: c2.android.mpeg4.encoder at line 44 of /vendor/etc/media_codecs_performance.xml
06-26 00:40:47.508  4249  4249 D MediaCodecsXmlParser: MediaCodec: cannot update non-existing codec: c2.android.avc.encoder at line 47 of /vendor/etc/media_codecs_performance.xml
06-26 00:40:47.509  4249  4249 D MediaCodecsXmlParser: MediaCodec: cannot update non-existing codec: c2.android.vp8.encoder at line 53 of /vendor/etc/media_codecs_performance.xml
06-26 00:40:47.511  4249  4249 D MediaCodecsXmlParser: MediaCodec: cannot update non-existing codec: OMX.google.h264.decoder at line 159 of /vendor/etc/media_codecs_performance.xml
06-26 00:40:47.511  4249  4249 D MediaCodecsXmlParser: MediaCodec: cannot update non-existing codec: c2.android.h263.decoder at line 186 of /vendor/etc/media_codecs_performance.xml
06-26 00:40:47.511  4114  4305 D AudioHAL:AudioHotplugThread: AudioHotplugThread get_alsa_card_name returned 13, AMLAUGESOUND
06-26 00:40:47.511  4249  4249 D MediaCodecsXmlParser: MediaCodec: cannot update non-existing codec: c2.android.mpeg4.decoder at line 190 of /vendor/etc/media_codecs_performance.xml
06-26 00:40:47.511  4249  4249 D MediaCodecsXmlParser: MediaCodec: cannot update non-existing codec: c2.android.vp8.decoder at line 193 of /vendor/etc/media_codecs_performance.xml
06-26 00:40:47.511  4249  4249 D MediaCodecsXmlParser: MediaCodec: cannot update non-existing codec: c2.android.vp9.decoder at line 198 of /vendor/etc/media_codecs_performance.xml
06-26 00:40:47.511  4249  4249 D MediaCodecsXmlParser: MediaCodec: cannot update non-existing codec: c2.android.hevc.decoder at line 204 of /vendor/etc/media_codecs_performance.xml
06-26 00:40:47.511  4249  4249 D MediaCodecsXmlParser: MediaCodec: cannot update non-existing codec: c2.android.avc.decoder at line 211 of /vendor/etc/media_codecs_performance.xml
06-26 00:40:47.511  4114  4305 D AudioHAL:AudioHotplugThread: AudioHotplugThread::getDeviceInfo opening /dev/snd/pcmC0D4c
06-26 00:40:47.512  4249  4249 D MediaCodecsXmlParser: MediaCodec: cannot update non-existing codec: OMX.amlogic.vp8.decoder.sw at line 217 of /vendor/etc/media_codecs_performance.xml
06-26 00:40:47.513  4249  4249 D MediaCodecsXmlParser: parsing /vendor/etc/media_codecs_ext.xml...
06-26 00:40:47.513  4249  4249 D MediaCodecsXmlParser: MediaCodec: cannot add existing codec: OMX.amlogic.mjpeg.decoder.awesome2 at line 115 of /vendor/etc/media_codecs_ext.xml
06-26 00:40:47.513  4249  4249 D MediaCodecsXmlParser: MediaCodec: cannot add existing codec: OMX.amlogic.avs.decoder.awesome at line 124 of /vendor/etc/media_codecs_ext.xml
06-26 00:40:47.513  4249  4249 D MediaCodecsXmlParser: MediaCodec: cannot add existing codec: OMX.amlogic.vp6a.decoder.sw at line 141 of /vendor/etc/media_codecs_ext.xml
06-26 00:40:47.513  4114  4114 I audio_hw_primary: detect_dolby_lib_type,FOUND libHwAudio_dcvdec lib (null)
06-26 00:40:47.513  4249  4249 D MediaCodecsXmlParser: MediaCodec: cannot add existing codec: OMX.amlogic.vp6f.decoder.sw at line 142 of /vendor/etc/media_codecs_ext.xml
06-26 00:40:47.518  4249  4249 D MediaCodecsXmlParser: MediaCodec: cannot add existing codec: OMX.amlogic.audio.decoder.ffmpeg at line 160 of /vendor/etc/media_codecs_ext.xml
06-26 00:40:47.519  4249  4249 D MediaCodecsXmlParser: MediaCodec: cannot add existing codec: OMX.amlogic.audio.decoder.dts at line 163 of /vendor/etc/media_codecs_ext.xml
06-26 00:40:47.519  4249  4249 D MediaCodecsXmlParser: MediaCodec: cannot add existing codec: OMX.amlogic.audio.decoder.dtshd at line 168 of /vendor/etc/media_codecs_ext.xml
06-26 00:40:47.519  4249  4249 D MediaCodecsXmlParser: MediaCodec: cannot add existing codec: OMX.amlogic.audio.decoder.dtse at line 173 of /vendor/etc/media_codecs_ext.xml
06-26 00:40:47.519  4249  4249 I MediaCodecsXmlParser: Did not find media_codecs_shaping.xml in search path
06-26 00:40:47.522  4249  4249 I HidlServiceManagement: Registered android.hardware.media.omx@1.0::IOmx/default
06-26 00:40:47.522  4249  4249 I HidlServiceManagement: Removing namespace from process name android.hardware.media.omx@1.0-service to omx@1.0-service.
06-26 00:40:47.523  4249  4249 I android.hardware.media.omx@1.0-service: IOmx HAL service created.
06-26 00:40:47.523  4114  4114 I vaudio_apps: 06-26 00:40:47.522 nano_init(195): (nano_init)Version Build In Time Jul  1 2020-18:42:41 0
06-26 00:40:47.523  4249  4249 V AmlogicSoftOMXPlugin: getRolesOfComponent 133
06-26 00:40:47.523  4249  4249 V AmlogicSoftOMXPlugin: getRolesOfComponent 133
06-26 00:40:47.523  4249  4249 V AmlogicSoftOMXPlugin: getRolesOfComponent 133
06-26 00:40:47.523  4249  4249 V AmlogicSoftOMXPlugin: getRolesOfComponent 133
06-26 00:40:47.523  4249  4249 V AmlogicSoftOMXPlugin: getRolesOfComponent 133
06-26 00:40:47.523  4249  4249 V AmlogicSoftOMXPlugin: getRolesOfComponent 133
06-26 00:40:47.523  4249  4249 V AmlogicSoftOMXPlugin: getRolesOfComponent 133
06-26 00:40:47.523  4249  4249 V AmlogicSoftOMXPlugin: getRolesOfComponent 133
06-26 00:40:47.523  4249  4249 V AmlogicSoftOMXPlugin: getRolesOfComponent 133
06-26 00:40:47.523  4249  4249 V AmlogicSoftOMXPlugin: getRolesOfComponent 133
06-26 00:40:47.523  4249  4249 V AmlogicSoftOMXPlugin: getRolesOfComponent 133
06-26 00:40:47.524  4249  4249 V AmlogicSoftOMXPlugin: getRolesOfComponent 133
06-26 00:40:47.524  4249  4249 I OmxStore: omx common prefix: 'OMX.'
06-26 00:40:47.524  4249  4249 D MediaCodecsXmlParser: parsing /vendor/etc/media_codecs_ext.xml...
06-26 00:40:47.525  4249  4249 D MediaCodecsXmlParser: parsing /vendor/etc/media_codecs.xml...
06-26 00:40:47.526  4114  4305 D AudioHAL:AudioHotplugThread: AudioHotplugThread get_alsa_card_name returned 13, AMLAUGESOUND
06-26 00:40:47.526  4114  4305 D AudioHAL:AudioHotplugThread: AudioHotplugThread::getDeviceInfo opening /dev/snd/pcmC0D0c
06-26 00:40:47.527  4114  4114 I vaudio_apps: 06-26 00:40:47.527 Nano_SetStandby(940): (1)
06-26 00:40:47.529  4249  4249 D MediaCodecsXmlParser: parsing /vendor/etc/media_codecs_ext.xml...
06-26 00:40:47.544  4178  4178 W vendor.skyworth: type=1400 audit(0.0:36): avc: denied { search } for name="codec_mm" dev="sysfs" ino=7395 scontext=u:r:stbmedia:s0 tcontext=u:object_r:sysfs_mm:s0 tclass=dir permissive=0
06-26 00:40:47.529  4114  4305 D AudioHAL:AudioHotplugThread: AudioHotplugThread get_alsa_card_name returned 13, AMLAUGESOUND
06-26 00:40:47.531  4249  4249 D MediaCodecsXmlParser: MediaCodec: cannot add existing codec: OMX.amlogic.mjpeg.decoder.awesome2 at line 115 of /vendor/etc/media_codecs_ext.xml
06-26 00:40:47.531  4249  4249 D MediaCodecsXmlParser: MediaCodec: cannot add existing codec: OMX.amlogic.avs.decoder.awesome at line 124 of /vendor/etc/media_codecs_ext.xml
06-26 00:40:47.531  4249  4249 D MediaCodecsXmlParser: MediaCodec: cannot add existing codec: OMX.amlogic.vp6a.decoder.sw at line 141 of /vendor/etc/media_codecs_ext.xml
06-26 00:40:47.531  4249  4249 D MediaCodecsXmlParser: MediaCodec: cannot add existing codec: OMX.amlogic.vp6f.decoder.sw at line 142 of /vendor/etc/media_codecs_ext.xml
06-26 00:40:47.531  4249  4249 D MediaCodecsXmlParser: MediaCodec: cannot add existing codec: OMX.amlogic.audio.decoder.ffmpeg at line 160 of /vendor/etc/media_codecs_ext.xml
06-26 00:40:47.531  4249  4249 D MediaCodecsXmlParser: MediaCodec: cannot add existing codec: OMX.amlogic.audio.decoder.dts at line 163 of /vendor/etc/media_codecs_ext.xml
06-26 00:40:47.531  4249  4249 D MediaCodecsXmlParser: MediaCodec: cannot add existing codec: OMX.amlogic.audio.decoder.dtshd at line 168 of /vendor/etc/media_codecs_ext.xml
06-26 00:40:47.531  4249  4249 D MediaCodecsXmlParser: MediaCodec: cannot add existing codec: OMX.amlogic.audio.decoder.dtse at line 173 of /vendor/etc/media_codecs_ext.xml
06-26 00:40:47.532  4249  4249 I MediaCodecsXmlParser: Did not find media_codecs_ext.xml.xml in search path
06-26 00:40:47.532  4249  4249 D MediaCodecsXmlParser: parsing /vendor/etc/media_codecs_ext.xml...
06-26 00:40:47.532  4249  4249 D MediaCodecsXmlParser: MediaCodec: cannot add existing codec: OMX.amlogic.mjpeg.decoder.awesome2 at line 115 of /vendor/etc/media_codecs_ext.xml
06-26 00:40:47.532  4249  4249 D MediaCodecsXmlParser: MediaCodec: cannot add existing codec: OMX.amlogic.avs.decoder.awesome at line 124 of /vendor/etc/media_codecs_ext.xml
06-26 00:40:47.532  4249  4249 D MediaCodecsXmlParser: MediaCodec: cannot add existing codec: OMX.amlogic.vp6a.decoder.sw at line 141 of /vendor/etc/media_codecs_ext.xml
06-26 00:40:47.532  4249  4249 D MediaCodecsXmlParser: MediaCodec: cannot add existing codec: OMX.amlogic.vp6f.decoder.sw at line 142 of /vendor/etc/media_codecs_ext.xml
06-26 00:40:47.532  4249  4249 D MediaCodecsXmlParser: MediaCodec: cannot add existing codec: OMX.amlogic.audio.decoder.ffmpeg at line 160 of /vendor/etc/media_codecs_ext.xml
06-26 00:40:47.532  4249  4249 D MediaCodecsXmlParser: MediaCodec: cannot add existing codec: OMX.amlogic.audio.decoder.dts at line 163 of /vendor/etc/media_codecs_ext.xml
06-26 00:40:47.532  4249  4249 D MediaCodecsXmlParser: MediaCodec: cannot add existing codec: OMX.amlogic.audio.decoder.dtshd at line 168 of /vendor/etc/media_codecs_ext.xml
06-26 00:40:47.532  4249  4249 D MediaCodecsXmlParser: MediaCodec: cannot add existing codec: OMX.amlogic.audio.decoder.dtse at line 173 of /vendor/etc/media_codecs_ext.xml
06-26 00:40:47.532  4249  4249 D MediaCodecsXmlParser: parsing /vendor/etc/media_codecs_performance.xml...
06-26 00:40:47.533  4249  4249 D MediaCodecsXmlParser: MediaCodec: cannot update non-existing codec: c2.android.h263.encoder at line 41 of /vendor/etc/media_codecs_performance.xml
06-26 00:40:47.533  4249  4249 D MediaCodecsXmlParser: MediaCodec: cannot update non-existing codec: c2.android.mpeg4.encoder at line 44 of /vendor/etc/media_codecs_performance.xml
06-26 00:40:47.533  4249  4249 D MediaCodecsXmlParser: MediaCodec: cannot update non-existing codec: c2.android.avc.encoder at line 47 of /vendor/etc/media_codecs_performance.xml
06-26 00:40:47.533  4249  4249 D MediaCodecsXmlParser: MediaCodec: cannot update non-existing codec: c2.android.vp8.encoder at line 53 of /vendor/etc/media_codecs_performance.xml
06-26 00:40:47.534  4249  4249 D MediaCodecsXmlParser: MediaCodec: cannot update non-existing codec: OMX.google.h264.decoder at line 159 of /vendor/etc/media_codecs_performance.xml
06-26 00:40:47.534  4249  4249 D MediaCodecsXmlParser: MediaCodec: cannot update non-existing codec: c2.android.h263.decoder at line 186 of /vendor/etc/media_codecs_performance.xml
06-26 00:40:47.534  4249  4249 D MediaCodecsXmlParser: MediaCodec: cannot update non-existing codec: c2.android.mpeg4.decoder at line 190 of /vendor/etc/media_codecs_performance.xml
06-26 00:40:47.534  4249  4249 D MediaCodecsXmlParser: MediaCodec: cannot update non-existing codec: c2.android.vp8.decoder at line 193 of /vendor/etc/media_codecs_performance.xml
06-26 00:40:47.534  4249  4249 D MediaCodecsXmlParser: MediaCodec: cannot update non-existing codec: c2.android.vp9.decoder at line 198 of /vendor/etc/media_codecs_performance.xml
06-26 00:40:47.534  4249  4249 D MediaCodecsXmlParser: MediaCodec: cannot update non-existing codec: c2.android.hevc.decoder at line 204 of /vendor/etc/media_codecs_performance.xml
06-26 00:40:47.534  4249  4249 D MediaCodecsXmlParser: MediaCodec: cannot update non-existing codec: c2.android.avc.decoder at line 211 of /vendor/etc/media_codecs_performance.xml
06-26 00:40:47.534  4249  4249 D MediaCodecsXmlParser: MediaCodec: cannot update non-existing codec: OMX.amlogic.vp8.decoder.sw at line 217 of /vendor/etc/media_codecs_performance.xml
06-26 00:40:47.534  4249  4249 D MediaCodecsXmlParser: parsing /vendor/etc/media_codecs_ext.xml...
06-26 00:40:47.536  4178  4178 I MsDisplayAdapterWraper: mesonDisplayAdater_ops enter
06-26 00:40:47.538  4114  4321 I vaudio_apps: 06-26 00:40:47.538 open_luther_gliethttp_socket(73): bind socket 0xa1e01012 0x1 
06-26 00:40:47.550     0     0 I [   11.441993@3]- resman: 2 appname:secmem, type=3
06-26 00:40:47.539  4249  4249 D MediaCodecsXmlParser: MediaCodec: cannot add existing codec: OMX.amlogic.mjpeg.decoder.awesome2 at line 115 of /vendor/etc/media_codecs_ext.xml
06-26 00:40:47.539  4249  4249 D MediaCodecsXmlParser: MediaCodec: cannot add existing codec: OMX.amlogic.avs.decoder.awesome at line 124 of /vendor/etc/media_codecs_ext.xml
06-26 00:40:47.539  4249  4249 D MediaCodecsXmlParser: MediaCodec: cannot add existing codec: OMX.amlogic.vp6a.decoder.sw at line 141 of /vendor/etc/media_codecs_ext.xml
06-26 00:40:47.539  4249  4249 D MediaCodecsXmlParser: MediaCodec: cannot add existing codec: OMX.amlogic.vp6f.decoder.sw at line 142 of /vendor/etc/media_codecs_ext.xml
06-26 00:40:47.539  4249  4249 D MediaCodecsXmlParser: MediaCodec: cannot add existing codec: OMX.amlogic.audio.decoder.ffmpeg at line 160 of /vendor/etc/media_codecs_ext.xml
06-26 00:40:47.540  4249  4249 D MediaCodecsXmlParser: MediaCodec: cannot add existing codec: OMX.amlogic.audio.decoder.dts at line 163 of /vendor/etc/media_codecs_ext.xml
06-26 00:40:47.540  4249  4249 D MediaCodecsXmlParser: MediaCodec: cannot add existing codec: OMX.amlogic.audio.decoder.dtshd at line 168 of /vendor/etc/media_codecs_ext.xml
06-26 00:40:47.540  4249  4249 D MediaCodecsXmlParser: MediaCodec: cannot add existing codec: OMX.amlogic.audio.decoder.dtse at line 173 of /vendor/etc/media_codecs_ext.xml
06-26 00:40:47.540  4249  4249 I MediaCodecsXmlParser: Did not find media_codecs_shaping.xml in search path
06-26 00:40:47.540  4249  4249 I MediaCodecsXmlParser: AmAVUtils::getComponentRole break
06-26 00:40:47.540  4249  4249 I MediaCodecsXmlParser: AmAVUtils::getComponentRole break
06-26 00:40:47.541  4178  4178 I VideoTunnelDisplay: videoTunnelLibInit ok
06-26 00:40:47.541  4178  4178 V VideoTunnelDisplay: ctor videotunnel_ops
06-26 00:40:47.540  4249  4249 I MediaCodecsXmlParser: AmAVUtils::getComponentRole break
06-26 00:40:47.541  4249  4249 I MediaCodecsXmlParser: AmAVUtils::getComponentRole break
06-26 00:40:47.541  4249  4249 I MediaCodecsXmlParser: AmAVUtils::getComponentRole break
06-26 00:40:47.542  4249  4249 I MediaCodecsXmlParser: AmAVUtils::getComponentRole break
06-26 00:40:47.542  4249  4249 I MediaCodecsXmlParser: AmAVUtils::getComponentRole break
06-26 00:40:47.542  4249  4249 I MediaCodecsXmlParser: AmAVUtils::getComponentRole break
06-26 00:40:47.543  4249  4249 E MediaCodecsXmlParser: AmAVUtils::have no Component role isEncoder :0 mime:audio/adpcm-ima
06-26 00:40:47.543  4249  4249 E MediaCodecsXmlParser: Cannot find the role for a decoder of type audio/adpcm-ima
06-26 00:40:47.543  4249  4249 E MediaCodecsXmlParser: AmAVUtils::have no Component role isEncoder :0 mime:audio/adpcm-ms
06-26 00:40:47.543  4249  4249 E MediaCodecsXmlParser: Cannot find the role for a decoder of type audio/adpcm-ms
06-26 00:40:47.543  4249  4249 E MediaCodecsXmlParser: AmAVUtils::have no Component role isEncoder :0 mime:audio/alac
06-26 00:40:47.543  4249  4249 E MediaCodecsXmlParser: Cannot find the role for a decoder of type audio/alac
06-26 00:40:47.543  4249  4249 E MediaCodecsXmlParser: AmAVUtils::have no Component role isEncoder :0 mime:audio/ape
06-26 00:40:47.543  4249  4249 E MediaCodecsXmlParser: Cannot find the role for a decoder of type audio/ape
06-26 00:40:47.546  4178  4178 E secmem_tz: [Secure_Load:1588] 
06-26 00:40:47.546  4178  4178 E secmem_tz: MM-module-name:Secmem libsecmem,Version:2.2.28-gdcb041d(build:1879)
06-26 00:40:47.547  4178  4178 E secmem_tz: [Secure_Check_Resm_tvp_support:609] secmem support resmanager tvp
06-26 00:40:47.549  4249  4249 I HidlServiceManagement: Registered android.hardware.media.omx@1.0::IOmxStore/default
06-26 00:40:47.549  4249  4249 I HidlServiceManagement: Removing namespace from process name android.hardware.media.omx@1.0-service to omx@1.0-service.
06-26 00:40:47.555  4236  4236 I MediaExtractorFactory: plugin directory not present (/system_ext/lib/extractors)
06-26 00:40:47.572  4114  4114 I vaudio_apps: 06-26 00:40:47.572 Nano_SysOpen(2281): Nano_SysOpen init succeed
06-26 00:40:47.572  4114  4114 I vaudio_apps: 06-26 00:40:47.572 Nano_SysOpen(2282): Version Build In Time Jul  1 2020-18:42:43
06-26 00:40:47.572  4114  4114 I audio_hw_primary: adev_open() adev->dolby_lib_type = 1
06-26 00:40:47.572  4114  4114 I audio_hw_primary: adev_open(), OTT platform
06-26 00:40:47.572  4114  4114 I audio_hw_primary: adev_open(), with macro SUBMIXER_V1_1, set useSubMix = TRUE
06-26 00:40:47.572  4114  4114 I audio-subMixingFactory: initHalSubMixing(), type 1, isTV 0
06-26 00:40:47.572  4114  4114 I audio-subMixingFactory: newSubMixingFactory(), type 1
06-26 00:40:47.572  4114  4114 D AudioALSADeviceParser: Pcm open success
06-26 00:40:47.572  4114  4114 D AudioALSADeviceParser: AddPcmString p_info:0xebc472c0, InputBuffer = 00-00: TDM-A-dummy-alsaPORT-pcm multicodec-0 :  : playback 1 : capture 1
06-26 00:40:47.572  4114  4114 D AudioALSADeviceParser: alsa_device_parser_pcm_string mCardindex:0, mPcmindex:0, PortName:alsaPORT-pcm
06-26 00:40:47.572  4178  4178 I secmem_tz: secmem initialized success 0xe596b894
06-26 00:40:47.573  4114  4114 D AudioALSADeviceParser: AddPcmString p_info:0xebc472c0, InputBuffer = 00-01: TDM-B-dummy-alsaPORT-i2s multicodec-1 :  : playback 1 : capture 1
06-26 00:40:47.573  4114  4114 D AudioALSADeviceParser: alsa_device_parser_pcm_string mCardindex:0, mPcmindex:1, PortName:alsaPORT-i2s
06-26 00:40:47.573  4114  4114 D AudioALSADeviceParser: AddPcmString p_info:0xebc472c0, InputBuffer = 00-02: TDM-C-dummy-alsaPORT-i2s2hdmi multicodec-2 :  : playback 1 : capture 1
06-26 00:40:47.573  4114  4114 D AudioALSADeviceParser: alsa_device_parser_pcm_string mCardindex:0, mPcmindex:2, PortName:alsaPORT-i2s2hdmi
06-26 00:40:47.573  4114  4114 D AudioALSADeviceParser: AddPcmString p_info:0xebc472c0, InputBuffer = 00-03: PDM-dummy-alsaPORT-pdm-builtinmic dummy-3 :  : capture 1
06-26 00:40:47.573  4114  4114 D AudioALSADeviceParser: alsa_device_parser_pcm_string mCardindex:0, mPcmindex:3, PortName:alsaPORT-pdm-builtinmic
06-26 00:40:47.573  4114  4114 D AudioALSADeviceParser: AddPcmString p_info:0xebc472c0, InputBuffer = 00-04: SPDIF-dummy-alsaPORT-spdif dummy-4 :  : playback 1 : capture 1
06-26 00:40:47.573  4114  4114 D AudioALSADeviceParser: alsa_device_parser_pcm_string mCardindex:0, mPcmindex:4, PortName:alsaPORT-spdif
06-26 00:40:47.573  4114  4114 D AudioALSADeviceParser: AddPcmString p_info:0xebc472c0, InputBuffer = 00-05: SPDIF-B-dummy-alsaPORT-spdifb dummy-5 :  : playback 1
06-26 00:40:47.573  4114  4114 D AudioALSADeviceParser: alsa_device_parser_pcm_string mCardindex:0, mPcmindex:5, PortName:alsaPORT-spdifb
06-26 00:40:47.573  4114  4114 D AudioALSADeviceParser: AddPcmString p_info:0xebc472c0, InputBuffer = 00-06: LOOPBACK-A-dummy-alsaPORT-loopback dummy-6 :  : capture 1
06-26 00:40:47.573  4114  4114 D AudioALSADeviceParser: alsa_device_parser_pcm_string mCardindex:0, mPcmindex:6, PortName:alsaPORT-loopback
06-26 00:40:47.573  4114  4114 D AudioALSADeviceParser: AddPcmString p_info:0xebc472c0, InputBuffer = 
06-26 00:40:47.573  4114  4114 D AudioALSADeviceParser: reach EOF
06-26 00:40:47.573  4114  4114 D AudioALSADeviceParser: auge sound card, pAdd=0xe96800b0 fix alsaPORT:0 to :1
06-26 00:40:47.573  4114  4114 I audio-subMixingFactory: initSubMixngOutput(), open ALSA hw:0,1
06-26 00:40:47.582     0     0 I         : [   11.476054@0]- aml_tdm_open
06-26 00:40:47.582     0     0 I         : [   11.476062@0]- Not init audio effects
06-26 00:40:47.583  4178  4178 D PORTTING: D[stbmedia,47]:
06-26 00:40:47.583  4178  4178 D PORTTING: 
06-26 00:40:47.583  4178  4178 D PORTTING: 
06-26 00:40:47.583  4178  4178 D PORTTING: 
06-26 00:40:47.583  4178  4178 D PORTTING:  service start XXXXXXXX ==>
06-26 00:40:47.583  4178  4178 I PORTTING: D[Common.cpp,portting_init,214]:==>
06-26 00:40:47.584  4178  4178 D SKHDI   : [sk_hdi_bsp_init,206]: HDI_BSP==>
06-26 00:40:47.584  4178  4178 D SKAPI   : [sk_task_create,296]: create the task: TickCB priority: 64 sk_pid: 1
06-26 00:40:47.584  4178  4178 I Aml_MP  : AMP [Aml_MP_Initialize:36] 
06-26 00:40:47.584  4178  4178 D SKHDI   : [sk_hdi_bsp_init,216]: AML_MP Version:0x20000-AML_MP v2.0
06-26 00:40:47.584  4178  4178 D SKAPI   : [sk_task_create,296]: create the task: sk_bsp_task priority: 64 sk_pid: 2
06-26 00:40:47.584  4178  4178 D SKHDI   : [sk_hdi_bsp_init,227]: HDI_BSP<==
06-26 00:40:47.585  4178  4178 I SKHDI   : HDI_DMD:[sk_hdi_dmd_init 93] ==> 
06-26 00:40:47.585  4178  4178 I SKHDI   : [sk_hdi_dmd_init,144]: Init FRONTEND_MXL248
06-26 00:40:47.585  4178  4178 I SKHDI   : [sk_hdi_dmd_drv_cab_mxl248_init,324]: sk_hdi_dmd_drv_cab_mxl248_init
06-26 00:40:47.586  4178  4178 I SKHDI   : Host Debug logs Disabled 
06-26 00:40:47.586  4178  4178 I SKHDI   : 
06-26 00:40:47.587  4178  4178 I SKHDI   : [MxL_EAGLE_Oem_Init,226]: MXL248 reset_gpio [498], I2C channel:2, i2c add:0xc6
