06-26 20:28:54.531     0     0 I         : [    2.374501@2]  8a00c2ad4200001e023a801871382d40582c4500c2ad4200001e000000fc0053
06-26 20:28:54.531     0     0 I         : [    2.374501@2]  4f4e5920545620202a33300a000000fd0017790e883c000a2020202020200164
06-26 20:28:54.531     0     0 I         : [    2.374501@2]
06-26 20:28:54.531     0     0 I         : [    2.374501@2]
06-26 20:28:54.531     0     0 I [    2.378930@2]  hdmitx: edid:
06-26 20:28:54.531     0     0 I         : [    2.378930@2]  020367f05861605d5e5f621f101405130420223c3e1203110265663f402f0d7f
06-26 20:28:54.531     0     0 I         : [    2.378930@2]  071507503d07bc570601670403830f00006e030c003000b8442b008001020304
06-26 20:28:54.531     0     0 I         : [    2.378930@2]  67d85dc401788003eb0146d00048336288627697e200cbe305df01e40f030030
06-26 20:28:54.531     0     0 I         : [    2.378930@2]  e6060d01828220011d007251d01e206e285500c2ad4200001e00000000000004
06-26 20:28:54.531     0     0 I         : [    2.378930@2]
06-26 20:28:54.531     0     0 I         : [    2.378930@2]
06-26 20:28:54.531     0     0 I [    2.383326@2]  hdmitx: system: update physical size: 1220 680
06-26 20:28:54.531     0     0 I         : [    2.387150@2]  [drm] drm hdmitx hpd notify
06-26 20:28:54.531     0     0 I         : [    2.387174@2]  [drm] meson_hdmitx_hpd_cb[1429]
06-26 20:28:54.531     0     0 W [    2.411442@2]  printk: init: 162 output lines suppressed due to ratelimiting
06-26 20:28:54.531     0     0 I [    2.583587@1]  init: Opening SELinux policy
06-26 20:28:54.531     0     0 I [    2.596770@2]  init: Loading SELinux policy
06-26 20:28:54.531     0     0 I [    2.624082@2]  SELinux: Permission nlmsg_getneigh in class netlink_route_socket not defined in policy.
06-26 20:28:54.531     0     0 I [    2.624909@2]  SELinux: the above unknown classes and permissions will be denied
06-26 20:28:54.531     0     0 I [    2.625552@2]  SELinux: policy capability network_peer_controls=1
06-26 20:28:54.531     0     0 I [    2.626259@2]  SELinux: policy capability open_perms=1
06-26 20:28:54.531     0     0 I [    2.626944@2]  SELinux: policy capability extended_socket_class=1
06-26 20:28:54.531     0     0 I [    2.627678@2]  SELinux: policy capability always_check_network=0
06-26 20:28:54.531     0     0 I [    2.628436@2]  SELinux: policy capability cgroup_seclabel=0
06-26 20:28:54.531     0     0 I [    2.629141@2]  SELinux: policy capability nnp_nosuid_transition=1
06-26 20:28:54.531     0     0 I         : [    2.750507@0]  av out status: high
06-26 20:28:54.531     0     0 I [    2.871106@3]  selinux: SELinux: Loaded file_contexts
06-26 20:28:54.531     0     0 I [    2.871150@3]  selinux:  
06-26 20:28:54.531     0     0 I [    2.954940@1]  init: init second stage started!
06-26 20:28:54.531     0     0 I [    3.011194@2]  init: Using Android DT directory /proc/device-tree/firmware/android/
06-26 20:28:54.532     0     0 E [    3.012987@2]  init: Init cannot set 'ro.boot.wificountrycode' to 'MX': Read-only property was already set
06-26 20:28:54.532     0     0 E [    3.014008@2]  init: Init cannot set 'ro.boot.verifiedbootstate' to 'orange': Read-only property was already set
06-26 20:28:54.532     0     0 W [    3.018698@2]  init: Overriding previous property 'persist.sys.usb.config':'none' with new value 'adb'
06-26 20:28:54.532     0     0 W [    3.019987@2]  init: Overriding previous property 'persist.sys.usb.config':'adb' with new value 'none'
06-26 20:28:54.532     0     0 W [    3.020528@2]  init: Couldn't load property file '/vendor/default.prop': open() failed: No such file or directory: No such file or directory
06-26 20:28:54.532     0     0 E [    3.025053@2]  init: Do not have permissions to set 'bluetooth.device.class_of_device' to '44,4,32' in property file '/vendor/build.prop': SELinux permission check failed
06-26 20:28:54.532     0     0 W [    3.026558@2]  init: Overriding previous property 'persist.sys.usb.config':'none' with new value 'mtp'
06-26 20:28:54.532     0     0 E [    3.027543@2]  init: Do not have permissions to set 'ro.com.google.gmsversion' to 'S_amlogic' in property file '/vendor/build.prop': SELinux permission check failed
06-26 20:28:54.532     0     0 I [    3.479266@1]  ueventd: ueventd started!
06-26 20:28:54.532     0     0 I [    3.485067@1]  selinux: SELinux: Loaded file_contexts
06-26 20:28:54.532     0     0 I [    3.485111@1]  selinux:  
06-26 20:28:54.532     0     0 I [    3.485720@1]  ueventd: Parsing file /system/etc/ueventd.rc...
06-26 20:28:54.532     0     0 I [    3.486645@1]  ueventd: Added '/vendor/etc/ueventd.rc' to import list
06-26 20:28:54.532     0     0 I [    3.486874@1]  ueventd: Added '/odm/etc/ueventd.rc' to import list
06-26 20:28:54.532     0     0 I [    3.488051@1]  ueventd: Parsing file /vendor/etc/ueventd.rc...
06-26 20:28:54.532     0     0 I [    3.488396@1]  ueventd: Unable to read config file '/vendor/etc/ueventd.rc': open() failed: No such file or directory
06-26 20:28:54.532     0     0 I [    3.489710@1]  ueventd: Parsing file /odm/etc/ueventd.rc...
06-26 20:28:54.532     0     0 I [    3.490394@1]  ueventd: Unable to read config file '/odm/etc/ueventd.rc': open() failed: No such file or directory
06-26 20:28:54.532     0     0 W [    3.677804@2]  hdr10_tmo_alg: module license 'unspecified' taints kernel.
06-26 20:28:54.532     0     0 W         : [    3.677963@2]  Disabling lock debugging due to kernel taint
06-26 20:28:54.532     0     0 I [    3.679243@2]  hdr10_tmo_alg: hdr10_tmo_alg_driver_init insmod ok. v1.0_2020-12-24
06-26 20:28:54.532     0     0 E         : [    3.702893@2]  [TEE] tee log buffer init failed
06-26 20:28:54.532     0     0 I         : [    3.703109@2]  checking watermark status return 0xFFFFFFFF
06-26 20:28:54.532     0     0 I [    3.703468@2]  optee_armtz: initialized driver
06-26 20:28:54.533     0     0 I         : [    4.614541@0]  lcd vlock_en=0, vlock_mode=0x8 i=101
06-26 20:28:54.533     0     0 I         : [    5.140594@2]  Registered swp emulation handler
06-26 20:28:54.533     0     0 I [    5.184977@2]  unifykey: already inited!
06-26 20:28:54.533     0     0 I [    5.208127@2]  logd.auditd: start
06-26 20:28:54.579     0     0 I         : [    5.276926@1]  vdec init cpu id: 0x37(0)
06-26 20:28:54.579     0     0 I         : [    5.276942@1]  register clk_set_setting cpu[55]
06-26 20:28:54.582     0     0 I         : [    5.280982@1]  Registered firmware driver success.
06-26 20:28:54.582     0     0 I         : [    5.282431@1]  Try to load video/h264_enc.bin  ...
06-26 20:28:54.586     0     0 W         : [    5.285507@1]  firmware_codec firmware_vdec: Direct firmware load for video/h264_enc.bin failed with error -2
06-26 20:28:54.586     0     0 I [    5.286163@1]  Error: -2 can't load the video/h264_enc.bin.
06-26 20:28:54.586     0     0 I         : [    5.286845@1]  get data from fsys fail.
06-26 20:28:54.589     0     0 I         : [    5.287242@1]  invaild file type.
06-26 20:28:54.589     0     0 I         : [    5.288080@1]  Try to load video/video_ucode.bin  ...
06-26 20:28:54.593     0     0 I         : [    5.292786@3]  load firmware size : 372544, Name : video/video_ucode.bin.
06-26 20:28:54.597     0     0 I         : [    5.296417@3]  Registered frame rate driver success.
06-26 20:28:54.618     0     0 D         : [    5.316618@0]  power domain: name: pwrc-vdec, dev: ffffff9df8164400, link: ffffff9df87f7000
06-26 20:28:54.618     0     0 E         : [    5.316641@0]  vdec vdec: Get pwrc-hcodec failed, pm-domain: 0
06-26 20:28:54.618     0     0 E         : [    5.316677@0]  vdec vdec: Get pwrc-vdec-2 failed, pm-domain: 0
06-26 20:28:54.618     0     0 D         : [    5.317676@0]  power domain: name: pwrc-hevc, dev: ffffff9df8164000, link: ffffff9df87f7800
06-26 20:28:54.618     0     0 E         : [    5.317694@0]  vdec vdec: Get pwrc-hevc-b failed, pm-domain: 0
06-26 20:28:54.618     0     0 E         : [    5.318199@0]  vdec vdec: Get pwrc-wave failed, pm-domain: 0
06-26 20:28:54.621     0     0 E         : [    5.319051@0]  vdec power init success!
06-26 20:28:54.633     0     0 E         : [    5.333650@2]  Amlogic A/V streaming port init
06-26 20:28:54.638     0     0 I         : [    5.336365@2]  no need to register_tync_func.
06-26 20:28:54.638     0     0 I         : [    5.336394@2]  no need to register_tync_func.
06-26 20:28:54.638     0     0 I         : [    5.336762@2]  no need to register_tync_func.
06-26 20:28:54.638     0     0 I         : [    5.337304@2]  no need to register_tync_func.
06-26 20:28:54.638     0     0 I         : [    5.337846@2]  no need to register_tync_func.
06-26 20:28:54.638     0     0 I         : [    5.338387@2]  no need to register_tync_func.
06-26 20:28:54.638     0     0 I         : [    5.339010@2]  no need to register_tync_func.
06-26 20:28:54.641     0     0 I         : [    5.339473@2]  no need to register_tync_func.
06-26 20:28:54.641     0     0 I         : [    5.340012@2]  no need to register_tync_func.
06-26 20:28:54.641     0     0 I         : [    5.340590@2]  get gate demux control failed 0000000000000000
06-26 20:28:54.641     0     0 I         : [    5.341273@2]  get gate parser_top control failed 0000000000000000
06-26 20:28:54.641     0     0 I         : [    5.342072@2]  get gate vdec control ok ffffff9df871a700
06-26 20:28:54.641     0     0 I         : [    5.342747@2]  get gate clk_81 control failed 0000000000000000
06-26 20:28:54.645     0     0 I         : [    5.343440@2]  get gate clk_vdec_mux control ok ffffff9df871a800
06-26 20:28:54.645     0     0 I         : [    5.344190@2]  get gate clk_hcodec_mux control failed 0000000000000000
06-26 20:28:54.645     0     0 I         : [    5.344996@2]  get gate clk_hevc_mux control failed 0000000000000000
06-26 20:28:54.645     0     0 I         : [    5.345787@2]  get gate clk_hevcb_mux control failed 0000000000000000
06-26 20:28:54.645     0     0 I         : [    5.346617@2]  get gate ahbarb0 control failed 0000000000000000
--------- beginning of system
06-26 20:28:54.646   229   229 I vold    : Vold 3.0 (the awakening) firing up
06-26 20:28:54.647   229   229 D vold    : Detected support for: ext4 f2fs vfat exfat
06-26 20:28:54.649     0     0 I         : [    5.347335@2]  get gate asyncfifo control failed 0000000000000000
06-26 20:28:54.649     0     0 I         : [    5.348088@2]  get gate clk_hevcf_mux control ok ffffff9df871aa00
06-26 20:28:54.649     0     0 I         : [    5.348833@2]  get mux clk err.
06-26 20:28:54.649     0     0 I         : [    5.349220@2]  get mux clk err.
06-26 20:28:54.650     0     0 I         : [    5.349610@2]  get mux clk err.
06-26 20:28:54.650     0     0 I         : [    5.350000@2]  get mux clk err.
06-26 20:28:54.650     0     0 I         : [    5.350390@2]  get mux clk err.
06-26 20:28:54.650     0     0 I         : [    5.350811@2]  get mux clk err.
06-26 20:28:54.653     0     0 I         : [    5.351171@2]  get mux clk err.
06-26 20:28:54.653     0     0 I         : [    5.351560@2]  get mux clk err.
06-26 20:28:54.655   229   229 D vold    : Found unmanaged dm device named system_ext_a
06-26 20:28:54.655   229   229 D vold    : Found unmanaged dm device named odm_a
06-26 20:28:54.655   229   229 D vold    : Found unmanaged dm device named system_a
06-26 20:28:54.655   229   229 D vold    : Found unmanaged dm device named vendor_dlkm_a
06-26 20:28:54.655   229   229 D vold    : Found unmanaged dm device named vendor_a
06-26 20:28:54.655   229   229 D vold    : Found unmanaged dm device named odm_dlkm_a
06-26 20:28:54.655   229   229 D vold    : Found unmanaged dm device named product_a
06-26 20:28:54.661     0     0 I [    5.358447@2]  register_afd_function: gfunc 0000000000000000, func: 000000003318db8a, ver:AFD module: v2022.08.09a
06-26 20:28:54.660   229   229 D vold    : VoldNativeService::start() completed OK
06-26 20:28:54.697     0     0 I [    5.396096@0]  tune2fs: tune2fs 1.45.4 (23-Sep-2019)
06-26 20:28:54.700     0     0 I [    5.400537@0]  tune2fs: Cannot enable project quota; inode size too small.
06-26 20:28:54.701     0     0 I [    5.401619@0]  tune2fs: tune2fs terminated by exit(1)
06-26 20:28:54.701     0     0 I         : [    5.401619@0]
06-26 20:28:54.705     0     0 W         : [    5.403733@2]  EXT4-fs (mmcblk0p16): Ignoring removed nomblk_io_submit option
06-26 20:28:54.709     0     0 I         : [    5.407903@2]  EXT4-fs (mmcblk0p16): mounted filesystem without journal. Opts: errors=remount-ro,nomblk_io_submit
06-26 20:28:54.709     0     0 W         : [    5.409142@2]  ext4 filesystem being mounted at /mnt/vendor/param supports timestamps until 2038 (0x7fffffff)
06-26 20:28:54.733     0     0 I [    5.434064@2]  e2fsck: e2fsck 1.45.4 (23-Sep-2019)
06-26 20:28:54.741     0     0 I [    5.439969@2]  e2fsck: Pass 1: Checking inodes, blocks, and sizes
06-26 20:28:54.741     0     0 I [    5.441308@2]  e2fsck: Pass 2: Checking directory structure
06-26 20:28:54.741     0     0 I [    5.442719@2]  e2fsck: Pass 3: Checking directory connectivity
06-26 20:28:54.741     0     0 I [    5.442770@2]  e2fsck: Pass 4: Checking reference counts
06-26 20:28:54.745     0     0 I [    5.443449@2]  e2fsck: Pass 5: Checking group summary information
06-26 20:28:54.745     0     0 I [    5.445913@2]  e2fsck: /dev/block/by-name/param: 16/1024 files (12.5% non-contiguous), 294/1024 blocks
06-26 20:28:54.749     0     0 W         : [    5.449915@2]  EXT4-fs (mmcblk0p16): Ignoring removed nomblk_io_submit option
06-26 20:28:54.753     0     0 I         : [    5.451420@2]  EXT4-fs (mmcblk0p16): mounted filesystem without journal. Opts: nodelalloc,nomblk_io_submit,errors=panic
06-26 20:28:54.753     0     0 W         : [    5.452660@2]  ext4 filesystem being mounted at /mnt/vendor/param supports timestamps until 2038 (0x7fffffff)
06-26 20:28:54.757     0     0 W         : [    5.456295@2]  EXT4-fs (mmcblk0p10): Ignoring removed nomblk_io_submit option
06-26 20:28:54.757     0     0 I         : [    5.458446@2]  EXT4-fs (mmcblk0p10): mounted filesystem with ordered data mode. Opts: errors=remount-ro,nomblk_io_submit
06-26 20:28:54.760     0     0 W         : [    5.459765@2]  ext4 filesystem being mounted at /mnt/vendor/tee supports timestamps until 2038 (0x7fffffff)
06-26 20:28:54.794     0     0 W         : [    5.491197@2]  EXT4-fs (mmcblk0p10): Ignoring removed nomblk_io_submit option
06-26 20:28:54.794     0     0 I         : [    5.493100@2]  EXT4-fs (mmcblk0p10): mounted filesystem with ordered data mode. Opts: nodelalloc,nomblk_io_submit,errors=panic
06-26 20:28:54.794     0     0 W         : [    5.494428@2]  ext4 filesystem being mounted at /mnt/vendor/tee supports timestamps until 2038 (0x7fffffff)
06-26 20:28:54.809     0     0 W         : [    5.507204@2]  FAT-fs (mmcblk0p4): Volume was not properly unmounted. Some data may be corrupt. Please run fsck.
06-26 20:28:54.837     0     0 W         : [    5.537713@2]  EXT4-fs (mmcblk0p5): Ignoring removed nomblk_io_submit option
06-26 20:28:54.841     0     0 I         : [    5.541023@3]  EXT4-fs (mmcblk0p5): mounted filesystem with ordered data mode. Opts: errors=remount-ro,nomblk_io_submit
06-26 20:28:54.842     0     0 W         : [    5.542318@3]  ext4 filesystem being mounted at /mnt/skyinfo supports timestamps until 2038 (0x7fffffff)
06-26 20:28:54.881     0     0 W         : [    5.581259@3]  EXT4-fs (mmcblk0p5): Ignoring removed nomblk_io_submit option
06-26 20:28:54.885     0     0 I         : [    5.583215@2]  EXT4-fs (mmcblk0p5): mounted filesystem with ordered data mode. Opts: nodelalloc,nomblk_io_submit,errors=panic
06-26 20:28:54.885     0     0 W         : [    5.584502@2]  ext4 filesystem being mounted at /mnt/skyinfo supports timestamps until 2038 (0x7fffffff)
06-26 20:28:55.301     0     0 I [    5.998978@1]  wait_for_keymaster: Waiting for Keymaster device
06-26 20:28:55.405     0     0 W [    6.103588@0]  ServiceManager: Waited one second for android.system.keystore2.IKeystoreService/default (is service started? are binder threads started and available?)
06-26 20:28:55.509     0     0 W [    6.205571@0]  ServiceManager: Waited one second for android.system.keystore2.IKeystoreService/default (is service started? are binder threads started and available?)
06-26 20:28:55.509     0     0 I [    6.208046@3]  wait_for_keymaster: Keymaster device ready
06-26 20:28:55.509     0     0 I [    6.209834@3]  binder: undelivered transaction 129, process died.
06-26 20:28:55.537     0     0 D [    6.238229@1]  vdc: Waited 0ms for vold
06-26 20:28:55.537   229   229 I Checkpoint: Validating checkpoint on /dev/block/by-name/userdata
06-26 20:28:55.538   229   229 E Checkpoint: No magic
06-26 20:28:55.541     0     0 E [    6.239706@1]  vdc: Command: checkpoint restoreCheckpoint /dev/block/by-name/userdata Failed: Status(-8, EX_SERVICE_SPECIFIC): '22: No magic'
06-26 20:28:55.565     0     0 D [    6.265496@1]  vdc: Waited 0ms for vold
06-26 20:28:55.595   229   229 D vold    : fscrypt_mount_metadata_encrypted: /data encrypt: 0 format: 0 with null
06-26 20:28:55.595   229   229 D vold    : metadata_key_dir/key: /metadata/vold/metadata_encryption/key
06-26 20:28:55.595   229   229 D vold    : Key exists, using: /metadata/vold/metadata_encryption/key
06-26 20:28:55.597     0     0 D [    6.295945@0]  vdc: Waited 0ms for vold
06-26 20:28:55.994   229   229 D vold    : Mounting metadata-encrypted filesystem:/data
06-26 20:28:56.005   229   229 I vold    : [libfs_mgr]superblock s_max_mnt_count:65535,/dev/block/dm-7
06-26 20:28:56.009     0     0 W         : [    6.708313@2]  EXT4-fs (dm-7): Ignoring removed nomblk_io_submit option
06-26 20:28:56.009     0     0 I         : [    6.708465@2]  EXT4-fs (dm-7): Using encoding defined by superblock: utf8-12.1.0 with flags 0x0
06-26 20:28:56.017   229   229 I vold    : [libfs_mgr]check_fs(): mount(/dev/block/dm-7,/data,ext4)=0: Success
06-26 20:28:56.017     0     0 I         : [    6.717137@3]  EXT4-fs (dm-7): mounted filesystem with ordered data mode. Opts: errors=remount-ro,nomblk_io_submit
06-26 20:28:56.018   229   229 I vold    : [libfs_mgr]check_fs(): unmount(/data) succeeded
06-26 20:28:56.018   229   229 I vold    : [libfs_mgr]Running /system/bin/e2fsck on /dev/block/dm-7
06-26 20:28:56.041     0     0 I [    6.739272@3]  e2fsck: e2fsck 1.45.4 (23-Sep-2019)
06-26 20:28:56.101     0     0 I [    6.798931@3]  e2fsck: /dev/block/dm-7: clean, 8808/1731616 files, 951685/6920960 blocks
06-26 20:28:56.101   229   229 I vold    : [libfs_mgr]superblock s_max_mnt_count:65535,/dev/block/dm-7
06-26 20:28:56.105     0     0 W         : [    6.804313@3]  EXT4-fs (dm-7): Ignoring removed nomblk_io_submit option
06-26 20:28:56.105     0     0 I         : [    6.804462@3]  EXT4-fs (dm-7): Using encoding defined by superblock: utf8-12.1.0 with flags 0x0
06-26 20:28:56.111   229   229 I vold    : [libfs_mgr]__mount(source=/dev/block/dm-7,target=/data,type=ext4)=0: Success
06-26 20:28:56.112   229   229 D vold    : Mounted /data
06-26 20:28:56.112   229   237 D vold    : Disk at 253:7 changed
06-26 20:28:56.113     0     0 I         : [    6.811566@3]  EXT4-fs (dm-7): mounted filesystem with ordered data mode. Opts: nodelalloc,nomblk_io_submit,errors=panic
06-26 20:28:56.170   229   229 I Checkpoint: cp_prepareCheckpoint called
06-26 20:28:56.198   229   229 I vold    : fscrypt_initialize_systemwide_keys
06-26 20:28:56.199   229   229 D vold    : Key exists, using: /data/unencrypted/key
06-26 20:28:56.201     0     0 D [    6.899361@3]  vdc: Waited 0ms for vold
06-26 20:28:56.207   229   229 D vold    : Installed fscrypt key with ref 51b3c6f390ade51abbf6f608475bb90e to /data
06-26 20:28:56.207   229   229 D vold    : Added fscrypt-provisioning key for 51b3c6f390ade51abbf6f608475bb90e to session keyring
06-26 20:28:56.227   229   229 I vold    : Wrote system DE key reference to:/data/unencrypted/ref
06-26 20:28:56.227   229   229 D vold    : Generating standard storage key
06-26 20:28:56.227   229   229 D vold    : Installed fscrypt key with ref e3fedb01cbebde4c3a26558a89b6cd0e to /data
06-26 20:28:56.227   229   229 D vold    : Added fscrypt-provisioning key for e3fedb01cbebde4c3a26558a89b6cd0e to session keyring
06-26 20:28:56.229   229   229 I vold    : Wrote per boot key reference to:/data/unencrypted/per_boot_ref
06-26 20:28:56.237     0     0 I [    6.934581@1]  fscrypt: AES-256-CTS-CBC using implementation "cts-cbc-aes-ce"
06-26 20:28:56.241     0     0 I [    6.939395@3]  fscrypt: AES-256-XTS using implementation "xts-aes-ce"
06-26 20:28:56.306   229   229 I incfs   : Initial API level of the device: 31
06-26 20:28:56.307   229   229 I incfs   : ro.incremental.enable: yes
06-26 20:28:56.307   229   229 I incfs   : isFsAvailable: true
06-26 20:28:56.307   229   229 I incfs   : isFsAvailable: true
06-26 20:28:56.307   229   229 I incfs   : IncFs_Features: v2
06-26 20:28:56.338   229   229 E vold    : keystore2 Keystore earlyBootEnded returned service specific error: -68
06-26 20:28:56.381     0     0 I [    7.080934@1]  apexd: This device does not support updatable APEX. Exiting
06-26 20:28:56.381     0     0 I [    7.081163@1]  apexd: Marking APEXd as activated
06-26 20:28:56.515   229   229 D vold    : fscrypt_init_user0
06-26 20:28:56.515   229   229 D vold    : Preparing: /data/misc/vold/user_keys
06-26 20:28:56.516   229   229 D vold    : Preparing: /data/misc/vold/user_keys/ce
06-26 20:28:56.516   229   229 D vold    : Preparing: /data/misc/vold/user_keys/de
06-26 20:28:56.517     0     0 D [    7.216136@2]  vdc: Waited 0ms for vold
06-26 20:28:56.525   229   229 D vold    : Installed fscrypt key with ref d234c508d980d78eb8a454252782125b to /data
06-26 20:28:56.525   229   229 D vold    : Added fscrypt-provisioning key for d234c508d980d78eb8a454252782125b to session keyring
06-26 20:28:56.525   229   229 D vold    : Installed de key for user 0
06-26 20:28:56.525   229   229 D vold    : fscrypt_prepare_user_storage for volume null, user 0, serial 0, flags 1
06-26 20:28:56.526   229   229 D vold    : Preparing: /data/system/users/0
06-26 20:28:56.526   229   229 D vold    : Preparing: /data/misc/profiles/cur/0
06-26 20:28:56.527   229   229 D vold    : Preparing: /data/system_de/0
06-26 20:28:56.528   229   229 D vold    : Preparing: /data/misc_de/0
06-26 20:28:56.528   229   229 D vold    : Preparing: /data/vendor_de/0
06-26 20:28:56.528   229   229 D vold    : Preparing: /data/user_de/0
06-26 20:28:56.529   229   229 I vold    : Verified that /data/system_de/0 has the encryption policy d234c508d980d78eb8a454252782125b v2 modes 1/4 flags 0x2
06-26 20:28:56.529   229   229 I vold    : Verified that /data/misc_de/0 has the encryption policy d234c508d980d78eb8a454252782125b v2 modes 1/4 flags 0x2
06-26 20:28:56.529   229   229 I vold    : Verified that /data/vendor_de/0 has the encryption policy d234c508d980d78eb8a454252782125b v2 modes 1/4 flags 0x2
06-26 20:28:56.529   229   229 I vold    : Verified that /data/user_de/0 has the encryption policy d234c508d980d78eb8a454252782125b v2 modes 1/4 flags 0x2
06-26 20:28:56.529   229   229 D vold    : /system/bin/vold_prepare_subdirs
06-26 20:28:56.529   229   229 D vold    :     prepare
06-26 20:28:56.529   229   229 D vold    :     
06-26 20:28:56.530   229   229 D vold    :     0
06-26 20:28:56.530   229   229 D vold    :     1
06-26 20:28:56.588   229   229 D vold    : Detected support for FS_IOC_ADD_ENCRYPTION_KEY
06-26 20:28:56.741     0     0 I [    7.440397@2]  apexd: This device does not support updatable APEX. Exiting
06-26 20:28:56.741     0     0 I [    7.440601@2]  apexd: Marking APEXd as ready
06-26 20:28:56.814     0     0 I         : [    7.513640@0]  mali fe400000.bifrost: Kernel DDK version r44p0-01eac0
06-26 20:28:56.819     0     0 E         : [    7.516312@0]  mali fe400000.bifrost: No OPPs found in device tree! Scaling timeouts using 100000 kHz
06-26 20:28:56.819     0     0 I         : [    7.516791@0]  mali fe400000.bifrost: GPU identified as 0x3 arch 7.0.9 r0p0 status 0
06-26 20:28:56.819     0     0 I         : [    7.517901@0]  mali fe400000.bifrost: No priority control manager is configured
06-26 20:28:56.819     0     0 I         : [    7.518904@0]  mali fe400000.bifrost: No memory group manager is configured
06-26 20:28:56.825     0     0 I         : [    7.522533@0]  mali fe400000.bifrost: Probed as mali0
06-26 20:28:56.861     0     0 W         : [    7.560324@0]  AUCPU sequence no updated
06-26 20:28:56.861     0     0 W         : [    7.562555@0]  Amlogic Aucpu driver installed
06-26 20:28:56.873     0     0 W         : [    7.571954@1]  aml dvb init
06-26 20:28:56.873     0     0 W         : [    7.574531@0]  aucpu trace orig 0x0 now 0xdeadface
06-26 20:28:56.873     0     0 W         : [    7.574542@0]  --stage value 57005 line 64206
06-26 20:28:56.877     0     0 W         : [    7.574990@0]  aucpu trace error orig 0x0 now 0xdeadface
06-26 20:28:56.877     0     0 W         : [    7.574995@0]  --Err value 57005 line 64206
06-26 20:28:56.881     0     0 W         : [    7.580679@1]  Amlogic CI mode init
06-26 20:28:56.885     0     0 W [    7.583567@1]  init: Top-level directory needs encryption action, eg mkdir /data/media <mode> <uid> <gid> encryption=Require
06-26 20:28:56.885     0     0 I [    7.584324@1]  init: Not setting encryption policy on: /data/media
06-26 20:28:56.957     0     0 W         : [    7.655289@2]  pci_register_driver success
06-26 20:28:56.997     0     0 I [    7.694646@3]  ######platform_wifi_power_on: is_pcie_wifi=0
06-26 20:28:56.997     0     0 I         : [    7.694701@3]  aml_wifi aml_wifi: [extern_wifi_set_enable] WIFI  Disable! 484
06-26 20:28:57.525     0     0 I         : [    8.222485@3]  aml_wifi aml_wifi: [extern_wifi_set_enable] WIFI  Enable! 484
06-26 20:28:58.041     0     0 E         : [    8.740949@0]  meson-gx-mmc fe088000.sdio: 8 [0x1aa], TIMEOUT[0x2800]
06-26 20:28:58.041     0     0 W         : [    8.741776@3]  meson-gx-mmc fe088000.sdio: card claims to support voltages below defined range
06-26 20:28:58.133     0     0 I [    8.831462@3]  r: b_s = 2c, b_sz = 14, f: b_s = 0, b_sz = 2d
06-26 20:28:58.133     0     0 I         : [    8.831489@3]  the final result: sel = 1, rx = 16
06-26 20:28:58.133     0     0 I [    8.832706@3]  mmc2: new ultra high speed SDR104 SDIO card at address 0001
06-26 20:28:58.133     0     0 I [    8.832917@3]  mmc2: clock 166666665, 4-bit-bus-width
06-26 20:28:58.133     0     0 I         : [    8.832917@3]
06-26 20:28:58.133     0     0 I         : [    8.833394@3]  [sdio_reinit] finish
06-26 20:28:58.157     0     0 W         : [    8.856395@3]
06-26 20:28:58.157     0     0 W         : [    8.856423@3]  **********************************************************
06-26 20:28:58.157     0     0 W         : [    8.856775@3]  **   NOTICE NOTICE NOTICE NOTICE NOTICE NOTICE NOTICE   **
06-26 20:28:58.157     0     0 W         : [    8.857620@3]  **                                                      **
06-26 20:28:58.157     0     0 W         : [    8.858509@3]  ** trace_printk() being used. Allocating extra memory.  **
06-26 20:28:58.161     0     0 W         : [    8.859310@3]  **                                                      **
06-26 20:28:58.161     0     0 W         : [    8.860155@3]  ** This means that this is a DEBUG kernel and it is     **
06-26 20:28:58.161     0     0 W         : [    8.861000@3]  ** unsafe for production use.                           **
06-26 20:28:58.161     0     0 W         : [    8.861844@3]  **                                                      **
06-26 20:28:58.161     0     0 W         : [    8.862711@3]  ** If you see this message and you are not debugging    **
06-26 20:28:58.166     0     0 W         : [    8.863535@3]  ** the kernel, report this immediately to your vendor!  **
06-26 20:28:58.166     0     0 W         : [    8.864379@3]  **                                                      **
06-26 20:28:58.166     0     0 W         : [    8.865224@3]  **   NOTICE NOTICE NOTICE NOTICE NOTICE NOTICE NOTICE   **
06-26 20:28:58.166     0     0 W         : [    8.866069@3]  **********************************************************
06-26 20:28:58.837     0     0 E [    9.534466@0]  WCN_ERR: marlin_find_sdio_device_id open /sys/bus/sdio/devices/sdio:8800:1/uevent fail no.1 cnt=6
06-26 20:28:59.485     0     0 E [   10.182470@0]  WCN_ERR: marlin_find_sdio_device_id open /sys/bus/sdio/devices/mmc1:8800:1/uevent fail no.1 cnt=6
06-26 20:29:00.133     0     0 E [   10.830467@0]  WCN_ERR: marlin_find_sdio_device_id open /sys/bus/sdio/devices/mmc2:8800:1/uevent fail no.1 cnt=6
06-26 20:29:00.781     0     0 E [   11.478470@3]  WCN_ERR: marlin_find_sdio_device_id open /sys/bus/sdio/devices/mmc0:8800:1/uevent fail no.1 cnt=6
06-26 20:29:00.781     0     0 W         : [   11.479050@3]  this is not uwe5621 module,error,exit!!!.
06-26 20:29:00.834     0     0 W [   11.530632@3]  sprdwl_ng: Unknown symbol marlin_reset_register_notify (err -2)
06-26 20:29:00.834     0     0 W [   11.530878@3]  sprdwl_ng: Unknown symbol marlin_reset_unregister_notify (err -2)
06-26 20:29:00.834     0     0 W [   11.532269@3]  sprdwl_ng: Unknown symbol wcn_get_chip_model (err -2)
06-26 20:29:00.834     0     0 W [   11.532654@3]  sprdwl_ng: Unknown symbol get_wcn_bus_ops (err -2)
06-26 20:29:00.834     0     0 W [   11.533342@3]  sprdwl_ng: Unknown symbol mdbg_assert_interface (err -2)
06-26 20:29:00.834     0     0 W [   11.534184@3]  sprdwl_ng: Unknown symbol wcn_get_chip_name (err -2)
06-26 20:29:00.838     0     0 W [   11.535168@3]  sprdwl_ng: Unknown symbol start_marlin (err -2)
06-26 20:29:00.838     0     0 W [   11.535665@3]  sprdwl_ng: Unknown symbol marlin_reset_callback_register (err -2)
06-26 20:29:00.838     0     0 W [   11.536594@3]  sprdwl_ng: Unknown symbol cali_ini_need_download (err -2)
06-26 20:29:00.838     0     0 W [   11.537417@3]  sprdwl_ng: Unknown symbol marlin_reset_callback_unregister (err -2)
06-26 20:29:00.838     0     0 W [   11.538360@3]  sprdwl_ng: Unknown symbol stop_marlin (err -2)
06-26 20:29:00.841     0     0 W [   11.539165@3]  sprdwl_ng: Unknown symbol marlin_get_ant_num (err -2)
06-26 20:29:00.841     0     0 W [   11.539866@3]  sprdwl_ng: Unknown symbol marlin_get_wcn_chipid (err -2)
06-26 20:29:00.841     0     0 W [   11.540731@3]  sprdwl_ng: Unknown symbol get_fw_version (err -2)
06-26 20:29:00.869     0     0 W [   11.568787@1]  sprdbt_tty: Unknown symbol marlin_get_ant_num (err -2)
06-26 20:29:00.869     0     0 W [   11.568944@1]  sprdbt_tty: Unknown symbol wcn_get_chip_model (err -2)
06-26 20:29:00.869     0     0 W [   11.569743@1]  sprdbt_tty: Unknown symbol marlin_get_wcn_module_vendor (err -2)
06-26 20:29:00.869     0     0 W [   11.570687@1]  sprdbt_tty: Unknown symbol marlin_reset_callback_register (err -2)
06-26 20:29:00.873     0     0 W [   11.571628@1]  sprdbt_tty: Unknown symbol start_marlin (err -2)
06-26 20:29:00.873     0     0 W [   11.572300@1]  sprdbt_tty: Unknown symbol stop_marlin (err -2)
06-26 20:29:00.873     0     0 W [   11.573038@1]  sprdbt_tty: Unknown symbol marlin_set_sleep (err -2)
06-26 20:29:00.873     0     0 W [   11.573806@1]  sprdbt_tty: Unknown symbol marlin_set_wakeup (err -2)
06-26 20:29:00.877     0     0 W [   11.574698@1]  sprdbt_tty: Unknown symbol get_wcn_bus_ops (err -2)
06-26 20:29:00.877     0     0 W [   11.575367@1]  sprdbt_tty: Unknown symbol marlin_get_power_state (err -2)
06-26 20:29:00.969     0     0 I [   11.666824@2]  logd: logd reinit
06-26 20:29:00.969     0     0 E [   11.668306@3]  logd: FrameworkListener: read() failed (Connection reset by peer)
06-26 20:29:01.305     0     0 I [   12.006115@1]  update_verifier: Started with arg 1: nonencrypted
06-26 20:29:01.313     0     0 I [   12.009952@1]  update_verifier: Booting slot 0: isSlotMarkedSuccessful=1
06-26 20:29:01.313     0     0 I [   12.012727@1]  update_verifier: Leaving update_verifier.
06-26 20:29:01.385     0     0 I         : [   12.082497@3]  file system registered
06-26 20:29:01.389     0     0 W         : [   12.088135@3]  using random self ethernet address
06-26 20:29:01.389     0     0 W         : [   12.088169@3]  using random host ethernet address
06-26 20:29:01.389     0     0 W         : [   12.090229@3]  using random self ethernet address
06-26 20:29:01.389     0     0 W         : [   12.090261@3]  using random host ethernet address
06-26 20:29:01.401     0     0 I         : [   12.098975@3]  assign_ffs_buffer FFS_BUFFER_MAX=256!!!
06-26 20:29:01.405     0     0 I         : [   12.105456@1]  assign_ffs_buffer FFS_BUFFER_MAX=256!!!
06-26 20:29:01.409     0     0 I         : [   12.108933@1]  assign_ffs_buffer FFS_BUFFER_MAX=256!!!
06-26 20:29:01.425     0     0 W         : [   12.125088@0]  ammvdec_h264 module init
06-26 20:29:01.437     0     0 W         : [   12.134986@1]  ammvdec_h264 module init
06-26 20:29:01.449     0     0 D         : [   12.149653@2]  amvdec_h265 module init
06-26 20:29:01.463     0     0 D         : [   12.159562@3]  amvdec_h265 module init
06-26 20:29:01.473     0     0 W         : [   12.172887@1]  ammvdec_mpeg12 module init
06-26 20:29:01.477     0     0 W         : [   12.177510@1]  ammvdec_mpeg12 module init
06-26 20:29:01.481     0     0 W         : [   12.181753@1]  ammvdec_mpeg4_driver_init_module
06-26 20:29:01.485     0     0 W         : [   12.186340@1]  ammvdec_mpeg4_driver_init_module
06-26 20:29:01.489     0     0 W [   12.190056@1]  0: amvdec_vc1 module init
06-26 20:29:01.501     0     0 D         : [   12.199779@1]  amvdec_vp9 module init
06-26 20:29:01.509     0     0 D         : [   12.209562@3]  amvdec_vp9 module init
06-26 20:29:01.533     0     0 W         : [   12.230801@1]  vpu_init
06-26 20:29:01.533     0     0 W         : [   12.230829@1]  The chip is not support hevc encoder
06-26 20:29:01.585     0     0 I         : [   12.283674@3]  v4l dec module init
06-26 20:29:01.585     0     0 I         : [   12.284635@0]  aml-vcodec-dec vcodec_dec: v4ldec registered as /dev/video26
06-26 20:29:01.589     0     0 E         : [   12.289412@0]  register_amlogic_afbc_dec_fun
06-26 20:29:01.605     0     0 D         : [   12.306390@0]  amvdec_av1 module init
06-26 20:29:01.617     0     0 D         : [   12.317992@1]  amvdec_av1 module init
06-26 20:29:02.017     0     0 I [   12.712720@3]  gxbb_pm: early_suspend_state=0
06-26 20:29:02.053     0     0 W [   12.741969@2]  healthd: No battery devices found
06-26 20:29:02.093     0     0 W [   12.788244@2]  healthd: battery none chg=a
06-26 20:29:02.093     0     0 I [   12.794205@1]  dim: load 0xa00 pq len 115 later.
06-26 20:29:02.281     0     0 E [   12.979369@2]  map_store: rm default
06-26 20:29:02.281     0     0 E [   12.980146@2]  map_store: add default decoder ppmgr deinterlace amvideo
06-26 20:29:02.297     0     0 I [   12.995386@2]  audio_dsp: drc high cut scale set to 0%
06-26 20:29:02.297     0     0 I [   12.996639@2]  audio_dsp: drc low boost scale set to 0%
06-26 20:29:02.297     0     0 I [   12.997817@2]  audio_dsp: drc mode set to RF
06-26 20:29:02.406     0     0 E [   13.103566@0]  init: Unable to set property 'ro.tv.mirada.hardware.manufacture' from uid:0 gid:0 pid:205: SELinux permission check failed
06-26 20:29:02.413     0     0 E [   13.110222@0]  init: Unable to set property 'ro.tv.mirada.hardware.model' from uid:0 gid:0 pid:205: SELinux permission check failed
06-26 20:29:02.396   386   386 I android.hardware.wifi@1.0-service.droidlogic: Wifi Hal is booting up...
06-26 20:29:02.421   386   386 I HidlServiceManagement: Registered android.hardware.wifi@1.5::IWifi/default
06-26 20:29:02.438   408   408 I gsid    : no DSU: No such file or directory
06-26 20:29:02.465     0     0 I         : [   13.162833@3]  video_composer_open iminor(inode) =0
06-26 20:29:02.467     0     0 I [   13.162971@3]  vc: [0]vd_render_index_get: render_index is 0.
06-26 20:29:02.467     0     0 I         : [   13.166594@3]  video_composer_open iminor(inode) =1
06-26 20:29:02.467     0     0 I [   13.166752@3]  vc: [1]vd_render_index_get: render_index is 1.
06-26 20:29:02.609     0     0 I [   13.310292@0]  hdmitx: system: set hdcp_pwr 1
06-26 20:29:02.661     0     0 I [   13.359692@1]  hdmitx: system: restore hdcp_pwr 0
06-26 20:29:02.671     0     0 I [   13.366544@1]  hdmitx: avmute_store -1
06-26 20:29:02.860   463   463 I installd: installd firing up
06-26 20:29:02.890     0     0 E [   13.588067@2]  init: Could not start service 'qpltest' as part of class 'main': Cannot find '/vendor/bin/qpl.sh': No such file or directory
06-26 20:29:02.890     0     0 E [   13.589178@2]  init: Could not start service 'vendor_flash_recovery' as part of class 'main': Cannot find '/vendor/bin/install-recovery.sh': No such file or directory
06-26 20:29:02.936   468   468 W storaged: health: invalid battery status
06-26 20:29:03.095   469   469 I wificond: wificond is starting up...
06-26 20:29:03.118   469   469 I HidlServiceManagement: Registered android.system.wifi.keystore@1.0::IKeystore/default
06-26 20:29:03.266     0     0 I         : [   13.963869@1]  read descriptors
06-26 20:29:03.266     0     0 I         : [   13.965969@1]  read strings
06-26 20:29:03.266     0     0 W         : [   13.967057@0]  USB RESET
06-26 20:29:03.469     0     0 E [   14.166086@3]  init: Control message: Could not find 'aidl/package_native' for ctl.interface_start from pid: 220 (/system/bin/servicemanager)
06-26 20:29:03.725     0     0 I [   14.425543@3]  hdmitx: hdmitx20_ext_get_audio_status[3196] val = 1
06-26 20:29:03.845     0     0 I [   14.536634@2]  audio_ddr_mngr: frddrs[0] registered by device fe330000.audiobus:tdm@2
06-26 20:29:03.845     0     0 D         : [   14.537044@2]  aml_tdm_set_fmt...0x4001, id(2), clksel(2)
06-26 20:29:03.845     0     0 I         : [   14.537067@2]  master_mode(1), binv(1), finv(1) out_skew(2), in_skew(3)
06-26 20:29:03.845     0     0 D         : [   14.537772@2]  dump_pcm_setting...(0000000000000000)
06-26 20:29:03.845     0     0 D         : [   14.537778@2]  	pcm_mode(1)
06-26 20:29:03.845     0     0 D         : [   14.537782@2]  	sysclk(12288000)
06-26 20:29:03.845     0     0 D         : [   14.537786@2]  	sysclk_bclk_ratio(4)
06-26 20:29:03.845     0     0 D         : [   14.537790@2]  	bclk(3072000)
06-26 20:29:03.845     0     0 D         : [   14.537794@2]  	bclk_lrclk_ratio(64)
06-26 20:29:03.845     0     0 D         : [   14.537798@2]  	lrclk(48000)
06-26 20:29:03.845     0     0 D         : [   14.537803@2]  	tx_mask(0x3)
06-26 20:29:03.845     0     0 D         : [   14.537806@2]  	rx_mask(0x3)
06-26 20:29:03.845     0     0 D         : [   14.537810@2]  	slots(2)
06-26 20:29:03.845     0     0 D         : [   14.537814@2]  	slot_width(32)
06-26 20:29:03.845     0     0 D         : [   14.537818@2]  	lane_mask_in(0x1)
06-26 20:29:03.845     0     0 D         : [   14.537822@2]  	lane_mask_out(0x1)
06-26 20:29:03.845     0     0 I [   14.537828@2]  aml_set_tdm_mclk_s4: force_mpll = 0, freq = 12288000
06-26 20:29:03.845     0     0 D         : [   14.538638@2]  aml_tdm_set_clkdiv, div 4, clksel(2)
06-26 20:29:03.845     0     0 D         : [   14.538653@2]  aml_set_bclk_ratio, select I2S mode
06-26 20:29:03.845     0     0 D         : [   14.538665@2]  aml_tdm_hw_setting_init(), enable mclk for tdm-2
06-26 20:29:03.845     0     0 D         : [   14.538818@2]  aml_tdm_prepare(), reset fddr
06-26 20:29:03.845     0     0 D         : [   14.538847@2]  dump_pcm_setting...(0000000000000000)
06-26 20:29:03.845     0     0 D         : [   14.538852@2]  	pcm_mode(1)
06-26 20:29:03.845     0     0 D         : [   14.538855@2]  	sysclk(12288000)
06-26 20:29:03.845     0     0 D         : [   14.538859@2]  	sysclk_bclk_ratio(4)
06-26 20:29:03.845     0     0 D         : [   14.538863@2]  	bclk(3072000)
06-26 20:29:03.845     0     0 D         : [   14.538867@2]  	bclk_lrclk_ratio(64)
06-26 20:29:03.845     0     0 D         : [   14.538870@2]  	lrclk(48000)
06-26 20:29:03.845     0     0 D         : [   14.538875@2]  	tx_mask(0x3)
06-26 20:29:03.845     0     0 D         : [   14.538879@2]  	rx_mask(0x3)
06-26 20:29:03.845     0     0 D         : [   14.538882@2]  	slots(2)
06-26 20:29:03.845     0     0 D         : [   14.538886@2]  	slot_width(32)
06-26 20:29:03.845     0     0 D         : [   14.538890@2]  	lane_mask_in(0x1)
06-26 20:29:03.845     0     0 D         : [   14.538894@2]  	lane_mask_out(0x1)
06-26 20:29:03.845     0     0 I [   14.538902@2]  aml_set_tdm_mclk_s4: force_mpll = 0, freq = 12288000
06-26 20:29:03.845     0     0 D         : [   14.539327@2]  aml_tdm_set_clkdiv, div 4, clksel(2)
06-26 20:29:03.845     0     0 D         : [   14.539335@2]  aml_set_bclk_ratio, select I2S mode
06-26 20:29:03.845     0     0 D         : [   14.539347@2]  aml_tdm_hw_setting_init(), enable mclk for tdm-2
06-26 20:29:03.845     0     0 D         : [   14.539360@2]  ss_prepare() 250, lvl 1
06-26 20:29:03.845     0     0 I         : [   14.539365@2]  ss_prepare[258], hdmitx src switch to spdif 0
06-26 20:29:03.845     0     0 I         : [   14.540016@2]  sharebuffer_spdifout_prepare  get_hdmitx_audio_src(rtd->card):0  spdif_id:0
06-26 20:29:03.845     0     0 I [   14.541055@2]  hdmitx: hdmitx_notify_callback_a[6755] audio prepare
06-26 20:29:03.845     0     0 D         : [   14.541827@2]  spdif_a fifo ctrl, frddr:0 type:1, 16 bits, chmask 0x3, swap 0x10
06-26 20:29:03.845     0     0 I [   14.541844@2]  hdmitx: hdmitx_notify_callback_a[6761] type:1 rate:3 size:1 chs:2 i2s_ch_mask:1 aud_src_if:0
06-26 20:29:03.845     0     0 I [   14.543105@2]  hdmitx: hdmitx_set_i2s_mask[6716] ch_num 2 ch_msk 1
06-26 20:29:03.845     0     0 I [   14.543820@2]  hdmitx: hdmitx_notify_callback_a[6768] aud_src_if is 0, aud_output_ch is 0x0, reset aud_output_ch as 0
06-26 20:29:03.849     0     0 I [   14.545126@2]  hdmitx: audio: aout notify format CT_PCM
06-26 20:29:03.853     0     0 I [   14.548895@2]  hdmitx: audio: set audio param
06-26 20:29:03.853     0     0 D [   14.548938@2]  audio_ddr_mngr: frddr_set_sharebuffer_enable share lvl: 1, dst_src: 3
06-26 20:29:03.853     0     0 I         : [   14.549062@2]  aml_T9015_audio_set_bias_level
06-26 20:29:03.853     0     0 I         : [   14.549411@2]  aml_T9015_audio_set_bias_level
06-26 20:29:03.854     0     0 D         : [   14.549888@2]  tdm playback mute: 0, lane_cnt = 4
06-26 20:29:03.854     0     0 D         : [   14.554846@2]  asoc-aml-card auge_sound: TDM[2] Playback enable
06-26 20:29:03.854     0     0 D         : [   14.554875@2]  ss_trigger() ss 3
06-26 20:29:03.854     0     0 D         : [   14.554880@2]  spdif_a is set to enable
06-26 20:29:03.854     0     0 D         : [   14.554995@2]  ss_mute() 378, mute 0, id 0
06-26 20:29:04.245     0     0 I         : [   14.939093@1]  update audio atmos flag! audio_type = 0
06-26 20:29:04.473     0     0 E [   15.169362@0]  init: Control message: Could not find 'aidl/package_native' for ctl.interface_start from pid: 220 (/system/bin/servicemanager)
06-26 20:29:04.669     0     0 I [   15.370275@2]  hdmitx: hdmitx: E: ddc rd8b 0x3a 0x50
06-26 20:29:04.673     0     0 I [   15.372326@2]  hdmitx: hdmitx: E: ddc rd8b 0x3a 0x50
06-26 20:29:04.673     0     0 I [   15.372716@2]  hdmitx: system: set hdcp_pwr 1
06-26 20:29:04.717     0     0 I [   15.416768@1]  hdmitx: system: restore hdcp_pwr 0
06-26 20:29:04.717     0     0 W         : [   15.416944@1]  amhdmitx amhdmitx0: hdmitx20: stop14
06-26 20:29:04.717     0     0 W         : [   15.417436@1]  amhdmitx amhdmitx0: hdmitx20: stop22
06-26 20:29:04.721     0     0 I [   15.420417@2]  hdmitx: system: hdcp: set mode as 1
06-26 20:29:04.733     0     0 I [   15.430498@2]  hdmitx: hdcp14: instat: 0x11
06-26 20:29:05.043   521   586 V BootAnimation: Surface size has been limited to [1920x1080] from [3840x2160]
06-26 20:29:05.469     0     0 E [   16.169341@1]  init: Control message: Could not find 'aidl/package_native' for ctl.interface_start from pid: 220 (/system/bin/servicemanager)
06-26 20:29:06.421   333   333 D Zygote32Timing: PreloadResources took to complete: 1672ms
06-26 20:29:06.473     0     0 E [   17.171043@1]  init: Control message: Could not find 'aidl/package_native' for ctl.interface_start from pid: 220 (/system/bin/servicemanager)
06-26 20:29:06.635   333   333 D Zygote32Timing: PostZygoteInitGC took to complete: 61ms
06-26 20:29:06.635   333   333 D Zygote32Timing: ZygoteInit took to complete: 1906ms
06-26 20:29:07.355   593   593 I SystemServerTiming: InitBeforeStartServices
06-26 20:29:07.371   593   593 I SystemServer: Entered the Android system server!
06-26 20:29:07.473     0     0 E [   18.171626@1]  init: Control message: Could not find 'aidl/package_native' for ctl.interface_start from pid: 220 (/system/bin/servicemanager)
06-26 20:29:07.937   593   593 I SystemServerInitThreadPool: Creating instance with 4 threads
06-26 20:29:08.003   468   468 E storaged: getService package_native failed
06-26 20:29:08.006   468   616 I storaged: storaged: Start
06-26 20:29:08.473     0     0 E [   19.172439@0]  init: Control message: Could not find 'aidl/package_native' for ctl.interface_start from pid: 220 (/system/bin/servicemanager)
06-26 20:29:08.867   593   593 D SystemServerTiming: InitBeforeStartServices took to complete: 1511ms
06-26 20:29:08.867   593   593 I SystemServerTiming: StartServices
06-26 20:29:08.867   593   593 I SystemServerTiming: startBootstrapServices
06-26 20:29:08.867   593   593 I SystemServerTiming: StartWatchdog
06-26 20:29:08.879   593   593 D SystemServerTiming: StartWatchdog took to complete: 11ms
06-26 20:29:08.879   593   593 I SystemServer: Reading configuration...
06-26 20:29:08.879   593   593 I SystemServerTiming: ReadingSystemConfig
06-26 20:29:08.879   593   593 D SystemServerTiming: ReadingSystemConfig took to complete: 1ms
06-26 20:29:08.880   593   593 I SystemServerTiming: PlatformCompat
06-26 20:29:08.882   593   627 I SystemServerTimingAsync: InitThreadPoolExec:ReadingSystemConfig
06-26 20:29:08.882   593   627 D SystemServerInitThreadPool: Started executing ReadingSystemConfig
06-26 20:29:08.884   593   593 D CompatConfig: Found a config file: /system/etc/compatconfig/framework-platform-compat-config.xml
06-26 20:29:08.886   593   627 I SystemConfig: Reading permissions from /system/etc/sysconfig/hiddenapi-package-whitelist.xml
06-26 20:29:08.889   593   593 D CompatConfig: Adding: com.android.server.compat.config.Change@30d52a2
06-26 20:29:08.891   593   593 D CompatConfig: Adding: com.android.server.compat.config.Change@725bb33
06-26 20:29:08.891   593   627 I SystemConfig: Reading permissions from /system/etc/sysconfig/framework-sysconfig.xml
06-26 20:29:08.892   593   593 D CompatConfig: Adding: com.android.server.compat.config.Change@1388c69
06-26 20:29:08.893   593   593 D CompatConfig: Adding: com.android.server.compat.config.Change@211f6ee
06-26 20:29:08.894   593   593 D CompatConfig: Adding: com.android.server.compat.config.Change@a618a1c
06-26 20:29:08.894   593   627 I SystemConfig: Reading permissions from /system/etc/sysconfig/preinstalled-packages-platform.xml
06-26 20:29:08.895   593   593 D CompatConfig: Adding: com.android.server.compat.config.Change@1448625
06-26 20:29:08.896   593   593 D CompatConfig: Adding: com.android.server.compat.config.Change@aa93fa
06-26 20:29:08.897   593   593 D CompatConfig: Adding: com.android.server.compat.config.Change@f135dab
06-26 20:29:08.898   593   593 D CompatConfig: Adding: com.android.server.compat.config.Change@f0b2c08
06-26 20:29:08.898   593   627 I SystemConfig: Reading permissions from /system/etc/sysconfig/netflix.xml
06-26 20:29:08.899   593   593 D CompatConfig: Adding: com.android.server.compat.config.Change@4fdf5c6
06-26 20:29:08.900   593   593 D CompatConfig: Adding: com.android.server.compat.config.Change@e282987
06-26 20:29:08.901   593   593 D CompatConfig: Adding: com.android.server.compat.config.Change@be54dd
06-26 20:29:08.901   593   627 I SystemConfig: Reading permissions from /system/etc/sysconfig/operator-flags.xml
06-26 20:29:08.902   593   593 D CompatConfig: Adding: com.android.server.compat.config.Change@ed3a852
06-26 20:29:08.903   593   593 D CompatConfig: Adding: com.android.server.compat.config.Change@ed3d723
06-26 20:29:08.904   593   593 D CompatConfig: Adding: com.android.server.compat.config.Change@25061d9
06-26 20:29:08.904   593   627 I SystemConfig: Reading permissions from /system/etc/sysconfig/preinstalled-packages-com.android.providers.media.module.xml
06-26 20:29:08.905   593   593 D CompatConfig: Adding: com.android.server.compat.config.Change@dff79e
06-26 20:29:08.906   593   593 D CompatConfig: Adding: com.android.server.compat.config.Change@f02c27f
06-26 20:29:08.907   593   593 D CompatConfig: Adding: com.android.server.compat.config.Change@8a9b24c
06-26 20:29:08.908   593   593 D CompatConfig: Adding: com.android.server.compat.config.Change@2cfefaa
06-26 20:29:08.908   593   627 I SystemConfig: Reading permissions from /system/etc/permissions/android.hardware.bluetooth.xml
06-26 20:29:08.909   593   593 D CompatConfig: Adding: com.android.server.compat.config.Change@50b079b
06-26 20:29:08.910   593   593 D CompatConfig: Adding: com.android.server.compat.config.Change@ee5a738
06-26 20:29:08.911   593   593 D CompatConfig: Adding: com.android.server.compat.config.Change@e0b7311
06-26 20:29:08.911   593   627 I SystemConfig: Reading permissions from /system/etc/permissions/android.test.runner.xml
06-26 20:29:08.912   593   593 D CompatConfig: Adding: com.android.server.compat.config.Change@c888277
06-26 20:29:08.913   593   593 D CompatConfig: Adding: com.android.server.compat.config.Change@ce9fee4
06-26 20:29:08.914   593   593 D CompatConfig: Adding: com.android.server.compat.config.Change@3a32f4d
06-26 20:29:08.914   593   593 D CompatConfig: Adding: com.android.server.compat.config.Change@772ca02
