06-26 01:32:22.994  4092  4092 W statsd  : StatsPullerManager: Unknown tagId 10103
06-26 01:32:22.994  4092  4092 E statsd  : Stats puller failed for tag: 10103 at 14845342715
06-26 01:32:22.994  4092  4092 W statsd  : StatsPullerManager: Unknown tagId 10124
06-26 01:32:22.994  4092  4092 E statsd  : Stats puller failed for tag: 10124 at 14845342715
06-26 01:32:22.994  4092  4092 W statsd  : StatsPullerManager: Unknown tagId 10125
06-26 01:32:22.994  4092  4092 E statsd  : Stats puller failed for tag: 10125 at 14845342715
06-26 01:32:22.994  4092  4092 W statsd  : StatsPullerManager: Unknown tagId 10193
06-26 01:32:22.994  4092  4092 E statsd  : Gauge Stats puller failed for tag: 10193 at 14845342715
06-26 01:32:22.994  4092  4092 W statsd  : StatsPullerManager: Unknown tagId 10068
06-26 01:32:22.994  4092  4092 E statsd  : Gauge Stats puller failed for tag: 10068 at 14845342715
06-26 01:32:22.994  4092  4092 W statsd  : StatsPullerManager: Unknown tagId 10205
06-26 01:32:22.994  4092  4092 E statsd  : Gauge Stats puller failed for tag: 10205 at 14845342715
06-26 01:32:22.994  4092  4092 W statsd  : StatsPullerManager: Unknown tagId 10042
06-26 01:32:22.994  4092  4092 E statsd  : Gauge Stats puller failed for tag: 10042 at 14845342715
06-26 01:32:22.994  4092  4092 W statsd  : StatsPullerManager: Unknown tagId 10078
06-26 01:32:22.994  4092  4092 E statsd  : Gauge Stats puller failed for tag: 10078 at 14845342715
06-26 01:32:22.994  4092  4092 W statsd  : StatsPullerManager: Unknown tagId 10092
06-26 01:32:22.995  4092  4092 E statsd  : Gauge Stats puller failed for tag: 10092 at 14845342715
06-26 01:32:22.995  4092  4092 W statsd  : StatsPullerManager: Unknown tagId 10049
06-26 01:32:22.995  4092  4092 E statsd  : Gauge Stats puller failed for tag: 10049 at 14845342715
06-26 01:32:22.995  4092  4092 W statsd  : StatsPullerManager: Unknown tagId 10021
06-26 01:32:22.995  4092  4092 E statsd  : Gauge Stats puller failed for tag: 10021 at 14845342715
06-26 01:32:22.995  4092  4092 W statsd  : StatsPullerManager: Unknown tagId 10106
06-26 01:32:22.995  4092  4092 E statsd  : Gauge Stats puller failed for tag: 10106 at 14845342715
06-26 01:32:22.995  4092  4092 W statsd  : StatsPullerManager: Unknown tagId 10063
06-26 01:32:22.995  4092  4092 E statsd  : Gauge Stats puller failed for tag: 10063 at 14845342715
06-26 01:32:22.995  4092  4092 W statsd  : StatsPullerManager: Unknown tagId 10062
06-26 01:32:22.995  4092  4092 E statsd  : Gauge Stats puller failed for tag: 10062 at 14845342715
06-26 01:32:22.995  4092  4092 W statsd  : StatsPullerManager: Unknown tagId 10080
06-26 01:32:22.995  4092  4092 E statsd  : Gauge Stats puller failed for tag: 10080 at 14845342715
06-26 01:32:22.995  4092  4092 W statsd  : StatsPullerManager: Unknown tagId 10092
06-26 01:32:22.995  4092  4092 E statsd  : Gauge Stats puller failed for tag: 10092 at 14845342715
06-26 01:32:22.995  4092  4092 W statsd  : StatsPullerManager: Unknown tagId 10084
06-26 01:32:22.995  4092  4092 E statsd  : Gauge Stats puller failed for tag: 10084 at 14845342715
06-26 01:32:23.011  4094  4094 D libEGL  : loaded /vendor/lib/egl/libGLES_mali.so
06-26 01:32:23.026  4092  4092 W statsd  : StatsPullerManager: Unknown tagId 10089
06-26 01:32:23.026  4092  4092 E statsd  : Gauge Stats puller failed for tag: 10089 at 14883123881
06-26 01:32:23.026  4092  4092 W statsd  : StatsPullerManager: Unknown tagId 10086
06-26 01:32:23.026  4092  4092 E statsd  : Gauge Stats puller failed for tag: 10086 at 14883123881
06-26 01:32:23.026  4092  4092 W statsd  : StatsPullerManager: Unknown tagId 10087
06-26 01:32:23.027  4092  4092 E statsd  : Gauge Stats puller failed for tag: 10087 at 14883123881
06-26 01:32:23.027  4092  4092 W statsd  : StatsPullerManager: Unknown tagId 10157
06-26 01:32:23.027  4092  4092 E statsd  : Gauge Stats puller failed for tag: 10157 at 14883123881
06-26 01:32:23.027  4092  4092 W statsd  : StatsPullerManager: Unknown tagId 10158
06-26 01:32:23.027  4092  4092 E statsd  : Gauge Stats puller failed for tag: 10158 at 14883123881
06-26 01:32:23.027  4092  4092 W statsd  : StatsPullerManager: Unknown tagId 10076
06-26 01:32:23.027  4092  4092 E statsd  : Gauge Stats puller failed for tag: 10076 at 14883123881
06-26 01:32:23.029  4092  4092 W statsd  : No active metric for config (10058 175721243)
06-26 01:32:23.030  4092  4092 I statsd  : Statsd starts to listen to socket.
06-26 01:32:23.111  4094  4094 I Zygote  : Preloading shared libraries...
06-26 01:32:23.121  4094  4094 I Zygote  : Called ZygoteHooks.endPreload()
06-26 01:32:23.122  4094  4094 I Zygote  : Installed AndroidKeyStoreProvider in 1ms.
06-26 01:32:23.133  4094  4094 I Zygote  : Warmed up JCA providers in 11ms.
06-26 01:32:23.133  4094  4094 D Zygote  : end preload
06-26 01:32:23.134  4094  4094 D Zygote32Timing: ZygotePreload took to complete: 3365ms
06-26 01:32:23.264  4094  4094 I zygote  : Explicit concurrent copying GC freed 65393(3652KB) AllocSpace objects, 1(16KB) LOS objects, 49% free, 8823KB/17MB, paused 84us total 130.325ms
06-26 01:32:23.377  4094  4094 I zygote  : Explicit concurrent copying GC freed 8719(324KB) AllocSpace objects, 1(28KB) LOS objects, 49% free, 8502KB/16MB, paused 67us total 110.590ms
06-26 01:32:23.378  4094  4094 D Zygote32Timing: PostZygoteInitGC took to complete: 244ms
06-26 01:32:23.378  4094  4094 D Zygote32Timing: ZygoteInit took to complete: 3631ms
06-26 01:32:23.515  4094  4094 I zygote  : Background concurrent copying GC freed 143(48KB) AllocSpace objects, 0(0B) LOS objects, 49% free, 8502KB/16MB, paused 68us total 112.526ms
06-26 01:32:23.558  4237  4237 W ServiceManager: Waited one second for package_native (is service started? are binder threads started and available?)
06-26 01:32:23.559  3819  3819 I servicemanager: Since 'package_native' could not be found, trying to start it as a lazy AIDL service
06-26 01:32:23.561  3819  4367 W libc    : Unable to set property "ctl.interface_start" to "aidl/package_native": error code: 0x20
06-26 01:32:23.561  3819  4367 I servicemanager: Tried to start aidl service package_native as a lazy service, but was unable to. Usually this happens when a service is not installed, but if the service is intended to be used as a lazy service, then it may be configured incorrectly.
06-26 01:32:23.562     0     0 E [   15.474689@2]- init: Control message: Could not find 'aidl/package_native' for ctl.interface_start from pid: 3819 (/system/bin/servicemanager)
06-26 01:32:23.637  4094  4094 D Zygote  : Forked child process 4368
06-26 01:32:23.638  4094  4094 I Zygote  : System server process 4368 has been created
06-26 01:32:23.639  4094  4094 I Zygote  : Accepting command socket connections
06-26 01:32:23.774  4031  4044 I keystore2: keystore2::watchdog: Watchdog thread idle -> terminating. Have a great day.
06-26 01:32:23.959  4368  4368 W system_server: Failed to upload odrefresh metrics: metrics file '/data/misc/odrefresh/odrefresh-metrics.txt' could not be opened: No such file or directory
06-26 01:32:23.964  4268  4292 I adbd    : jdwp connection from 4368
06-26 01:32:23.981  4368  4368 D ProcessState: Binder ioctl to enable oneway spam detection failed: Invalid argument
06-26 01:32:23.982     0     0 I [   15.894916@0]- binder: 4368:4368 ioctl 40046210 ffa57f08 returned -22
06-26 01:32:24.036  4368  4368 I SystemServerTiming: InitBeforeStartServices
06-26 01:32:24.040  4368  4368 I SystemServer: Entered the Android system server!
06-26 01:32:24.205  4231  4248 W ServiceManager: Service package_native didn't start. Returning NULL
06-26 01:32:24.205  4231  4248 E ServiceUtilities: getInfo: Cannot find package_native
06-26 01:32:24.205  4231  4248 W AudioAnalytics: (key=audio.flinger) Audioflinger constructor event detected
06-26 01:32:24.294  4368  4368 E UsbAlsaJackDetectorJNI: Can't register UsbAlsaJackDetector native methods
06-26 01:32:24.313  4368  4368 I SystemServerInitThreadPool: Creating instance with 4 threads
06-26 01:32:24.559  4237  4237 W ServiceManager: Waited one second for package_native (is service started? are binder threads started and available?)
06-26 01:32:24.560  3819  3819 I servicemanager: Since 'package_native' could not be found, trying to start it as a lazy AIDL service
06-26 01:32:24.562  3819  4386 W libc    : Unable to set property "ctl.interface_start" to "aidl/package_native": error code: 0x20
06-26 01:32:24.562  3819  4386 I servicemanager: Tried to start aidl service package_native as a lazy service, but was unable to. Usually this happens when a service is not installed, but if the service is intended to be used as a lazy service, then it may be configured incorrectly.
06-26 01:32:24.562     0     0 E [   16.475712@2]- init: Control message: Could not find 'aidl/package_native' for ctl.interface_start from pid: 3819 (/system/bin/servicemanager)
06-26 01:32:24.609  4238  4238 W ServiceManager: Service package_native didn't start. Returning NULL
06-26 01:32:24.609  4238  4238 E storaged: getService package_native failed
06-26 01:32:24.611  4148  4148 I health2 : /sys/class/mmc_host/emmc/emmc:0001/rev:0x8
06-26 01:32:24.611  4148  4148 I health2 : /sys/class/mmc_host/emmc/emmc:0001/name:8GTF4R
06-26 01:32:24.611  4148  4148 I health2 : /sys/class/mmc_host/emmc/emmc:0001/life_time:0x03 0x03
06-26 01:32:24.611  4148  4148 I health2 : /sys/class/mmc_host/emmc/emmc:0001/pre_eol_info:01
06-26 01:32:24.612  4148  4148 E health2 : /sys/block/sda/stat: ReadFileToString failed.
06-26 01:32:24.612  4148  4148 I health2 : /sys/class/mmc_host/emmc/emmc:0001/rev:0x8
06-26 01:32:24.612  4148  4148 I health2 : /sys/class/mmc_host/emmc/emmc:0001/name:8GTF4R
06-26 01:32:24.612  4148  4148 I health2 : /sys/class/mmc_host/emmc/emmc:0001/life_time:0x03 0x03
06-26 01:32:24.613  4148  4148 I health2 : /sys/class/mmc_host/emmc/emmc:0001/pre_eol_info:01
06-26 01:32:24.613  4238  4388 I storaged: storaged: Start
06-26 01:32:24.613  4148  4148 E health2 : /sys/block/sda/stat: ReadFileToString failed.
06-26 01:32:24.615  4238  4388 I ServiceManager: Waiting for service 'package_native' on '/dev/binder'...
06-26 01:32:24.844  4368  4368 D SystemServerTiming: InitBeforeStartServices took to complete: 808ms
06-26 01:32:24.844  4368  4368 I SystemServerTiming: StartServices
06-26 01:32:24.844  4368  4368 I SystemServerTiming: startBootstrapServices
06-26 01:32:24.844  4368  4368 I SystemServerTiming: StartWatchdog
06-26 01:32:24.853  4368  4368 D SystemServerTiming: StartWatchdog took to complete: 9ms
06-26 01:32:24.853  4368  4368 I SystemServer: Reading configuration...
06-26 01:32:24.853  4368  4368 I SystemServerTiming: ReadingSystemConfig
06-26 01:32:24.854  4368  4368 D SystemServerTiming: ReadingSystemConfig took to complete: 0ms
06-26 01:32:24.854  4368  4397 I SystemServerTimingAsync: InitThreadPoolExec:ReadingSystemConfig
06-26 01:32:24.854  4368  4397 D SystemServerInitThreadPool: Started executing ReadingSystemConfig
06-26 01:32:24.855  4368  4368 I SystemServerTiming: PlatformCompat
06-26 01:32:24.856  4368  4397 I SystemConfig: Reading permissions from /system/etc/sysconfig/preinstalled-packages-platform.xml
06-26 01:32:24.858  4368  4368 D CompatConfig: Found a config file: /system/etc/compatconfig/documents-ui-compat-config.xml
06-26 01:32:24.859  4368  4397 I incfs   : Initial API level of the device: 28
06-26 01:32:24.859  4368  4397 I incfs   : ro.incremental.enable: 
06-26 01:32:24.859  4368  4368 D CompatConfig: Adding: com.android.server.compat.config.Change@bdee314
06-26 01:32:24.860  4368  4397 I SystemConfig: Reading permissions from /system/etc/sysconfig/framework-sysconfig.xml
06-26 01:32:24.861  4368  4397 I SystemConfig: Reading permissions from /system/etc/sysconfig/operator-flags.xml
06-26 01:32:24.862  4368  4368 D CompatConfig: Found a config file: /system/etc/compatconfig/services-platform-compat-config.xml
06-26 01:32:24.863  4368  4397 I SystemConfig: Reading permissions from /system/etc/sysconfig/netflix.xml
06-26 01:32:24.864  4368  4397 I SystemConfig: Reading permissions from /system/etc/sysconfig/hiddenapi-package-whitelist.xml
06-26 01:32:24.865  4368  4368 D CompatConfig: Adding: com.android.server.compat.config.Change@e45c6fe
06-26 01:32:24.865  4368  4397 I SystemConfig: Reading permissions from /system/etc/sysconfig/preinstalled-packages-com.android.providers.media.module.xml
06-26 01:32:24.866  4368  4368 D CompatConfig: Adding: com.android.server.compat.config.Change@eb80ac
06-26 01:32:24.867  4368  4368 D CompatConfig: Adding: com.android.server.compat.config.Change@6826175
06-26 01:32:24.867  4368  4368 D CompatConfig: Adding: com.android.server.compat.config.Change@4b3550a
06-26 01:32:24.868  4368  4368 D CompatConfig: Adding: com.android.server.compat.config.Change@400717b
06-26 01:32:24.868  4368  4397 I SystemConfig: Reading permissions from /system/etc/permissions/javax.obex.xml
06-26 01:32:24.869  4368  4368 D CompatConfig: Adding: com.android.server.compat.config.Change@2249ff1
06-26 01:32:24.870  4368  4368 D CompatConfig: Adding: com.android.server.compat.config.Change@59aaa57
06-26 01:32:24.870  4368  4397 I SystemConfig: Reading permissions from /system/etc/permissions/android.hardware.bluetooth_le.xml
06-26 01:32:24.870  4368  4368 D CompatConfig: Adding: com.android.server.compat.config.Change@90b3944
06-26 01:32:24.871  4368  4368 D CompatConfig: Adding: com.android.server.compat.config.Change@ef17b62
06-26 01:32:24.871  4368  4397 I SystemConfig: Reading permissions from /system/etc/permissions/tv_core_hardware.xml
06-26 01:32:24.872  4368  4368 D CompatConfig: Adding: com.android.server.compat.config.Change@3594f3
06-26 01:32:24.873  4368  4368 D CompatConfig: Adding: com.android.server.compat.config.Change@d365c29
06-26 01:32:24.873  4368  4397 I SystemConfig: Reading permissions from /system/etc/permissions/privapp-permissions-platform.xml
06-26 01:32:24.874  4368  4368 D CompatConfig: Adding: com.android.server.compat.config.Change@efebae
06-26 01:32:24.874  4368  4368 D CompatConfig: Adding: com.android.server.compat.config.Change@68a8d4f
06-26 01:32:24.875  4368  4368 D CompatConfig: Adding: com.android.server.compat.config.Change@a266cdc
06-26 01:32:24.876  4368  4368 D CompatConfig: Adding: com.android.server.compat.config.Change@5af91e5
06-26 01:32:24.876  4368  4368 D CompatConfig: Adding: com.android.server.compat.config.Change@65314ba
06-26 01:32:24.877  4368  4368 D CompatConfig: Adding: com.android.server.compat.config.Change@38caf6b
06-26 01:32:24.878  4368  4368 D CompatConfig: Adding: com.android.server.compat.config.Change@81b7ac8
06-26 01:32:24.879  4368  4368 D CompatConfig: Adding: com.android.server.compat.config.Change@1cc6761
06-26 01:32:24.880  4368  4368 D CompatConfig: Adding: com.android.server.compat.config.Change@18dc286
06-26 01:32:24.880  4368  4368 D CompatConfig: Adding: com.android.server.compat.config.Change@444d747
06-26 01:32:24.881  4368  4368 D CompatConfig: Adding: com.android.server.compat.config.Change@2d17b74
06-26 01:32:24.882  4368  4368 D CompatConfig: Adding: com.android.server.compat.config.Change@687189d
06-26 01:32:24.883  4368  4368 D CompatConfig: Adding: com.android.server.compat.config.Change@7738112
06-26 01:32:24.883  4368  4397 I SystemConfig: Reading permissions from /system/etc/permissions/privapp-permissions-SkyworthDigital.xml
06-26 01:32:24.884  4368  4368 D CompatConfig: Adding: com.android.server.compat.config.Change@f44dae0
06-26 01:32:24.885  4368  4368 D CompatConfig: Adding: com.android.server.compat.config.Change@441a199
06-26 01:32:24.885  4368  4368 D CompatConfig: Adding: com.android.server.compat.config.Change@4849c5e
06-26 01:32:24.886  4368  4368 D CompatConfig: Adding: com.android.server.compat.config.Change@2cf683f
06-26 01:32:24.887  4368  4368 D CompatConfig: Adding: com.android.server.compat.config.Change@3ccc50c
06-26 01:32:24.887  4368  4368 D CompatConfig: Adding: com.android.server.compat.config.Change@581be55
06-26 01:32:24.888  4368  4368 D CompatConfig: Adding: com.android.server.compat.config.Change@afa206a
06-26 01:32:24.889  4368  4368 D CompatConfig: Adding: com.android.server.compat.config.Change@e5c495b
06-26 01:32:24.889  4368  4368 D CompatConfig: Adding: com.android.server.compat.config.Change@30725f8
06-26 01:32:24.890  4368  4368 D CompatConfig: Adding: com.android.server.compat.config.Change@d6cead1
06-26 01:32:24.891  4368  4368 D CompatConfig: Adding: com.android.server.compat.config.Change@591d936
06-26 01:32:24.892  4368  4368 D CompatConfig: Adding: com.android.server.compat.config.Change@50c2037
06-26 01:32:24.892  4368  4397 I SystemConfig: Reading permissions from /system/etc/permissions/GooglePermissionController_permissions.xml
06-26 01:32:24.892  4368  4368 D CompatConfig: Adding: com.android.server.compat.config.Change@204630d
06-26 01:32:24.893  4368  4368 D CompatConfig: Adding: com.android.server.compat.config.Change@b1a52c2
06-26 01:32:24.894  4368  4368 D CompatConfig: Adding: com.android.server.compat.config.Change@37888d3
06-26 01:32:24.894  4368  4368 D CompatConfig: Adding: com.android.server.compat.config.Change@a34bc10
06-26 01:32:24.895  4368  4368 D CompatConfig: Adding: com.android.server.compat.config.Change@e212309
06-26 01:32:24.896  4368  4397 I SystemConfig: Reading permissions from /system/etc/permissions/android.test.runner.xml
06-26 01:32:24.896  4368  4368 D CompatConfig: Adding: com.android.server.compat.config.Change@c38df2f
06-26 01:32:24.897  4368  4368 D CompatConfig: Adding: com.android.server.compat.config.Change@591893c
06-26 01:32:24.898  4368  4368 D CompatConfig: Adding: com.android.server.compat.config.Change@72fe6c5
06-26 01:32:24.899  4368  4397 I SystemConfig: Reading permissions from /system/etc/permissions/privapp-permissions-google.xml
06-26 01:32:24.899  4368  4368 D CompatConfig: Adding: com.android.server.compat.config.Change@9fe3f4b
06-26 01:32:24.902  4368  4397 I SystemConfig: Reading permissions from /system/etc/permissions/GoogleExtServices_permissions.xml
06-26 01:32:24.902  4368  4368 D CompatConfig: Adding: com.android.server.compat.config.Change@2ad2a41
06-26 01:32:24.903  4368  4368 D CompatConfig: Adding: com.android.server.compat.config.Change@5e0fbe6
06-26 01:32:24.904  4368  4397 I SystemConfig: Reading permissions from /system/etc/permissions/android.software.webview.xml
06-26 01:32:24.904  4368  4368 D CompatConfig: Adding: com.android.server.compat.config.Change@837c3d4
06-26 01:32:24.904  4368  4368 D CompatConfig: Adding: com.android.server.compat.config.Change@761297d
06-26 01:32:24.905  4368  4397 I SystemConfig: Reading permissions from /system/etc/permissions/org.apache.http.legacy.xml
06-26 01:32:24.905  4368  4368 D CompatConfig: Adding: com.android.server.compat.config.Change@8c54cc3
06-26 01:32:24.906  4368  4368 D CompatConfig: Adding: com.android.server.compat.config.Change@b374940
06-26 01:32:24.907  4368  4397 I SystemConfig: Reading permissions from /system/etc/permissions/com.android.mediadrm.signer.xml
06-26 01:32:24.907  4368  4368 D CompatConfig: Adding: com.android.server.compat.config.Change@a19a1be
06-26 01:32:24.907  4368  4368 D CompatConfig: Found a config file: /system/etc/compatconfig/framework-platform-compat-config.xml
06-26 01:32:24.908  4368  4397 I SystemConfig: Reading permissions from /system/etc/permissions/prime.xml
06-26 01:32:24.909  4368  4397 I SystemConfig: Reading permissions from /system/etc/permissions/android.test.mock.xml
06-26 01:32:24.911  4368  4397 I SystemConfig: Reading permissions from /system/etc/permissions/droidlogic-hiddenapi-package-whitelist.xml
06-26 01:32:24.911  4368  4368 D CompatConfig: Adding: com.android.server.compat.config.Change@dc1913b
06-26 01:32:24.911  4368  4368 D CompatConfig: Adding: com.android.server.compat.config.Change@44d0058
06-26 01:32:24.912  4368  4397 I SystemConfig: Reading permissions from /system/etc/permissions/com.android.media.remotedisplay.xml
06-26 01:32:24.912  4368  4368 D CompatConfig: Adding: com.android.server.compat.config.Change@1562a96
06-26 01:32:24.913  4368  4368 D CompatConfig: Adding: com.android.server.compat.config.Change@8ae0617
06-26 01:32:24.913  4368  4397 I SystemConfig: Reading permissions from /system/etc/permissions/com.android.future.usb.accessory.xml
06-26 01:32:24.914  4368  4368 D CompatConfig: Adding: com.android.server.compat.config.Change@b746bed
06-26 01:32:24.915  4368  4397 I SystemConfig: Reading permissions from /system/etc/permissions/privapp-permissions-atv.xml
06-26 01:32:24.915  4368  4368 D CompatConfig: Adding: com.android.server.compat.config.Change@582ecb3
06-26 01:32:24.916  4368  4397 I SystemConfig: Reading permissions from /system/etc/permissions/com.android.media.tv.remoteprovider.xml
06-26 01:32:24.916  4368  4368 D CompatConfig: Adding: com.android.server.compat.config.Change@838d9e9
06-26 01:32:24.917  4368  4368 D CompatConfig: Adding: com.android.server.compat.config.Change@db5a10f
06-26 01:32:24.917  4368  4397 I SystemConfig: Reading permissions from /system/etc/permissions/com.android.location.provider.xml
06-26 01:32:24.918  4368  4368 D CompatConfig: Adding: com.android.server.compat.config.Change@e02559c
06-26 01:32:24.919  4368  4368 D CompatConfig: Adding: com.android.server.compat.config.Change@fbc2ba5
06-26 01:32:24.919  4368  4397 I SystemConfig: Reading permissions from /system/etc/permissions/android.test.base.xml
06-26 01:32:24.919  4368  4368 D CompatConfig: Adding: com.android.server.compat.config.Change@2b53f2b
06-26 01:32:24.920  4368  4368 D CompatConfig: Adding: com.android.server.compat.config.Change@6ad2f88
06-26 01:32:24.920  4368  4397 I SystemConfig: Reading permissions from /system/etc/permissions/android.hardware.bluetooth.xml
06-26 01:32:24.921  4368  4368 D CompatConfig: Adding: com.android.server.compat.config.Change@38c6546
06-26 01:32:24.921  4368  4368 D CompatConfig: Adding: com.android.server.compat.config.Change@3c6a307
06-26 01:32:24.922  4368  4397 I SystemConfig: Reading permissions from /system/etc/permissions/com.android.networkstack.tethering.xml
06-26 01:32:24.922  4368  4368 D CompatConfig: Adding: com.android.server.compat.config.Change@6d52a5d
06-26 01:32:24.923  4368  4368 D CompatConfig: Adding: com.android.server.compat.config.Change@c998fd2
06-26 01:32:24.923  4368  4397 I SystemConfig: Reading permissions from /system/etc/permissions/platform.xml
06-26 01:32:24.924  4368  4368 D CompatConfig: Adding: com.android.server.compat.config.Change@64067a0
06-26 01:32:24.925  4368  4368 D CompatConfig: Adding: com.android.server.compat.config.Change@ebf0f59
06-26 01:32:24.925  4368  4368 D CompatConfig: Adding: com.android.server.compat.config.Change@5dcd71e
06-26 01:32:24.926  4368  4368 D CompatConfig: Adding: com.android.server.compat.config.Change@7c6ebff
06-26 01:32:24.927  4368  4368 D CompatConfig: Adding: com.android.server.compat.config.Change@1d45dcc
06-26 01:32:24.927  4368  4368 D CompatConfig: Adding: com.android.server.compat.config.Change@3c84815
06-26 01:32:24.928  4368  4368 D CompatConfig: Adding: com.android.server.compat.config.Change@77b472a
06-26 01:32:24.928  4368  4368 D CompatConfig: Adding: com.android.server.compat.config.Change@3a8491b
06-26 01:32:24.929  4368  4397 I SystemConfig: Reading permissions from /vendor/etc/permissions/android.hardware.ethernet.xml
06-26 01:32:24.929  4368  4368 D CompatConfig: Adding: com.android.server.compat.config.Change@8f25091
06-26 01:32:24.930  4368  4368 D CompatConfig: Adding: com.android.server.compat.config.Change@4deabf6
06-26 01:32:24.930  4368  4397 I SystemConfig: Reading permissions from /vendor/etc/permissions/android.hardware.consumerir.xml
06-26 01:32:24.931  4368  4368 D CompatConfig: Adding: com.android.server.compat.config.Change@44e9a64
06-26 01:32:24.931  4368  4368 D CompatConfig: Adding: com.android.server.compat.config.Change@5da64cd
06-26 01:32:24.932  4368  4397 I SystemConfig: Reading permissions from /vendor/etc/permissions/android.hardware.opengles.aep.xml
06-26 01:32:24.932  4368  4368 D CompatConfig: Adding: com.android.server.compat.config.Change@eccc093
06-26 01:32:24.933  4368  4368 D CompatConfig: Adding: com.android.server.compat.config.Change@48cf8d0
06-26 01:32:24.933  4368  4397 I SystemConfig: Reading permissions from /vendor/etc/permissions/android.hardware.audio.output.xml
06-26 01:32:24.934  4368  4368 D CompatConfig: Adding: com.android.server.compat.config.Change@2fb43ce
06-26 01:32:24.934  4368  4368 D CompatConfig: Adding: com.android.server.compat.config.Change@2f8d2ef
06-26 01:32:24.935  4368  4397 I SystemConfig: Reading permissions from /vendor/etc/permissions/android.hardware.camera.external.xml
06-26 01:32:24.935  4368  4368 D CompatConfig: Adding: com.android.server.compat.config.Change@40c6085
06-26 01:32:24.936  4368  4368 D CompatConfig: Adding: com.android.server.compat.config.Change@a8bceda
06-26 01:32:24.936  4368  4397 I SystemConfig: Reading permissions from /vendor/etc/permissions/droidlogic.software.core.xml
06-26 01:32:24.937  4368  4368 D CompatConfig: Adding: com.android.server.compat.config.Change@b9711e8
06-26 01:32:24.937  4368  4368 D CompatConfig: Adding: com.android.server.compat.config.Change@8378001
06-26 01:32:24.938  4368  4397 W SystemConfig: name is required for <deny-permission> in START_TAG (empty) <deny-permission name=''>@27:35 in java.io.FileReader@a67fea6
06-26 01:32:24.938  4368  4368 D CompatConfig: Adding: com.android.server.compat.config.Change@8bf6494
06-26 01:32:24.938  4368  4397 I SystemConfig: Reading permissions from /vendor/etc/permissions/android.hardware.vulkan.version.xml
06-26 01:32:24.939  4368  4368 D CompatConfig: Adding: com.android.server.compat.config.Change@89b1b3d
06-26 01:32:24.940  4368  4397 I SystemConfig: Reading permissions from /vendor/etc/permissions/android.hardware.wifi.direct.xml
06-26 01:32:24.940  4368  4368 D CompatConfig: Adding: com.android.server.compat.config.Change@76f483
06-26 01:32:24.940  4368  4368 D CompatConfig: Adding: com.android.server.compat.config.Change@1783600
06-26 01:32:24.941  4368  4368 D CompatConfig: Adding: com.android.server.compat.config.Change@4a32e39
06-26 01:32:24.942  4368  4397 I SystemConfig: Reading permissions from /vendor/etc/permissions/droidlogic.tv.software.core.xml
06-26 01:32:24.942  4368  4368 D CompatConfig: Adding: com.android.server.compat.config.Change@6aa55df
06-26 01:32:24.942  4368  4368 D CompatConfig: Adding: com.android.server.compat.config.Change@62ab22c
06-26 01:32:24.943  4368  4368 D CompatConfig: Adding: com.android.server.compat.config.Change@c7f74f5
06-26 01:32:24.943  4368  4397 I SystemConfig: Reading permissions from /vendor/etc/permissions/android.software.vulkan.deqp.level-2021-03-01.xml
06-26 01:32:24.944  4368  4368 D CompatConfig: Adding: com.android.server.compat.config.Change@d8870fb
06-26 01:32:24.944  4368  4368 D CompatConfig: Adding: com.android.server.compat.config.Change@99f6b71
06-26 01:32:24.944  4368  4397 I SystemConfig: Reading permissions from /vendor/etc/permissions/nrdp.xml
06-26 01:32:24.945  4368  4368 D CompatConfig: Adding: com.android.server.compat.config.Change@6035d56
06-26 01:32:24.946  4368  4368 D CompatConfig: Adding: com.android.server.compat.config.Change@c6321d7
06-26 01:32:24.946  4368  4397 I SystemConfig: Reading permissions from /vendor/etc/permissions/android.software.app_widgets.xml
06-26 01:32:24.947  4368  4368 D CompatConfig: Adding: com.android.server.compat.config.Change@2ee4dad
06-26 01:32:24.947  4368  4368 D CompatConfig: Adding: com.android.server.compat.config.Change@3ce0473
06-26 01:32:24.947  4368  4397 I SystemConfig: Reading permissions from /vendor/etc/permissions/android.software.verified_boot.xml
06-26 01:32:24.948  4368  4368 D CompatConfig: Adding: com.android.server.compat.config.Change@8051f30
06-26 01:32:24.949  4368  4397 I SystemConfig: Reading permissions from /vendor/etc/permissions/android.hardware.vulkan.compute.xml
06-26 01:32:24.949  4368  4368 D CompatConfig: Adding: com.android.server.compat.config.Change@f18c12e
06-26 01:32:24.949  4368  4368 D CompatConfig: Adding: com.android.server.compat.config.Change@ffa74cf
06-26 01:32:24.950  4368  4368 D CompatConfig: Adding: com.android.server.compat.config.Change@4d88565
06-26 01:32:24.950  4368  4397 I SystemConfig: Reading permissions from /vendor/etc/permissions/android.hardware.bluetooth.xml
06-26 01:32:24.951  4368  4368 D CompatConfig: Adding: com.android.server.compat.config.Change@9f3c23a
06-26 01:32:24.951  4368  4368 D CompatConfig: Adding: com.android.server.compat.config.Change@4d38eeb
06-26 01:32:24.952  4368  4397 I SystemConfig: Reading permissions from /vendor/etc/permissions/android.software.ipsec_tunnels.xml
06-26 01:32:24.952  4368  4368 D CompatConfig: Adding: com.android.server.compat.config.Change@95112e1
06-26 01:32:24.952  4368  4368 D CompatConfig: Adding: com.android.server.compat.config.Change@64bc806
06-26 01:32:24.953  4368  4397 I SystemConfig: Reading permissions from /vendor/etc/permissions/android.hardware.wifi.passpoint.xml
06-26 01:32:24.953  4368  4368 D CompatConfig: Found a config file: /system/etc/compatconfig/icu4j-platform-compat-config.xml
06-26 01:32:24.954  4368  4397 I SystemConfig: Reading permissions from /vendor/etc/permissions/android.hardware.hdmi.cec.xml
06-26 01:32:24.955  4368  4368 D CompatConfig: Adding: com.android.server.compat.config.Change@dcc5e92
06-26 01:32:24.955  4368  4397 I SystemConfig: Reading permissions from /vendor/etc/permissions/android.hardware.usb.host.xml
06-26 01:32:24.955  4368  4368 D CompatConfig: Found a config file: /system/etc/compatconfig/calendar-provider-compat-config.xml
06-26 01:32:24.957  4368  4368 D CompatConfig: Adding: com.android.server.compat.config.Change@b403d19
06-26 01:32:24.957  4368  4397 I SystemConfig: Reading permissions from /vendor/etc/permissions/android.hardware.wifi.xml
06-26 01:32:24.958  4368  4397 I SystemConfig: Reading permissions from /vendor/etc/permissions/android.software.cant_save_state.xml
06-26 01:32:24.958  4368  4368 D CompatConfig: No directory /system/system_ext/etc/compatconfig, skipping
06-26 01:32:24.959  4368  4397 I SystemConfig: Reading permissions from /vendor/etc/permissions/android.software.backup.xml
06-26 01:32:24.960  4368  4397 I SystemConfig: Reading permissions from /vendor/etc/permissions/android.software.opengles.deqp.level-2021-03-01.xml
06-26 01:32:24.961  4368  4368 D CompatConfig: No directory /apex/com.android.wifi/etc/compatconfig, skipping
06-26 01:32:24.961  4368  4368 D CompatConfig: No directory /apex/com.android.vndk.v31/etc/compatconfig, skipping
06-26 01:32:24.961  4368  4368 D CompatConfig: No directory /apex/com.android.tzdata/etc/compatconfig, skipping
06-26 01:32:24.961  4368  4368 D CompatConfig: No directory /apex/com.android.tethering/etc/compatconfig, skipping
06-26 01:32:24.962  4368  4368 D CompatConfig: No directory /apex/com.android.sdkext/etc/compatconfig, skipping
06-26 01:32:24.962  4368  4397 I SystemConfig: Reading permissions from /vendor/etc/permissions/android.hardware.bluetooth_le.xml
06-26 01:32:24.962  4368  4368 D CompatConfig: No directory /apex/com.android.scheduling/etc/compatconfig, skipping
06-26 01:32:24.962  4368  4368 D CompatConfig: No directory /apex/com.android.runtime/etc/compatconfig, skipping
06-26 01:32:24.962  4368  4368 D CompatConfig: No directory /apex/com.android.resolv/etc/compatconfig, skipping
06-26 01:32:24.963  4368  4368 D CompatConfig: No directory /apex/com.android.permission/etc/compatconfig, skipping
06-26 01:32:24.963  4368  4368 D CompatConfig: No directory /apex/com.android.os.statsd/etc/compatconfig, skipping
06-26 01:32:24.963  4368  4368 D CompatConfig: No directory /apex/com.android.neuralnetworks/etc/compatconfig, skipping
06-26 01:32:24.963  4368  4397 I SystemConfig: Reading permissions from /vendor/etc/permissions/android.hardware.vulkan.level.xml
06-26 01:32:24.964  4368  4368 D CompatConfig: Found a config file: /apex/com.android.mediaprovider/etc/compatconfig/media-provider-platform-compat-config.xml
06-26 01:32:24.964  4368  4397 I SystemConfig: Reading permissions from /vendor/etc/permissions/android.hardware.gamepad.xml
06-26 01:32:24.965  4368  4368 D CompatConfig: Adding: com.android.server.compat.config.Change@69c3eb6
06-26 01:32:24.965  4368  4397 I SystemConfig: Reading permissions from /vendor/etc/permissions/android.hardware.location.xml
06-26 01:32:24.966  4368  4368 D CompatConfig: Adding: com.android.server.compat.config.Change@2d74b24
06-26 01:32:24.967  4368  4397 I SystemConfig: Reading permissions from /vendor/etc/permissions/droidlogic.software.netflix.xml
06-26 01:32:24.967  4368  4368 D CompatConfig: Adding: com.android.server.compat.config.Change@6259042
06-26 01:32:24.968  4368  4368 D CompatConfig: Adding: com.android.server.compat.config.Change@4feb853
06-26 01:32:24.968  4368  4368 D CompatConfig: Adding: com.android.server.compat.config.Change@fcff590
06-26 01:32:24.969  4368  4368 D CompatConfig: Adding: com.android.server.compat.config.Change@5bd9e89
06-26 01:32:24.970  4368  4368 D CompatConfig: Adding: com.android.server.compat.config.Change@f006e8e
06-26 01:32:24.970  4368  4397 I SystemConfig: Reading permissions from /product/etc/sysconfig/google.xml
06-26 01:32:24.971  4368  4368 D CompatConfig: No directory /apex/com.android.media.swcodec/etc/compatconfig, skipping
06-26 01:32:24.971  4368  4368 D CompatConfig: No directory /apex/com.android.media/etc/compatconfig, skipping
06-26 01:32:24.971  4368  4397 I SystemConfig: Adding association: com.google.android.as <- com.android.bluetooth
06-26 01:32:24.971  4368  4397 I SystemConfig: Adding association: com.google.android.as <- com.android.providers.contacts
06-26 01:32:24.971  4368  4368 D CompatConfig: No directory /apex/com.android.ipsec/etc/compatconfig, skipping
06-26 01:32:24.971  4368  4397 I SystemConfig: Adding association: com.google.android.as <- com.android.providers.media
06-26 01:32:24.971  4368  4397 I SystemConfig: Adding association: com.google.android.as <- com.android.providers.telephony
06-26 01:32:24.971  4368  4397 I SystemConfig: Adding association: com.google.android.as <- com.android.systemui
06-26 01:32:24.971  4368  4368 D CompatConfig: No directory /apex/com.android.i18n/etc/compatconfig, skipping
06-26 01:32:24.971  4368  4397 I SystemConfig: Adding association: com.google.android.as <- com.google.android.providers.media.module
06-26 01:32:24.972  4368  4397 I SystemConfig: Adding association: com.google.android.as <- com.google.android.as.oss
06-26 01:32:24.972  4368  4368 D CompatConfig: No directory /apex/com.android.extservices/etc/compatconfig, skipping
06-26 01:32:24.972  4368  4397 I SystemConfig: Adding association: com.google.android.as.oss <- com.google.android.as
06-26 01:32:24.972  4368  4368 D CompatConfig: No directory /apex/com.android.conscrypt/etc/compatconfig, skipping
06-26 01:32:24.972  4368  4397 I SystemConfig: Reading permissions from /product/etc/sysconfig/google_atv.xml
06-26 01:32:24.973  4368  4368 D CompatConfig: Found a config file: /apex/com.android.art/etc/compatconfig/libcore-platform-compat-config.xml
06-26 01:32:24.974  4368  4368 D CompatConfig: Adding: com.android.server.compat.config.Change@798e59a
06-26 01:32:24.974  4368  4397 I SystemConfig: Reading permissions from /product/etc/sysconfig/google-hiddenapi-package-whitelist.xml
06-26 01:32:24.974  4368  4368 D CompatConfig: Adding: com.android.server.compat.config.Change@b24e6a8
06-26 01:32:24.975  4368  4368 D CompatConfig: Adding: com.android.server.compat.config.Change@aed95c1
06-26 01:32:24.976  4368  4368 D CompatConfig: Adding: com.android.server.compat.config.Change@f0fc166
06-26 01:32:24.976  4368  4397 I SystemConfig: Reading permissions from /product/etc/sysconfig/atv-component-overrides.xml
06-26 01:32:24.977  4368  4368 D CompatConfig: Adding: com.android.server.compat.config.Change@a35c554
06-26 01:32:24.977  4368  4368 D CompatConfig: No directory /apex/com.android.appsearch/etc/compatconfig, skipping
06-26 01:32:24.978  4368  4397 I SystemConfig: Reading permissions from /product/etc/sysconfig/google-staged-installer-whitelist.xml
06-26 01:32:24.978  4368  4368 D CompatConfig: No directory /apex/com.android.adbd/etc/compatconfig, skipping
06-26 01:32:24.979  4368  4397 I SystemConfig: Reading permissions from /product/etc/sysconfig/google-rollback-package-whitelist.xml
06-26 01:32:24.981  4368  4368 D SystemServerTiming: PlatformCompat took to complete: 125ms
06-26 01:32:24.981  4368  4368 I SystemServerTiming: StartFileIntegrityService
06-26 01:32:24.981  4368  4368 I SystemServiceManager: Starting com.android.server.security.FileIntegrityService
06-26 01:32:24.981  4368  4397 I SystemConfig: Reading permissions from /product/etc/permissions/priv_app_droidtvsettings.xml
06-26 01:32:24.983  4368  4397 I SystemConfig: Reading permissions from /product/etc/permissions/split-permissions-google.xml
06-26 01:32:24.984  4368  4397 I SystemConfig: Reading permissions from /product/etc/permissions/privapp-permissions-atv-product.xml
06-26 01:32:24.987  4368  4397 I SystemConfig: Reading permissions from /product/etc/permissions/privapp-permissions-google-p.xml
06-26 01:32:24.996  4368  4397 W SystemConfig: No directory /system_ext/etc/sysconfig, skipping
06-26 01:32:24.997  4368  4397 I SystemConfig: Reading permissions from /system_ext/etc/permissions/com.droidlogic.tv.settings.xml
06-26 01:32:24.999  4368  4368 D SystemServerTiming: StartFileIntegrityService took to complete: 17ms
06-26 01:32:24.999  4368  4368 I SystemServerTiming: StartInstaller
06-26 01:32:24.999  4368  4368 I SystemServiceManager: Starting com.android.server.pm.Installer
06-26 01:32:24.999  4368  4397 I SystemConfig: Reading permissions from /system_ext/etc/permissions/privapp-permissions-google-se.xml
06-26 01:32:25.001  4229  4236 D installd: Found quota mount /dev/block/userdata at /data
06-26 01:32:25.002  4229  4236 D installd: Found quota mount /dev/block/param at /mnt/vendor/param
06-26 01:32:25.002  4229  4236 D installd: Found quota mount /dev/block/by-name/skyinfo at /mnt/skyinfo
06-26 01:32:25.002  4229  4236 D installd: Found quota mount /dev/block/userdata at /data/user/0
06-26 01:32:25.004  4368  4397 I SystemConfig: Reading permissions from /system_ext/etc/permissions/droidlogic_permissions.xml
06-26 01:32:25.004  4368  4368 D SystemServerTiming: StartInstaller took to complete: 5ms
06-26 01:32:25.004  4368  4368 I SystemServerTiming: DeviceIdentifiersPolicyService
06-26 01:32:25.004  4368  4368 I SystemServiceManager: Starting com.android.server.os.DeviceIdentifiersPolicyService
06-26 01:32:25.006  4368  4368 D SystemServerTiming: DeviceIdentifiersPolicyService took to complete: 1ms
06-26 01:32:25.006  4368  4397 I SystemConfig: Reading permissions from /system_ext/etc/permissions/com.android.tv.settings.xml
06-26 01:32:25.006  4368  4368 I SystemServerTiming: UriGrantsManagerService
06-26 01:32:25.006  4368  4368 I SystemServiceManager: Starting com.android.server.uri.UriGrantsManagerService$Lifecycle
06-26 01:32:25.008  4368  4397 I SystemConfig: Reading permissions from /system_ext/etc/permissions/com.android.systemui.xml
06-26 01:32:25.009  4368  4368 D SystemServerTiming: UriGrantsManagerService took to complete: 3ms
06-26 01:32:25.009  4368  4368 I SystemServerTiming: StartPowerStatsService
06-26 01:32:25.009  4368  4368 I SystemServiceManager: Starting com.android.server.powerstats.PowerStatsService
06-26 01:32:25.012  3819  3819 E servicemanager: Could not find android.hardware.power.stats.IPowerStats/default in the VINTF manifest.
06-26 01:32:25.013  4368  4397 I SystemConfig: Reading permissions from /apex/com.android.ipsec/etc/permissions/android.net.ipsec.ike.xml
06-26 01:32:25.015  4368  4368 D hw-ProcessState: Binder ioctl to enable oneway spam detection failed: Invalid argument
06-26 01:32:25.018     0     0 I [   16.928984@0]- binder: 4368:4368 ioctl 40046210 ffa579f0 returned -22
06-26 01:32:25.020  4368  4397 W SystemConfig: Failed to read public libraries file /vendor/etc/public.libraries.txt
06-26 01:32:25.020  4368  4397 W SystemConfig: java.io.FileNotFoundException: /vendor/etc/public.libraries.txt: open failed: ENOENT (No such file or directory)
06-26 01:32:25.020  4368  4397 W SystemConfig: 	at libcore.io.IoBridge.open(IoBridge.java:575)
06-26 01:32:25.020  4368  4397 W SystemConfig: 	at java.io.FileInputStream.<init>(FileInputStream.java:160)
06-26 01:32:25.020  4368  4397 W SystemConfig: 	at java.io.FileReader.<init>(FileReader.java:72)
06-26 01:32:25.020  4368  4397 W SystemConfig: 	at com.android.server.SystemConfig.readPublicLibrariesListFile(SystemConfig.java:1601)
06-26 01:32:25.020  4368  4397 W SystemConfig: 	at com.android.server.SystemConfig.readPublicNativeLibrariesList(SystemConfig.java:1583)
06-26 01:32:25.020  4368  4397 W SystemConfig: 	at com.android.server.SystemConfig.<init>(SystemConfig.java:484)
06-26 01:32:25.020  4368  4397 W SystemConfig: 	at com.android.server.SystemConfig.getInstance(SystemConfig.java:272)
06-26 01:32:25.020  4368  4397 W SystemConfig: 	at com.android.server.SystemServer$$ExternalSyntheticLambda6.run(Unknown Source:0)
06-26 01:32:25.020  4368  4397 W SystemConfig: 	at com.android.server.SystemServerInitThreadPool.lambda$submitTask$0$SystemServerInitThreadPool(SystemServerInitThreadPool.java:105)
06-26 01:32:25.020  4368  4397 W SystemConfig: 	at com.android.server.SystemServerInitThreadPool$$ExternalSyntheticLambda0.run(Unknown Source:6)
06-26 01:32:25.020  4368  4397 W SystemConfig: 	at java.util.concurrent.Executors$RunnableAdapter.call(Executors.java:462)
06-26 01:32:25.020  4368  4397 W SystemConfig: 	at java.util.concurrent.FutureTask.run(FutureTask.java:266)
06-26 01:32:25.020  4368  4397 W SystemConfig: 	at java.util.concurrent.ThreadPoolExecutor.runWorker(ThreadPoolExecutor.java:1167)
06-26 01:32:25.020  4368  4397 W SystemConfig: 	at java.util.concurrent.ThreadPoolExecutor$Worker.run(ThreadPoolExecutor.java:641)
06-26 01:32:25.020  4368  4397 W SystemConfig: 	at com.android.internal.util.ConcurrentUtils$1$1.run(ConcurrentUtils.java:65)
06-26 01:32:25.020  4368  4397 W SystemConfig: Caused by: android.system.ErrnoException: open failed: ENOENT (No such file or directory)
06-26 01:32:25.020  4368  4397 W SystemConfig: 	at libcore.io.Linux.open(Native Method)
06-26 01:32:25.020  4368  4397 W SystemConfig: 	at libcore.io.ForwardingOs.open(ForwardingOs.java:567)
06-26 01:32:25.020  4368  4397 W SystemConfig: 	at libcore.io.BlockGuardOs.open(BlockGuardOs.java:273)
06-26 01:32:25.020  4368  4397 W SystemConfig: 	at libcore.io.IoBridge.open(IoBridge.java:561)
06-26 01:32:25.020  4368  4397 W SystemConfig: 	... 14 more
06-26 01:32:25.022  4368  4397 D SystemConfig: readAllPermissions took to complete: 167ms
06-26 01:32:25.022  4368  4397 D SystemServerInitThreadPool: Finished executing ReadingSystemConfig
06-26 01:32:25.022  4368  4397 D SystemServerTimingAsync: InitThreadPoolExec:ReadingSystemConfig took to complete: 167ms
06-26 01:32:25.024  4368  4368 D SystemServerTiming: StartPowerStatsService took to complete: 15ms
06-26 01:32:25.024  4368  4368 I SystemServerTiming: StartIStatsService
06-26 01:32:25.025  4368  4368 I HidlServiceManagement: Registered android.frameworks.stats@1.0::IStats/default
06-26 01:32:25.027  3819  3819 I servicemanager: Found android.frameworks.stats.IStats/default in framework VINTF manifest.
06-26 01:32:25.027  4368  4368 D SystemServerTiming: StartIStatsService took to complete: 3ms
06-26 01:32:25.028  4368  4368 I SystemServerTiming: MemtrackProxyService
06-26 01:32:25.030  3819  3819 E servicemanager: Could not find android.hardware.memtrack.IMemtrack/default in the VINTF manifest.
06-26 01:32:25.030  4368  4368 I Stability: Interface set with vintf stability wire protocol version 1 downgraded to system stability wire protocol version 1 stability
06-26 01:32:25.031  4368  4368 D SystemServerTiming: MemtrackProxyService took to complete: 3ms
06-26 01:32:25.031  4368  4368 I SystemServerTiming: StartActivityManager
06-26 01:32:25.031  4368  4368 I SystemServiceManager: Starting com.android.server.wm.ActivityTaskManagerService$Lifecycle
06-26 01:32:25.042  4368  4368 I SystemServiceManager: Starting com.android.server.am.ActivityManagerService$Lifecycle
06-26 01:32:25.048  4368  4368 I ActivityManager: Memory class: 256
06-26 01:32:25.052  4368  4401 I Binder  : Setting heavy hitter watcher config: false, 0, 0.0
06-26 01:32:25.073  4368  4368 I PackageWatchdog: Updated health check state for package com.google.android.ext.services: INACTIVE -> PASSED
06-26 01:32:25.073  4368  4368 I PackageWatchdog: Updated health check state for package android: INACTIVE -> PASSED
06-26 01:32:25.074  4368  4368 I PackageWatchdog: Updated health check state for package com.google.android.permissioncontroller: INACTIVE -> PASSED
06-26 01:32:25.074  4368  4368 I PackageWatchdog: Updated health check state for package com.google.android.gms: INACTIVE -> PASSED
06-26 01:32:25.074  4368  4368 I PackageWatchdog: Updated health check state for package com.google.android.gsf: INACTIVE -> PASSED
06-26 01:32:25.074  4368  4368 I PackageWatchdog: Updated health check state for package com.android.providers.userdictionary: INACTIVE -> PASSED
06-26 01:32:25.074  4368  4368 I PackageWatchdog: Updated health check state for package com.android.providers.media.module: INACTIVE -> PASSED
06-26 01:32:25.074  4368  4368 I PackageWatchdog: Updated health check state for package com.android.systemui: INACTIVE -> PASSED
06-26 01:32:25.074  4368  4368 I PackageWatchdog: Updated health check state for package com.android.bluetooth: INACTIVE -> PASSED
06-26 01:32:25.074  4368  4368 I PackageWatchdog: Updated health check state for package com.android.providers.contacts: INACTIVE -> PASSED
06-26 01:32:25.086  4368  4368 D BatteryStatsImpl: Reading daily items from /data/system/batterystats-daily.xml
06-26 01:32:25.113  4368  4408 I BatteryStatsService: Using power.stats HAL
06-26 01:32:25.115  4368  4408 W BatteryStatsService: Rail information is not available
06-26 01:32:25.115  4368  4408 W BatteryStatsService: Rail energy data is not available
06-26 01:32:25.116  4368  4408 E BluetoothAdapter: Bluetooth binder is null
06-26 01:32:25.116  4368  4408 I KernelCpuUidFreqTimeReader: mPerClusterTimesAvailable=false
06-26 01:32:25.121  4368  4408 W KernelCpuUidFreqTimeBpfMapReader: Failed to start tracking
06-26 01:32:25.124  4368  4408 W KernelCpuUidActiveTimeBpfMapReader: Failed to start tracking
06-26 01:32:25.127  4368  4408 W KernelCpuUidClusterTimeBpfMapReader: Failed to start tracking
06-26 01:32:25.131  4368  4408 E system_server: Cannot read thread CPU times for PID 4368
06-26 01:32:25.132  4368  4408 E KernelWakelockReader: neither /proc/wakelocks nor /d/wakeup_sources exists
06-26 01:32:25.136  4368  4408 W BatteryStatsImpl: Couldn't get kernel wake lock stats
06-26 01:32:25.137  4368  4408 W KernelMemoryBandwidthStats: No kernel memory bandwidth stats available
06-26 01:32:25.249  4151  4151 I memtrack_aml: debug_level:1
06-26 01:32:25.249  4151  4151 I memtrack_aml: debug_level:1
06-26 01:32:25.249  4151  4151 D memtrack_aml: open file /d/ion/heaps/vmalloc_ion error No such file or directory
06-26 01:32:25.249  4151  4151 I memtrack_aml: debug_level:1
06-26 01:32:25.250  4151  4151 I memtrack_aml: debug_level:1
06-26 01:32:25.250  4151  4151 D memtrack_aml: open /d/mali0/ctx error No such file or directory
06-26 01:32:25.250  4151  4151 D memtrack_aml: open file /proc/4368/smaps error No such file or directory
06-26 01:32:25.250  4151  4151 I memtrack_aml: debug_level:1
06-26 01:32:25.250  4151  4151 I memtrack_aml: debug_level:1
06-26 01:32:25.250  4151  4151 D memtrack_aml: fail to open /d/ion/heaps
06-26 01:32:25.250  4151  4151 I memtrack_aml: debug_level:1
06-26 01:32:25.250  4151  4151 I memtrack_aml: debug_level:1
06-26 01:32:25.250  4368  4368 W android.os.Debug: failed to get other pss: -2
06-26 01:32:25.314  4368  4368 I IntentFirewall: Read new rules (A:0 B:0 S:0)
06-26 01:32:25.334  4368  4368 D AppOps  : AppOpsService published
06-26 01:32:25.335  4368  4368 D SystemServerTiming: StartActivityManager took to complete: 305ms
06-26 01:32:25.335  4368  4368 I SystemServerTiming: StartDataLoaderManagerService
06-26 01:32:25.336  4368  4368 I SystemServiceManager: Starting com.android.server.pm.DataLoaderManagerService
06-26 01:32:25.337  4368  4368 D SystemServerTiming: StartDataLoaderManagerService took to complete: 2ms
06-26 01:32:25.337  4368  4368 I SystemServerTiming: StartIncrementalService
06-26 01:32:25.337  4368  4368 D SystemServerTiming: StartIncrementalService took to complete: 0ms
06-26 01:32:25.337  4368  4368 I SystemServerTiming: StartPowerManager
06-26 01:32:25.338  4368  4368 I SystemServiceManager: Starting com.android.server.power.PowerManagerService
06-26 01:32:25.348  3819  3819 E servicemanager: Could not find android.hardware.power.IPower/default in the VINTF manifest.
06-26 01:32:25.351  3820  3820 I hw-BpHwBinder: onLastStrongRef automatically unlinking death recipients
06-26 01:32:25.352  4155  4155 I PowerHAL: setInteractive ineractive:yes
06-26 01:32:25.354     0     0 I         : [   17.266919@2]- early_suspend_state=0
06-26 01:32:25.355  4368  4368 D SystemServerTiming: StartPowerManager took to complete: 18ms
06-26 01:32:25.355  4368  4368 I SystemServerTiming: StartThermalManager
06-26 01:32:25.356  4368  4368 I SystemServiceManager: Starting com.android.server.power.ThermalManagerService
06-26 01:32:25.357  4368  4368 D SystemServerTiming: StartThermalManager took to complete: 2ms
06-26 01:32:25.357  4368  4368 I SystemServerTiming: StartHintManager
06-26 01:32:25.357  4368  4368 I SystemServiceManager: Starting com.android.server.power.hint.HintManagerService
