06-26 01:32:12.375     0     0 I         : [    1.131152@2]- get B default state
06-26 01:32:12.375     0     0 E         : [    1.131179@2]- cectx ff80023c.aocec: no clock regs
06-26 01:32:12.375     0     0 E         : [    1.136498@2]- cectx ff80023c.aocec: wakeup_reason:0x0
06-26 01:32:12.375     0     0 E         : [    1.136552@2]- cectx ff80023c.aocec: wakeup_data: 0x0
06-26 01:32:12.375     0     0 I [    1.137314@2]- unifykey: no efuse-version set, use default value: -1
06-26 01:32:12.375     0     0 I [    1.140650@3]- unifykey: aml_unifykeys_init done!
06-26 01:32:12.375     0     0 I         : [    1.140799@3]- meson ts init
06-26 01:32:12.375     0     0 I         : [    1.140999@3]- tsensor id: 0
06-26 01:32:12.375     0     0 I         : [    1.141135@3]- tsensor trim info: 0xfa00803a!
06-26 01:32:12.375     0     0 I         : [    1.141139@3]- tsensor hireboot: 0xc0ff2a90
06-26 01:32:12.375     0     0 I         : [    1.141218@3]- meson ts init
06-26 01:32:12.375     0     0 I         : [    1.141234@3]- tsensor id: 1
06-26 01:32:12.375     0     0 I         : [    1.141314@3]- tsensor trim info: 0xfa008049!
06-26 01:32:12.375     0     0 I         : [    1.141318@3]- tsensor hireboot: 0xc0ff2aa0
06-26 01:32:12.375     0     0 I [    1.141632@3]- audio_dsp: [dsp]register dsp to char divece(257)
06-26 01:32:12.375     0     0 I [    1.141934@3]- amaudio: amaudio: driver amaudio init!
06-26 01:32:12.375     0     0 I [    1.142331@3]- amaudio: amaudio_init - amaudio: driver amaudio succuess!
06-26 01:32:12.375     0     0 I         : [    1.143299@3]- amlkaraoke init success!
06-26 01:32:12.375     0     0 I [    1.143505@3]- sysled: module init
06-26 01:32:12.375     0     0 I         : [    1.143929@3]- meson_wdt ffd0f0d0.watchdog: start watchdog
06-26 01:32:12.375     0     0 I         : [    1.143934@3]- meson_wdt ffd0f0d0.watchdog: create hrtimer for watch dog
06-26 01:32:12.375     0     0 I         : [    1.144154@3]- meson_wdt ffd0f0d0.watchdog: AML Watchdog Timer probed done
06-26 01:32:12.375     0     0 W         : [    1.144944@3]- not get gpio_en
06-26 01:32:12.375     0     0 I [    1.145344@3]- input: input_btrcu as /devices/platform/bt-dev/input/input3
06-26 01:32:12.375     0     0 I         : [    1.146353@3]- dmc_monitor_probe
06-26 01:32:12.375     0     0 E         : [    1.146517@3]- page_trace_module_init, create slabtrace failed
06-26 01:32:12.375     0     0 W [    1.147126@3]- atv_demod: aml_atvdemod_init: OK, atv demod version: V2.28.
06-26 01:32:12.375     0     0 E         : [    1.147295@3]- defendkey ff630218.defendkey: Reserved memory is not enough!
06-26 01:32:12.375     0     0 W [    1.147307@3]- defendkey: probe of ff630218.defendkey failed with error -22
06-26 01:32:12.375     0     0 I [    1.147894@3]- bl40: bl40 probe
06-26 01:32:12.375     0     0 I [    1.148200@3]- aml_dvb_extern_init: OK, version: V1.04.
06-26 01:32:12.375     0     0 I [    1.148457@3]- usbcore: registered new interface driver snd-usb-audio
06-26 01:32:12.375     0     0 I         : [    1.149696@3]- aml_codec_T9015 ff632000.t9015: aml_T9015_audio_codec_probe
06-26 01:32:12.375     0     0 I         : [    1.149721@3]- T9015 acodec used by auge, tdmout:1
06-26 01:32:12.375     0     0 I         : [    1.151878@3]- asoc debug: aml_audio_controller_probe-130
06-26 01:32:12.375     0     0 I         : [    1.152739@3]- aml_tdm_platform_probe, tdm ID = 0, lane_cnt = 4
06-26 01:32:12.375     0     0 I         : [    1.152778@3]- snd_tdm ff642000.audiobus:tdma: lane_mask_out = 1, lane_oe_mask_out = 0
06-26 01:32:12.375     0     0 W         : [    1.152828@3]- snd_tdm ff642000.audiobus:tdma: neither mclk_pad nor mclk2pad set
06-26 01:32:12.375     0     0 I         : [    1.152936@3]- aml_tdm_platform_probe(), share en = 1
06-26 01:32:12.375     0     0 I         : [    1.152941@3]- No channel mask node Channel_Mask
06-26 01:32:12.375     0     0 I         : [    1.153187@3]- aml_tdm_platform_probe, tdm ID = 1, lane_cnt = 4
06-26 01:32:12.375     0     0 I         : [    1.153258@3]- TDM id 1 samesource_sel:3
06-26 01:32:12.375     0     0 I         : [    1.153267@3]- snd_tdm ff642000.audiobus:tdmb: lane_mask_out = 1, lane_oe_mask_out = 0
06-26 01:32:12.375     0     0 I         : [    1.153522@3]- TDM id 1 output clk enable:1
06-26 01:32:12.375     0     0 I         : [    1.153544@3]- aml_tdm_platform_probe(), share en = 1
06-26 01:32:12.375     0     0 I         : [    1.153548@3]- No channel mask node Channel_Mask
06-26 01:32:12.375     0     0 I         : [    1.153557@3]- TDM id 1 tuning clk enable:1
06-26 01:32:12.375     0     0 I         : [    1.153597@3]- aml_tdm_platform_probe, tdm ID = 2, lane_cnt = 4
06-26 01:32:12.375     0     0 I         : [    1.153625@3]- TDM id 2 i2s2hdmi:1
06-26 01:32:12.376     0     0 I         : [    1.153633@3]- snd_tdm ff642000.audiobus:tdmc: lane_mask_out = f, lane_oe_mask_out = 0
06-26 01:32:12.376     0     0 I         : [    1.153675@3]- snd_tdm ff642000.audiobus:tdmc: aml_tdm_get_pins error!
06-26 01:32:12.376     0     0 I         : [    1.153679@3]- aml_tdm_platform_probe(), share en = 1
06-26 01:32:12.376     0     0 I         : [    1.153683@3]- No channel mask node Channel_Mask
06-26 01:32:12.376     0     0 D         : [    1.154375@3]- aml_spdif_platform_probe, spdif ID = 0
06-26 01:32:12.376     0     0 D         : [    1.154815@3]- SPDIF id 0 asrc_id:0 auto_asrc:0
06-26 01:32:12.376     0     0 I         : [    1.154886@3]- Spdif id 0 tuning clk enable:1
06-26 01:32:12.376     0     0 I         : [    1.154895@3]- aml_spdif_platform_probe, register soc platform
06-26 01:32:12.376     0     0 D         : [    1.154932@3]- aml_spdif_platform_probe, spdif ID = 1
06-26 01:32:12.376     0     0 I         : [    1.155010@3]- aml_spdif_platform_probe, register soc platform
06-26 01:32:12.376     0     0 W         : [    1.155953@3]- default set lane_mask_in as all lanes.
06-26 01:32:12.376     0     0 I         : [    1.155959@3]- aml_pdm_platform_probe pdm filter mode from dts:1
06-26 01:32:12.376     0     0 I         : [    1.155963@3]- aml_pdm_platform_probe pdm train sample count from dts:-1
06-26 01:32:12.376     0     0 I         : [    1.155973@3]- aml_pdm_platform_probe, register soc platform
06-26 01:32:12.376     0     0 I         : [    1.156535@3]- audio-ddr-manager ff642000.audiobus:ddr_manager: 0, irqs toddr 28, frddr 31
06-26 01:32:12.376     0     0 I         : [    1.156564@3]- audio-ddr-manager ff642000.audiobus:ddr_manager: 1, irqs toddr 29, frddr 32
06-26 01:32:12.376     0     0 I         : [    1.156591@3]- audio-ddr-manager ff642000.audiobus:ddr_manager: 2, irqs toddr 30, frddr 33
06-26 01:32:12.376     0     0 I [    1.157271@3]- 	datain_src: 4, datain_chnum:4, datain_chumask:f
06-26 01:32:12.376     0     0 I [    1.157275@3]- 	datalb_src: 1, datalb_chnum:2, datalb_chmask:3
06-26 01:32:12.376     0     0 I [    1.157279@3]- 	datain_lane_mask: 0x5, datalb_lane_mask:0x1
06-26 01:32:12.376     0     0 I [    1.157283@3]- datalb_format: 1, chmask for lanes: 0x3
06-26 01:32:12.376     0     0 I         : [    1.157531@3]- loopback_platform_probe, p_loopback->id:0 register soc platform
06-26 01:32:12.376     0     0 I         : [    1.157962@3]- audiolocker_platform_probe
06-26 01:32:12.376     0     0 I         : [    1.158396@3]- resample_platform_probe
06-26 01:32:12.376     0     0 I         : [    1.158490@3]- resample_clk_set, resample_pll:24575987, sclk:12287994, clk:12287994
06-26 01:32:12.376     0     0 I [    1.158494@3]- audio_ddr_mngr: aml_set_resample(), toddr NULL
06-26 01:32:12.376     0     0 I         : [    1.158498@3]- resample id = 0, new resample = 0, resample_module = 4
06-26 01:32:12.376     0     0 I         : [    1.159868@3]- Register vad
06-26 01:32:12.376     0     0 I [    1.160012@1]- meson-mmc: emmc: clk 199999997 tuning start
06-26 01:32:12.376     0     0 I [    1.163883@1]- meson-mmc: emmc: adj_win: < 0 2 3 4 >
06-26 01:32:12.376     0     0 I [    1.163890@1]- meson-mmc: step:4, delay1:0x4104104, delay2:0x4004104
06-26 01:32:12.376     0     0 I [    1.166647@1]- meson-mmc: emmc: adj_win: < 0 3 4 >
06-26 01:32:12.376     0     0 I [    1.166653@1]- meson-mmc: left:3, right:0, mid:4, size:4
06-26 01:32:12.376     0     0 I [    1.166657@1]- meson-mmc: step:0, delay1:0x0, delay2:0x0
06-26 01:32:12.376     0     0 I [    1.166662@1]- meson-mmc: emmc: sd_emmc_regs->gclock=0x10000345,sd_emmc_regs->gadjust=0x42000
06-26 01:32:12.376     0     0 I [    1.166754@1]- emmc: new HS200 MMC card at address 0001
06-26 01:32:12.376     0     0 I [    1.166759@1]- emmc: clock 199999997, 8-bit-bus-width
06-26 01:32:12.376     0     0 I         : [    1.166759@1]-
06-26 01:32:12.376     0     0 I [    1.167151@1]- mmcblk0: emmc:0001 8GTF4R 7.28 GiB
06-26 01:32:12.376     0     0 I [    1.167291@1]- mmcblk0boot0: emmc:0001 8GTF4R partition 1 4.00 MiB
06-26 01:32:12.376     0     0 I [    1.167431@1]- mmcblk0boot1: emmc:0001 8GTF4R partition 2 4.00 MiB
06-26 01:32:12.376     0     0 I [    1.167569@1]- mmcblk0rpmb: emmc:0001 8GTF4R partition 3 512 KiB
06-26 01:32:12.376     0     0 I [    1.168405@1]- meson-mmc: Enter aml_emmc_partition_ops
06-26 01:32:12.376     0     0 I [    1.168989@1]- meson-mmc: [mmc_read_partition_tbl] mmc read partition OK!
06-26 01:32:12.376     0     0 I [    1.168992@1]- meson-mmc: add_emmc_partition
06-26 01:32:12.376     0     0 I         : [    1.171532@1]- card key: card_blk_probe.
06-26 01:32:12.376     0     0 I [    1.171541@1]- emmc_key_init: 494 emmc key lba_start:0x12020,lba_end:0x12422
06-26 01:32:12.376     0     0 I         : [    1.174063@1]- calc ba9eb08b47, store ba9eb08b47
06-26 01:32:12.376     0     0 I         : [    1.175962@1]- calc ba9eb08b47, store ba9eb08b47
06-26 01:32:12.376     0     0 I         : [    1.175966@1]- do nothing
06-26 01:32:12.376     0     0 I         : [    1.175979@1]- emmc key: emmc_key_init:519 ok.
06-26 01:32:12.376     0     0 I [    1.175983@1]- meson-mmc: amlmmc_dtb_init: register dtb chardev
06-26 01:32:12.376     0     0 I [    1.179580@1]- meson-mmc: total valid 2
06-26 01:32:12.376     0     0 I [    1.179787@1]- meson-mmc: amlmmc_dtb_init: register dtb chardev OK
06-26 01:32:12.376     0     0 I [    1.179792@1]- meson-mmc: amlmmc_ddr_init: register ddr_parameter chardev
06-26 01:32:12.376     0     0 I [    1.179901@1]- meson-mmc: amlmmc_ddr_init: register ddr parameter chardev OK
06-26 01:32:12.376     0     0 I [    1.179940@1]- meson-mmc: Exit aml_emmc_partition_ops OK.
06-26 01:32:12.376     0     0 I         : [    1.368417@3]- aml_spdif_component_probe
06-26 01:32:12.376     0     0 I         : [    1.368444@3]- aml_spdif_component_probe
06-26 01:32:12.376     0     0 E         : [    1.368480@3]- asoc-aml-card auge_sound: control 2:0:0:I2SIn CLK:0 is already present
06-26 01:32:12.376     0     0 E         : [    1.368486@3]- snd_tdm ff642000.audiobus:tdmb: ASoC: Failed to add I2SIn CLK: -16
06-26 01:32:12.376     0     0 E         : [    1.368490@3]- aml_dai_tdm_probe, failed add snd tdm controls
06-26 01:32:12.376     0     0 E         : [    1.368499@3]- asoc-aml-card auge_sound: control 2:0:0:I2SIn CLK:0 is already present
06-26 01:32:12.376     0     0 E         : [    1.368505@3]- snd_tdm ff642000.audiobus:tdmc: ASoC: Failed to add I2SIn CLK: -16
06-26 01:32:12.376     0     0 E         : [    1.368508@3]- aml_dai_tdm_probe, failed add snd tdm controls
06-26 01:32:12.376     0     0 D         : [    1.368516@3]- aml_dai_set_tdm_slot(), txmask(0xff), rxmask(0xff)
06-26 01:32:12.376     0     0 D         : [    1.368519@3]- 	lanes_out_cnt(1), lanes_in_cnt(1)
06-26 01:32:12.376     0     0 D         : [    1.368522@3]- 	lanes_lb_cnt(0)
06-26 01:32:12.376     0     0 D         : [    1.368525@3]- 	slots(8), slot_width(32)
06-26 01:32:12.376     0     0 D         : [    1.368529@3]- 	lanes_oe_out_cnt(0), lanes_oe_in_cnt(0)
06-26 01:32:12.376     0     0 D         : [    1.368545@3]- asoc aml_dai_set_tdm_fmt, 0x4004, ffffffc053c7a218, id(0), clksel(0)
06-26 01:32:12.376     0     0 I         : [    1.368551@3]- master_mode(1), binv(1), finv(0) out_skew(2), in_skew(3)
06-26 01:32:12.377     0     0 I         : [    1.368990@3]- asoc-aml-card auge_sound: multicodec <-> TDM-A mapping ok
06-26 01:32:12.377     0     0 D         : [    1.368997@3]- aml_dai_set_tdm_slot(), txmask(0x3), rxmask(0x3)
06-26 01:32:12.377     0     0 D         : [    1.369000@3]- 	lanes_out_cnt(1), lanes_in_cnt(1)
06-26 01:32:12.377     0     0 D         : [    1.369003@3]- 	lanes_lb_cnt(0)
06-26 01:32:12.377     0     0 D         : [    1.369006@3]- 	slots(2), slot_width(32)
06-26 01:32:12.377     0     0 D         : [    1.369010@3]- 	lanes_oe_out_cnt(0), lanes_oe_in_cnt(0)
06-26 01:32:12.377     0     0 D         : [    1.369022@3]- asoc aml_dai_set_tdm_fmt, 0x4001, ffffffc053c7a818, id(1), clksel(1)
06-26 01:32:12.377     0     0 I         : [    1.369028@3]- master_mode(1), binv(1), finv(1) out_skew(2), in_skew(3)
06-26 01:32:12.377     0     0 I         : [    1.369331@3]- asoc-aml-card auge_sound: multicodec <-> TDM-B mapping ok
06-26 01:32:12.377     0     0 D         : [    1.369336@3]- aml_dai_set_tdm_slot(), txmask(0x3), rxmask(0x3)
06-26 01:32:12.377     0     0 D         : [    1.369340@3]- 	lanes_out_cnt(4), lanes_in_cnt(0)
06-26 01:32:12.377     0     0 D         : [    1.369343@3]- 	lanes_lb_cnt(0)
06-26 01:32:12.377     0     0 D         : [    1.369346@3]- 	slots(2), slot_width(32)
06-26 01:32:12.377     0     0 D         : [    1.369350@3]- 	lanes_oe_out_cnt(0), lanes_oe_in_cnt(0)
06-26 01:32:12.377     0     0 D         : [    1.369355@3]- asoc aml_dai_set_tdm_fmt, 0x4001, ffffffc053c7b018, id(2), clksel(2)
06-26 01:32:12.377     0     0 I         : [    1.369361@3]- master_mode(1), binv(1), finv(1) out_skew(2), in_skew(3)
06-26 01:32:12.377     0     0 I         : [    1.369664@3]- asoc-aml-card auge_sound: multicodec <-> TDM-C mapping ok
06-26 01:32:12.377     0     0 I         : [    1.369880@3]- asoc-aml-card auge_sound: dummy <-> ff642000.audiobus:pdm mapping ok
06-26 01:32:12.377     0     0 D         : [    1.369885@3]- set normal 128fs
06-26 01:32:12.377     0     0 D         : [    1.369914@3]- 	 set spdifout clk:6144000, mpll:24576000
06-26 01:32:12.377     0     0 D         : [    1.369919@3]- 	 get spdifout clk:6143997, mpll:24575987
06-26 01:32:12.377     0     0 D         : [    1.369923@3]- aml_dai_set_spdif_fmt , fmt 0x4010
06-26 01:32:12.377     0     0 D         : [    1.370030@3]- aml_spdif_new spdif_a, clk continuous:1
06-26 01:32:12.377     0     0 D         : [    1.370034@3]- spdifout_play_with_zerodata_free, spdif id:0
06-26 01:32:12.377     0     0 I         : [    1.370219@3]- asoc-aml-card auge_sound: dummy <-> SPDIF mapping ok
06-26 01:32:12.377     0     0 D         : [    1.370223@3]- set normal 128fs
06-26 01:32:12.377     0     0 D         : [    1.370264@3]- 	 set spdifout clk:6144000, mpll:24576000
06-26 01:32:12.377     0     0 D         : [    1.370268@3]- 	 get spdifout clk:6143997, mpll:24575987
06-26 01:32:12.377     0     0 D         : [    1.370271@3]- aml_dai_set_spdif_fmt , fmt 0x4010
06-26 01:32:12.377     0     0 D         : [    1.370343@3]- aml_spdif_new spdif_b, clk continuous:1
06-26 01:32:12.377     0     0 D         : [    1.370346@3]- spdifout_play_with_zerodata_free, spdif id:1
06-26 01:32:12.377     0     0 I         : [    1.370504@3]- asoc-aml-card auge_sound: dummy <-> SPDIF-B mapping ok
06-26 01:32:12.377     0     0 I         : [    1.370509@3]-
06-26 01:32:12.377     0     0 I         : [    1.370509@3]- loopback_dai_set_sysclk, 0, 12288000, 0
06-26 01:32:12.377     0     0 I         : [    1.370514@3]- asoc loopback_dai_set_fmt, 0x4010, ffffffc053c56798
06-26 01:32:12.377     0     0 I         : [    1.370717@3]- asoc-aml-card auge_sound: dummy <-> ff642000.audiobus:loopback@0 mapping ok
06-26 01:32:12.377     0     0 I         : [    1.372957@3]- snd_card_add_kcontrols card:ffffffc013365818
06-26 01:32:12.377     0     0 I         : [    1.372985@3]- effect_v2 is not init
06-26 01:32:12.377     0     0 D         : [    1.372989@3]- Not init vad
06-26 01:32:12.377     0     0 W         : [    1.372992@3]- Failed to add VAD controls
06-26 01:32:12.377     0     0 I         : [    1.373011@3]- eq/drc v1 function enable
06-26 01:32:12.371  3820  3820 D hw-ProcessState: Binder ioctl to enable oneway spam detection failed: Invalid argument
06-26 01:32:12.377     0     0 I         : [    1.400558@3]- u32 classifier
06-26 01:32:12.376  3820  3820 I hwservicemanager: getFrameworkHalManifest: Reading VINTF information.
06-26 01:32:12.377     0     0 I         : [    1.400563@3]-     Actions configured
06-26 01:32:12.377     0     0 I         : [    1.400569@3]- Netfilter messages via NETLINK v0.30.
06-26 01:32:12.377     0     0 I         : [    1.400783@3]- nf_conntrack version 0.5.0 (16384 buckets, 65536 max)
06-26 01:32:12.377     0     0 I         : [    1.400892@3]- ctnetlink v0.93: registering with nfnetlink.
06-26 01:32:12.377     0     0 I [    1.401115@3]- xt_time: kernel timezone is -0000
06-26 01:32:12.377     0     0 I [    1.401174@3]- gre: GRE over IPv4 demultiplexor driver
06-26 01:32:12.377     0     0 I         : [    1.401178@3]- IPv4 over IPsec tunneling driver
06-26 01:32:12.377     0     0 I [    1.401706@3]- ip_tables: (C) 2000-2006 Netfilter Core Team
06-26 01:32:12.377     0     0 I [    1.401899@3]- arp_tables: arp_tables: (C) 2002 David S. Miller
06-26 01:32:12.377     0     0 I         : [    1.401945@3]- Initializing XFRM netlink socket
06-26 01:32:12.377     0     0 I         : [    1.402025@3]- IPsec XFRM device driver
06-26 01:32:12.377     0     0 I [    1.402487@3]- NET: Registered protocol family 10
06-26 01:32:12.377     0     0 I [    1.403342@3]- mip6: Mobile IPv6
06-26 01:32:12.377     0     0 I [    1.403362@3]- ip6_tables: (C) 2000-2006 Netfilter Core Team
06-26 01:32:12.377     0     0 I [    1.404316@3]- NET: Registered protocol family 17
06-26 01:32:12.378     0     0 I [    1.404373@3]- NET: Registered protocol family 15
06-26 01:32:12.378     0     0 I [    1.404398@3]- bridge: filtering via arp/ip/ip6tables is no longer available by default. Update your scripts to load br_netfilter if you need this.
06-26 01:32:12.378     0     0 I [    1.404413@3]- l2tp_core: L2TP core driver, V2.0
06-26 01:32:12.378     0     0 I [    1.404423@3]- l2tp_ppp: PPPoL2TP kernel driver, V2.0
06-26 01:32:12.378     0     0 I         : [    1.407216@3]- Registered swp emulation handler
06-26 01:32:12.378     0     0 I         : [    1.407226@3]- Registered cp15_barrier emulation handler
06-26 01:32:12.378     0     0 I         : [    1.407235@3]- Registered setend emulation handler
06-26 01:32:12.378     0     0 I         : [    1.407258@3]- disable EAS feature
06-26 01:32:12.378     0     0 I         : [    1.407750@3]- registered taskstats version 1
06-26 01:32:12.378     0     0 W         : [    1.408416@3]- dwc3 ff500000.dwc3: Configuration mismatch. dr_mode forced to host
06-26 01:32:12.378     0     0 I         : [    1.411173@3]- xhci-hcd xhci-hcd.0.auto: xHCI Host Controller
06-26 01:32:12.378     0     0 I         : [    1.411190@3]- xhci-hcd xhci-hcd.0.auto: new USB bus registered, assigned bus number 1
06-26 01:32:12.378     0     0 I         : [    1.411523@3]- xhci-hcd xhci-hcd.0.auto: hcc params 0x0228fe6c hci version 0x110 quirks 0x20010010
06-26 01:32:12.378     0     0 I         : [    1.411569@3]- xhci-hcd xhci-hcd.0.auto: irq 15, io mem 0xff500000
06-26 01:32:12.378     0     0 I         : [    1.412204@0]- hub 1-0:1.0: USB hub found
06-26 01:32:12.378     0     0 I         : [    1.412236@0]- hub 1-0:1.0: 2 ports detected
06-26 01:32:12.378     0     0 I         : [    1.412603@0]- xhci-hcd xhci-hcd.0.auto: xHCI Host Controller
06-26 01:32:12.378     0     0 I         : [    1.412615@0]- xhci-hcd xhci-hcd.0.auto: new USB bus registered, assigned bus number 2
06-26 01:32:12.378     0     0 I         : [    1.412669@0]- usb usb2: We don't know the algorithms for LPM for this host, disabling LPM.
06-26 01:32:12.378     0     0 I         : [    1.413168@1]- hub 2-0:1.0: USB hub found
06-26 01:32:12.378     0     0 I         : [    1.413191@1]- hub 2-0:1.0: 1 port detected
06-26 01:32:12.378     0     0 I         : [    1.413778@1]- aml_vrtc rtc: setting system clock to 2025-06-26 07:32:09 UTC (1750923129)
06-26 01:32:12.378     0     0 D         : [    1.414197@1]- dwc_otg ff400000.dwc2_a: dwc_otg_driver_probe(ffffffc05456f800)
06-26 01:32:12.378     0     0 W [    1.414230@1]- dwc_otg: usb0: type: 2 speed: 0, config: 0, dma: 0, id: 0, phy: ffe09000, ctrl: 0
06-26 01:32:12.378     0     0 D         : [    1.414247@1]- dwc_otg ff400000.dwc2_a: base=0xffffff800dc80000
06-26 01:32:12.378     0     0 D         : [    1.414252@1]- dwc_otg ff400000.dwc2_a: dwc_otg_device=0xffffffc053c9b000
06-26 01:32:12.378     0     0 W [    1.514482@1]- dwc_otg: Core Release: 3.30a
06-26 01:32:12.378     0     0 W [    1.514489@1]- dwc_otg: Setting default values for core params
06-26 01:32:12.378     0     0 W [    1.514501@1]- dwc_otg: curmode: 0, host_only: 0
06-26 01:32:12.378     0     0 D         : [    1.514519@1]- dwc_otg ff400000.dwc2_a: DMA config: BURST_DEFAULT
06-26 01:32:12.378     0     0 W [    1.526759@1]- dwc_otg: Using Buffer DMA mode
06-26 01:32:12.378     0     0 W [    1.526764@1]- dwc_otg: OTG VER PARAM: 1, OTG VER FLAG: 1
06-26 01:32:12.378     0     0 W [    1.526768@1]- dwc_otg: Working on port type = SLAVE
06-26 01:32:12.378     0     0 W [    1.526774@1]- dwc_otg: Dedicated Tx FIFOs mode
06-26 01:32:12.378     0     0 I         : [    1.529197@1]- meson_cdev probe
06-26 01:32:12.379  3821  3821 D ProcessState: Binder ioctl to enable oneway spam detection failed: Invalid argument
06-26 01:32:12.381     0     0 E [    1.529212@1]- thermal: read gpupp failed
06-26 01:32:12.381     0     0 I         : [    1.529314@1]- meson_cdev index: 0
06-26 01:32:12.381     0     0 E [    1.529451@1]- thermal: read gpupp failed
06-26 01:32:12.381     0     0 I         : [    1.529500@1]- meson_cdev index: 1
06-26 01:32:12.381     0     0 I         : [    1.529506@1]- cpucore_cooling_register, max_cpu_core_num:4
06-26 01:32:12.381     0     0 I         : [    1.529606@1]- meson_cdev index: 2
06-26 01:32:12.381  3821  3821 I SELinux : SELinux: Loaded service_contexts from:
06-26 01:32:12.381     0     0 E [    1.529612@1]- thermal: read gpupp failed
06-26 01:32:12.381  3821  3821 I SELinux :     /vendor/etc/selinux/vndservice_contexts
06-26 01:32:12.381     0     0 I         : [    1.529631@1]- meson_cdev index: 3
06-26 01:32:12.381     0     0 I         : [    1.529666@1]- find tzd id: 0
06-26 01:32:12.381     0     0 I         : [    1.529785@1]- find tzd id: 0
06-26 01:32:12.381     0     0 I         : [    1.529821@1]- meson_cdev probe done
06-26 01:32:12.381     0     0 I [    1.530012@1]- gxbb_pm: enter meson_pm_probe!
06-26 01:32:12.381     0     0 I         : [    1.530018@1]- no vddio3v3_en pin
06-26 01:32:12.381     0     0 E         : [    1.530033@1]- pm-meson aml_pm: Can't get switch_clk81
06-26 01:32:12.381     0     0 I [    1.530063@1]- gxbb_pm: meson_pm_probe done
06-26 01:32:12.381     0     0 W         : [    1.530297@1]- failed to create debug_lockup
06-26 01:32:12.381     0     0 I         : [    1.530439@1]- ALSA device list:
06-26 01:32:12.381     0     0 I [    1.530442@1]-   #0: AML-AUGESOUND
06-26 01:32:12.381     0     0 I         : [    1.530643@1]- meson_uart ff803000.serial: ttyS0 use xtal(24M) 24000000 change 115200 to 115200
06-26 01:32:12.381     0     0 I         : [    1.532445@1]- Freeing unused kernel memory: 4864K
06-26 01:32:12.381     0     0 I [    1.538076@1]- init: init first stage started!
06-26 01:32:12.381     0     0 I [    1.538168@1]- init: Unable to open /lib/modules, skipping module loading.
06-26 01:32:12.381     0     0 I [    1.538403@1]- init: Copied ramdisk prop to /second_stage_resources/system/etc/ramdisk/build.prop
06-26 01:32:12.381     0     0 I [    1.538650@1]- init: Switching root to '/first_stage_ramdisk'
06-26 01:32:12.381     0     0 I [    1.539284@1]- init: [libfs_mgr]ReadFstabFromDt(): failed to read fstab from dt
06-26 01:32:12.381     0     0 I [    1.541098@1]- init: Using Android DT directory /proc/device-tree/firmware/android/
06-26 01:32:12.381     0     0 I [    1.573616@1]- init: [libfs_mgr]superblock s_max_mnt_count:65535,/dev/block/by-name/metadata
06-26 01:32:12.381     0     0 W         : [    1.574773@1]- EXT4-fs (mmcblk0p18): Ignoring removed nomblk_io_submit option
06-26 01:32:12.381     0     0 I         : [    1.576682@1]- EXT4-fs (mmcblk0p18): mounted filesystem with ordered data mode. Opts: errors=remount-ro,nomblk_io_submit
06-26 01:32:12.381     0     0 I [    1.576755@1]- init: [libfs_mgr]check_fs(): mount(/dev/block/by-name/metadata,/metadata,ext4)=0: Success
06-26 01:32:12.381     0     0 I [    1.601453@3]- init: [libfs_mgr]check_fs(): unmount(/metadata) succeeded
06-26 01:32:12.381     0     0 I [    1.601618@3]- init: [libfs_mgr]Not running /system/bin/e2fsck on /dev/block/metadata (executable not in system image)
06-26 01:32:12.382     0     0 W         : [    1.602822@0]- EXT4-fs (mmcblk0p18): Ignoring removed nomblk_io_submit option
06-26 01:32:12.382     0     0 I         : [    1.604235@0]- EXT4-fs (mmcblk0p18): mounted filesystem with ordered data mode. Opts: nodelalloc,nomblk_io_submit,errors=panic
06-26 01:32:12.382     0     0 I         : [    1.618296@0]- EXT4-fs (dm-0): mounted filesystem without journal. Opts: barrier=1
06-26 01:32:12.382     0     0 I         : [    1.625941@0]- EXT4-fs (dm-1): mounted filesystem without journal. Opts: barrier=1
06-26 01:32:12.382     0     0 I         : [    1.629285@0]- EXT4-fs (dm-2): mounted filesystem without journal. Opts: barrier=1
06-26 01:32:12.382     0     0 I         : [    1.632562@0]- EXT4-fs (dm-3): mounted filesystem without journal. Opts: barrier=1
06-26 01:32:12.382     0     0 W         : [    1.746050@1]- EXT4-fs (dm-4): Ignoring removed nomblk_io_submit option
06-26 01:32:12.382     0     0 I         : [    1.750883@1]- EXT4-fs (dm-4): recovery complete
06-26 01:32:12.382     0     0 I         : [    1.751243@1]- EXT4-fs (dm-4): mounted filesystem with ordered data mode. Opts: errors=remount-ro,nomblk_io_submit
06-26 01:32:12.382     0     0 I [    1.775495@3]- e2fsck: executing /system/bin/e2fsck failed: No such file or directory
06-26 01:32:12.382     0     0 I [    1.775710@1]- e2fsck: e2fsck terminated by exit(255)
06-26 01:32:12.382     0     0 I         : [    1.775710@1]-
06-26 01:32:12.382     0     0 I         : [    1.778064@1]- EXT4-fs (dm-4): mounted filesystem with ordered data mode. Opts:
06-26 01:32:12.382     0     0 I         : [    1.800408@1]- EXT4-fs (dm-4): mounted filesystem with ordered data mode. Opts:
06-26 01:32:12.382     0     0 W         : [    1.838283@0]- EXT4-fs (dm-4): Ignoring removed nomblk_io_submit option
06-26 01:32:12.382     0     0 I         : [    1.839695@0]- EXT4-fs (dm-4): mounted filesystem with ordered data mode. Opts: errors=remount-ro,nomblk_io_submit
06-26 01:32:12.382     0     0 I [    1.854302@2]- e2fsck: executing /system/bin/e2fsck failed: No such file or directory
06-26 01:32:12.382     0     0 I [    1.854520@1]- e2fsck: e2fsck terminated by exit(255)
06-26 01:32:12.382     0     0 I         : [    1.854520@1]-
06-26 01:32:12.382     0     0 I         : [    1.857360@0]- EXT4-fs (dm-4): mounted filesystem with ordered data mode. Opts:
06-26 01:32:12.382     0     0 W [    1.873910@0]- init: 52 output lines suppressed due to ratelimiting
06-26 01:32:12.382     0     0 I         : [    1.912361@3]- av out status: high
06-26 01:32:12.382     0     0 W [    2.004555@0]- init: DM_DEV_STATUS failed for system_ext: No such device or address
06-26 01:32:12.382     0     0 E [    2.004574@0]- init: Could not update logical partition
06-26 01:32:12.382     0     0 I [    2.004631@0]- init: Opening SELinux policy
06-26 01:32:12.382     0     0 I [    2.014675@1]- init: Loading SELinux policy
06-26 01:32:12.382     0     0 D [    2.020211@1]- SELinux: 16384 avtab hash slots, 33629 rules.
06-26 01:32:12.382     0     0 D [    2.038187@1]- SELinux: 16384 avtab hash slots, 33629 rules.
06-26 01:32:12.382     0     0 D [    2.038256@1]- SELinux: 1 users, 4 roles, 2011 types, 0 bools, 1 sens, 1024 cats
06-26 01:32:12.382     0     0 D [    2.038266@1]- SELinux: 102 classes, 33629 rules
06-26 01:32:12.382     0     0 D [    2.041407@1]- SELinux: Completing initialization.
06-26 01:32:12.382     0     0 D [    2.041412@1]- SELinux: Setting up existing superblocks.
06-26 01:32:10.220     1     1 I init    : type=1400 audit(0.0:2): avc: denied { getattr } for name="plat_sepolicy.cil" dev="dm-0" ino=1492 scontext=u:r:kernel:s0 tcontext=u:object_r:sepolicy_file:s0 tclass=file permissive=1
06-26 01:32:10.220     1     1 I init    : type=1400 audit(0.0:3): avc: denied { getattr } for name="libdl_android.so" dev="dm-0" ino=2054 scontext=u:r:kernel:s0 tcontext=u:object_r:system_bootstrap_lib_file:s0 tclass=file permissive=1
06-26 01:32:10.220     1     1 I init    : type=1400 audit(0.0:4): avc: denied { getattr } for name="bootstrap" dev="dm-0" ino=2051 scontext=u:r:kernel:s0 tcontext=u:object_r:system_bootstrap_lib_file:s0 tclass=dir permissive=1
06-26 01:32:10.252  3817  3817 I auditd  : type=1403 audit(0.0:5): policy loaded auid=4294967295 ses=4294967295
06-26 01:32:10.252  3817  3817 W auditd  : type=1404 audit(0.0:6): enforcing=1 old_enforcing=0 auid=4294967295 ses=4294967295
06-26 01:32:12.382     0     0 I [    2.195672@1]- selinux: SELinux: Loaded file_contexts
06-26 01:32:12.383     0     0 I [    2.195683@1]- selinux:  
06-26 01:32:12.383     0     0 I [    2.262564@0]- init: init second stage started!
06-26 01:32:12.383     0     0 I [    2.328035@1]- init: Using Android DT directory /proc/device-tree/firmware/android/
06-26 01:32:12.383     0     0 W [    2.333402@0]- init: Overriding previous property 'persist.sys.usb.config':'none' with new value 'adb'
06-26 01:32:12.383     0     0 W [    2.334189@1]- init: Overriding previous property 'persist.sys.usb.config':'adb' with new value 'none'
06-26 01:32:12.383     0     0 W [    2.334279@1]- init: Couldn't load property file '/vendor/default.prop': open() failed: No such file or directory: No such file or directory
06-26 01:32:12.383     0     0 E [    2.336007@0]- init: Do not have permissions to set 'bluetooth.device.class_of_device' to '44,4,32' in property file '/vendor/build.prop': SELinux permission check failed
06-26 01:32:12.383     0     0 W [    2.336153@0]- init: Overriding previous property 'persist.sys.usb.config':'none' with new value 'mtp'
06-26 01:32:12.383     0     0 E [    2.336259@0]- init: Do not have permissions to set 'ro.com.google.gmsversion' to 'S_amlogic' in property file '/vendor/build.prop': SELinux permission check failed
06-26 01:32:12.383     0     0 E [    2.336749@0]- init: Do not have permissions to set 'ro.crypto.state' to 'unencrypted' in property file '/vendor/build.prop': SELinux permission check failed
06-26 01:32:12.383     0     0 E [    2.337280@0]- init: Do not have permissions to set 'ro.media.maxmem' to '629145600' in property file '/vendor/build.prop': SELinux permission check failed
06-26 01:32:12.383     0     0 I [    2.672706@3]- ueventd: ueventd started!
06-26 01:32:12.383     0     0 I [    2.677723@3]- selinux: SELinux: Loaded file_contexts
06-26 01:32:12.383     0     0 I [    2.677734@3]- selinux:  
06-26 01:32:12.383     0     0 I [    2.678142@3]- ueventd: Parsing file /system/etc/ueventd.rc...
06-26 01:32:12.383     0     0 I [    2.678663@1]- ueventd: Added '/vendor/etc/ueventd.rc' to import list
06-26 01:32:12.383     0     0 I [    2.678683@1]- ueventd: Added '/odm/etc/ueventd.rc' to import list
06-26 01:32:12.383     0     0 I [    2.679058@1]- ueventd: Parsing file /vendor/etc/ueventd.rc...
06-26 01:32:12.383     0     0 I [    2.679097@1]- ueventd: Unable to read config file '/vendor/etc/ueventd.rc': open() failed: No such file or directory
06-26 01:32:12.383     0     0 I [    2.679139@1]- ueventd: Parsing file /odm/etc/ueventd.rc...
06-26 01:32:12.383     0     0 I [    2.679169@1]- ueventd: Unable to read config file '/odm/etc/ueventd.rc': open() failed: No such file or directory
06-26 01:32:12.383     0     0 W [    2.924720@1]- optee: loading out-of-tree module taints kernel.
06-26 01:32:12.383     0     0 I         : [    3.488654@3]- wm-vsync interrupt id: 38
06-26 01:32:12.383     0     0 I [    3.488692@3]- optee_armtz: initialized driver
06-26 01:32:12.383     0     0 I         : [    3.796410@1]- lcd vlock_en=1, vlock_mode=0x4
06-26 01:32:12.383     0     0 E         : [    4.167942@3]- Trying to create more than 5 SchedTune boosting groups
06-26 01:32:12.383     0     0 E         : [    4.168721@3]- Trying to create more than 5 SchedTune boosting groups
06-26 01:32:12.383     0     0 I [    4.243572@3]- unifykey: _amlkey_init_gen() enter!
06-26 01:32:12.383     0     0 I [    4.246181@3]- emmc_key_read: 456, read ok
06-26 01:32:12.383     0     0 I [    4.246198@3]- unifykey: _amlkey_init_gen() storagekey_info.buffer=ffffffc005080000, storagekey_info.size = 40000!
06-26 01:32:12.328  3818  3818 W lmkd    : type=1400 audit(0.0:7): avc: denied { search } for name="asound" dev="proc" ino=4026531953 scontext=u:r:lmkd:s0 tcontext=u:object_r:proc_asound:s0 tclass=dir permissive=0
06-26 01:32:12.383     0     0 I [    4.269254@3]- logd.auditd: start
06-26 01:32:12.391  3820  3820 I hwservicemanager: getDeviceHalManifest: Reading VINTF information.
06-26 01:32:12.392     0     0 I [    4.272216@1]- binder: 3819:3819 ioctl 40046210 ffa9a548 returned -22
06-26 01:32:12.392     0     0 I [    4.284838@0]- binder: 3820:3820 ioctl 40046210 ff8caf10 returned -22
06-26 01:32:12.392     0     0 I [    4.293117@2]- binder: 3821:3821 ioctl 40046210 ffa75b58 returned -22
06-26 01:32:12.399     0     0 I         : [    4.307946@2]- register clk_set_setting cpu[40]
06-26 01:32:12.402     0     0 I         : [    4.314904@3]- Registered firmware driver success.
06-26 01:32:12.402     0     0 I         : [    4.316029@3]- Try to load video/h264_enc.bin  ...
06-26 01:32:12.406     0     0 I         : [    4.317440@2]- load firmware size : 76288, Name : video/h264_enc.bin.
06-26 01:32:12.406     0     0 I         : [    4.318139@2]- Try to load video/video_ucode.bin  ...
06-26 01:32:12.415  3820  3820 I hwservicemanager: getDeviceHalManifest: Successfully processed VINTF information
06-26 01:32:12.416  3820  3820 I hwservicemanager: getFrameworkHalManifest: Successfully processed VINTF information
06-26 01:32:12.417  3820  3820 I hwservicemanager: hwservicemanager is ready now.
06-26 01:32:12.422     0     0 I         : [    4.333592@1]- load firmware size : 1961984, Name : video/video_ucode.bin.
06-26 01:32:12.434     0     0 I         : [    4.344492@2]- Registered frame rate driver success.
06-26 01:32:12.446     0     0 E         : [    4.356772@2]- Can not create debugfs for vdec_profile
06-26 01:32:12.454     0     0 E         : [    4.367182@2]- Amlogic A/V streaming port init
06-26 01:32:12.458     0     0 I         : [    4.370287@3]- get gate demux control ok ffffffc051530480
06-26 01:32:12.458     0     0 I         : [    4.370304@3]- get gate parser_top control ok ffffffc051530500
06-26 01:32:12.458     0     0 I         : [    4.370331@3]- get gate vdec control ok ffffffc051530580
06-26 01:32:12.458     0     0 I         : [    4.370362@3]- get gate clk_81 control ok ffffffc051530600
06-26 01:32:12.458     0     0 I         : [    4.370399@3]- get gate clk_vdec_mux control ok ffffffc051530680
06-26 01:32:12.458     0     0 I         : [    4.370439@3]- get gate clk_hcodec_mux control ok ffffffc051530700
06-26 01:32:12.458     0     0 I         : [    4.370485@3]- get gate clk_hevc_mux control ok ffffffc051530780
06-26 01:32:12.458     0     0 I         : [    4.370535@3]- get gate clk_hevcb_mux control ok ffffffc051530800
06-26 01:32:12.458     0     0 I         : [    4.370557@3]- get gate ahbarb0 control ok ffffffc051530880
06-26 01:32:12.458     0     0 I         : [    4.370565@3]- get gate asyncfifo control failed           (null)
06-26 01:32:12.458     0     0 I         : [    4.370571@3]- get gate clk_hevcf_mux control failed           (null)
06-26 01:32:12.458     0     0 I         : [    4.370575@3]- get mux clk err.
06-26 01:32:12.458     0     0 I         : [    4.370578@3]- get mux clk err.
--------- beginning of system
06-26 01:32:12.458  3830  3830 I vold    : Vold 3.0 (the awakening) firing up
06-26 01:32:12.459  3830  3830 D vold    : Detected support for: ext4 vfat ntfs exfat
06-26 01:32:12.462     0     0 D         : [    4.373469@1]- amvdec_avs module init
06-26 01:32:12.466  3830  3830 D vold    : Found unmanaged dm device named product
06-26 01:32:12.466  3830  3830 D vold    : Found unmanaged dm device named vendor
06-26 01:32:12.466  3830  3830 D vold    : Found unmanaged dm device named system
06-26 01:32:12.466  3830  3830 D vold    : Found unmanaged dm device named odm
06-26 01:32:12.466  3830  3830 D vold    : Found unmanaged dm device named scratch
06-26 01:32:12.466     0     0 D         : [    4.377041@1]- amvdec_h264 module init
06-26 01:32:12.469  3830  3830 D hw-ProcessState: Binder ioctl to enable oneway spam detection failed: Invalid argument
06-26 01:32:12.469  3830  3830 D ProcessState: Binder ioctl to enable oneway spam detection failed: Invalid argument
06-26 01:32:12.470     0     0 I [    4.383186@2]- binder: 3830:3830 ioctl 40046210 ffec8bb8 returned -22
06-26 01:32:12.470     0     0 I [    4.383484@2]- binder: 3830:3830 ioctl 40046210 ffec8ba0 returned -22
06-26 01:32:12.471  3830  3830 D vold    : VoldNativeService::start() completed OK
06-26 01:32:12.474     0     0 W         : [    4.385356@1]- ammvdec_h264 module init
06-26 01:32:12.482     0     0 D         : [    4.395808@1]- amvdec_h265 module init
06-26 01:32:12.494     0     0 W         : [    4.406965@1]- ammvdec_mpeg12 module init
06-26 01:32:12.502     0     0 W         : [    4.412539@1]- ammvdec_mpeg4_driver_init_module
06-26 01:32:12.506     0     0 D         : [    4.416942@2]- amvdec_vc1 module init
06-26 01:32:12.510     0     0 D         : [    4.423367@2]- amvdec_vp9 module init
06-26 01:32:12.522     0     0 W         : [    4.433853@2]- amvenc_avc probe start.
06-26 01:32:12.522     0     0 W         : [    4.433862@2]- amvenc_avc_probe -- reserved memory config fail.
06-26 01:32:12.522     0     0 W         : [    4.433866@2]- amvenc_avc - cma memory pool size: 60 MB
06-26 01:32:12.522     0     0 W         : [    4.433892@2]- encode_wq_init.
06-26 01:32:12.522     0     0 W         : [    4.433905@2]- encode start monitor.
06-26 01:32:12.522     0     0 W         : [    4.434045@1]- encode workqueue monitor start.
06-26 01:32:12.526     0     0 W         : [    4.437608@2]- vpu_init
06-26 01:32:12.526     0     0 W         : [    4.437887@2]- vpu_probe fuck, clock_a: 0, clock_b: 0, clock_c: 0
06-26 01:32:12.526     0     0 W         : [    4.437892@2]- HevcEnc reserved memory config fail.
06-26 01:32:12.526     0     0 W         : [    4.437896@2]- HevcEnc - cma memory pool size: 64 MB
06-26 01:32:12.526     0     0 W         : [    4.437924@2]- HevcEnc - wave420l_irq: 48
06-26 01:32:12.526     0     0 W         : [    4.437990@2]- vpu base address get from platform driver physical base addr=0xff610000, virtual base=0xffffff800e690000
06-26 01:32:12.526     0     0 W         : [    4.438313@3]- SUCCESS alloc_chrdev_region
06-26 01:32:12.526     0     0 W         : [    4.438317@3]- success to probe vpu device with video memory from cma
06-26 01:32:12.534     0     0 I         : [    4.447804@1]- decoder registered as /dev/video26
06-26 01:32:12.538     0     0 W [    4.449149@2]- amlogic_fbc_lib_64: no symbol version for module_layout
06-26 01:32:12.538     0     0 W [    4.449164@2]- amlogic_fbc_lib_64: module license 'Copyright (C) 2015 Amlogic, Inc. All rights reserved.' taints kernel.
06-26 01:32:12.538     0     0 W         : [    4.449167@2]- Disabling lock debugging due to kernel taint
06-26 01:32:12.538     0     0 W         : [    4.449814@2]- register_amlogic_afbc_dec_fun
06-26 01:32:12.538     0     0 E         : [    4.449820@2]- register_amlogic_afbc_dec_fun
06-26 01:32:12.551     0     0 D         : [    4.460993@2]- amvdec_av1 module init
06-26 01:32:12.554     0     0 W         : [    4.467256@2]- EXT4-fs (mmcblk0p22): Ignoring removed nomblk_io_submit option
06-26 01:32:12.558     0     0 I         : [    4.469427@2]- EXT4-fs (mmcblk0p22): mounted filesystem with ordered data mode. Opts: errors=remount-ro,nomblk_io_submit
06-26 01:32:12.602     0     0 I [    4.515303@1]- e2fsck: e2fsck 1.45.4 (23-Sep-2019)
06-26 01:32:12.610     0     0 I [    4.522932@1]- e2fsck: /dev/block/userdata: clean, 29407/284480 files, 572136/1136892 blocks
06-26 01:32:12.614     0     0 W         : [    4.527762@2]- EXT4-fs (mmcblk0p22): Ignoring removed nomblk_io_submit option
06-26 01:32:12.618     0     0 I         : [    4.529841@2]- EXT4-fs (mmcblk0p22): mounted filesystem with ordered data mode. Opts: nodelalloc,nomblk_io_submit,errors=panic
06-26 01:32:12.618     0     0 W         : [    4.532419@1]- EXT4-fs (mmcblk0p20): Ignoring removed nomblk_io_submit option
06-26 01:32:12.622     0     0 I         : [    4.534004@2]- EXT4-fs (mmcblk0p20): mounted filesystem without journal. Opts: errors=remount-ro,nomblk_io_submit
06-26 01:32:12.686     0     0 I [    4.599440@1]- e2fsck: e2fsck 1.45.4 (23-Sep-2019)
06-26 01:32:12.690     0     0 I [    4.602229@1]- e2fsck: odm_ext: clean, 11/4096 files, 269/4096 blocks
06-26 01:32:12.694     0     0 W         : [    4.605068@2]- EXT4-fs (mmcblk0p20): Ignoring removed nomblk_io_submit option
06-26 01:32:12.694     0     0 I         : [    4.605864@2]- EXT4-fs (mmcblk0p20): mounted filesystem without journal. Opts: nodelalloc,nomblk_io_submit,errors=panic
06-26 01:32:12.694     0     0 W         : [    4.608387@2]- EXT4-fs (mmcblk0p21): Ignoring removed nomblk_io_submit option
06-26 01:32:12.698     0     0 I         : [    4.609938@2]- EXT4-fs (mmcblk0p21): mounted filesystem with ordered data mode. Opts: errors=remount-ro,nomblk_io_submit
06-26 01:32:12.734     0     0 I [    4.647188@2]- e2fsck: e2fsck 1.45.4 (23-Sep-2019)
06-26 01:32:12.738     0     0 I [    4.651435@1]- e2fsck: /dev/block/cache: clean, 26/51296 files, 7500/204800 blocks
06-26 01:32:12.742     0     0 W         : [    4.655377@2]- EXT4-fs (mmcblk0p21): Ignoring removed nomblk_io_submit option
06-26 01:32:12.746     0     0 I         : [    4.656902@2]- EXT4-fs (mmcblk0p21): mounted filesystem with ordered data mode. Opts: nodelalloc,nomblk_io_submit,errors=panic
06-26 01:32:12.746     0     0 W         : [    4.659418@2]- EXT4-fs (mmcblk0p12): Ignoring removed nomblk_io_submit option
06-26 01:32:12.750     0     0 I         : [    4.660926@2]- EXT4-fs (mmcblk0p12): mounted filesystem without journal. Opts: errors=remount-ro,nomblk_io_submit
06-26 01:32:12.794     0     0 I [    4.707219@2]- e2fsck: e2fsck 1.45.4 (23-Sep-2019)
06-26 01:32:12.798     0     0 I [    4.709866@1]- e2fsck: /dev/block/param: clean, 16/1024 files, 268/1024 blocks
06-26 01:32:12.802     0     0 W         : [    4.712671@2]- EXT4-fs (mmcblk0p12): Ignoring removed nomblk_io_submit option
06-26 01:32:12.802     0     0 I         : [    4.714308@2]- EXT4-fs (mmcblk0p12): mounted filesystem without journal. Opts: nodelalloc,nomblk_io_submit,errors=panic
06-26 01:32:12.806     0     0 W         : [    4.716914@2]- EXT4-fs (mmcblk0p2): Ignoring removed nomblk_io_submit option
06-26 01:32:12.806     0     0 I         : [    4.718287@2]- EXT4-fs (mmcblk0p2): mounted filesystem with ordered data mode. Opts: errors=remount-ro,nomblk_io_submit
06-26 01:32:12.842     0     0 I [    4.755184@2]- e2fsck: e2fsck 1.45.4 (23-Sep-2019)
06-26 01:32:12.846     0     0 I [    4.758770@1]- e2fsck: /dev/block/tee: clean, 11/8192 files, 1290/8192 blocks
06-26 01:32:12.850     0     0 W         : [    4.761851@2]- EXT4-fs (mmcblk0p2): Ignoring removed nomblk_io_submit option
06-26 01:32:12.850     0     0 I         : [    4.763371@2]- EXT4-fs (mmcblk0p2): mounted filesystem with ordered data mode. Opts: nodelalloc,nomblk_io_submit,errors=panic
06-26 01:32:12.854     0     0 W         : [    4.768273@2]- FAT-fs (mmcblk0p13): Volume was not properly unmounted. Some data may be corrupt. Please run fsck.
06-26 01:32:12.858     0     0 W         : [    4.770930@2]- EXT4-fs (mmcblk0p14): Ignoring removed nomblk_io_submit option
06-26 01:32:12.862     0     0 I         : [    4.772823@2]- EXT4-fs (mmcblk0p14): mounted filesystem with ordered data mode. Opts: errors=remount-ro,nomblk_io_submit
06-26 01:32:12.910     0     0 W         : [    4.822296@2]- EXT4-fs (mmcblk0p14): Ignoring removed nomblk_io_submit option
06-26 01:32:12.910     0     0 I         : [    4.824259@2]- EXT4-fs (mmcblk0p14): mounted filesystem with ordered data mode. Opts: nodelalloc,nomblk_io_submit,errors=panic
06-26 01:32:12.940     1     1 W /system/bin/init: type=1107 audit(0.0:8): uid=0 auid=4294967295 ses=4294967295 subj=u:r:init:s0 msg='avc: denied { set } for property=ro.crypto.fuse_sdcard pid=3200 uid=0 gid=0 scontext=u:r:vendor_init:s0 tcontext=u:object_r:vold_prop:s0 tclass=property_service permissive=0'
06-26 01:32:12.946  3200  3200 W libc    : Unable to set property "ro.crypto.fuse_sdcard" to "true": error code: 0x18
06-26 01:32:12.986     0     0 I [    4.898329@2]- binder: 4029:4029 ioctl 40046210 ffc084b8 returned -22
06-26 01:32:13.051  4030  4030 E android.system.suspend@1.0-service: SystemSuspend: Error opening /sys/class/wakeup: No such file or directory
06-26 01:32:13.051  4030  4030 E android.system.suspend@1.0-service: SystemSuspend: Error opening /sys/power/suspend_stats: No such file or directory
06-26 01:32:13.051  4030  4030 D hw-ProcessState: Binder ioctl to enable oneway spam detection failed: Invalid argument
06-26 01:32:13.051  4030  4030 D ProcessState: Binder ioctl to enable oneway spam detection failed: Invalid argument
06-26 01:32:13.054     0     0 I [    4.965476@1]- binder: 4030:4030 ioctl 40046210 ffe8a998 returned -22
06-26 01:32:13.054     0     0 I [    4.965685@1]- binder: 4030:4030 ioctl 40046210 ffe8a938 returned -22
06-26 01:32:13.057  4030  4030 I HidlServiceManagement: Registered android.system.suspend@1.0::ISystemSuspend/default
06-26 01:32:13.057  4030  4030 I HidlServiceManagement: Removing namespace from process name android.system.suspend@1.0-service to suspend@1.0-service.
06-26 01:32:13.066     0     0 I [    4.980042@1]- binder: 4032:4032 ioctl 40046210 ffed5cd8 returned -22
06-26 01:32:13.066  4032  4032 D hw-ProcessState: Binder ioctl to enable oneway spam detection failed: Invalid argument
06-26 01:32:13.069  4032  4032 I HidlServiceManagement: Registered android.hardware.atrace@1.0::IAtraceDevice/default
06-26 01:32:13.070  4032  4032 I HidlServiceManagement: Removing namespace from process name android.hardware.atrace@1.0-service to atrace@1.0-service.
06-26 01:32:13.070  4034  4034 E fsverity_init: Failed to find .fs-verity keyring id
06-26 01:32:13.094     0     0 I [    5.007710@2]- binder: 4037:4037 ioctl 40046210 ffae66b8 returned -22
06-26 01:32:13.094  3830  3830 I Checkpoint: cp_prepareCheckpoint called
06-26 01:32:13.096  4033  4033 D hw-ProcessState: Binder ioctl to enable oneway spam detection failed: Invalid argument
06-26 01:32:13.098     0     0 I [    5.010316@2]- binder: 4033:4033 ioctl 40046210 ffb51438 returned -22
06-26 01:32:13.146  4039  4039 I tombstoned: tombstoned successfully initialized
06-26 01:32:13.156  4031  4031 I keystore2: keystore2_main: Keystore2 is starting.
06-26 01:32:13.162  4031  4031 I keystore2: keystore2_main: Starting thread pool now.
06-26 01:32:13.163  4031  4031 D ProcessState: Binder ioctl to enable oneway spam detection failed: Invalid argument
06-26 01:32:13.164  4031  4041 I keystore2: getDeviceHalManifest: Reading VINTF information.
06-26 01:32:13.166     0     0 I [    5.076812@1]- binder: 4031:4031 ioctl 40046210 ffd081f0 returned -22
06-26 01:32:13.165  4033  4033 D AmlogicKeymaster: create id: 1, ctx: 0xea700570, ctx: 0xea700570
06-26 01:32:13.165  4033  4033 D AmlogicKeymaster: id: 1, ctx: 0xea700570, cmd: 112
06-26 01:32:13.165  4033  4033 E AmlogicKeymaster: Invoke cmd: 112 failed with res(f57e0011), ret_orig(4), return(-38)
06-26 01:32:13.165  4033  4033 E AmlogicKeymaster: tipc error: -176291823
06-26 01:32:13.166  4033  4033 E AmlogicKeymaster: Failed to send cmd 112 err: -1000
06-26 01:32:13.166  4033  4033 W AmlogicKeymaster: TA appears not to support GetVersion2, falling back (err = -1000)
06-26 01:32:13.166  4033  4033 D AmlogicKeymaster: id: 1, ctx: 0xea700570, cmd: 28
06-26 01:32:13.166  4033  4033 D AmlogicKeymaster: Received 7 byte response
06-26 01:32:13.166  4033  4033 D AmlogicKeymaster: id: 1, ctx: 0xea700570, cmd: 72
06-26 01:32:13.166  4033  4033 D AmlogicKeymaster: Received 4 byte response
06-26 01:32:13.169  4033  4033 I HidlServiceManagement: Registered android.hardware.keymaster@4.0::IKeymasterDevice/default
06-26 01:32:13.169  4033  4033 I HidlServiceManagement: Removing namespace from process name android.hardware.keymaster@4.0-service.amlogic to keymaster@4.0-service.amlogic.
06-26 01:32:13.172  3830  3830 I incfs   : Initial API level of the device: 28
06-26 01:32:13.172  3830  3830 I incfs   : ro.incremental.enable: 
06-26 01:32:13.172  3830  3830 E incfs   : IncFs_Features: failed to open features dir, assuming v1/none.: No such file or directory
