06-16 14:56:51.304   604   604 D SystemServerTiming: OnBootPhase_480_com.android.server.soundtrigger.SoundTriggerService took to complete: 1ms
06-16 14:56:51.304   604   604 I SystemServerTiming: OnBootPhase_480_com.android.server.trust.TrustManagerService
06-16 14:56:51.304   604   604 D SystemServerTiming: OnBootPhase_480_com.android.server.trust.TrustManagerService took to complete: 0ms
06-16 14:56:51.304   604   604 I SystemServerTiming: OnBootPhase_480_com.android.server.backup.BackupManagerService$Lifecycle
06-16 14:56:51.304   604   604 D SystemServerTiming: OnBootPhase_480_com.android.server.backup.BackupManagerService$Lifecycle took to complete: 0ms
06-16 14:56:51.304   604   604 I SystemServerTiming: OnBootPhase_480_com.android.server.appwidget.AppWidgetService
06-16 14:56:51.304   604   604 D SystemServerTiming: OnBootPhase_480_com.android.server.appwidget.AppWidgetService took to complete: 0ms
06-16 14:56:51.304   604   604 I SystemServerTiming: OnBootPhase_480_com.android.server.voiceinteraction.VoiceInteractionManagerService
06-16 14:56:51.304   604   604 D SystemServerTiming: OnBootPhase_480_com.android.server.voiceinteraction.VoiceInteractionManagerService took to complete: 0ms
06-16 14:56:51.305   604   604 I SystemServerTiming: OnBootPhase_480_com.android.server.apphibernation.AppHibernationService
06-16 14:56:51.305   604   604 D SystemServerTiming: OnBootPhase_480_com.android.server.apphibernation.AppHibernationService took to complete: 0ms
06-16 14:56:51.305   604   604 I SystemServerTiming: OnBootPhase_480_com.android.server.GestureLauncherService
06-16 14:56:51.305   604   604 D SystemServerTiming: OnBootPhase_480_com.android.server.GestureLauncherService took to complete: 0ms
06-16 14:56:51.305   604   604 I SystemServerTiming: OnBootPhase_480_com.android.server.SensorNotificationService
06-16 14:56:51.305   604   604 D SystemServerTiming: OnBootPhase_480_com.android.server.SensorNotificationService took to complete: 0ms
06-16 14:56:51.305   604   604 I SystemServerTiming: OnBootPhase_480_com.android.server.emergency.EmergencyAffordanceService
06-16 14:56:51.305   604   604 D SystemServerTiming: OnBootPhase_480_com.android.server.emergency.EmergencyAffordanceService took to complete: 0ms
06-16 14:56:51.305   604   604 I SystemServerTiming: OnBootPhase_480_com.android.server.dreams.DreamManagerService
06-16 14:56:51.305   604   604 D SystemServerTiming: OnBootPhase_480_com.android.server.dreams.DreamManagerService took to complete: 0ms
06-16 14:56:51.305   604   604 I SystemServerTiming: OnBootPhase_480_com.android.server.blob.BlobStoreManagerService
06-16 14:56:51.305   604   604 D SystemServerTiming: OnBootPhase_480_com.android.server.blob.BlobStoreManagerService took to complete: 0ms
06-16 14:56:51.305   604   604 I SystemServerTiming: OnBootPhase_480_com.android.server.restrictions.RestrictionsManagerService
06-16 14:56:51.305   604   604 D SystemServerTiming: OnBootPhase_480_com.android.server.restrictions.RestrictionsManagerService took to complete: 0ms
06-16 14:56:51.305   604   604 I SystemServerTiming: OnBootPhase_480_com.android.server.media.MediaSessionService
06-16 14:56:51.305   604   604 D SystemServerTiming: OnBootPhase_480_com.android.server.media.MediaSessionService took to complete: 0ms
06-16 14:56:51.305   604   604 I SystemServerTiming: OnBootPhase_480_com.android.server.hdmi.HdmiControlService
06-16 14:56:51.305   604   604 D SystemServerTiming: OnBootPhase_480_com.android.server.hdmi.HdmiControlService took to complete: 0ms
06-16 14:56:51.305   604   604 I SystemServerTiming: OnBootPhase_480_com.android.server.tv.TvInputManagerService
06-16 14:56:51.305   604   604 D SystemServerTiming: OnBootPhase_480_com.android.server.tv.TvInputManagerService took to complete: 0ms
06-16 14:56:51.305   604   604 I SystemServerTiming: OnBootPhase_480_com.android.server.media.MediaResourceMonitorService
06-16 14:56:51.305   604   604 D SystemServerTiming: OnBootPhase_480_com.android.server.media.MediaResourceMonitorService took to complete: 0ms
06-16 14:56:51.305   604   604 I SystemServerTiming: OnBootPhase_480_com.android.server.tv.TvRemoteService
06-16 14:56:51.305   604   604 D SystemServerTiming: OnBootPhase_480_com.android.server.tv.TvRemoteService took to complete: 0ms
06-16 14:56:51.305   604   604 I SystemServerTiming: OnBootPhase_480_com.android.server.biometrics.BiometricService
06-16 14:56:51.305   604   604 D SystemServerTiming: OnBootPhase_480_com.android.server.biometrics.BiometricService took to complete: 0ms
06-16 14:56:51.305   604   604 I SystemServerTiming: OnBootPhase_480_com.android.server.biometrics.AuthService
06-16 14:56:51.306   604   604 D SystemServerTiming: OnBootPhase_480_com.android.server.biometrics.AuthService took to complete: 0ms
06-16 14:56:51.306   604   604 I SystemServerTiming: OnBootPhase_480_com.android.server.pm.ShortcutService$Lifecycle
06-16 14:56:51.309   604   604 D SystemServerTiming: OnBootPhase_480_com.android.server.pm.ShortcutService$Lifecycle took to complete: 3ms
06-16 14:56:51.309   604   604 I SystemServerTiming: OnBootPhase_480_com.android.server.pm.LauncherAppsService
06-16 14:56:51.310   604   604 D SystemServerTiming: OnBootPhase_480_com.android.server.pm.LauncherAppsService took to complete: 0ms
06-16 14:56:51.310   604   604 I SystemServerTiming: OnBootPhase_480_com.android.server.pm.CrossProfileAppsService
06-16 14:56:51.310   604   604 D SystemServerTiming: OnBootPhase_480_com.android.server.pm.CrossProfileAppsService took to complete: 0ms
06-16 14:56:51.310   604   604 I SystemServerTiming: OnBootPhase_480_com.android.server.people.PeopleService
06-16 14:56:51.310   604   604 D SystemServerTiming: OnBootPhase_480_com.android.server.people.PeopleService took to complete: 0ms
06-16 14:56:51.310   604   604 I SystemServerTiming: OnBootPhase_480_com.android.server.media.metrics.MediaMetricsManagerService
06-16 14:56:51.311   604   604 D SystemServerTiming: OnBootPhase_480_com.android.server.media.metrics.MediaMetricsManagerService took to complete: 0ms
06-16 14:56:51.311   604   604 I SystemServerTiming: OnBootPhase_480_com.android.server.media.projection.MediaProjectionManagerService
06-16 14:56:51.311   604   604 D SystemServerTiming: OnBootPhase_480_com.android.server.media.projection.MediaProjectionManagerService took to complete: 0ms
06-16 14:56:51.311   604   604 I SystemServerTiming: OnBootPhase_480_com.android.server.slice.SliceManagerService$Lifecycle
06-16 14:56:51.311   604   604 D SystemServerTiming: OnBootPhase_480_com.android.server.slice.SliceManagerService$Lifecycle took to complete: 0ms
06-16 14:56:51.311   604   604 I SystemServerTiming: OnBootPhase_480_com.android.server.stats.StatsCompanion$Lifecycle
06-16 14:56:51.311   604   604 D SystemServerTiming: OnBootPhase_480_com.android.server.stats.StatsCompanion$Lifecycle took to complete: 0ms
06-16 14:56:51.311   604   604 I SystemServerTiming: OnBootPhase_480_com.android.server.scheduling.RebootReadinessManagerService$Lifecycle
06-16 14:56:51.311   604   604 D SystemServerTiming: OnBootPhase_480_com.android.server.scheduling.RebootReadinessManagerService$Lifecycle took to complete: 0ms
06-16 14:56:51.311   604   604 I SystemServerTiming: OnBootPhase_480_com.android.server.stats.pull.StatsPullAtomService
06-16 14:56:51.311   604   604 D SystemServerTiming: OnBootPhase_480_com.android.server.stats.pull.StatsPullAtomService took to complete: 0ms
06-16 14:56:51.311   604   604 I SystemServerTiming: OnBootPhase_480_com.android.server.incident.IncidentCompanionService
06-16 14:56:51.311   604   604 D SystemServerTiming: OnBootPhase_480_com.android.server.incident.IncidentCompanionService took to complete: 0ms
06-16 14:56:51.311   604   604 I SystemServerTiming: OnBootPhase_480_com.android.server.MmsServiceBroker
06-16 14:56:51.311   604   604 D SystemServerTiming: OnBootPhase_480_com.android.server.MmsServiceBroker took to complete: 0ms
06-16 14:56:51.311   604   604 I SystemServerTiming: OnBootPhase_480_com.android.server.autofill.AutofillManagerService
06-16 14:56:51.311   604   604 D SystemServerTiming: OnBootPhase_480_com.android.server.autofill.AutofillManagerService took to complete: 0ms
06-16 14:56:51.311   604   604 I SystemServerTiming: OnBootPhase_480_com.android.server.clipboard.ClipboardService
06-16 14:56:51.311   604   604 D SystemServerTiming: OnBootPhase_480_com.android.server.clipboard.ClipboardService took to complete: 0ms
06-16 14:56:51.311   604   604 I SystemServerTiming: OnBootPhase_480_com.android.server.appbinding.AppBindingService$Lifecycle
06-16 14:56:51.311   604   604 D SystemServerTiming: OnBootPhase_480_com.android.server.appbinding.AppBindingService$Lifecycle took to complete: 0ms
06-16 14:56:51.311   604   604 I SystemServerTiming: OnBootPhase_480_com.android.server.tracing.TracingServiceProxy
06-16 14:56:51.311   604   604 D SystemServerTiming: OnBootPhase_480_com.android.server.tracing.TracingServiceProxy took to complete: 0ms
06-16 14:56:51.311   604   604 D SystemServerTiming: OnBootPhase_480 took to complete: 15ms
06-16 14:56:51.311   604   604 D SystemServerTiming: StartBootPhaseLockSettingsReady took to complete: 15ms
06-16 14:56:51.311   604   604 I SystemServerTiming: StartBootPhaseSystemServicesReady
06-16 14:56:51.312   604   604 I SystemServiceManager: Starting phase 500
06-16 14:56:51.312   604   604 I SystemServerTiming: OnBootPhase_500
06-16 14:56:51.312   604   604 I SystemServerTiming: OnBootPhase_500_com.android.server.security.FileIntegrityService
06-16 14:56:51.312   604   604 D SystemServerTiming: OnBootPhase_500_com.android.server.security.FileIntegrityService took to complete: 0ms
06-16 14:56:51.312   604   604 I SystemServerTiming: OnBootPhase_500_com.android.server.pm.Installer
06-16 14:56:51.312   604   604 D SystemServerTiming: OnBootPhase_500_com.android.server.pm.Installer took to complete: 0ms
06-16 14:56:51.312   604   604 I SystemServerTiming: OnBootPhase_500_com.android.server.os.DeviceIdentifiersPolicyService
06-16 14:56:51.312   604   604 D SystemServerTiming: OnBootPhase_500_com.android.server.os.DeviceIdentifiersPolicyService took to complete: 0ms
06-16 14:56:51.312   604   604 I SystemServerTiming: OnBootPhase_500_com.android.server.uri.UriGrantsManagerService$Lifecycle
06-16 14:56:51.312   604   604 D SystemServerTiming: OnBootPhase_500_com.android.server.uri.UriGrantsManagerService$Lifecycle took to complete: 0ms
06-16 14:56:51.312   604   604 I SystemServerTiming: OnBootPhase_500_com.android.server.powerstats.PowerStatsService
06-16 14:56:51.313   604   604 E StatsPullAtomCallbackImpl: Failed to start PowerStatsService statsd pullers
06-16 14:56:51.313   604   604 D SystemServerTiming: OnBootPhase_500_com.android.server.powerstats.PowerStatsService took to complete: 0ms
06-16 14:56:51.313   604   604 I SystemServerTiming: OnBootPhase_500_com.android.server.wm.ActivityTaskManagerService$Lifecycle
06-16 14:56:51.313   604   604 D SystemServerTiming: OnBootPhase_500_com.android.server.wm.ActivityTaskManagerService$Lifecycle took to complete: 0ms
06-16 14:56:51.313   604   604 I SystemServerTiming: OnBootPhase_500_com.android.server.am.ActivityManagerService$Lifecycle
06-16 14:56:51.319   604   604 E BatteryStatsService: Could not register PowerStatsInternal
06-16 14:56:51.325   604   604 D SystemServerTiming: OnBootPhase_500_com.android.server.am.ActivityManagerService$Lifecycle took to complete: 12ms
06-16 14:56:51.325   604   604 I SystemServerTiming: OnBootPhase_500_com.android.server.pm.DataLoaderManagerService
06-16 14:56:51.325   604   604 D SystemServerTiming: OnBootPhase_500_com.android.server.pm.DataLoaderManagerService took to complete: 0ms
06-16 14:56:51.325   604   604 I SystemServerTiming: OnBootPhase_500_com.android.server.power.PowerManagerService
06-16 14:56:51.326   604   604 D SystemServerTiming: OnBootPhase_500_com.android.server.power.PowerManagerService took to complete: 0ms
06-16 14:56:51.326   604   604 I SystemServerTiming: OnBootPhase_500_com.android.server.power.ThermalManagerService
06-16 14:56:51.326   604   604 D SystemServerTiming: OnBootPhase_500_com.android.server.power.ThermalManagerService took to complete: 0ms
06-16 14:56:51.326   604   604 I SystemServerTiming: OnBootPhase_500_com.android.server.power.hint.HintManagerService
06-16 14:56:51.326   604   604 D SLog    : static_init took to complete: 0ms
06-16 14:56:51.326   604   604 V HintManagerService: Initializing HintManager service...
06-16 14:56:51.327   604   604 V HistoricalRegistry: Interaction before persistence initialized
06-16 14:56:51.327   604   604 D SystemServerTiming: OnBootPhase_500_com.android.server.power.hint.HintManagerService took to complete: 2ms
06-16 14:56:51.327   604   604 I SystemServerTiming: OnBootPhase_500_com.android.server.recoverysystem.RecoverySystemService$Lifecycle
06-16 14:56:51.327   604   604 D SystemServerTiming: OnBootPhase_500_com.android.server.recoverysystem.RecoverySystemService$Lifecycle took to complete: 0ms
06-16 14:56:51.327   604   604 I SystemServerTiming: OnBootPhase_500_com.android.server.lights.LightsService
06-16 14:56:51.327   604   604 D SystemServerTiming: OnBootPhase_500_com.android.server.lights.LightsService took to complete: 0ms
06-16 14:56:51.327   604   604 I SystemServerTiming: OnBootPhase_500_com.android.server.display.DisplayManagerService
06-16 14:56:51.327   604   604 D SystemServerTiming: OnBootPhase_500_com.android.server.display.DisplayManagerService took to complete: 0ms
06-16 14:56:51.327   604   604 I SystemServerTiming: OnBootPhase_500_com.android.server.pm.verify.domain.DomainVerificationService
06-16 14:56:51.327   604   604 D SystemServerTiming: OnBootPhase_500_com.android.server.pm.verify.domain.DomainVerificationService took to complete: 0ms
06-16 14:56:51.327   604   604 I SystemServerTiming: OnBootPhase_500_com.android.server.pm.PackageInstallerService$Lifecycle
06-16 14:56:51.328   604   604 D SystemServerTiming: OnBootPhase_500_com.android.server.pm.PackageInstallerService$Lifecycle took to complete: 0ms
06-16 14:56:51.328   604   604 I SystemServerTiming: OnBootPhase_500_com.android.server.pm.UserManagerService$LifeCycle
06-16 14:56:51.328   604   604 D SystemServerTiming: OnBootPhase_500_com.android.server.pm.UserManagerService$LifeCycle took to complete: 0ms
06-16 14:56:51.328   604   604 I SystemServerTiming: OnBootPhase_500_com.android.server.om.OverlayManagerService
06-16 14:56:51.328   604   604 D SystemServerTiming: OnBootPhase_500_com.android.server.om.OverlayManagerService took to complete: 0ms
06-16 14:56:51.328   604   604 I SystemServerTiming: OnBootPhase_500_com.android.server.SensorPrivacyService
06-16 14:56:51.332   604   604 D SystemServerTiming: OnBootPhase_500_com.android.server.SensorPrivacyService took to complete: 4ms
06-16 14:56:51.332   604   604 I SystemServerTiming: OnBootPhase_500_com.android.server.sensors.SensorService
06-16 14:56:51.332   604   604 D SystemServerTiming: OnBootPhase_500_com.android.server.sensors.SensorService took to complete: 0ms
06-16 14:56:51.332   604   604 I SystemServerTiming: OnBootPhase_500_com.android.server.SystemConfigService
06-16 14:56:51.333   604   604 D SystemServerTiming: OnBootPhase_500_com.android.server.SystemConfigService took to complete: 0ms
06-16 14:56:51.333   604   604 I SystemServerTiming: OnBootPhase_500_com.android.server.BatteryService
06-16 14:56:51.333   604   604 D SystemServerTiming: OnBootPhase_500_com.android.server.BatteryService took to complete: 0ms
06-16 14:56:51.333   604   604 I SystemServerTiming: OnBootPhase_500_com.android.server.usage.UsageStatsService
06-16 14:56:51.335   604   604 D AppStandbyController: Setting app idle enabled state
06-16 14:56:51.339   604   604 V HistoricalRegistry: Interaction before persistence initialized
06-16 14:56:51.340   604   604 D SystemServerTiming: OnBootPhase_500_com.android.server.usage.UsageStatsService took to complete: 7ms
06-16 14:56:51.340   604   604 I SystemServerTiming: OnBootPhase_500_com.android.server.webkit.WebViewUpdateService
06-16 14:56:51.340   604   604 D SystemServerTiming: OnBootPhase_500_com.android.server.webkit.WebViewUpdateService took to complete: 0ms
06-16 14:56:51.340   604   604 I SystemServerTiming: OnBootPhase_500_com.android.server.CachedDeviceStateService
06-16 14:56:51.340   604   604 D SystemServerTiming: OnBootPhase_500_com.android.server.CachedDeviceStateService took to complete: 1ms
06-16 14:56:51.340   604   604 I SystemServerTiming: OnBootPhase_500_com.android.server.BinderCallsStatsService$LifeCycle
06-16 14:56:51.348   604   604 D SystemServerTiming: OnBootPhase_500_com.android.server.BinderCallsStatsService$LifeCycle took to complete: 8ms
06-16 14:56:51.348   604   604 I SystemServerTiming: OnBootPhase_500_com.android.server.LooperStatsService$Lifecycle
06-16 14:56:51.349   604   604 D SystemServerTiming: OnBootPhase_500_com.android.server.LooperStatsService$Lifecycle took to complete: 0ms
06-16 14:56:51.349   604   604 I SystemServerTiming: OnBootPhase_500_com.android.server.rollback.RollbackManagerService
06-16 14:56:51.349   604   604 D SystemServerTiming: OnBootPhase_500_com.android.server.rollback.RollbackManagerService took to complete: 0ms
06-16 14:56:51.349   604   604 I SystemServerTiming: OnBootPhase_500_com.android.server.os.NativeTombstoneManagerService
06-16 14:56:51.349   604   604 D SystemServerTiming: OnBootPhase_500_com.android.server.os.NativeTombstoneManagerService took to complete: 0ms
06-16 14:56:51.349   604   604 I SystemServerTiming: OnBootPhase_500_com.android.server.os.BugreportManagerService
06-16 14:56:51.349   604   604 D SystemServerTiming: OnBootPhase_500_com.android.server.os.BugreportManagerService took to complete: 0ms
06-16 14:56:51.349   604   604 I SystemServerTiming: OnBootPhase_500_com.android.server.gpu.GpuService
06-16 14:56:51.349   604   604 D SystemServerTiming: OnBootPhase_500_com.android.server.gpu.GpuService took to complete: 0ms
06-16 14:56:51.349   604   604 I SystemServerTiming: OnBootPhase_500_com.android.server.security.KeyChainSystemService
06-16 14:56:51.349   604   604 D SystemServerTiming: OnBootPhase_500_com.android.server.security.KeyChainSystemService took to complete: 0ms
06-16 14:56:51.349   604   604 I SystemServerTiming: OnBootPhase_500_com.android.server.telecom.TelecomLoaderService
06-16 14:56:51.349   604   604 D SystemServerTiming: OnBootPhase_500_com.android.server.telecom.TelecomLoaderService took to complete: 0ms
06-16 14:56:51.349   604   604 I SystemServerTiming: OnBootPhase_500_com.android.server.accounts.AccountManagerService$Lifecycle
06-16 14:56:51.349   604   604 D SystemServerTiming: OnBootPhase_500_com.android.server.accounts.AccountManagerService$Lifecycle took to complete: 0ms
06-16 14:56:51.349   604   604 I SystemServerTiming: OnBootPhase_500_com.android.server.content.ContentService$Lifecycle
06-16 14:56:51.349   604   604 D SystemServerTiming: OnBootPhase_500_com.android.server.content.ContentService$Lifecycle took to complete: 0ms
06-16 14:56:51.349   604   604 I SystemServerTiming: OnBootPhase_500_com.android.server.DropBoxManagerService
06-16 14:56:51.350   604   604 D SystemServerTiming: OnBootPhase_500_com.android.server.DropBoxManagerService took to complete: 1ms
06-16 14:56:51.350   604   604 I SystemServerTiming: OnBootPhase_500_com.android.role.RoleService
06-16 14:56:51.350   604   604 D SystemServerTiming: OnBootPhase_500_com.android.role.RoleService took to complete: 0ms
06-16 14:56:51.350   604   604 I SystemServerTiming: OnBootPhase_500_com.android.server.vibrator.VibratorManagerService$Lifecycle
06-16 14:56:51.351   604   604 V VibratorManagerService: Initializing VibratorManager service...
06-16 14:56:51.351   604   604 V HistoricalRegistry: Interaction before persistence initialized
06-16 14:56:51.353   604   604 V VibratorManagerService: VibratorManager service initialized
06-16 14:56:51.353   604   604 D SystemServerTiming: OnBootPhase_500_com.android.server.vibrator.VibratorManagerService$Lifecycle took to complete: 3ms
06-16 14:56:51.353   604   604 I SystemServerTiming: OnBootPhase_500_com.android.server.alarm.AlarmManagerService
06-16 14:56:51.356   604   604 E LazyAlarmStore: Removed TIME_TICK alarm
06-16 14:56:51.360   604   635 I DropBoxManagerService: add tag=system_server_wtf isTagEnabled=true flags=0x2
06-16 14:56:51.361   604   604 D SystemServerTiming: OnBootPhase_500_com.android.server.alarm.AlarmManagerService took to complete: 7ms
06-16 14:56:51.361   604   604 I SystemServerTiming: OnBootPhase_500_com.android.server.devicestate.DeviceStateManagerService
06-16 14:56:51.361   604   604 D SystemServerTiming: OnBootPhase_500_com.android.server.devicestate.DeviceStateManagerService took to complete: 0ms
06-16 14:56:51.361   604   604 I SystemServerTiming: OnBootPhase_500_com.android.server.camera.CameraServiceProxy
06-16 14:56:51.361   604   604 D SystemServerTiming: OnBootPhase_500_com.android.server.camera.CameraServiceProxy took to complete: 0ms
06-16 14:56:51.361   604   604 I SystemServerTiming: OnBootPhase_500_com.android.server.BluetoothService
06-16 14:56:51.362   604   604 D SystemServerTiming: OnBootPhase_500_com.android.server.BluetoothService took to complete: 2ms
06-16 14:56:51.362   604   604 I SystemServerTiming: OnBootPhase_500_com.android.server.connectivity.IpConnectivityMetrics
06-16 14:56:51.372   604   604 D SystemServerTiming: OnBootPhase_500_com.android.server.connectivity.IpConnectivityMetrics took to complete: 10ms
06-16 14:56:51.372   604   604 I SystemServerTiming: OnBootPhase_500_com.android.server.net.watchlist.NetworkWatchlistService$Lifecycle
06-16 14:56:51.372   604   604 D SystemServerTiming: OnBootPhase_500_com.android.server.net.watchlist.NetworkWatchlistService$Lifecycle took to complete: 0ms
06-16 14:56:51.372   604   604 I SystemServerTiming: OnBootPhase_500_com.android.server.PinnerService
06-16 14:56:51.373   604   604 D SystemServerTiming: OnBootPhase_500_com.android.server.PinnerService took to complete: 1ms
06-16 14:56:51.374   604   604 I SystemServerTiming: OnBootPhase_500_com.google.android.startop.iorap.IorapForwardingService
06-16 14:56:51.374   604   604 D SystemServerTiming: OnBootPhase_500_com.google.android.startop.iorap.IorapForwardingService took to complete: 0ms
06-16 14:56:51.374   604   604 I SystemServerTiming: OnBootPhase_500_com.android.server.integrity.AppIntegrityManagerService
06-16 14:56:51.374   604   604 D SystemServerTiming: OnBootPhase_500_com.android.server.integrity.AppIntegrityManagerService took to complete: 0ms
06-16 14:56:51.374   604   604 I SystemServerTiming: OnBootPhase_500_com.android.server.inputmethod.InputMethodManagerService$Lifecycle
06-16 14:56:51.374   604   604 D SystemServerTiming: OnBootPhase_500_com.android.server.inputmethod.InputMethodManagerService$Lifecycle took to complete: 0ms
06-16 14:56:51.374   604   604 I SystemServerTiming: OnBootPhase_500_com.android.server.accessibility.AccessibilityManagerService$Lifecycle
06-16 14:56:51.374   604   604 D SystemServerTiming: OnBootPhase_500_com.android.server.accessibility.AccessibilityManagerService$Lifecycle took to complete: 0ms
06-16 14:56:51.374   604   604 I SystemServerTiming: OnBootPhase_500_com.android.server.StorageManagerService$Lifecycle
06-16 14:56:51.378   604   604 D SystemServerTiming: OnBootPhase_500_com.android.server.StorageManagerService$Lifecycle took to complete: 3ms
06-16 14:56:51.378   604   604 I SystemServerTiming: OnBootPhase_500_com.android.server.usage.StorageStatsService$Lifecycle
06-16 14:56:51.378   604   604 D SystemServerTiming: OnBootPhase_500_com.android.server.usage.StorageStatsService$Lifecycle took to complete: 0ms
06-16 14:56:51.378   604   604 I SystemServerTiming: OnBootPhase_500_com.android.server.UiModeManagerService
06-16 14:56:51.389   604   604 I ActivityTaskManager: Config changes=200 {1.0 ?mcc?mnc [en_US] ldltr sw540dp w960dp h540dp 320dpi lrg long land television night -touch -keyb/v/h dpad/v winConfig={ mBounds=Rect(0, 0 - 1920, 1080) mAppBounds=Rect(0, 0 - 1920, 1080) mMaxBounds=Rect(0, 0 - 1920, 1080) mWindowingMode=fullscreen mDisplayWindowingMode=fullscreen mActivityType=undefined mAlwaysOnTop=undefined mRotation=ROTATION_0} s.4 ?fontWeightAdjustment}
06-16 14:56:51.395   604   604 I WindowManager: Override config changes=200 {1.0 ?mcc?mnc [en_US] ldltr sw540dp w960dp h540dp 320dpi lrg long land television night -touch -keyb/v/h dpad/v winConfig={ mBounds=Rect(0, 0 - 1920, 1080) mAppBounds=Rect(0, 0 - 1920, 1080) mMaxBounds=Rect(0, 0 - 1920, 1080) mWindowingMode=fullscreen mDisplayWindowingMode=fullscreen mActivityType=undefined mAlwaysOnTop=undefined mRotation=ROTATION_0} s.4 ?fontWeightAdjustment} for displayId=0
06-16 14:56:51.397   604   604 D SystemServerTiming: OnBootPhase_500_com.android.server.UiModeManagerService took to complete: 20ms
06-16 14:56:51.397   604   604 I SystemServerTiming: OnBootPhase_500_com.android.server.locksettings.LockSettingsService$Lifecycle
06-16 14:56:51.397   604   604 D SystemServerTiming: OnBootPhase_500_com.android.server.locksettings.LockSettingsService$Lifecycle took to complete: 0ms
06-16 14:56:51.397   604   604 I SystemServerTiming: OnBootPhase_500_com.android.server.PersistentDataBlockService
06-16 14:56:51.397   604   604 D SystemServerTiming: OnBootPhase_500_com.android.server.PersistentDataBlockService took to complete: 0ms
06-16 14:56:51.397   604   604 I SystemServerTiming: OnBootPhase_500_com.android.server.testharness.TestHarnessModeService
06-16 14:56:51.397   604   604 D TestHarnessModeService: Setting up test harness mode
06-16 14:56:51.397   604   604 D TestHarnessModeService: Getting PersistentDataBlockManagerInternal from LocalServices
06-16 14:56:51.447   604   604 D SystemServerTiming: OnBootPhase_500_com.android.server.testharness.TestHarnessModeService took to complete: 50ms
06-16 14:56:51.447   604   604 I SystemServerTiming: OnBootPhase_500_com.android.server.oemlock.OemLockService
06-16 14:56:51.447   604   604 D SystemServerTiming: OnBootPhase_500_com.android.server.oemlock.OemLockService took to complete: 0ms
06-16 14:56:51.447   604   604 I SystemServerTiming: OnBootPhase_500_com.android.server.DeviceIdleController
06-16 14:56:51.452   604   604 V HistoricalRegistry: Interaction before persistence initialized
06-16 14:56:51.453   604   604 D SystemServerTiming: OnBootPhase_500_com.android.server.DeviceIdleController took to complete: 6ms
06-16 14:56:51.453   604   604 I SystemServerTiming: OnBootPhase_500_com.android.server.devicepolicy.DevicePolicyManagerService$Lifecycle
06-16 14:56:51.453   604   604 D SystemServerTiming: OnBootPhase_500_com.android.server.devicepolicy.DevicePolicyManagerService$Lifecycle took to complete: 0ms
06-16 14:56:51.453   604   604 I SystemServerTiming: OnBootPhase_500_com.android.server.texttospeech.TextToSpeechManagerService
06-16 14:56:51.453   604   604 D SystemServerTiming: OnBootPhase_500_com.android.server.texttospeech.TextToSpeechManagerService took to complete: 0ms
06-16 14:56:51.453   604   604 I SystemServerTiming: OnBootPhase_500_com.android.server.speech.SpeechRecognitionManagerService
06-16 14:56:51.453   604   604 D SystemServerTiming: OnBootPhase_500_com.android.server.speech.SpeechRecognitionManagerService took to complete: 0ms
06-16 14:56:51.453   604   604 I SystemServerTiming: OnBootPhase_500_com.android.server.searchui.SearchUiManagerService
06-16 14:56:51.453   604   604 D SystemServerTiming: OnBootPhase_500_com.android.server.searchui.SearchUiManagerService took to complete: 0ms
06-16 14:56:51.454   604   604 I SystemServerTiming: OnBootPhase_500_com.android.server.smartspace.SmartspaceManagerService
06-16 14:56:51.454   604   604 D SystemServerTiming: OnBootPhase_500_com.android.server.smartspace.SmartspaceManagerService took to complete: 0ms
06-16 14:56:51.454   604   604 I SystemServerTiming: OnBootPhase_500_com.android.server.graphics.fonts.FontManagerService$Lifecycle
06-16 14:56:51.454   604   604 D SystemServerTiming: OnBootPhase_500_com.android.server.graphics.fonts.FontManagerService$Lifecycle took to complete: 0ms
06-16 14:56:51.454   604   604 I SystemServerTiming: OnBootPhase_500_com.android.server.textservices.TextServicesManagerService$Lifecycle
06-16 14:56:51.454   604   604 D SystemServerTiming: OnBootPhase_500_com.android.server.textservices.TextServicesManagerService$Lifecycle took to complete: 0ms
06-16 14:56:51.454   604   604 I SystemServerTiming: OnBootPhase_500_com.android.server.textclassifier.TextClassificationManagerService$Lifecycle
06-16 14:56:51.454   604   604 D SystemServerTiming: OnBootPhase_500_com.android.server.textclassifier.TextClassificationManagerService$Lifecycle took to complete: 0ms
06-16 14:56:51.454   604   604 I SystemServerTiming: OnBootPhase_500_com.android.server.NetworkScoreService$Lifecycle
06-16 14:56:51.455   604   604 D SystemServerTiming: OnBootPhase_500_com.android.server.NetworkScoreService$Lifecycle took to complete: 1ms
06-16 14:56:51.455   604   604 I SystemServerTiming: OnBootPhase_500_com.android.server.wifi.WifiService
06-16 14:56:51.461   604   604 D SystemServerTiming: OnBootPhase_500_com.android.server.wifi.WifiService took to complete: 4ms
06-16 14:56:51.461   604   604 I SystemServerTiming: OnBootPhase_500_com.android.server.wifi.scanner.WifiScanningService
06-16 14:56:51.470   604   604 D SystemServerTiming: OnBootPhase_500_com.android.server.wifi.scanner.WifiScanningService took to complete: 9ms
06-16 14:56:51.470   604   604 I SystemServerTiming: OnBootPhase_500_com.android.server.wifi.p2p.WifiP2pService
06-16 14:56:51.474   604   604 D SystemServerTiming: OnBootPhase_500_com.android.server.wifi.p2p.WifiP2pService took to complete: 4ms
06-16 14:56:51.474   604   604 I SystemServerTiming: OnBootPhase_500_com.android.server.ethernet.EthernetService
06-16 14:56:51.495   604   604 D SystemServerTiming: OnBootPhase_500_com.android.server.ethernet.EthernetService took to complete: 21ms
06-16 14:56:51.495   604   604 I SystemServerTiming: OnBootPhase_500_com.android.server.ConnectivityServiceInitializer
06-16 14:56:51.495   604   604 D SystemServerTiming: OnBootPhase_500_com.android.server.ConnectivityServiceInitializer took to complete: 0ms
06-16 14:56:51.495   604   604 I SystemServerTiming: OnBootPhase_500_com.android.server.notification.NotificationManagerService
06-16 14:56:51.568   403   403 E android.hardware.wifi@1.0-service.droidlogic: wifi_get_sdio_device_id,fp is null: No such file or directory
06-16 14:56:51.568   403   403 E android.hardware.wifi@1.0-service.droidlogic: wifi_get_sdio_device_id,fp is null: Permission denied
06-16 14:56:51.569   403   403 E android.hardware.wifi@1.0-service.droidlogic: wifi_get_sdio_device_id,ret:12: Permission denied
06-16 14:56:51.569   403   403 E android.hardware.wifi@1.0-service.droidlogic: wifi_get_sdio_device_id is not  WIFI_INVALID_DEVICE: Permission denied
06-16 14:56:51.569   403   403 I android.hardware.wifi@1.0-service.droidlogic: ===wifi_load_driver== device_id=12
06-16 14:56:51.571   348   348 D ZygoteInitTiming_lazy: PreloadClasses took to complete: 2597ms
06-16 14:56:51.587   403   403 I android.hardware.wifi@1.0-service.droidlogic: ===wifi_load_driver uwe wifi module
06-16 14:56:51.588   403   403 I android.hardware.wifi@1.0-service.droidlogic: =222=libn=wifi_load_driver vendor.sys.bcm_uwewifi:bcm_uwe
06-16 14:56:51.589   403   403 I android.hardware.wifi@1.0-service.droidlogic: getChipModesForPrimary wifi module is UWE5621
06-16 14:56:51.590   403   403 I android.hardware.wifi@1.0-service.droidlogic: Using debug chip mode: <STA + AP Concurrency> set via property: persist.vendor.debug.wifi.hal.preset_interface_combination_idx
06-16 14:56:51.591   403   403 I android.hardware.wifi@1.0-service.droidlogic: Wifi HAL started
06-16 14:56:51.612   348   348 D ZygoteInitTiming_lazy: CacheNonBootClasspathClassLoaders took to complete: 40ms
06-16 14:56:51.615   604   604 W SystemServiceManager: Service com.android.server.notification.NotificationManagerService took 120 ms in onBootPhase
06-16 14:56:51.615   604   604 D SystemServerTiming: OnBootPhase_500_com.android.server.notification.NotificationManagerService took to complete: 120ms
06-16 14:56:51.615   604   604 I SystemServerTiming: OnBootPhase_500_com.android.server.storage.DeviceStorageMonitorService
06-16 14:56:51.615   604   604 D SystemServerTiming: OnBootPhase_500_com.android.server.storage.DeviceStorageMonitorService took to complete: 0ms
06-16 14:56:51.615   604   604 I SystemServerTiming: OnBootPhase_500_com.android.server.location.LocationManagerService$Lifecycle
06-16 14:56:51.617   604   604 V HistoricalRegistry: Interaction before persistence initialized
06-16 14:56:51.618   604   604 D SystemServerTiming: OnBootPhase_500_com.android.server.location.LocationManagerService$Lifecycle took to complete: 3ms
06-16 14:56:51.618   604   604 I SystemServerTiming: OnBootPhase_500_com.android.server.timedetector.TimeDetectorService$Lifecycle
06-16 14:56:51.618   604   604 D SystemServerTiming: OnBootPhase_500_com.android.server.timedetector.TimeDetectorService$Lifecycle took to complete: 0ms
06-16 14:56:51.618   604   604 I SystemServerTiming: OnBootPhase_500_com.android.server.timezonedetector.TimeZoneDetectorService$Lifecycle
06-16 14:56:51.618   604   604 D SystemServerTiming: OnBootPhase_500_com.android.server.timezonedetector.TimeZoneDetectorService$Lifecycle took to complete: 0ms
06-16 14:56:51.618   604   604 I SystemServerTiming: OnBootPhase_500_com.android.server.timezonedetector.location.LocationTimeZoneManagerService$Lifecycle
06-16 14:56:51.618   604   604 D SystemServerTiming: OnBootPhase_500_com.android.server.timezonedetector.location.LocationTimeZoneManagerService$Lifecycle took to complete: 0ms
06-16 14:56:51.618   604   604 I SystemServerTiming: OnBootPhase_500_com.android.server.search.SearchManagerService$Lifecycle
06-16 14:56:51.618   604   604 D SystemServerTiming: OnBootPhase_500_com.android.server.search.SearchManagerService$Lifecycle took to complete: 0ms
06-16 14:56:51.618   604   604 I SystemServerTiming: OnBootPhase_500_com.android.server.wallpaper.WallpaperManagerService$Lifecycle
06-16 14:56:51.619   604   604 D SystemServerTiming: OnBootPhase_500_com.android.server.wallpaper.WallpaperManagerService$Lifecycle took to complete: 1ms
06-16 14:56:51.619   604   604 I SystemServerTiming: OnBootPhase_500_com.android.server.audio.AudioService$Lifecycle
06-16 14:56:51.619   604   604 D SystemServerTiming: OnBootPhase_500_com.android.server.audio.AudioService$Lifecycle took to complete: 0ms
06-16 14:56:51.619   604   604 I SystemServerTiming: OnBootPhase_500_com.android.server.soundtrigger_middleware.SoundTriggerMiddlewareService$Lifecycle
06-16 14:56:51.619   604   604 D SystemServerTiming: OnBootPhase_500_com.android.server.soundtrigger_middleware.SoundTriggerMiddlewareService$Lifecycle took to complete: 0ms
06-16 14:56:51.619   604   604 I SystemServerTiming: OnBootPhase_500_com.android.server.DockObserver
06-16 14:56:51.619   604   604 D SystemServerTiming: OnBootPhase_500_com.android.server.DockObserver took to complete: 0ms
06-16 14:56:51.619   604   604 I SystemServerTiming: OnBootPhase_500_com.android.server.adb.AdbService$Lifecycle
06-16 14:56:51.619   604   604 D SystemServerTiming: OnBootPhase_500_com.android.server.adb.AdbService$Lifecycle took to complete: 0ms
06-16 14:56:51.619   604   604 I SystemServerTiming: OnBootPhase_500_com.android.server.usb.UsbService$Lifecycle
06-16 14:56:51.619   604   604 D SystemServerTiming: OnBootPhase_500_com.android.server.usb.UsbService$Lifecycle took to complete: 0ms
06-16 14:56:51.619   604   604 I SystemServerTiming: OnBootPhase_500_com.android.server.twilight.TwilightService
06-16 14:56:51.619   604   604 D SystemServerTiming: OnBootPhase_500_com.android.server.twilight.TwilightService took to complete: 0ms
06-16 14:56:51.619   604   604 I SystemServerTiming: OnBootPhase_500_com.android.server.display.color.ColorDisplayService
06-16 14:56:51.620   604   604 D SystemServerTiming: OnBootPhase_500_com.android.server.display.color.ColorDisplayService took to complete: 0ms
06-16 14:56:51.620   604   604 I SystemServerTiming: OnBootPhase_500_com.android.server.job.JobSchedulerService
06-16 14:56:51.629   403   403 W android.hardware.wifi@1.0-service.droidlogic: No active wlan interfaces in use! Using default
06-16 14:56:51.629   403   403 E android.hardware.wifi@1.0-service.droidlogic: Unknown iface name: wlan0
06-16 14:56:51.629   403   403 E android.hardware.wifi@1.0-service.droidlogic: Unknown iface name: wlan0
06-16 14:56:51.630   604   687 D SystemServerTimingAsync: SecondaryZygotePreload took to complete: 2896ms
06-16 14:56:51.630   604   687 D SystemServerInitThreadPool: Finished executing SecondaryZygotePreload
06-16 14:56:51.630   604   687 D SystemServerTimingAsync: InitThreadPoolExec:SecondaryZygotePreload took to complete: 2896ms
06-16 14:56:51.648   403   403 I android.hardware.wifi@1.0-service.droidlogic: Adding interface handle for wlan1
06-16 14:56:51.648   403   403 I android.hardware.wifi@1.0-service.droidlogic: Adding interface handle for wlan0
06-16 14:56:51.648   403   403 W android.hardware.wifi@1.0-service.droidlogic: No active wlan interfaces in use! Using default
06-16 14:56:51.648   403   403 E android.hardware.wifi@1.0-service.droidlogic: Failed to register radio mode change callback
06-16 14:56:51.648   403   403 W android.hardware.wifi@1.0-service.droidlogic: No active wlan interfaces in use! Using default
06-16 14:56:51.651   403   403 I android.hardware.wifi@1.0-service.droidlogic: Configured chip in mode 3
06-16 14:56:51.651   403   403 W android.hardware.wifi@1.0-service.droidlogic: No active wlan interfaces in use! Using default
06-16 14:56:51.652   604   604 V HistoricalRegistry: Interaction before persistence initialized
06-16 14:56:51.654   604   604 D SystemServerTiming: OnBootPhase_500_com.android.server.job.JobSchedulerService took to complete: 35ms
06-16 14:56:51.655   604   604 I SystemServerTiming: OnBootPhase_500_com.android.server.soundtrigger.SoundTriggerService
06-16 14:56:51.655   604   604 D SoundTriggerService: onBootPhase: 500 : false
06-16 14:56:51.655   604   604 D SystemServerTiming: OnBootPhase_500_com.android.server.soundtrigger.SoundTriggerService took to complete: 0ms
06-16 14:56:51.655   604   604 I SystemServerTiming: OnBootPhase_500_com.android.server.trust.TrustManagerService
06-16 14:56:51.659   604   604 D SystemServerTiming: OnBootPhase_500_com.android.server.trust.TrustManagerService took to complete: 4ms
06-16 14:56:51.659   604   604 I SystemServerTiming: OnBootPhase_500_com.android.server.backup.BackupManagerService$Lifecycle
06-16 14:56:51.659   604   604 D SystemServerTiming: OnBootPhase_500_com.android.server.backup.BackupManagerService$Lifecycle took to complete: 0ms
06-16 14:56:51.659   604   604 I SystemServerTiming: OnBootPhase_500_com.android.server.appwidget.AppWidgetService
06-16 14:56:51.659   604   604 D SystemServerTiming: OnBootPhase_500_com.android.server.appwidget.AppWidgetService took to complete: 0ms
06-16 14:56:51.659   604   604 I SystemServerTiming: OnBootPhase_500_com.android.server.voiceinteraction.VoiceInteractionManagerService
06-16 14:56:51.659   604   604 D SystemServerTiming: OnBootPhase_500_com.android.server.voiceinteraction.VoiceInteractionManagerService took to complete: 0ms
06-16 14:56:51.659   604   604 I SystemServerTiming: OnBootPhase_500_com.android.server.apphibernation.AppHibernationService
06-16 14:56:51.660   403   403 I android.hardware.wifi@1.0-service.droidlogic: Adding interface handle for wlan1
06-16 14:56:51.660   403   403 I android.hardware.wifi@1.0-service.droidlogic: Adding interface handle for wlan0
06-16 14:56:51.661   403   403 E android.hardware.wifi@1.0-service.droidlogic: Failed to set DFS flag; DFS channels may be unavailable.
06-16 14:56:51.661   604   604 D SystemServerTiming: OnBootPhase_500_com.android.server.apphibernation.AppHibernationService took to complete: 2ms
06-16 14:56:51.661   604   604 I SystemServerTiming: OnBootPhase_500_com.android.server.GestureLauncherService
06-16 14:56:51.661   604   604 D SystemServerTiming: OnBootPhase_500_com.android.server.GestureLauncherService took to complete: 0ms
06-16 14:56:51.661   604   604 I SystemServerTiming: OnBootPhase_500_com.android.server.SensorNotificationService
06-16 14:56:51.661   604   604 D SystemServerTiming: OnBootPhase_500_com.android.server.SensorNotificationService took to complete: 0ms
06-16 14:56:51.661   604   604 I SystemServerTiming: OnBootPhase_500_com.android.server.emergency.EmergencyAffordanceService
06-16 14:56:51.661   604   604 D SystemServerTiming: OnBootPhase_500_com.android.server.emergency.EmergencyAffordanceService took to complete: 0ms
06-16 14:56:51.661   604   604 I SystemServerTiming: OnBootPhase_500_com.android.server.dreams.DreamManagerService
06-16 14:56:51.661   604   604 D SystemServerTiming: OnBootPhase_500_com.android.server.dreams.DreamManagerService took to complete: 0ms
06-16 14:56:51.661   604   604 I SystemServerTiming: OnBootPhase_500_com.android.server.blob.BlobStoreManagerService
06-16 14:56:51.661   604   604 D SystemServerTiming: OnBootPhase_500_com.android.server.blob.BlobStoreManagerService took to complete: 0ms
06-16 14:56:51.661   604   604 I SystemServerTiming: OnBootPhase_500_com.android.server.restrictions.RestrictionsManagerService
06-16 14:56:51.661   604   604 D SystemServerTiming: OnBootPhase_500_com.android.server.restrictions.RestrictionsManagerService took to complete: 0ms
06-16 14:56:51.661   604   604 I SystemServerTiming: OnBootPhase_500_com.android.server.media.MediaSessionService
06-16 14:56:51.661   604   604 D SystemServerTiming: OnBootPhase_500_com.android.server.media.MediaSessionService took to complete: 0ms
06-16 14:56:51.662   604   604 I SystemServerTiming: OnBootPhase_500_com.android.server.hdmi.HdmiControlService
06-16 14:56:51.663   604   604 D SystemServerTiming: OnBootPhase_500_com.android.server.hdmi.HdmiControlService took to complete: 2ms
06-16 14:56:51.664   604   604 I SystemServerTiming: OnBootPhase_500_com.android.server.tv.TvInputManagerService
06-16 14:56:51.674   485   485 I wificond: createClientInterface: wiphy_index 0 iface_name wlan0
06-16 14:56:51.677   485   485 I wificond: create scanner for interface with index: 7
06-16 14:56:51.678   485   485 I wificond: subscribe scan result for interface with index: 7
06-16 14:56:51.681   485   485 I wificond: add channel type 0 support at wiphy index: 0
06-16 14:56:51.681   485   485 I wificond: add channel type 1 support at wiphy index: 0
06-16 14:56:51.692   604   604 D SystemServerTiming: OnBootPhase_500_com.android.server.tv.TvInputManagerService took to complete: 27ms
06-16 14:56:51.692   604   604 I SystemServerTiming: OnBootPhase_500_com.android.server.media.MediaResourceMonitorService
06-16 14:56:51.692   604   604 D SystemServerTiming: OnBootPhase_500_com.android.server.media.MediaResourceMonitorService took to complete: 0ms
06-16 14:56:51.692   604   604 I SystemServerTiming: OnBootPhase_500_com.android.server.tv.TvRemoteService
06-16 14:56:51.692   604   604 D SystemServerTiming: OnBootPhase_500_com.android.server.tv.TvRemoteService took to complete: 0ms
06-16 14:56:51.692   604   604 I SystemServerTiming: OnBootPhase_500_com.android.server.biometrics.BiometricService
06-16 14:56:51.692   604   604 D SystemServerTiming: OnBootPhase_500_com.android.server.biometrics.BiometricService took to complete: 0ms
06-16 14:56:51.692   604   604 I SystemServerTiming: OnBootPhase_500_com.android.server.biometrics.AuthService
06-16 14:56:51.692   604   604 D SystemServerTiming: OnBootPhase_500_com.android.server.biometrics.AuthService took to complete: 0ms
06-16 14:56:51.692   604   604 I SystemServerTiming: OnBootPhase_500_com.android.server.pm.ShortcutService$Lifecycle
06-16 14:56:51.692   604   604 D SystemServerTiming: OnBootPhase_500_com.android.server.pm.ShortcutService$Lifecycle took to complete: 0ms
06-16 14:56:51.692   604   604 I SystemServerTiming: OnBootPhase_500_com.android.server.pm.LauncherAppsService
06-16 14:56:51.692   604   604 D SystemServerTiming: OnBootPhase_500_com.android.server.pm.LauncherAppsService took to complete: 0ms
06-16 14:56:51.692   604   604 I SystemServerTiming: OnBootPhase_500_com.android.server.pm.CrossProfileAppsService
06-16 14:56:51.692   604   604 D SystemServerTiming: OnBootPhase_500_com.android.server.pm.CrossProfileAppsService took to complete: 0ms
06-16 14:56:51.692   604   604 I SystemServerTiming: OnBootPhase_500_com.android.server.people.PeopleService
06-16 14:56:51.694   604   604 D SystemServerTiming: OnBootPhase_500_com.android.server.people.PeopleService took to complete: 2ms
06-16 14:56:51.694   604   604 I SystemServerTiming: OnBootPhase_500_com.android.server.media.metrics.MediaMetricsManagerService
06-16 14:56:51.694   604   604 D SystemServerTiming: OnBootPhase_500_com.android.server.media.metrics.MediaMetricsManagerService took to complete: 0ms
06-16 14:56:51.695   604   604 I SystemServerTiming: OnBootPhase_500_com.android.server.media.projection.MediaProjectionManagerService
06-16 14:56:51.695   604   604 D SystemServerTiming: OnBootPhase_500_com.android.server.media.projection.MediaProjectionManagerService took to complete: 0ms
06-16 14:56:51.695   604   604 I SystemServerTiming: OnBootPhase_500_com.android.server.slice.SliceManagerService$Lifecycle
06-16 14:56:51.695   604   604 D SystemServerTiming: OnBootPhase_500_com.android.server.slice.SliceManagerService$Lifecycle took to complete: 0ms
06-16 14:56:51.695   604   604 I SystemServerTiming: OnBootPhase_500_com.android.server.stats.StatsCompanion$Lifecycle
06-16 14:56:51.695   604   604 D SystemServerTiming: OnBootPhase_500_com.android.server.stats.StatsCompanion$Lifecycle took to complete: 0ms
06-16 14:56:51.695   604   604 I SystemServerTiming: OnBootPhase_500_com.android.server.scheduling.RebootReadinessManagerService$Lifecycle
06-16 14:56:51.695   604   604 D SystemServerTiming: OnBootPhase_500_com.android.server.scheduling.RebootReadinessManagerService$Lifecycle took to complete: 0ms
06-16 14:56:51.695   604   604 I SystemServerTiming: OnBootPhase_500_com.android.server.stats.pull.StatsPullAtomService
06-16 14:56:51.695   604   604 D SystemServerTiming: OnBootPhase_500_com.android.server.stats.pull.StatsPullAtomService took to complete: 0ms
06-16 14:56:51.695   604   604 I SystemServerTiming: OnBootPhase_500_com.android.server.incident.IncidentCompanionService
06-16 14:56:51.695   604   604 D SystemServerTiming: OnBootPhase_500_com.android.server.incident.IncidentCompanionService took to complete: 0ms
06-16 14:56:51.695   604   604 I SystemServerTiming: OnBootPhase_500_com.android.server.MmsServiceBroker
06-16 14:56:51.695   604   604 D SystemServerTiming: OnBootPhase_500_com.android.server.MmsServiceBroker took to complete: 0ms
06-16 14:56:51.695   604   604 I SystemServerTiming: OnBootPhase_500_com.android.server.autofill.AutofillManagerService
06-16 14:56:51.695   604   604 D SystemServerTiming: OnBootPhase_500_com.android.server.autofill.AutofillManagerService took to complete: 0ms
06-16 14:56:51.695   604   604 I SystemServerTiming: OnBootPhase_500_com.android.server.clipboard.ClipboardService
06-16 14:56:51.695   604   604 D SystemServerTiming: OnBootPhase_500_com.android.server.clipboard.ClipboardService took to complete: 0ms
06-16 14:56:51.695   604   604 I SystemServerTiming: OnBootPhase_500_com.android.server.appbinding.AppBindingService$Lifecycle
06-16 14:56:51.696   604   604 D SystemServerTiming: OnBootPhase_500_com.android.server.appbinding.AppBindingService$Lifecycle took to complete: 0ms
06-16 14:56:51.696   604   604 I SystemServerTiming: OnBootPhase_500_com.android.server.tracing.TracingServiceProxy
06-16 14:56:51.696   604   604 D SystemServerTiming: OnBootPhase_500_com.android.server.tracing.TracingServiceProxy took to complete: 0ms
06-16 14:56:51.696   604   604 D SystemServerTiming: OnBootPhase_500 took to complete: 384ms
06-16 14:56:51.696   604   604 D SystemServerTiming: StartBootPhaseSystemServicesReady took to complete: 384ms
06-16 14:56:51.696   604   604 I SystemServerTiming: MakeWindowManagerServiceReady
06-16 14:56:51.699   604   604 D SystemServerTiming: MakeWindowManagerServiceReady took to complete: 4ms
06-16 14:56:51.700   604   604 I SystemServerTiming: MakePowerManagerServiceReady
06-16 14:56:51.702   604   604 I AttentionDetector: readValuesFromDeviceConfig():
06-16 14:56:51.702   604   604 I AttentionDetector: mMaximumExtensionMillis=900000
06-16 14:56:51.702   604   604 I AttentionDetector: mPreDimCheckDurationMillis=2000
06-16 14:56:51.702   604   604 I AttentionDetector: mRequestedPostDimTimeoutMillis=0
06-16 14:56:51.711   604   634 E KernelCpuThreadReader: Failed to initialize KernelCpuThreadReader
06-16 14:56:51.711   604   634 E KernelCpuThreadReader: java.nio.file.NoSuchFileException: /proc/self/time_in_state
06-16 14:56:51.711   604   634 E KernelCpuThreadReader: 	at sun.nio.fs.UnixFileSystemProvider.newByteChannel(UnixFileSystemProvider.java:214)
06-16 14:56:51.711   604   634 E KernelCpuThreadReader: 	at java.nio.file.Files.newByteChannel(Files.java:361)
06-16 14:56:51.711   604   634 E KernelCpuThreadReader: 	at java.nio.file.Files.newByteChannel(Files.java:407)
06-16 14:56:51.711   604   634 E KernelCpuThreadReader: 	at java.nio.file.Files.readAllBytes(Files.java:3152)
06-16 14:56:51.711   604   634 E KernelCpuThreadReader: 	at com.android.internal.os.ProcTimeInStateReader.initializeTimeInStateFormat(ProcTimeInStateReader.java:159)
06-16 14:56:51.711   604   634 E KernelCpuThreadReader: 	at com.android.internal.os.ProcTimeInStateReader.<init>(ProcTimeInStateReader.java:106)
06-16 14:56:51.711   604   634 E KernelCpuThreadReader: 	at com.android.internal.os.KernelCpuThreadReader.<init>(KernelCpuThreadReader.java:138)
