06-16 14:56:52.436   604   604 I SystemServerTiming: OnBootPhase_550_com.android.server.search.SearchManagerService$Lifecycle
06-16 14:56:52.436   604   604 D SystemServerTiming: OnBootPhase_550_com.android.server.search.SearchManagerService$Lifecycle took to complete: 0ms
06-16 14:56:52.436   604   604 I SystemServerTiming: OnBootPhase_550_com.android.server.wallpaper.WallpaperManagerService$Lifecycle
06-16 14:56:52.438   604   604 I WallpaperManagerService: No static wallpaper imagery; defaults will be shown
06-16 14:56:52.438   604   604 V WallpaperManagerService: bindWallpaperComponentLocked: componentName=ComponentInfo{com.android.systemui/com.android.systemui.ImageWallpaper}
06-16 14:56:52.443   604   604 D CompatibilityChangeReporter: Compat change id reported: 135634846; UID 10077; state: DISABLED
06-16 14:56:52.444   604   604 D CompatibilityChangeReporter: Compat change id reported: 177438394; UID 10077; state: DISABLED
06-16 14:56:52.445   604   604 D CompatibilityChangeReporter: Compat change id reported: 135772972; UID 10077; state: DISABLED
06-16 14:56:52.445   604   604 D CompatibilityChangeReporter: Compat change id reported: 135754954; UID 10077; state: ENABLED
06-16 14:56:52.445   604   636 D CompatibilityChangeReporter: Compat change id reported: 143937733; UID 10077; state: ENABLED
06-16 14:56:52.449   604   604 W WallpaperManagerService: Invalid wallpaper data
06-16 14:56:52.449   604   604 E WallpaperManagerService: Unable to apply new wallpaper
06-16 14:56:52.450   604   604 D SystemServerTiming: OnBootPhase_550_com.android.server.wallpaper.WallpaperManagerService$Lifecycle took to complete: 14ms
06-16 14:56:52.451   604   604 I SystemServerTiming: OnBootPhase_550_com.android.server.audio.AudioService$Lifecycle
06-16 14:56:52.451   604   604 D SystemServerTiming: OnBootPhase_550_com.android.server.audio.AudioService$Lifecycle took to complete: 0ms
06-16 14:56:52.451   604   604 I SystemServerTiming: OnBootPhase_550_com.android.server.soundtrigger_middleware.SoundTriggerMiddlewareService$Lifecycle
06-16 14:56:52.451   604   604 D SystemServerTiming: OnBootPhase_550_com.android.server.soundtrigger_middleware.SoundTriggerMiddlewareService$Lifecycle took to complete: 0ms
06-16 14:56:52.451   604   604 I SystemServerTiming: OnBootPhase_550_com.android.server.DockObserver
06-16 14:56:52.451   604   604 D SystemServerTiming: OnBootPhase_550_com.android.server.DockObserver took to complete: 0ms
06-16 14:56:52.451   604   604 I SystemServerTiming: OnBootPhase_550_com.android.server.adb.AdbService$Lifecycle
06-16 14:56:52.453   604   604 D SystemServerTiming: OnBootPhase_550_com.android.server.adb.AdbService$Lifecycle took to complete: 1ms
06-16 14:56:52.453   604   604 I SystemServerTiming: OnBootPhase_550_com.android.server.usb.UsbService$Lifecycle
06-16 14:56:52.453   604   604 D SystemServerTiming: OnBootPhase_550_com.android.server.usb.UsbService$Lifecycle took to complete: 1ms
06-16 14:56:52.453   604   633 I SystemServerTimingAsync: InitThreadPoolExec:UsbService$Lifecycle#onBootPhase
06-16 14:56:52.453   604   735 D BluetoothManagerService: Trying to bind to profile: 1, while Bluetooth was disabled
06-16 14:56:52.453   604   633 D SystemServerInitThreadPool: Started executing UsbService$Lifecycle#onBootPhase
06-16 14:56:52.453   604   604 I SystemServerTiming: OnBootPhase_550_com.android.server.twilight.TwilightService
06-16 14:56:52.454   604   604 D SystemServerTiming: OnBootPhase_550_com.android.server.twilight.TwilightService took to complete: 0ms
06-16 14:56:52.454   604   604 I SystemServerTiming: OnBootPhase_550_com.android.server.display.color.ColorDisplayService
06-16 14:56:52.454   604   604 D SystemServerTiming: OnBootPhase_550_com.android.server.display.color.ColorDisplayService took to complete: 0ms
06-16 14:56:52.454   604   604 I SystemServerTiming: OnBootPhase_550_com.android.server.job.JobSchedulerService
06-16 14:56:52.454   604   604 D SystemServerTiming: OnBootPhase_550_com.android.server.job.JobSchedulerService took to complete: 0ms
06-16 14:56:52.454   604   604 I SystemServerTiming: OnBootPhase_550_com.android.server.soundtrigger.SoundTriggerService
06-16 14:56:52.454   604   604 D SoundTriggerService: onBootPhase: 550 : false
06-16 14:56:52.454   604   604 D SystemServerTiming: OnBootPhase_550_com.android.server.soundtrigger.SoundTriggerService took to complete: 0ms
06-16 14:56:52.454   604   604 I SystemServerTiming: OnBootPhase_550_com.android.server.trust.TrustManagerService
06-16 14:56:52.454   604   604 D SystemServerTiming: OnBootPhase_550_com.android.server.trust.TrustManagerService took to complete: 0ms
06-16 14:56:52.454   604   604 I SystemServerTiming: OnBootPhase_550_com.android.server.backup.BackupManagerService$Lifecycle
06-16 14:56:52.454   604   604 D SystemServerTiming: OnBootPhase_550_com.android.server.backup.BackupManagerService$Lifecycle took to complete: 0ms
06-16 14:56:52.454   604   633 D UsbDeviceManager: systemReady
06-16 14:56:52.454   604   604 I SystemServerTiming: OnBootPhase_550_com.android.server.appwidget.AppWidgetService
06-16 14:56:52.454   604   604 D SystemServerTiming: OnBootPhase_550_com.android.server.appwidget.AppWidgetService took to complete: 0ms
06-16 14:56:52.454   604   604 I SystemServerTiming: OnBootPhase_550_com.android.server.voiceinteraction.VoiceInteractionManagerService
06-16 14:56:52.454   604   604 D SystemServerTiming: OnBootPhase_550_com.android.server.voiceinteraction.VoiceInteractionManagerService took to complete: 0ms
06-16 14:56:52.454   604   604 I SystemServerTiming: OnBootPhase_550_com.android.server.apphibernation.AppHibernationService
06-16 14:56:52.454   604   604 D SystemServerTiming: OnBootPhase_550_com.android.server.apphibernation.AppHibernationService took to complete: 0ms
06-16 14:56:52.454   604   604 I SystemServerTiming: OnBootPhase_550_com.android.server.GestureLauncherService
06-16 14:56:52.455   604   604 D SystemServerTiming: OnBootPhase_550_com.android.server.GestureLauncherService took to complete: 0ms
06-16 14:56:52.455   604   604 I SystemServerTiming: OnBootPhase_550_com.android.server.SensorNotificationService
06-16 14:56:52.455   604   604 D SystemServerTiming: OnBootPhase_550_com.android.server.SensorNotificationService took to complete: 0ms
06-16 14:56:52.455   604   604 I SystemServerTiming: OnBootPhase_550_com.android.server.emergency.EmergencyAffordanceService
06-16 14:56:52.455   604   604 D SystemServerTiming: OnBootPhase_550_com.android.server.emergency.EmergencyAffordanceService took to complete: 0ms
06-16 14:56:52.455   604   604 I SystemServerTiming: OnBootPhase_550_com.android.server.dreams.DreamManagerService
06-16 14:56:52.455   604   604 D SystemServerTiming: OnBootPhase_550_com.android.server.dreams.DreamManagerService took to complete: 0ms
06-16 14:56:52.455   604   604 I SystemServerTiming: OnBootPhase_550_com.android.server.blob.BlobStoreManagerService
06-16 14:56:52.456   604   750 E UsbPortManager: port status enquiry failed
06-16 14:56:52.456   604   633 D SystemServerInitThreadPool: Finished executing UsbService$Lifecycle#onBootPhase
06-16 14:56:52.456   604   633 D SystemServerTimingAsync: InitThreadPoolExec:UsbService$Lifecycle#onBootPhase took to complete: 3ms
06-16 14:56:52.461   604   604 D SystemServerTiming: OnBootPhase_550_com.android.server.blob.BlobStoreManagerService took to complete: 5ms
06-16 14:56:52.461   604   604 I SystemServerTiming: OnBootPhase_550_com.android.server.restrictions.RestrictionsManagerService
06-16 14:56:52.461   604   604 D SystemServerTiming: OnBootPhase_550_com.android.server.restrictions.RestrictionsManagerService took to complete: 0ms
06-16 14:56:52.461   604   604 I SystemServerTiming: OnBootPhase_550_com.android.server.media.MediaSessionService
06-16 14:56:52.463   604   604 D SystemServerTiming: OnBootPhase_550_com.android.server.media.MediaSessionService took to complete: 2ms
06-16 14:56:52.463   604   604 I SystemServerTiming: OnBootPhase_550_com.android.server.hdmi.HdmiControlService
06-16 14:56:52.463   604   604 D SystemServerTiming: OnBootPhase_550_com.android.server.hdmi.HdmiControlService took to complete: 0ms
06-16 14:56:52.463   604   604 I SystemServerTiming: OnBootPhase_550_com.android.server.tv.TvInputManagerService
06-16 14:56:52.463   604   604 D SystemServerTiming: OnBootPhase_550_com.android.server.tv.TvInputManagerService took to complete: 0ms
06-16 14:56:52.463   604   604 I SystemServerTiming: OnBootPhase_550_com.android.server.media.MediaResourceMonitorService
06-16 14:56:52.463   604   604 D SystemServerTiming: OnBootPhase_550_com.android.server.media.MediaResourceMonitorService took to complete: 0ms
06-16 14:56:52.463   604   604 I SystemServerTiming: OnBootPhase_550_com.android.server.tv.TvRemoteService
06-16 14:56:52.463   604   604 D SystemServerTiming: OnBootPhase_550_com.android.server.tv.TvRemoteService took to complete: 0ms
06-16 14:56:52.463   604   604 I SystemServerTiming: OnBootPhase_550_com.android.server.biometrics.BiometricService
06-16 14:56:52.463   604   604 D SystemServerTiming: OnBootPhase_550_com.android.server.biometrics.BiometricService took to complete: 0ms
06-16 14:56:52.463   604   604 I SystemServerTiming: OnBootPhase_550_com.android.server.biometrics.AuthService
06-16 14:56:52.463   604   604 D SystemServerTiming: OnBootPhase_550_com.android.server.biometrics.AuthService took to complete: 0ms
06-16 14:56:52.463   604   604 I SystemServerTiming: OnBootPhase_550_com.android.server.pm.ShortcutService$Lifecycle
06-16 14:56:52.463   604   604 D SystemServerTiming: OnBootPhase_550_com.android.server.pm.ShortcutService$Lifecycle took to complete: 0ms
06-16 14:56:52.464   604   604 I SystemServerTiming: OnBootPhase_550_com.android.server.pm.LauncherAppsService
06-16 14:56:52.464   604   604 D SystemServerTiming: OnBootPhase_550_com.android.server.pm.LauncherAppsService took to complete: 0ms
06-16 14:56:52.464   604   604 I SystemServerTiming: OnBootPhase_550_com.android.server.pm.CrossProfileAppsService
06-16 14:56:52.464   604   604 D SystemServerTiming: OnBootPhase_550_com.android.server.pm.CrossProfileAppsService took to complete: 0ms
06-16 14:56:52.464   604   604 I SystemServerTiming: OnBootPhase_550_com.android.server.people.PeopleService
06-16 14:56:52.464   604   604 D SystemServerTiming: OnBootPhase_550_com.android.server.people.PeopleService took to complete: 0ms
06-16 14:56:52.464   604   604 I SystemServerTiming: OnBootPhase_550_com.android.server.media.metrics.MediaMetricsManagerService
06-16 14:56:52.464   604   604 D SystemServerTiming: OnBootPhase_550_com.android.server.media.metrics.MediaMetricsManagerService took to complete: 0ms
06-16 14:56:52.464   604   604 I SystemServerTiming: OnBootPhase_550_com.android.server.media.projection.MediaProjectionManagerService
06-16 14:56:52.464   604   604 D SystemServerTiming: OnBootPhase_550_com.android.server.media.projection.MediaProjectionManagerService took to complete: 0ms
06-16 14:56:52.464   604   604 I SystemServerTiming: OnBootPhase_550_com.android.server.slice.SliceManagerService$Lifecycle
06-16 14:56:52.464   604   604 D SystemServerTiming: OnBootPhase_550_com.android.server.slice.SliceManagerService$Lifecycle took to complete: 0ms
06-16 14:56:52.464   604   604 I SystemServerTiming: OnBootPhase_550_com.android.server.stats.StatsCompanion$Lifecycle
06-16 14:56:52.464   604   604 D SystemServerTiming: OnBootPhase_550_com.android.server.stats.StatsCompanion$Lifecycle took to complete: 0ms
06-16 14:56:52.464   604   604 I SystemServerTiming: OnBootPhase_550_com.android.server.scheduling.RebootReadinessManagerService$Lifecycle
06-16 14:56:52.464   604   604 D SystemServerTiming: OnBootPhase_550_com.android.server.scheduling.RebootReadinessManagerService$Lifecycle took to complete: 0ms
06-16 14:56:52.464   604   604 I SystemServerTiming: OnBootPhase_550_com.android.server.stats.pull.StatsPullAtomService
06-16 14:56:52.464   604   604 D SystemServerTiming: OnBootPhase_550_com.android.server.stats.pull.StatsPullAtomService took to complete: 0ms
06-16 14:56:52.464   604   604 I SystemServerTiming: OnBootPhase_550_com.android.server.incident.IncidentCompanionService
06-16 14:56:52.464   604   604 D SystemServerTiming: OnBootPhase_550_com.android.server.incident.IncidentCompanionService took to complete: 0ms
06-16 14:56:52.464   604   604 I SystemServerTiming: OnBootPhase_550_com.android.server.MmsServiceBroker
06-16 14:56:52.464   604   604 D SystemServerTiming: OnBootPhase_550_com.android.server.MmsServiceBroker took to complete: 0ms
06-16 14:56:52.464   604   604 I SystemServerTiming: OnBootPhase_550_com.android.server.autofill.AutofillManagerService
06-16 14:56:52.464   604   604 D SystemServerTiming: OnBootPhase_550_com.android.server.autofill.AutofillManagerService took to complete: 0ms
06-16 14:56:52.464   604   604 I SystemServerTiming: OnBootPhase_550_com.android.server.clipboard.ClipboardService
06-16 14:56:52.464   604   604 D SystemServerTiming: OnBootPhase_550_com.android.server.clipboard.ClipboardService took to complete: 0ms
06-16 14:56:52.465   604   604 I SystemServerTiming: OnBootPhase_550_com.android.server.appbinding.AppBindingService$Lifecycle
06-16 14:56:52.466   604   735 D AudioService: updateHdmiAudioSystemClient false
06-16 14:56:52.466   604   604 I AppBindingService: Updating constants with: null
06-16 14:56:52.466   604   604 D SystemServerTiming: OnBootPhase_550_com.android.server.appbinding.AppBindingService$Lifecycle took to complete: 2ms
06-16 14:56:52.466   604   604 I SystemServerTiming: OnBootPhase_550_com.android.server.tracing.TracingServiceProxy
06-16 14:56:52.466   604   604 D SystemServerTiming: OnBootPhase_550_com.android.server.tracing.TracingServiceProxy took to complete: 0ms
06-16 14:56:52.466   604   604 I SystemServerTiming: OnBootPhase_550_com.android.server.policy.PermissionPolicyService
06-16 14:56:52.467   604   636 I ActivityManager: Start proc 803:com.android.systemui/u0a77 for service {com.android.systemui/com.android.systemui.ImageWallpaper}
06-16 14:56:52.468   604   735 D AudioService: setHdmiSystemAudioSupported false
06-16 14:56:52.530   604   735 D AudioService: No vibrator found
06-16 14:56:52.535   604   771 D CompatibilityChangeReporter: Compat change id reported: 168419799; UID 10077; state: DISABLED
06-16 14:56:52.554   604   604 I PackageManager: Permission ownership changed. Updating all permissions.
06-16 14:56:52.654   604   604 W SystemServiceManager: Service com.android.server.policy.PermissionPolicyService took 188 ms in onBootPhase
06-16 14:56:52.654   604   604 D SystemServerTiming: OnBootPhase_550_com.android.server.policy.PermissionPolicyService took to complete: 188ms
06-16 14:56:52.654   604   604 I SystemServerTiming: OnBootPhase_550_com.android.server.pm.StagingManager$Lifecycle
06-16 14:56:52.654   604   604 D SystemServerTiming: OnBootPhase_550_com.android.server.pm.StagingManager$Lifecycle took to complete: 0ms
06-16 14:56:52.654   604   604 I SystemServerTiming: OnBootPhase_550_com.android.server.app.GameManagerService$Lifecycle
06-16 14:56:52.654   604   604 D SystemServerTiming: OnBootPhase_550_com.android.server.app.GameManagerService$Lifecycle took to complete: 0ms
06-16 14:56:52.654   604   604 I SystemServerTiming: OnBootPhase_550_com.android.server.appsearch.AppSearchManagerService
06-16 14:56:52.654   604   604 D SystemServerTiming: OnBootPhase_550_com.android.server.appsearch.AppSearchManagerService took to complete: 0ms
06-16 14:56:52.655   604   604 I SystemServerTiming: OnBootPhase_550_com.android.server.media.MediaCommunicationService
06-16 14:56:52.655   604   604 D SystemServerTiming: OnBootPhase_550_com.android.server.media.MediaCommunicationService took to complete: 0ms
06-16 14:56:52.655   604   604 D SystemServerTiming: OnBootPhase_550 took to complete: 574ms
06-16 14:56:52.655   604   604 D SystemServerTiming: StartActivityManagerReadyPhase took to complete: 574ms
06-16 14:56:52.655   604   604 I SystemServerTiming: StartObservingNativeCrashes
06-16 14:56:52.657   604   604 D SystemServerTiming: StartObservingNativeCrashes took to complete: 2ms
06-16 14:56:52.657   604   604 I SystemServerTiming: RegisterAppOpsPolicy
06-16 14:56:52.662   604   771 W ActivityManager: Slow operation: 131ms so far, now at attachApplicationLocked: after mServices.attachApplicationLocked
06-16 14:56:52.670   604   626 W Looper  : Slow dispatch took 103ms android.fg h=android.os.Handler c=<recycled PooledLambda@893de6d> m=0
06-16 14:56:52.684   604   604 D SystemServerTiming: RegisterAppOpsPolicy took to complete: 28ms
06-16 14:56:52.685   604   604 I SystemServerTiming: MakeNetworkManagementServiceReady
06-16 14:56:52.685   604   687 I SystemServerTimingAsync: InitThreadPoolExec:WebViewFactoryPreparation
06-16 14:56:52.686   604   687 D SystemServerInitThreadPool: Started executing WebViewFactoryPreparation
06-16 14:56:52.686   604   687 I SystemServer: WebViewFactoryPreparation
06-16 14:56:52.686   604   687 I SystemServerTimingAsync: WebViewFactoryPreparation
06-16 14:56:52.692   604   687 D CompatibilityChangeReporter: Compat change id reported: 135634846; UID 1000; state: DISABLED
06-16 14:56:52.693   604   687 D CompatibilityChangeReporter: Compat change id reported: 177438394; UID 1000; state: DISABLED
06-16 14:56:52.693   604   604 D SystemServerTiming: MakeNetworkManagementServiceReady took to complete: 7ms
06-16 14:56:52.693   604   604 I SystemServerTiming: MakeIpSecServiceReady
06-16 14:56:52.693   604   687 D CompatibilityChangeReporter: Compat change id reported: 135772972; UID 1000; state: DISABLED
06-16 14:56:52.694   604   687 D CompatibilityChangeReporter: Compat change id reported: 178038272; UID 1000; state: DISABLED
06-16 14:56:52.695   604   687 D SystemServerTimingAsync: WebViewFactoryPreparation took to complete: 9ms
06-16 14:56:52.695   604   687 D SystemServerInitThreadPool: Finished executing WebViewFactoryPreparation
06-16 14:56:52.695   604   687 D SystemServerTimingAsync: InitThreadPoolExec:WebViewFactoryPreparation took to complete: 10ms
06-16 14:56:52.701   604   604 D IpSecService: IpSecService is ready
06-16 14:56:52.701   604   604 D SystemServerTiming: MakeIpSecServiceReady took to complete: 8ms
06-16 14:56:52.701   604   604 I SystemServerTiming: MakeNetworkStatsServiceReady
06-16 14:56:52.712   604   708 W NetworkPolicy: setRestrictBackgroundUL: already false
06-16 14:56:52.715   604   636 I ActivityManager: Start proc 837:WebViewLoader-armeabi-v7a/1037 [android.webkit.WebViewLibraryLoader$RelroFileCreator] for null
06-16 14:56:52.758   604   833 D CompatibilityChangeReporter: Compat change id reported: 168419799; UID 1000; state: DISABLED
06-16 14:56:52.762   604   708 D CompatibilityChangeReporter: Compat change id reported: 171306433; UID 10032; state: ENABLED
06-16 14:56:52.775   604   604 D SystemServerTiming: MakeNetworkStatsServiceReady took to complete: 74ms
06-16 14:56:52.775   604   604 I SystemServerTiming: MakeConnectivityServiceReady
06-16 14:56:52.842   604   833 W PackageManager: Loading a package that does not exist for the calling user. package=null, user=0
06-16 14:56:52.870   604   604 D SystemServerTiming: MakeConnectivityServiceReady took to complete: 94ms
06-16 14:56:52.870   604   604 I SystemServerTiming: MakeVpnManagerServiceReady
06-16 14:56:52.885   604   604 D SystemServerTiming: MakeVpnManagerServiceReady took to complete: 15ms
06-16 14:56:52.885   604   604 I SystemServerTiming: MakeVcnManagementServiceReady
06-16 14:56:52.908   604   604 D SystemServerTiming: MakeVcnManagementServiceReady took to complete: 23ms
06-16 14:56:52.908   604   604 I SystemServerTiming: MakeNetworkPolicyServiceReady
06-16 14:56:52.957   604   626 W Looper  : Slow delivery took 277ms android.fg h=android.os.Handler c=<recycled PooledLambda@869590d> m=0
06-16 14:56:52.984   604   604 D SystemServerTiming: MakeNetworkPolicyServiceReady took to complete: 76ms
06-16 14:56:52.984   604   604 I SystemServerTiming: PhaseThirdPartyAppsCanStart
06-16 14:56:52.984   604   604 I SystemServiceManager: Starting phase 600
06-16 14:56:52.984   604   604 I SystemServerTiming: OnBootPhase_600
06-16 14:56:52.984   604   604 I SystemServerTiming: OnBootPhase_600_com.android.server.security.FileIntegrityService
06-16 14:56:52.984   604   604 D SystemServerTiming: OnBootPhase_600_com.android.server.security.FileIntegrityService took to complete: 0ms
06-16 14:56:52.984   604   604 I SystemServerTiming: OnBootPhase_600_com.android.server.pm.Installer
06-16 14:56:52.984   604   604 D SystemServerTiming: OnBootPhase_600_com.android.server.pm.Installer took to complete: 0ms
06-16 14:56:52.984   604   604 I SystemServerTiming: OnBootPhase_600_com.android.server.os.DeviceIdentifiersPolicyService
06-16 14:56:52.984   604   604 D SystemServerTiming: OnBootPhase_600_com.android.server.os.DeviceIdentifiersPolicyService took to complete: 0ms
06-16 14:56:52.984   604   604 I SystemServerTiming: OnBootPhase_600_com.android.server.uri.UriGrantsManagerService$Lifecycle
06-16 14:56:52.985   604   604 D SystemServerTiming: OnBootPhase_600_com.android.server.uri.UriGrantsManagerService$Lifecycle took to complete: 0ms
06-16 14:56:52.985   604   604 I SystemServerTiming: OnBootPhase_600_com.android.server.powerstats.PowerStatsService
06-16 14:56:52.985   604   604 D SystemServerTiming: OnBootPhase_600_com.android.server.powerstats.PowerStatsService took to complete: 0ms
06-16 14:56:52.985   604   604 I SystemServerTiming: OnBootPhase_600_com.android.server.wm.ActivityTaskManagerService$Lifecycle
06-16 14:56:52.985   604   604 D SystemServerTiming: OnBootPhase_600_com.android.server.wm.ActivityTaskManagerService$Lifecycle took to complete: 0ms
06-16 14:56:52.985   604   604 I SystemServerTiming: OnBootPhase_600_com.android.server.am.ActivityManagerService$Lifecycle
06-16 14:56:52.988   604   604 I ExplicitHealthCheckController: Explicit health checks enabled.
06-16 14:56:52.988   604   604 I PackageWatchdog: Syncing state, reason: health check state enabled
06-16 14:56:52.988   604   604 I PackageWatchdog: Discarding observer rollback-observer. All packages expired
06-16 14:56:52.988   604   634 I PackageWatchdog: Saving observer state to file
06-16 14:56:52.988   604   604 D SystemServerTiming: OnBootPhase_600_com.android.server.am.ActivityManagerService$Lifecycle took to complete: 4ms
06-16 14:56:52.989   604   604 I SystemServerTiming: OnBootPhase_600_com.android.server.pm.DataLoaderManagerService
06-16 14:56:52.989   604   604 D SystemServerTiming: OnBootPhase_600_com.android.server.pm.DataLoaderManagerService took to complete: 0ms
06-16 14:56:52.989   604   604 I SystemServerTiming: OnBootPhase_600_com.android.server.power.PowerManagerService
06-16 14:56:52.990   604   604 D SystemServerTiming: OnBootPhase_600_com.android.server.power.PowerManagerService took to complete: 1ms
06-16 14:56:52.990   604   604 I SystemServerTiming: OnBootPhase_600_com.android.server.power.ThermalManagerService
06-16 14:56:52.990   604   604 D SystemServerTiming: OnBootPhase_600_com.android.server.power.ThermalManagerService took to complete: 0ms
06-16 14:56:52.990   604   604 I SystemServerTiming: OnBootPhase_600_com.android.server.power.hint.HintManagerService
06-16 14:56:52.990   604   604 D SystemServerTiming: OnBootPhase_600_com.android.server.power.hint.HintManagerService took to complete: 0ms
06-16 14:56:52.990   604   604 I SystemServerTiming: OnBootPhase_600_com.android.server.recoverysystem.RecoverySystemService$Lifecycle
06-16 14:56:52.990   604   604 D SystemServerTiming: OnBootPhase_600_com.android.server.recoverysystem.RecoverySystemService$Lifecycle took to complete: 0ms
06-16 14:56:52.991   604   604 I SystemServerTiming: OnBootPhase_600_com.android.server.lights.LightsService
06-16 14:56:52.991   604   604 D SystemServerTiming: OnBootPhase_600_com.android.server.lights.LightsService took to complete: 0ms
06-16 14:56:52.991   604   604 I SystemServerTiming: OnBootPhase_600_com.android.server.display.DisplayManagerService
06-16 14:56:52.991   604   604 D SystemServerTiming: OnBootPhase_600_com.android.server.display.DisplayManagerService took to complete: 0ms
06-16 14:56:52.991   604   604 I SystemServerTiming: OnBootPhase_600_com.android.server.pm.verify.domain.DomainVerificationService
06-16 14:56:52.991   604   604 D SystemServerTiming: OnBootPhase_600_com.android.server.pm.verify.domain.DomainVerificationService took to complete: 0ms
06-16 14:56:52.991   604   604 I SystemServerTiming: OnBootPhase_600_com.android.server.pm.PackageInstallerService$Lifecycle
06-16 14:56:52.991   604   604 D SystemServerTiming: OnBootPhase_600_com.android.server.pm.PackageInstallerService$Lifecycle took to complete: 0ms
06-16 14:56:52.991   604   604 I SystemServerTiming: OnBootPhase_600_com.android.server.pm.UserManagerService$LifeCycle
06-16 14:56:52.991   604   604 D SystemServerTiming: OnBootPhase_600_com.android.server.pm.UserManagerService$LifeCycle took to complete: 0ms
06-16 14:56:52.991   604   604 I SystemServerTiming: OnBootPhase_600_com.android.server.om.OverlayManagerService
06-16 14:56:52.991   604   604 D SystemServerTiming: OnBootPhase_600_com.android.server.om.OverlayManagerService took to complete: 0ms
06-16 14:56:52.991   604   604 I SystemServerTiming: OnBootPhase_600_com.android.server.SensorPrivacyService
06-16 14:56:52.991   604   604 D SystemServerTiming: OnBootPhase_600_com.android.server.SensorPrivacyService took to complete: 0ms
06-16 14:56:52.991   604   604 I SystemServerTiming: OnBootPhase_600_com.android.server.sensors.SensorService
06-16 14:56:52.991   604   604 D SystemServerTiming: OnBootPhase_600_com.android.server.sensors.SensorService took to complete: 0ms
06-16 14:56:52.991   604   604 I SystemServerTiming: OnBootPhase_600_com.android.server.SystemConfigService
06-16 14:56:52.991   604   604 D SystemServerTiming: OnBootPhase_600_com.android.server.SystemConfigService took to complete: 0ms
06-16 14:56:52.991   604   604 I SystemServerTiming: OnBootPhase_600_com.android.server.BatteryService
06-16 14:56:52.991   604   604 D SystemServerTiming: OnBootPhase_600_com.android.server.BatteryService took to complete: 0ms
06-16 14:56:52.991   604   604 I SystemServerTiming: OnBootPhase_600_com.android.server.usage.UsageStatsService
06-16 14:56:52.991   604   604 D SystemServerTiming: OnBootPhase_600_com.android.server.usage.UsageStatsService took to complete: 0ms
06-16 14:56:52.991   604   604 I SystemServerTiming: OnBootPhase_600_com.android.server.webkit.WebViewUpdateService
06-16 14:56:52.991   604   604 D SystemServerTiming: OnBootPhase_600_com.android.server.webkit.WebViewUpdateService took to complete: 0ms
06-16 14:56:52.991   604   604 I SystemServerTiming: OnBootPhase_600_com.android.server.CachedDeviceStateService
06-16 14:56:52.991   604   604 D SystemServerTiming: OnBootPhase_600_com.android.server.CachedDeviceStateService took to complete: 0ms
06-16 14:56:52.991   604   604 I SystemServerTiming: OnBootPhase_600_com.android.server.BinderCallsStatsService$LifeCycle
06-16 14:56:52.992   604   604 D SystemServerTiming: OnBootPhase_600_com.android.server.BinderCallsStatsService$LifeCycle took to complete: 0ms
06-16 14:56:52.992   604   604 I SystemServerTiming: OnBootPhase_600_com.android.server.LooperStatsService$Lifecycle
06-16 14:56:52.992   604   604 D SystemServerTiming: OnBootPhase_600_com.android.server.LooperStatsService$Lifecycle took to complete: 0ms
06-16 14:56:52.992   604   604 I SystemServerTiming: OnBootPhase_600_com.android.server.rollback.RollbackManagerService
06-16 14:56:52.992   604   604 D SystemServerTiming: OnBootPhase_600_com.android.server.rollback.RollbackManagerService took to complete: 0ms
06-16 14:56:52.992   604   604 I SystemServerTiming: OnBootPhase_600_com.android.server.os.NativeTombstoneManagerService
06-16 14:56:52.992   604   604 D SystemServerTiming: OnBootPhase_600_com.android.server.os.NativeTombstoneManagerService took to complete: 0ms
06-16 14:56:52.992   604   604 I SystemServerTiming: OnBootPhase_600_com.android.server.os.BugreportManagerService
06-16 14:56:52.992   604   604 D SystemServerTiming: OnBootPhase_600_com.android.server.os.BugreportManagerService took to complete: 0ms
06-16 14:56:52.992   604   604 I SystemServerTiming: OnBootPhase_600_com.android.server.gpu.GpuService
06-16 14:56:52.992   604   604 D SystemServerTiming: OnBootPhase_600_com.android.server.gpu.GpuService took to complete: 0ms
06-16 14:56:52.992   604   604 I SystemServerTiming: OnBootPhase_600_com.android.server.security.KeyChainSystemService
06-16 14:56:52.992   604   604 D SystemServerTiming: OnBootPhase_600_com.android.server.security.KeyChainSystemService took to complete: 0ms
06-16 14:56:52.992   604   604 I SystemServerTiming: OnBootPhase_600_com.android.server.telecom.TelecomLoaderService
06-16 14:56:52.992   604   604 D SystemServerTiming: OnBootPhase_600_com.android.server.telecom.TelecomLoaderService took to complete: 0ms
06-16 14:56:52.992   604   604 I SystemServerTiming: OnBootPhase_600_com.android.server.accounts.AccountManagerService$Lifecycle
06-16 14:56:52.992   604   604 D SystemServerTiming: OnBootPhase_600_com.android.server.accounts.AccountManagerService$Lifecycle took to complete: 0ms
06-16 14:56:52.992   604   604 I SystemServerTiming: OnBootPhase_600_com.android.server.content.ContentService$Lifecycle
06-16 14:56:52.992   604   604 D SystemServerTiming: OnBootPhase_600_com.android.server.content.ContentService$Lifecycle took to complete: 0ms
06-16 14:56:52.992   604   604 I SystemServerTiming: OnBootPhase_600_com.android.server.DropBoxManagerService
06-16 14:56:52.992   604   604 D SystemServerTiming: OnBootPhase_600_com.android.server.DropBoxManagerService took to complete: 0ms
06-16 14:56:52.992   604   604 I SystemServerTiming: OnBootPhase_600_com.android.role.RoleService
06-16 14:56:52.992   604   604 D SystemServerTiming: OnBootPhase_600_com.android.role.RoleService took to complete: 0ms
06-16 14:56:52.992   604   604 I SystemServerTiming: OnBootPhase_600_com.android.server.vibrator.VibratorManagerService$Lifecycle
06-16 14:56:52.992   604   604 D SystemServerTiming: OnBootPhase_600_com.android.server.vibrator.VibratorManagerService$Lifecycle took to complete: 0ms
06-16 14:56:52.992   604   604 I SystemServerTiming: OnBootPhase_600_com.android.server.alarm.AlarmManagerService
06-16 14:56:52.992   604   604 D SystemServerTiming: OnBootPhase_600_com.android.server.alarm.AlarmManagerService took to complete: 0ms
06-16 14:56:52.992   604   604 I SystemServerTiming: OnBootPhase_600_com.android.server.devicestate.DeviceStateManagerService
06-16 14:56:52.993   604   604 D SystemServerTiming: OnBootPhase_600_com.android.server.devicestate.DeviceStateManagerService took to complete: 0ms
06-16 14:56:52.993   604   604 I SystemServerTiming: OnBootPhase_600_com.android.server.camera.CameraServiceProxy
06-16 14:56:52.993   604   604 D SystemServerTiming: OnBootPhase_600_com.android.server.camera.CameraServiceProxy took to complete: 0ms
06-16 14:56:52.993   604   604 I SystemServerTiming: OnBootPhase_600_com.android.server.BluetoothService
06-16 14:56:52.993   604   604 D SystemServerTiming: OnBootPhase_600_com.android.server.BluetoothService took to complete: 0ms
06-16 14:56:52.993   604   604 I SystemServerTiming: OnBootPhase_600_com.android.server.connectivity.IpConnectivityMetrics
06-16 14:56:52.993   604   604 D SystemServerTiming: OnBootPhase_600_com.android.server.connectivity.IpConnectivityMetrics took to complete: 0ms
06-16 14:56:52.993   604   604 I SystemServerTiming: OnBootPhase_600_com.android.server.net.watchlist.NetworkWatchlistService$Lifecycle
06-16 14:56:52.993   604   604 D SystemServerTiming: OnBootPhase_600_com.android.server.net.watchlist.NetworkWatchlistService$Lifecycle took to complete: 0ms
06-16 14:56:52.993   604   604 I SystemServerTiming: OnBootPhase_600_com.android.server.PinnerService
06-16 14:56:52.993   604   604 D SystemServerTiming: OnBootPhase_600_com.android.server.PinnerService took to complete: 0ms
06-16 14:56:52.993   604   604 I SystemServerTiming: OnBootPhase_600_com.google.android.startop.iorap.IorapForwardingService
06-16 14:56:52.993   604   604 D SystemServerTiming: OnBootPhase_600_com.google.android.startop.iorap.IorapForwardingService took to complete: 0ms
06-16 14:56:52.993   604   604 I SystemServerTiming: OnBootPhase_600_com.android.server.integrity.AppIntegrityManagerService
06-16 14:56:52.993   604   604 D SystemServerTiming: OnBootPhase_600_com.android.server.integrity.AppIntegrityManagerService took to complete: 0ms
06-16 14:56:52.993   604   604 I SystemServerTiming: OnBootPhase_600_com.android.server.inputmethod.InputMethodManagerService$Lifecycle
06-16 14:56:52.993   604   604 D SystemServerTiming: OnBootPhase_600_com.android.server.inputmethod.InputMethodManagerService$Lifecycle took to complete: 0ms
06-16 14:56:52.993   604   604 I SystemServerTiming: OnBootPhase_600_com.android.server.accessibility.AccessibilityManagerService$Lifecycle
06-16 14:56:52.993   604   604 D SystemServerTiming: OnBootPhase_600_com.android.server.accessibility.AccessibilityManagerService$Lifecycle took to complete: 0ms
06-16 14:56:52.993   604   604 I SystemServerTiming: OnBootPhase_600_com.android.server.StorageManagerService$Lifecycle
06-16 14:56:52.993   604   604 D SystemServerTiming: OnBootPhase_600_com.android.server.StorageManagerService$Lifecycle took to complete: 0ms
06-16 14:56:52.993   604   604 I SystemServerTiming: OnBootPhase_600_com.android.server.usage.StorageStatsService$Lifecycle
06-16 14:56:52.993   604   604 D SystemServerTiming: OnBootPhase_600_com.android.server.usage.StorageStatsService$Lifecycle took to complete: 0ms
06-16 14:56:52.993   604   604 I SystemServerTiming: OnBootPhase_600_com.android.server.UiModeManagerService
06-16 14:56:52.993   604   604 D SystemServerTiming: OnBootPhase_600_com.android.server.UiModeManagerService took to complete: 0ms
06-16 14:56:52.993   604   604 I SystemServerTiming: OnBootPhase_600_com.android.server.locksettings.LockSettingsService$Lifecycle
06-16 14:56:52.995   604   604 D SystemServerTiming: OnBootPhase_600_com.android.server.locksettings.LockSettingsService$Lifecycle took to complete: 0ms
06-16 14:56:52.995   604   604 I SystemServerTiming: OnBootPhase_600_com.android.server.PersistentDataBlockService
06-16 14:56:52.995   604   604 D SystemServerTiming: OnBootPhase_600_com.android.server.PersistentDataBlockService took to complete: 0ms
06-16 14:56:52.995   604   604 I SystemServerTiming: OnBootPhase_600_com.android.server.testharness.TestHarnessModeService
06-16 14:56:52.995   604   604 D SystemServerTiming: OnBootPhase_600_com.android.server.testharness.TestHarnessModeService took to complete: 0ms
06-16 14:56:52.995   604   604 I SystemServerTiming: OnBootPhase_600_com.android.server.oemlock.OemLockService
06-16 14:56:52.995   604   604 D SystemServerTiming: OnBootPhase_600_com.android.server.oemlock.OemLockService took to complete: 0ms
06-16 14:56:52.995   604   604 I SystemServerTiming: OnBootPhase_600_com.android.server.DeviceIdleController
06-16 14:56:52.996   604   604 D SystemServerTiming: OnBootPhase_600_com.android.server.DeviceIdleController took to complete: 0ms
06-16 14:56:52.996   604   604 I SystemServerTiming: OnBootPhase_600_com.android.server.devicepolicy.DevicePolicyManagerService$Lifecycle
06-16 14:56:52.996   604   604 D SystemServerTiming: OnBootPhase_600_com.android.server.devicepolicy.DevicePolicyManagerService$Lifecycle took to complete: 0ms
06-16 14:56:52.996   604   604 I SystemServerTiming: OnBootPhase_600_com.android.server.texttospeech.TextToSpeechManagerService
06-16 14:56:52.996   604   604 D SystemServerTiming: OnBootPhase_600_com.android.server.texttospeech.TextToSpeechManagerService took to complete: 1ms
06-16 14:56:52.996   604   604 I SystemServerTiming: OnBootPhase_600_com.android.server.speech.SpeechRecognitionManagerService
06-16 14:56:52.997   604   604 D SystemServerTiming: OnBootPhase_600_com.android.server.speech.SpeechRecognitionManagerService took to complete: 0ms
06-16 14:56:52.997   604   604 I SystemServerTiming: OnBootPhase_600_com.android.server.searchui.SearchUiManagerService
06-16 14:56:52.997   604   604 D SystemServerTiming: OnBootPhase_600_com.android.server.searchui.SearchUiManagerService took to complete: 0ms
06-16 14:56:52.997   604   604 I SystemServerTiming: OnBootPhase_600_com.android.server.smartspace.SmartspaceManagerService
06-16 14:56:52.997   604   604 D SystemServerTiming: OnBootPhase_600_com.android.server.smartspace.SmartspaceManagerService took to complete: 0ms
06-16 14:56:52.997   604   604 I SystemServerTiming: OnBootPhase_600_com.android.server.graphics.fonts.FontManagerService$Lifecycle
06-16 14:56:52.997   604   604 D SystemServerTiming: OnBootPhase_600_com.android.server.graphics.fonts.FontManagerService$Lifecycle took to complete: 0ms
06-16 14:56:52.997   604   604 I SystemServerTiming: OnBootPhase_600_com.android.server.textservices.TextServicesManagerService$Lifecycle
06-16 14:56:52.997   604   604 D SystemServerTiming: OnBootPhase_600_com.android.server.textservices.TextServicesManagerService$Lifecycle took to complete: 0ms
06-16 14:56:52.997   604   604 I SystemServerTiming: OnBootPhase_600_com.android.server.textclassifier.TextClassificationManagerService$Lifecycle
06-16 14:56:52.997   604   604 D SystemServerTiming: OnBootPhase_600_com.android.server.textclassifier.TextClassificationManagerService$Lifecycle took to complete: 0ms
06-16 14:56:52.997   604   604 I SystemServerTiming: OnBootPhase_600_com.android.server.NetworkScoreService$Lifecycle
06-16 14:56:52.998   604   604 D SystemServerTiming: OnBootPhase_600_com.android.server.NetworkScoreService$Lifecycle took to complete: 0ms
06-16 14:56:52.998   604   604 I SystemServerTiming: OnBootPhase_600_com.android.server.wifi.WifiService
06-16 14:56:52.998   604   604 D SystemServerTiming: OnBootPhase_600_com.android.server.wifi.WifiService took to complete: 0ms
06-16 14:56:52.998   604   604 I SystemServerTiming: OnBootPhase_600_com.android.server.wifi.scanner.WifiScanningService
06-16 14:56:52.998   604   604 D SystemServerTiming: OnBootPhase_600_com.android.server.wifi.scanner.WifiScanningService took to complete: 0ms
06-16 14:56:52.998   604   604 I SystemServerTiming: OnBootPhase_600_com.android.server.wifi.p2p.WifiP2pService
06-16 14:56:52.998   604   604 D SystemServerTiming: OnBootPhase_600_com.android.server.wifi.p2p.WifiP2pService took to complete: 0ms
06-16 14:56:52.998   604   604 I SystemServerTiming: OnBootPhase_600_com.android.server.ethernet.EthernetService
06-16 14:56:52.998   604   604 D SystemServerTiming: OnBootPhase_600_com.android.server.ethernet.EthernetService took to complete: 0ms
06-16 14:56:52.998   604   604 I SystemServerTiming: OnBootPhase_600_com.android.server.ConnectivityServiceInitializer
06-16 14:56:52.998   604   604 D SystemServerTiming: OnBootPhase_600_com.android.server.ConnectivityServiceInitializer took to complete: 0ms
06-16 14:56:52.998   604   604 I SystemServerTiming: OnBootPhase_600_com.android.server.notification.NotificationManagerService
06-16 14:56:53.006   604   604 D SystemServerTiming: OnBootPhase_600_com.android.server.notification.NotificationManagerService took to complete: 3ms
06-16 14:56:53.006   604   604 I SystemServerTiming: OnBootPhase_600_com.android.server.storage.DeviceStorageMonitorService
06-16 14:56:53.006   604   604 D SystemServerTiming: OnBootPhase_600_com.android.server.storage.DeviceStorageMonitorService took to complete: 0ms
06-16 14:56:53.006   604   604 I SystemServerTiming: OnBootPhase_600_com.android.server.location.LocationManagerService$Lifecycle
06-16 14:56:53.024   604   604 D SystemServerTiming: OnBootPhase_600_com.android.server.location.LocationManagerService$Lifecycle took to complete: 18ms
06-16 14:56:53.025   604   604 I SystemServerTiming: OnBootPhase_600_com.android.server.timedetector.TimeDetectorService$Lifecycle
06-16 14:56:53.025   604   604 D SystemServerTiming: OnBootPhase_600_com.android.server.timedetector.TimeDetectorService$Lifecycle took to complete: 0ms
06-16 14:56:53.025   604   604 I SystemServerTiming: OnBootPhase_600_com.android.server.timezonedetector.TimeZoneDetectorService$Lifecycle
06-16 14:56:53.025   604   604 D SystemServerTiming: OnBootPhase_600_com.android.server.timezonedetector.TimeZoneDetectorService$Lifecycle took to complete: 0ms
06-16 14:56:53.025   604   604 I SystemServerTiming: OnBootPhase_600_com.android.server.timezonedetector.location.LocationTimeZoneManagerService$Lifecycle
06-16 14:56:53.025   604   604 D SystemServerTiming: OnBootPhase_600_com.android.server.timezonedetector.location.LocationTimeZoneManagerService$Lifecycle took to complete: 0ms
06-16 14:56:53.025   604   604 I SystemServerTiming: OnBootPhase_600_com.android.server.search.SearchManagerService$Lifecycle
06-16 14:56:53.025   604   604 D SystemServerTiming: OnBootPhase_600_com.android.server.search.SearchManagerService$Lifecycle took to complete: 0ms
06-16 14:56:53.025   604   604 I SystemServerTiming: OnBootPhase_600_com.android.server.wallpaper.WallpaperManagerService$Lifecycle
06-16 14:56:53.026   604   604 I WallpaperManagerService: switch-user-0
06-16 14:56:53.026   604   604 V WallpaperManagerService: bindWallpaperComponentLocked: componentName=ComponentInfo{com.android.systemui/com.android.systemui.ImageWallpaper}
06-16 14:56:53.030   604   604 D WallpaperManagerService: switch-user-0 took to complete: 4ms
06-16 14:56:53.030   604   604 D SystemServerTiming: OnBootPhase_600_com.android.server.wallpaper.WallpaperManagerService$Lifecycle took to complete: 4ms
06-16 14:56:53.030   604   604 I SystemServerTiming: OnBootPhase_600_com.android.server.audio.AudioService$Lifecycle
06-16 14:56:53.030   604   604 D SystemServerTiming: OnBootPhase_600_com.android.server.audio.AudioService$Lifecycle took to complete: 0ms
06-16 14:56:53.030   604   604 I SystemServerTiming: OnBootPhase_600_com.android.server.soundtrigger_middleware.SoundTriggerMiddlewareService$Lifecycle
06-16 14:56:53.030   604   604 D SystemServerTiming: OnBootPhase_600_com.android.server.soundtrigger_middleware.SoundTriggerMiddlewareService$Lifecycle took to complete: 0ms
06-16 14:56:53.030   604   604 I SystemServerTiming: OnBootPhase_600_com.android.server.DockObserver
06-16 14:56:53.030   604   604 D SystemServerTiming: OnBootPhase_600_com.android.server.DockObserver took to complete: 0ms
06-16 14:56:53.030   604   604 I SystemServerTiming: OnBootPhase_600_com.android.server.adb.AdbService$Lifecycle
06-16 14:56:53.030   604   604 D SystemServerTiming: OnBootPhase_600_com.android.server.adb.AdbService$Lifecycle took to complete: 0ms
06-16 14:56:53.030   604   604 I SystemServerTiming: OnBootPhase_600_com.android.server.usb.UsbService$Lifecycle
06-16 14:56:53.030   604   604 D SystemServerTiming: OnBootPhase_600_com.android.server.usb.UsbService$Lifecycle took to complete: 0ms
06-16 14:56:53.030   604   604 I SystemServerTiming: OnBootPhase_600_com.android.server.twilight.TwilightService
06-16 14:56:53.030   604   604 D SystemServerTiming: OnBootPhase_600_com.android.server.twilight.TwilightService took to complete: 0ms
06-16 14:56:53.030   604   604 I SystemServerTiming: OnBootPhase_600_com.android.server.display.color.ColorDisplayService
06-16 14:56:53.030   604   604 D SystemServerTiming: OnBootPhase_600_com.android.server.display.color.ColorDisplayService took to complete: 0ms
06-16 14:56:53.030   604   604 I SystemServerTiming: OnBootPhase_600_com.android.server.job.JobSchedulerService
06-16 14:56:53.047   604   604 D SystemServerTiming: OnBootPhase_600_com.android.server.job.JobSchedulerService took to complete: 17ms
06-16 14:56:53.047   604   604 I SystemServerTiming: OnBootPhase_600_com.android.server.soundtrigger.SoundTriggerService
06-16 14:56:53.047   604   604 D SoundTriggerService: onBootPhase: 600 : false
06-16 14:56:53.048   604   604 D SystemServerTiming: OnBootPhase_600_com.android.server.soundtrigger.SoundTriggerService took to complete: 0ms
06-16 14:56:53.048   604   604 I SystemServerTiming: OnBootPhase_600_com.android.server.trust.TrustManagerService
06-16 14:56:53.052   604   604 D SystemServerTiming: OnBootPhase_600_com.android.server.trust.TrustManagerService took to complete: 5ms
06-16 14:56:53.052   604   604 I SystemServerTiming: OnBootPhase_600_com.android.server.backup.BackupManagerService$Lifecycle
06-16 14:56:53.052   604   604 D SystemServerTiming: OnBootPhase_600_com.android.server.backup.BackupManagerService$Lifecycle took to complete: 0ms
06-16 14:56:53.052   604   604 I SystemServerTiming: OnBootPhase_600_com.android.server.appwidget.AppWidgetService
06-16 14:56:53.052   604   604 D SystemServerTiming: OnBootPhase_600_com.android.server.appwidget.AppWidgetService took to complete: 0ms
06-16 14:56:53.052   604   604 I SystemServerTiming: OnBootPhase_600_com.android.server.voiceinteraction.VoiceInteractionManagerService
06-16 14:56:53.055   604   604 D SystemServerTiming: OnBootPhase_600_com.android.server.voiceinteraction.VoiceInteractionManagerService took to complete: 2ms
06-16 14:56:53.055   604   604 I SystemServerTiming: OnBootPhase_600_com.android.server.apphibernation.AppHibernationService
06-16 14:56:53.055   604   604 D SystemServerTiming: OnBootPhase_600_com.android.server.apphibernation.AppHibernationService took to complete: 0ms
06-16 14:56:53.055   604   604 I SystemServerTiming: OnBootPhase_600_com.android.server.GestureLauncherService
06-16 14:56:53.057   604   604 D SystemServerTiming: OnBootPhase_600_com.android.server.GestureLauncherService took to complete: 2ms
06-16 14:56:53.057   604   604 I SystemServerTiming: OnBootPhase_600_com.android.server.SensorNotificationService
06-16 14:56:53.058   604   604 D SystemServerTiming: OnBootPhase_600_com.android.server.SensorNotificationService took to complete: 1ms
06-16 14:56:53.058   604   604 I SystemServerTiming: OnBootPhase_600_com.android.server.emergency.EmergencyAffordanceService
06-16 14:56:53.058   604   604 D SystemServerTiming: OnBootPhase_600_com.android.server.emergency.EmergencyAffordanceService took to complete: 0ms
06-16 14:56:53.058   604   604 I SystemServerTiming: OnBootPhase_600_com.android.server.dreams.DreamManagerService
06-16 14:56:53.060   604   604 D SystemServerTiming: OnBootPhase_600_com.android.server.dreams.DreamManagerService took to complete: 1ms
06-16 14:56:53.060   604   604 I SystemServerTiming: OnBootPhase_600_com.android.server.blob.BlobStoreManagerService
06-16 14:56:53.070   604   604 D SystemServerTiming: OnBootPhase_600_com.android.server.blob.BlobStoreManagerService took to complete: 9ms
06-16 14:56:53.070   604   604 I SystemServerTiming: OnBootPhase_600_com.android.server.restrictions.RestrictionsManagerService
06-16 14:56:53.071   604   604 D SystemServerTiming: OnBootPhase_600_com.android.server.restrictions.RestrictionsManagerService took to complete: 0ms
06-16 14:56:53.071   604   604 I SystemServerTiming: OnBootPhase_600_com.android.server.media.MediaSessionService
06-16 14:56:53.071   604   604 D SystemServerTiming: OnBootPhase_600_com.android.server.media.MediaSessionService took to complete: 0ms
06-16 14:56:53.071   604   604 I SystemServerTiming: OnBootPhase_600_com.android.server.hdmi.HdmiControlService
06-16 14:56:53.071   604   604 D SystemServerTiming: OnBootPhase_600_com.android.server.hdmi.HdmiControlService took to complete: 0ms
06-16 14:56:53.071   604   604 I SystemServerTiming: OnBootPhase_600_com.android.server.tv.TvInputManagerService
06-16 14:56:53.071   604   604 D SystemServerTiming: OnBootPhase_600_com.android.server.tv.TvInputManagerService took to complete: 1ms
06-16 14:56:53.072   604   604 I SystemServerTiming: OnBootPhase_600_com.android.server.media.MediaResourceMonitorService
06-16 14:56:53.072   604   604 D SystemServerTiming: OnBootPhase_600_com.android.server.media.MediaResourceMonitorService took to complete: 0ms
06-16 14:56:53.072   604   604 I SystemServerTiming: OnBootPhase_600_com.android.server.tv.TvRemoteService
06-16 14:56:53.072   604   604 D SystemServerTiming: OnBootPhase_600_com.android.server.tv.TvRemoteService took to complete: 1ms
06-16 14:56:53.072   604   604 I SystemServerTiming: OnBootPhase_600_com.android.server.biometrics.BiometricService
06-16 14:56:53.072   604   604 D SystemServerTiming: OnBootPhase_600_com.android.server.biometrics.BiometricService took to complete: 0ms
06-16 14:56:53.072   604   604 I SystemServerTiming: OnBootPhase_600_com.android.server.biometrics.AuthService
06-16 14:56:53.072   604   604 D SystemServerTiming: OnBootPhase_600_com.android.server.biometrics.AuthService took to complete: 0ms
06-16 14:56:53.072   604   604 I SystemServerTiming: OnBootPhase_600_com.android.server.pm.ShortcutService$Lifecycle
06-16 14:56:53.072   604   604 D SystemServerTiming: OnBootPhase_600_com.android.server.pm.ShortcutService$Lifecycle took to complete: 0ms
06-16 14:56:53.072   604   604 I SystemServerTiming: OnBootPhase_600_com.android.server.pm.LauncherAppsService
06-16 14:56:53.073   604   604 D SystemServerTiming: OnBootPhase_600_com.android.server.pm.LauncherAppsService took to complete: 0ms
06-16 14:56:53.073   604   604 I SystemServerTiming: OnBootPhase_600_com.android.server.pm.CrossProfileAppsService
06-16 14:56:53.073   604   604 D SystemServerTiming: OnBootPhase_600_com.android.server.pm.CrossProfileAppsService took to complete: 0ms
06-16 14:56:53.073   604   604 I SystemServerTiming: OnBootPhase_600_com.android.server.people.PeopleService
06-16 14:56:53.073   604   604 D SystemServerTiming: OnBootPhase_600_com.android.server.people.PeopleService took to complete: 0ms
06-16 14:56:53.073   604   604 I SystemServerTiming: OnBootPhase_600_com.android.server.media.metrics.MediaMetricsManagerService
