06-26 20:29:08.915   593   627 I SystemConfig: Reading permissions from /system/etc/permissions/com.android.media.remotedisplay.xml
06-26 20:29:08.915   593   593 D CompatConfig: Adding: com.android.server.compat.config.Change@8ba2550
06-26 20:29:08.916   593   593 D CompatConfig: Adding: com.android.server.compat.config.Change@a807349
06-26 20:29:08.917   593   593 D CompatConfig: Adding: com.android.server.compat.config.Change@f47844e
06-26 20:29:08.918   593   593 D CompatConfig: Adding: com.android.server.compat.config.Change@324467c
06-26 20:29:08.918   593   627 I SystemConfig: Reading permissions from /system/etc/permissions/android.test.mock.xml
06-26 20:29:08.919   593   593 D CompatConfig: Adding: com.android.server.compat.config.Change@3d3fb05
06-26 20:29:08.920   593   593 D CompatConfig: Adding: com.android.server.compat.config.Change@29b975a
06-26 20:29:08.921   593   593 D CompatConfig: Adding: com.android.server.compat.config.Change@df90d8b
06-26 20:29:08.922   593   593 D CompatConfig: Adding: com.android.server.compat.config.Change@91e4281
06-26 20:29:08.922   593   627 I SystemConfig: Reading permissions from /system/etc/permissions/privapp-permissions-atv.xml
06-26 20:29:08.923   593   593 D CompatConfig: Adding: com.android.server.compat.config.Change@aebcf26
06-26 20:29:08.924   593   593 D CompatConfig: Adding: com.android.server.compat.config.Change@ce8f767
06-26 20:29:08.924   593   593 D CompatConfig: Adding: com.android.server.compat.config.Change@16b85bd
06-26 20:29:08.925   593   627 I SystemConfig: Reading permissions from /system/etc/permissions/android.software.webview.xml
06-26 20:29:08.925   593   593 D CompatConfig: Adding: com.android.server.compat.config.Change@ab5b7b2
06-26 20:29:08.927   593   593 D CompatConfig: Adding: com.android.server.compat.config.Change@303a303
06-26 20:29:08.928   593   593 D CompatConfig: Adding: com.android.server.compat.config.Change@e4fc0b9
06-26 20:29:08.928   593   627 I SystemConfig: Reading permissions from /system/etc/permissions/com.android.location.provider.xml
06-26 20:29:08.928   593   593 D CompatConfig: Adding: com.android.server.compat.config.Change@cc39cfe
06-26 20:29:08.929   593   593 D CompatConfig: Adding: com.android.server.compat.config.Change@3936c5f
06-26 20:29:08.930   593   593 D CompatConfig: Adding: com.android.server.compat.config.Change@14446ac
06-26 20:29:08.931   593   627 I SystemConfig: Reading permissions from /system/etc/permissions/com.android.networkstack.tethering.xml
06-26 20:29:08.931   593   593 D CompatConfig: Adding: com.android.server.compat.config.Change@c388b0a
06-26 20:29:08.932   593   593 D CompatConfig: Adding: com.android.server.compat.config.Change@22c6f7b
06-26 20:29:08.933   593   593 D CompatConfig: Adding: com.android.server.compat.config.Change@b052198
06-26 20:29:08.933   593   593 D CompatConfig: Adding: com.android.server.compat.config.Change@4fbcdf1
06-26 20:29:08.934   593   593 D CompatConfig: Adding: com.android.server.compat.config.Change@15c4dd6
06-26 20:29:08.935   593   593 D CompatConfig: Adding: com.android.server.compat.config.Change@d888857
06-26 20:29:08.935   593   593 D CompatConfig: Adding: com.android.server.compat.config.Change@6f6bf44
06-26 20:29:08.936   593   593 D CompatConfig: Adding: com.android.server.compat.config.Change@7ee582d
06-26 20:29:08.937   593   593 D CompatConfig: Adding: com.android.server.compat.config.Change@f277162
06-26 20:29:08.937   593   593 D CompatConfig: Adding: com.android.server.compat.config.Change@c2352f3
06-26 20:29:08.938   593   593 D CompatConfig: Adding: com.android.server.compat.config.Change@9428bb0
06-26 20:29:08.938   593   593 D CompatConfig: Adding: com.android.server.compat.config.Change@2054a29
06-26 20:29:08.939   593   593 D CompatConfig: Adding: com.android.server.compat.config.Change@d8f41ae
06-26 20:29:08.940   593   593 D CompatConfig: Adding: com.android.server.compat.config.Change@6962b4f
06-26 20:29:08.940   593   593 D CompatConfig: Adding: com.android.server.compat.config.Change@d3cb2dc
06-26 20:29:08.941   593   593 D CompatConfig: Found a config file: /system/etc/compatconfig/icu4j-platform-compat-config.xml
06-26 20:29:08.965   593   593 D CompatConfig: Adding: com.android.server.compat.config.Change@c91caba
06-26 20:29:08.966   593   593 D CompatConfig: Found a config file: /system/etc/compatconfig/documents-ui-compat-config.xml
06-26 20:29:08.967   593   593 D CompatConfig: Adding: com.android.server.compat.config.Change@d5020c8
06-26 20:29:08.968   593   593 D CompatConfig: Found a config file: /system/etc/compatconfig/services-platform-compat-config.xml
06-26 20:29:08.972   593   593 D CompatConfig: Adding: com.android.server.compat.config.Change@c01d886
06-26 20:29:08.973   593   593 D CompatConfig: Adding: com.android.server.compat.config.Change@a663547
06-26 20:29:08.974   593   593 D CompatConfig: Adding: com.android.server.compat.config.Change@daa8174
06-26 20:29:08.975   593   593 D CompatConfig: Adding: com.android.server.compat.config.Change@8c2a69d
06-26 20:29:08.975   593   593 D CompatConfig: Adding: com.android.server.compat.config.Change@412f712
06-26 20:29:08.976   593   593 D CompatConfig: Adding: com.android.server.compat.config.Change@d46dee3
06-26 20:29:08.977   593   593 D CompatConfig: Adding: com.android.server.compat.config.Change@5a840e0
06-26 20:29:08.977   593   593 D CompatConfig: Adding: com.android.server.compat.config.Change@9a80f99
06-26 20:29:08.978   593   593 D CompatConfig: Adding: com.android.server.compat.config.Change@aa5725e
06-26 20:29:08.979   593   593 D CompatConfig: Adding: com.android.server.compat.config.Change@3fe863f
06-26 20:29:08.979   593   593 D CompatConfig: Adding: com.android.server.compat.config.Change@4008b0c
06-26 20:29:08.980   593   593 D CompatConfig: Adding: com.android.server.compat.config.Change@5e10c55
06-26 20:29:08.981   593   593 D CompatConfig: Adding: com.android.server.compat.config.Change@152566a
06-26 20:29:08.982   593   593 D CompatConfig: Adding: com.android.server.compat.config.Change@65f475b
06-26 20:29:08.982   593   593 D CompatConfig: Adding: com.android.server.compat.config.Change@9b14bf8
06-26 20:29:08.983   593   593 D CompatConfig: Adding: com.android.server.compat.config.Change@f7318d1
06-26 20:29:08.984   593   627 I SystemConfig: Reading permissions from /system/etc/permissions/GooglePermissionController_permissions.xml
06-26 20:29:08.984   593   593 D CompatConfig: Adding: com.android.server.compat.config.Change@d40fe37
06-26 20:29:08.985   593   593 D CompatConfig: Adding: com.android.server.compat.config.Change@7ab2fa4
06-26 20:29:08.986   593   627 I SystemConfig: Reading permissions from /system/etc/permissions/com.android.future.usb.accessory.xml
06-26 20:29:08.986   593   593 D CompatConfig: Adding: com.android.server.compat.config.Change@18348c2
06-26 20:29:08.987   593   627 I SystemConfig: Reading permissions from /system/etc/permissions/com.android.media.tv.remoteprovider.xml
06-26 20:29:08.987   593   593 D CompatConfig: Adding: com.android.server.compat.config.Change@b3da210
06-26 20:29:08.988   593   593 D CompatConfig: Adding: com.android.server.compat.config.Change@8ff1109
06-26 20:29:08.989   593   627 I SystemConfig: Reading permissions from /system/etc/permissions/GoogleExtServices_permissions.xml
06-26 20:29:08.989   593   593 D CompatConfig: Adding: com.android.server.compat.config.Change@e6b7d2f
06-26 20:29:08.990   593   593 D CompatConfig: Adding: com.android.server.compat.config.Change@542cf3c
06-26 20:29:08.991   593   593 D CompatConfig: Adding: com.android.server.compat.config.Change@cfeb4c5
06-26 20:29:08.991   593   593 D CompatConfig: Adding: com.android.server.compat.config.Change@fbcbd4b
06-26 20:29:08.991   593   627 I SystemConfig: Reading permissions from /system/etc/permissions/com.android.mediadrm.signer.xml
06-26 20:29:08.992   593   593 D CompatConfig: Adding: com.android.server.compat.config.Change@80ba328
06-26 20:29:08.993   593   593 D CompatConfig: Adding: com.android.server.compat.config.Change@19ad841
06-26 20:29:08.993   593   627 I SystemConfig: Reading permissions from /system/etc/permissions/privapp-permissions-SkyworthDigital.xml
06-26 20:29:08.994   593   593 D CompatConfig: Adding: com.android.server.compat.config.Change@d97e327
06-26 20:29:08.994   593   593 D CompatConfig: Adding: com.android.server.compat.config.Change@80bc9d4
06-26 20:29:08.995   593   593 D CompatConfig: Adding: com.android.server.compat.config.Change@27bb77d
06-26 20:29:08.996   593   593 D CompatConfig: Adding: com.android.server.compat.config.Change@8436672
06-26 20:29:08.997   593   593 D CompatConfig: Adding: com.android.server.compat.config.Change@c158ac3
06-26 20:29:08.997   593   593 D CompatConfig: Adding: com.android.server.compat.config.Change@b45af40
06-26 20:29:08.998   593   593 D CompatConfig: Adding: com.android.server.compat.config.Change@3914e79
06-26 20:29:08.999   593   627 I SystemConfig: Reading permissions from /system/etc/permissions/javax.obex.xml
06-26 20:29:08.999   593   593 D CompatConfig: Adding: com.android.server.compat.config.Change@e3c101f
06-26 20:29:08.999   593   593 D CompatConfig: Adding: com.android.server.compat.config.Change@3767f6c
06-26 20:29:09.000   593   593 D CompatConfig: Adding: com.android.server.compat.config.Change@dcf5935
06-26 20:29:09.000   593   627 I SystemConfig: Reading permissions from /system/etc/permissions/privapp-permissions-google.xml
06-26 20:29:09.001   593   593 D CompatConfig: Adding: com.android.server.compat.config.Change@71b8f3b
06-26 20:29:09.002   593   593 D CompatConfig: Adding: com.android.server.compat.config.Change@f022658
06-26 20:29:09.002   593   593 D CompatConfig: Adding: com.android.server.compat.config.Change@ba953b1
06-26 20:29:09.003   593   593 D CompatConfig: Adding: com.android.server.compat.config.Change@a7ec096
06-26 20:29:09.004   593   593 D CompatConfig: Adding: com.android.server.compat.config.Change@a9e417
06-26 20:29:09.004   593   593 D CompatConfig: Adding: com.android.server.compat.config.Change@14e79ed
06-26 20:29:09.005   593   627 I SystemConfig: Reading permissions from /system/etc/permissions/android.hardware.bluetooth_le.xml
06-26 20:29:09.005   593   593 D CompatConfig: Adding: com.android.server.compat.config.Change@1de5022
06-26 20:29:09.006   593   593 D CompatConfig: Adding: com.android.server.compat.config.Change@45eaab3
06-26 20:29:09.006   593   627 I SystemConfig: Reading permissions from /system/etc/permissions/tv_core_hardware.xml
06-26 20:29:09.007   593   593 D CompatConfig: Adding: com.android.server.compat.config.Change@ca5c7e9
06-26 20:29:09.007   593   593 D CompatConfig: Adding: com.android.server.compat.config.Change@cb54c6e
06-26 20:29:09.008   593   593 D CompatConfig: Adding: com.android.server.compat.config.Change@18f3f0f
06-26 20:29:09.008   593   627 I SystemConfig: Reading permissions from /system/etc/permissions/android.test.base.xml
06-26 20:29:09.009   593   593 D CompatConfig: Adding: com.android.server.compat.config.Change@909f9a5
06-26 20:29:09.010   593   593 D CompatConfig: Adding: com.android.server.compat.config.Change@dedc17a
06-26 20:29:09.010   593   627 I SystemConfig: Reading permissions from /system/etc/permissions/privapp-permissions-platform.xml
06-26 20:29:09.011   593   593 D CompatConfig: Adding: com.android.server.compat.config.Change@3f7d588
06-26 20:29:09.011   593   593 D CompatConfig: Adding: com.android.server.compat.config.Change@2c58b21
06-26 20:29:09.012   593   593 D CompatConfig: Found a config file: /system/etc/compatconfig/calendar-provider-compat-config.xml
06-26 20:29:09.013   593   593 D CompatConfig: Adding: com.android.server.compat.config.Change@9760107
06-26 20:29:09.015   593   593 D CompatConfig: No directory /system/system_ext/etc/compatconfig, skipping
06-26 20:29:09.018   593   593 D CompatConfig: No directory /apex/com.android.wifi/etc/compatconfig, skipping
06-26 20:29:09.019   593   593 D CompatConfig: No directory /apex/com.android.vndk.v31/etc/compatconfig, skipping
06-26 20:29:09.019   593   593 D CompatConfig: No directory /apex/com.android.tzdata/etc/compatconfig, skipping
06-26 20:29:09.019   593   593 D CompatConfig: No directory /apex/com.android.tethering/etc/compatconfig, skipping
06-26 20:29:09.020   593   593 D CompatConfig: No directory /apex/com.android.sdkext/etc/compatconfig, skipping
06-26 20:29:09.021   593   593 D CompatConfig: No directory /apex/com.android.scheduling/etc/compatconfig, skipping
06-26 20:29:09.021   593   593 D CompatConfig: No directory /apex/com.android.runtime/etc/compatconfig, skipping
06-26 20:29:09.022   593   593 D CompatConfig: No directory /apex/com.android.resolv/etc/compatconfig, skipping
06-26 20:29:09.022   593   627 I SystemConfig: Reading permissions from /system/etc/permissions/org.apache.http.legacy.xml
06-26 20:29:09.022   593   593 D CompatConfig: No directory /apex/com.android.permission/etc/compatconfig, skipping
06-26 20:29:09.022   593   593 D CompatConfig: No directory /apex/com.android.os.statsd/etc/compatconfig, skipping
06-26 20:29:09.022   593   593 D CompatConfig: No directory /apex/com.android.neuralnetworks/etc/compatconfig, skipping
06-26 20:29:09.023   593   593 D CompatConfig: Found a config file: /apex/com.android.mediaprovider/etc/compatconfig/media-provider-platform-compat-config.xml
06-26 20:29:09.023   593   627 I SystemConfig: Reading permissions from /system/etc/permissions/platform.xml
06-26 20:29:09.025   593   593 D CompatConfig: Adding: com.android.server.compat.config.Change@9e7a6a3
06-26 20:29:09.026   593   593 D CompatConfig: Adding: com.android.server.compat.config.Change@179cda0
06-26 20:29:09.027   593   593 D CompatConfig: Adding: com.android.server.compat.config.Change@7437d59
06-26 20:29:09.028   593   593 D CompatConfig: Adding: com.android.server.compat.config.Change@3c3ad1e
06-26 20:29:09.028   593   593 D CompatConfig: Adding: com.android.server.compat.config.Change@c4409ff
06-26 20:29:09.029   593   593 D CompatConfig: Adding: com.android.server.compat.config.Change@e3e23cc
06-26 20:29:09.030   593   593 D CompatConfig: Adding: com.android.server.compat.config.Change@b259615
06-26 20:29:09.031   593   593 D CompatConfig: No directory /apex/com.android.media.swcodec/etc/compatconfig, skipping
06-26 20:29:09.031   593   593 D CompatConfig: No directory /apex/com.android.media/etc/compatconfig, skipping
06-26 20:29:09.032   593   593 D CompatConfig: No directory /apex/com.android.ipsec/etc/compatconfig, skipping
06-26 20:29:09.032   593   593 D CompatConfig: No directory /apex/com.android.i18n/etc/compatconfig, skipping
06-26 20:29:09.032   593   593 D CompatConfig: No directory /apex/com.android.extservices/etc/compatconfig, skipping
06-26 20:29:09.032   593   593 D CompatConfig: No directory /apex/com.android.conscrypt/etc/compatconfig, skipping
06-26 20:29:09.033   593   593 D CompatConfig: Found a config file: /apex/com.android.art/etc/compatconfig/libcore-platform-compat-config.xml
06-26 20:29:09.035   593   593 D CompatConfig: Adding: com.android.server.compat.config.Change@5d9471b
06-26 20:29:09.036   593   593 D CompatConfig: Adding: com.android.server.compat.config.Change@b0fb0b8
06-26 20:29:09.037   593   593 D CompatConfig: Adding: com.android.server.compat.config.Change@3d67e91
06-26 20:29:09.038   593   593 D CompatConfig: Adding: com.android.server.compat.config.Change@20a41f6
06-26 20:29:09.038   593   593 D CompatConfig: Adding: com.android.server.compat.config.Change@8bb39f7
06-26 20:29:09.040   593   593 D CompatConfig: No directory /apex/com.android.appsearch/etc/compatconfig, skipping
06-26 20:29:09.040   593   593 D CompatConfig: No directory /apex/com.android.adbd/etc/compatconfig, skipping
06-26 20:29:09.040   593   627 I SystemConfig: Reading permissions from /vendor/etc/permissions/android.hardware.audio.output.xml
06-26 20:29:09.043   593   627 I SystemConfig: Reading permissions from /vendor/etc/permissions/android.hardware.hdmi.cec.xml
06-26 20:29:09.044   593   593 D SystemServerTiming: PlatformCompat took to complete: 163ms
06-26 20:29:09.044   593   593 I SystemServerTiming: StartFileIntegrityService
06-26 20:29:09.044   593   593 I SystemServiceManager: Starting com.android.server.security.FileIntegrityService
06-26 20:29:09.044   593   627 I SystemConfig: Reading permissions from /vendor/etc/permissions/android.hardware.vulkan.compute.xml
06-26 20:29:09.047   593   627 I SystemConfig: Reading permissions from /vendor/etc/permissions/droidlogic.software.netflix.xml
06-26 20:29:09.049   593   627 I SystemConfig: Reading permissions from /vendor/etc/permissions/nrdp.xml
06-26 20:29:09.051   593   627 I SystemConfig: Reading permissions from /vendor/etc/permissions/android.hardware.gamepad.xml
06-26 20:29:09.054   593   627 I SystemConfig: Reading permissions from /vendor/etc/permissions/android.software.app_widgets.xml
06-26 20:29:09.056   593   627 I SystemConfig: Reading permissions from /vendor/etc/permissions/android.hardware.bluetooth_le.xml
06-26 20:29:09.058   593   627 I SystemConfig: Reading permissions from /vendor/etc/permissions/android.hardware.hardware_keystore.amlogic.xml
06-26 20:29:09.060   593   627 I SystemConfig: Reading permissions from /vendor/etc/permissions/android.software.ipsec_tunnels.xml
06-26 20:29:09.061   593   627 I SystemConfig: Reading permissions from /vendor/etc/permissions/android.hardware.location.xml
06-26 20:29:09.063   593   627 I SystemConfig: Reading permissions from /vendor/etc/permissions/android.hardware.ethernet.xml
06-26 20:29:09.065   593   627 I SystemConfig: Reading permissions from /vendor/etc/permissions/android.software.vulkan.deqp.level-2021-03-01.xml
06-26 20:29:09.067   593   627 I SystemConfig: Reading permissions from /vendor/etc/permissions/android.software.backup.xml
06-26 20:29:09.068   593   627 I SystemConfig: Reading permissions from /vendor/etc/permissions/android.hardware.wifi.xml
06-26 20:29:09.070   593   627 I SystemConfig: Reading permissions from /vendor/etc/permissions/droidlogic.software.core.xml
06-26 20:29:09.072   593   627 W SystemConfig: name is required for <deny-permission> in START_TAG (empty) <deny-permission name=''>@27:35 in java.io.FileReader@f096a94
06-26 20:29:09.073   593   627 I SystemConfig: Reading permissions from /vendor/etc/permissions/android.software.opengles.deqp.level-2021-03-01.xml
06-26 20:29:09.075   593   627 I SystemConfig: Reading permissions from /vendor/etc/permissions/android.software.verified_boot.xml
06-26 20:29:09.076   593   627 I SystemConfig: Reading permissions from /vendor/etc/permissions/silent_ota.xml
06-26 20:29:09.079   593   627 I SystemConfig: Reading permissions from /vendor/etc/permissions/android.hardware.consumerir.xml
06-26 20:29:09.082   593   627 I SystemConfig: Reading permissions from /vendor/etc/permissions/android.hardware.wifi.direct.xml
06-26 20:29:09.084   593   627 I SystemConfig: Reading permissions from /vendor/etc/permissions/android.hardware.opengles.aep.xml
06-26 20:29:09.086   593   627 I SystemConfig: Reading permissions from /vendor/etc/permissions/android.hardware.bluetooth.xml
06-26 20:29:09.088   593   627 I SystemConfig: Reading permissions from /vendor/etc/permissions/droidlogic.tv.software.core.xml
06-26 20:29:09.090   593   627 I SystemConfig: Reading permissions from /vendor/etc/permissions/android.hardware.vulkan.level.xml
06-26 20:29:09.092   593   627 I SystemConfig: Reading permissions from /vendor/etc/permissions/android.hardware.camera.external.xml
06-26 20:29:09.094   593   627 I SystemConfig: Reading permissions from /vendor/etc/permissions/android.hardware.wifi.passpoint.xml
06-26 20:29:09.096   593   627 I SystemConfig: Reading permissions from /vendor/etc/permissions/prime.xml
06-26 20:29:09.098   593   627 I SystemConfig: Reading permissions from /vendor/etc/permissions/android.hardware.vulkan.version.xml
06-26 20:29:09.099   593   627 I SystemConfig: Reading permissions from /vendor/etc/permissions/android.hardware.usb.host.xml
06-26 20:29:09.101   593   627 I SystemConfig: Reading permissions from /vendor/etc/permissions/android.software.cant_save_state.xml
06-26 20:29:09.106   593   627 I SystemConfig: Reading permissions from /product/etc/sysconfig/google-rollback-package-whitelist.xml
06-26 20:29:09.108   593   627 I SystemConfig: Reading permissions from /product/etc/sysconfig/atv-component-overrides.xml
06-26 20:29:09.110   593   627 I SystemConfig: Reading permissions from /product/etc/sysconfig/google_atv.xml
06-26 20:29:09.112   593   627 I SystemConfig: Reading permissions from /product/etc/sysconfig/google-hiddenapi-package-whitelist.xml
06-26 20:29:09.115   593   627 I SystemConfig: Reading permissions from /product/etc/sysconfig/google.xml
06-26 20:29:09.116   593   627 I SystemConfig: Adding association: com.google.android.as <- com.android.bluetooth
06-26 20:29:09.117   593   627 I SystemConfig: Adding association: com.google.android.as <- com.android.providers.contacts
06-26 20:29:09.117   593   627 I SystemConfig: Adding association: com.google.android.as <- com.android.providers.media
06-26 20:29:09.117   593   627 I SystemConfig: Adding association: com.google.android.as <- com.android.providers.telephony
06-26 20:29:09.117   593   627 I SystemConfig: Adding association: com.google.android.as <- com.android.systemui
06-26 20:29:09.117   593   627 I SystemConfig: Adding association: com.google.android.as <- com.google.android.providers.media.module
06-26 20:29:09.117   593   627 I SystemConfig: Adding association: com.google.android.as <- com.google.android.as.oss
06-26 20:29:09.117   593   627 I SystemConfig: Adding association: com.google.android.as.oss <- com.google.android.as
06-26 20:29:09.118   593   627 I SystemConfig: Reading permissions from /product/etc/sysconfig/google-staged-installer-whitelist.xml
06-26 20:29:09.122   593   627 I SystemConfig: Reading permissions from /product/etc/permissions/privapp-permissions-atv-product.xml
06-26 20:29:09.125   593   593 D SystemServerTiming: StartFileIntegrityService took to complete: 82ms
06-26 20:29:09.126   593   593 I SystemServerTiming: StartInstaller
06-26 20:29:09.126   593   593 I SystemServiceManager: Starting com.android.server.pm.Installer
06-26 20:29:09.126   593   627 I SystemConfig: Reading permissions from /product/etc/permissions/com.android.settings.intelligence.xml
06-26 20:29:09.132   593   593 D SystemServerTiming: StartInstaller took to complete: 6ms
06-26 20:29:09.132   593   593 I SystemServerTiming: DeviceIdentifiersPolicyService
06-26 20:29:09.132   593   627 I SystemConfig: Reading permissions from /product/etc/permissions/privapp-permissions-google-p.xml
06-26 20:29:09.132   593   593 I SystemServiceManager: Starting com.android.server.os.DeviceIdentifiersPolicyService
06-26 20:29:09.134   593   593 D SystemServerTiming: DeviceIdentifiersPolicyService took to complete: 2ms
06-26 20:29:09.134   593   593 I SystemServerTiming: UriGrantsManagerService
06-26 20:29:09.134   593   593 I SystemServiceManager: Starting com.android.server.uri.UriGrantsManagerService$Lifecycle
06-26 20:29:09.139   593   593 D SystemServerTiming: UriGrantsManagerService took to complete: 6ms
06-26 20:29:09.139   593   593 I SystemServerTiming: StartPowerStatsService
06-26 20:29:09.139   593   593 I SystemServiceManager: Starting com.android.server.powerstats.PowerStatsService
06-26 20:29:09.144   593   627 I SystemConfig: Reading permissions from /product/etc/permissions/split-permissions-google.xml
06-26 20:29:09.146   593   627 I SystemConfig: Reading permissions from /product/etc/permissions/com.google.android.feature.katniss.xml
06-26 20:29:09.148   593   627 W SystemConfig: No directory /system_ext/etc/sysconfig, skipping
06-26 20:29:09.148   593   593 D SystemServerTiming: StartPowerStatsService took to complete: 9ms
06-26 20:29:09.148   593   593 I SystemServerTiming: StartIStatsService
06-26 20:29:09.150   593   627 I SystemConfig: Reading permissions from /system_ext/etc/permissions/droidlogic_permissions.xml
06-26 20:29:09.151   593   593 D SystemServerTiming: StartIStatsService took to complete: 2ms
06-26 20:29:09.151   593   593 I SystemServerTiming: MemtrackProxyService
06-26 20:29:09.152   593   627 I SystemConfig: Reading permissions from /system_ext/etc/permissions/privapp-permissions-google-se.xml
06-26 20:29:09.154   593   593 D SystemServerTiming: MemtrackProxyService took to complete: 4ms
06-26 20:29:09.154   593   593 I SystemServerTiming: StartActivityManager
06-26 20:29:09.154   593   593 I SystemServiceManager: Starting com.android.server.wm.ActivityTaskManagerService$Lifecycle
06-26 20:29:09.157   593   627 I SystemConfig: Reading permissions from /system_ext/etc/permissions/com.android.tv.settings.xml
06-26 20:29:09.159   593   627 I SystemConfig: Reading permissions from /system_ext/etc/permissions/com.android.systemui.xml
06-26 20:29:09.194   593   627 I SystemConfig: Reading permissions from /system_ext/etc/permissions/com.droidlogic.tv.settings.xml
06-26 20:29:09.198   593   593 I SystemServiceManager: Starting com.android.server.am.ActivityManagerService$Lifecycle
06-26 20:29:09.201   593   627 I SystemConfig: Reading permissions from /apex/com.android.ipsec/etc/permissions/android.net.ipsec.ike.xml
06-26 20:29:09.214   593   627 W SystemConfig: Failed to read public libraries file /vendor/etc/public.libraries.txt
06-26 20:29:09.214   593   627 W SystemConfig: java.io.FileNotFoundException: /vendor/etc/public.libraries.txt: open failed: ENOENT (No such file or directory)
06-26 20:29:09.214   593   627 W SystemConfig: 	at libcore.io.IoBridge.open(IoBridge.java:575)
06-26 20:29:09.214   593   627 W SystemConfig: 	at java.io.FileInputStream.<init>(FileInputStream.java:160)
06-26 20:29:09.214   593   627 W SystemConfig: 	at java.io.FileReader.<init>(FileReader.java:72)
06-26 20:29:09.214   593   627 W SystemConfig: 	at com.android.server.SystemConfig.readPublicLibrariesListFile(SystemConfig.java:1601)
06-26 20:29:09.214   593   627 W SystemConfig: 	at com.android.server.SystemConfig.readPublicNativeLibrariesList(SystemConfig.java:1583)
06-26 20:29:09.214   593   627 W SystemConfig: 	at com.android.server.SystemConfig.<init>(SystemConfig.java:484)
06-26 20:29:09.214   593   627 W SystemConfig: 	at com.android.server.SystemConfig.getInstance(SystemConfig.java:272)
06-26 20:29:09.214   593   627 W SystemConfig: 	at com.android.server.SystemServer$$ExternalSyntheticLambda6.run(Unknown Source:0)
06-26 20:29:09.214   593   627 W SystemConfig: 	at com.android.server.SystemServerInitThreadPool.lambda$submitTask$0$SystemServerInitThreadPool(SystemServerInitThreadPool.java:105)
06-26 20:29:09.214   593   627 W SystemConfig: 	at com.android.server.SystemServerInitThreadPool$$ExternalSyntheticLambda0.run(Unknown Source:6)
06-26 20:29:09.214   593   627 W SystemConfig: 	at java.util.concurrent.Executors$RunnableAdapter.call(Executors.java:462)
06-26 20:29:09.214   593   627 W SystemConfig: 	at java.util.concurrent.FutureTask.run(FutureTask.java:266)
06-26 20:29:09.214   593   627 W SystemConfig: 	at java.util.concurrent.ThreadPoolExecutor.runWorker(ThreadPoolExecutor.java:1167)
06-26 20:29:09.214   593   627 W SystemConfig: 	at java.util.concurrent.ThreadPoolExecutor$Worker.run(ThreadPoolExecutor.java:641)
06-26 20:29:09.214   593   627 W SystemConfig: 	at com.android.internal.util.ConcurrentUtils$1$1.run(ConcurrentUtils.java:65)
06-26 20:29:09.214   593   627 W SystemConfig: Caused by: android.system.ErrnoException: open failed: ENOENT (No such file or directory)
06-26 20:29:09.214   593   627 W SystemConfig: 	at libcore.io.Linux.open(Native Method)
06-26 20:29:09.214   593   627 W SystemConfig: 	at libcore.io.ForwardingOs.open(ForwardingOs.java:567)
06-26 20:29:09.214   593   627 W SystemConfig: 	at libcore.io.BlockGuardOs.open(BlockGuardOs.java:273)
06-26 20:29:09.214   593   627 W SystemConfig: 	at libcore.io.IoBridge.open(IoBridge.java:561)
06-26 20:29:09.214   593   627 W SystemConfig: 	... 14 more
06-26 20:29:09.218   593   593 I ActivityManager: Memory class: 256
06-26 20:29:09.218   593   627 D SystemConfig: readAllPermissions took to complete: 336ms
06-26 20:29:09.219   593   627 D SystemServerInitThreadPool: Finished executing ReadingSystemConfig
06-26 20:29:09.219   593   627 D SystemServerTimingAsync: InitThreadPoolExec:ReadingSystemConfig took to complete: 337ms
06-26 20:29:09.251   593   629 I Binder  : Setting heavy hitter watcher config: false, 0, 0.0
06-26 20:29:09.288   593   593 I PackageWatchdog: Updated health check state for package com.google.android.ext.services: INACTIVE -> PASSED
06-26 20:29:09.288   593   593 I PackageWatchdog: Updated health check state for package com.droidlogic: INACTIVE -> PASSED
06-26 20:29:09.289   593   593 I PackageWatchdog: Updated health check state for package android: INACTIVE -> PASSED
06-26 20:29:09.289   593   593 I PackageWatchdog: Updated health check state for package com.google.android.permissioncontroller: INACTIVE -> PASSED
06-26 20:29:09.289   593   593 I PackageWatchdog: Updated health check state for package com.google.android.gms: INACTIVE -> PASSED
06-26 20:29:09.289   593   593 I PackageWatchdog: Updated health check state for package com.google.android.gsf: INACTIVE -> PASSED
06-26 20:29:09.289   593   593 I PackageWatchdog: Updated health check state for package com.android.providers.userdictionary: INACTIVE -> PASSED
06-26 20:29:09.289   593   593 I PackageWatchdog: Updated health check state for package com.android.providers.media.module: INACTIVE -> PASSED
06-26 20:29:09.289   593   593 I PackageWatchdog: Updated health check state for package com.android.systemui: INACTIVE -> PASSED
06-26 20:29:09.289   593   593 I PackageWatchdog: Updated health check state for package com.android.bluetooth: INACTIVE -> PASSED
06-26 20:29:09.289   593   593 I PackageWatchdog: Updated health check state for package com.android.providers.contacts: INACTIVE -> PASSED
06-26 20:29:09.331   593   593 D BatteryStatsImpl: Reading daily items from /data/system/batterystats-daily.xml
06-26 20:29:09.359   593   636 I KernelCpuUidFreqTimeReader: mPerClusterTimesAvailable=false
06-26 20:29:09.364   593   636 W KernelCpuProcStringReader: File not found. It's normal if not implemented: /proc/uid_concurrent_policy_time
06-26 20:29:09.377   593   636 W KernelMemoryBandwidthStats: No kernel memory bandwidth stats available
06-26 20:29:09.477     0     0 E [   20.173741@1]  init: Control message: Could not find 'aidl/package_native' for ctl.interface_start from pid: 220 (/system/bin/servicemanager)
06-26 20:29:09.585   593   593 I IntentFirewall: Read new rules (A:0 B:0 S:0)
06-26 20:29:09.640   593   593 D AppOps  : AppOpsService published
06-26 20:29:09.641   593   593 D SystemServerTiming: StartActivityManager took to complete: 486ms
06-26 20:29:09.641   593   593 I SystemServerTiming: StartDataLoaderManagerService
06-26 20:29:09.641   593   593 I SystemServiceManager: Starting com.android.server.pm.DataLoaderManagerService
06-26 20:29:09.644   593   593 D SystemServerTiming: StartDataLoaderManagerService took to complete: 4ms
06-26 20:29:09.644   593   593 I SystemServerTiming: StartIncrementalService
06-26 20:29:09.650   593   593 D SystemServerTiming: StartIncrementalService took to complete: 5ms
06-26 20:29:09.650   593   593 I SystemServerTiming: StartPowerManager
06-26 20:29:09.650   593   593 I SystemServiceManager: Starting com.android.server.power.PowerManagerService
06-26 20:29:09.684   593   593 D SystemServerTiming: StartPowerManager took to complete: 33ms
06-26 20:29:09.684   593   593 I SystemServerTiming: StartThermalManager
06-26 20:29:09.684   593   593 I SystemServiceManager: Starting com.android.server.power.ThermalManagerService
06-26 20:29:09.685   593   593 D SystemServerTiming: StartThermalManager took to complete: 1ms
06-26 20:29:09.685   593   593 I SystemServerTiming: StartHintManager
06-26 20:29:09.685   593   593 I SystemServiceManager: Starting com.android.server.power.hint.HintManagerService
06-26 20:29:09.687   593   593 D SystemServerTiming: StartHintManager took to complete: 2ms
06-26 20:29:09.687   593   593 I SystemServerTiming: InitPowerManagement
06-26 20:29:09.689   593   593 D SystemServerTiming: InitPowerManagement took to complete: 2ms
06-26 20:29:09.689   593   593 I SystemServerTiming: StartRecoverySystemService
06-26 20:29:09.689   593   593 I SystemServiceManager: Starting com.android.server.recoverysystem.RecoverySystemService$Lifecycle
06-26 20:29:09.692   593   593 D SystemServerTiming: StartRecoverySystemService took to complete: 2ms
06-26 20:29:09.694   593   593 I SystemServerTiming: StartLightsService
06-26 20:29:09.694   593   593 I SystemServiceManager: Starting com.android.server.lights.LightsService
06-26 20:29:09.700   593   593 D SystemServerTiming: StartLightsService took to complete: 6ms
06-26 20:29:09.700   593   593 I SystemServerTiming: StartSidekickService
06-26 20:29:09.700   593   593 D SystemServerTiming: StartSidekickService took to complete: 0ms
06-26 20:29:09.700   593   593 I SystemServerTiming: StartDisplayManager
06-26 20:29:09.700   593   593 I SystemServiceManager: Starting com.android.server.display.DisplayManagerService
06-26 20:29:09.747   593   593 D SystemServerTiming: StartDisplayManager took to complete: 47ms
06-26 20:29:09.748   593   593 I SystemServerTiming: WaitForDisplay
06-26 20:29:09.748   593   593 I SystemServiceManager: Starting phase 100
06-26 20:29:09.748   593   593 I SystemServerTiming: OnBootPhase_100
06-26 20:29:09.748   593   593 I SystemServerTiming: OnBootPhase_100_com.android.server.security.FileIntegrityService
06-26 20:29:09.748   593   593 D SystemServerTiming: OnBootPhase_100_com.android.server.security.FileIntegrityService took to complete: 0ms
06-26 20:29:09.748   593   593 I SystemServerTiming: OnBootPhase_100_com.android.server.pm.Installer
06-26 20:29:09.748   593   593 D SystemServerTiming: OnBootPhase_100_com.android.server.pm.Installer took to complete: 0ms
06-26 20:29:09.748   593   593 I SystemServerTiming: OnBootPhase_100_com.android.server.os.DeviceIdentifiersPolicyService
06-26 20:29:09.748   593   593 D SystemServerTiming: OnBootPhase_100_com.android.server.os.DeviceIdentifiersPolicyService took to complete: 0ms
06-26 20:29:09.748   593   593 I SystemServerTiming: OnBootPhase_100_com.android.server.uri.UriGrantsManagerService$Lifecycle
06-26 20:29:09.748   593   593 D SystemServerTiming: OnBootPhase_100_com.android.server.uri.UriGrantsManagerService$Lifecycle took to complete: 0ms
06-26 20:29:09.748   593   593 I SystemServerTiming: OnBootPhase_100_com.android.server.powerstats.PowerStatsService
06-26 20:29:09.748   593   593 D SystemServerTiming: OnBootPhase_100_com.android.server.powerstats.PowerStatsService took to complete: 0ms
06-26 20:29:09.748   593   593 I SystemServerTiming: OnBootPhase_100_com.android.server.wm.ActivityTaskManagerService$Lifecycle
06-26 20:29:09.748   593   593 D SystemServerTiming: OnBootPhase_100_com.android.server.wm.ActivityTaskManagerService$Lifecycle took to complete: 0ms
06-26 20:29:09.748   593   593 I SystemServerTiming: OnBootPhase_100_com.android.server.am.ActivityManagerService$Lifecycle
06-26 20:29:09.748   593   593 D SystemServerTiming: OnBootPhase_100_com.android.server.am.ActivityManagerService$Lifecycle took to complete: 0ms
06-26 20:29:09.748   593   593 I SystemServerTiming: OnBootPhase_100_com.android.server.pm.DataLoaderManagerService
06-26 20:29:09.748   593   593 D SystemServerTiming: OnBootPhase_100_com.android.server.pm.DataLoaderManagerService took to complete: 0ms
06-26 20:29:09.748   593   593 I SystemServerTiming: OnBootPhase_100_com.android.server.power.PowerManagerService
06-26 20:29:09.748   593   593 D SystemServerTiming: OnBootPhase_100_com.android.server.power.PowerManagerService took to complete: 0ms
06-26 20:29:09.748   593   593 I SystemServerTiming: OnBootPhase_100_com.android.server.power.ThermalManagerService
06-26 20:29:09.748   593   593 D SystemServerTiming: OnBootPhase_100_com.android.server.power.ThermalManagerService took to complete: 0ms
06-26 20:29:09.748   593   593 I SystemServerTiming: OnBootPhase_100_com.android.server.power.hint.HintManagerService
06-26 20:29:09.749   593   593 D SystemServerTiming: OnBootPhase_100_com.android.server.power.hint.HintManagerService took to complete: 0ms
06-26 20:29:09.749   593   593 I SystemServerTiming: OnBootPhase_100_com.android.server.recoverysystem.RecoverySystemService$Lifecycle
06-26 20:29:09.749   593   593 D SystemServerTiming: OnBootPhase_100_com.android.server.recoverysystem.RecoverySystemService$Lifecycle took to complete: 0ms
06-26 20:29:09.749   593   593 I SystemServerTiming: OnBootPhase_100_com.android.server.lights.LightsService
06-26 20:29:09.749   593   593 D SystemServerTiming: OnBootPhase_100_com.android.server.lights.LightsService took to complete: 0ms
06-26 20:29:09.749   593   593 I SystemServerTiming: OnBootPhase_100_com.android.server.display.DisplayManagerService
06-26 20:29:09.751   593   623 D LocalDisplayAdapter: Update supported modes.
06-26 20:29:09.751   593   623 D LocalDisplayAdapter:   DisplayModeRecord{mMode={id=1, width=3840, height=2160, fps=59.94006, alternativeRefreshRates=[]}}
06-26 20:29:09.752   593   623 D LocalDisplayAdapter:   DisplayModeRecord{mMode={id=2, width=3840, height=2160, fps=60.000004, alternativeRefreshRates=[]}}
06-26 20:29:09.752   593   623 D LocalDisplayAdapter:   DisplayModeRecord{mMode={id=3, width=3840, height=2160, fps=50.0, alternativeRefreshRates=[]}}
06-26 20:29:09.752   593   623 D LocalDisplayAdapter:   DisplayModeRecord{mMode={id=4, width=3840, height=2160, fps=29.97003, alternativeRefreshRates=[]}}
06-26 20:29:09.752   593   623 D LocalDisplayAdapter:   DisplayModeRecord{mMode={id=5, width=3840, height=2160, fps=30.000002, alternativeRefreshRates=[]}}
06-26 20:29:09.752   593   623 D LocalDisplayAdapter:   DisplayModeRecord{mMode={id=6, width=3840, height=2160, fps=25.0, alternativeRefreshRates=[]}}
06-26 20:29:09.752   593   623 D LocalDisplayAdapter:   DisplayModeRecord{mMode={id=7, width=3840, height=2160, fps=23.976025, alternativeRefreshRates=[]}}
06-26 20:29:09.752   593   623 D LocalDisplayAdapter:   DisplayModeRecord{mMode={id=8, width=3840, height=2160, fps=24.000002, alternativeRefreshRates=[]}}
06-26 20:29:09.752   593   623 D LocalDisplayAdapter:   DisplayModeRecord{mMode={id=9, width=1920, height=1080, fps=59.94006, alternativeRefreshRates=[]}}
06-26 20:29:09.752   593   623 D LocalDisplayAdapter:   DisplayModeRecord{mMode={id=10, width=1920, height=1080, fps=60.000004, alternativeRefreshRates=[]}}
06-26 20:29:09.752   593   623 D LocalDisplayAdapter:   DisplayModeRecord{mMode={id=11, width=1920, height=1080, fps=50.0, alternativeRefreshRates=[]}}
06-26 20:29:09.752   593   623 D LocalDisplayAdapter:   DisplayModeRecord{mMode={id=12, width=1920, height=1080, fps=29.97003, alternativeRefreshRates=[]}}
06-26 20:29:09.752   593   623 D LocalDisplayAdapter:   DisplayModeRecord{mMode={id=13, width=1920, height=1080, fps=30.000002, alternativeRefreshRates=[]}}
06-26 20:29:09.752   593   623 D LocalDisplayAdapter:   DisplayModeRecord{mMode={id=14, width=1920, height=1080, fps=23.976025, alternativeRefreshRates=[]}}
06-26 20:29:09.752   593   623 D LocalDisplayAdapter:   DisplayModeRecord{mMode={id=15, width=1920, height=1080, fps=24.000002, alternativeRefreshRates=[]}}
06-26 20:29:09.752   593   623 D LocalDisplayAdapter:   DisplayModeRecord{mMode={id=16, width=1280, height=720, fps=59.94006, alternativeRefreshRates=[]}}
06-26 20:29:09.752   593   623 D LocalDisplayAdapter:   DisplayModeRecord{mMode={id=17, width=1280, height=720, fps=60.000004, alternativeRefreshRates=[]}}
06-26 20:29:09.752   593   623 D LocalDisplayAdapter:   DisplayModeRecord{mMode={id=18, width=1280, height=720, fps=50.0, alternativeRefreshRates=[]}}
06-26 20:29:09.752   593   623 W LocalDisplayAdapter: DisplayModeSpecs base mode no longer available, using currently active mode.
06-26 20:29:09.765   593   623 I DisplayDeviceRepository: Display device added: DisplayDeviceInfo{"Built-in Screen": uniqueId="local:4633598477623942714", 3840 x 2160, modeId 1, defaultModeId 1, supportedModes [{id=1, width=3840, height=2160, fps=59.94006, alternativeRefreshRates=[]}, {id=2, width=3840, height=2160, fps=60.000004, alternativeRefreshRates=[]}, {id=3, width=3840, height=2160, fps=50.0, alternativeRefreshRates=[]}, {id=4, width=3840, height=2160, fps=29.97003, alternativeRefreshRates=[]}, {id=5, width=3840, height=2160, fps=30.000002, alternativeRefreshRates=[]}, {id=6, width=3840, height=2160, fps=25.0, alternativeRefreshRates=[]}, {id=7, width=3840, height=2160, fps=23.976025, alternativeRefreshRates=[]}, {id=8, width=3840, height=2160, fps=24.000002, alternativeRefreshRates=[]}, {id=9, width=1920, height=1080, fps=59.94006, alternativeRefreshRates=[]}, {id=10, width=1920, height=1080, fps=60.000004, alternativeRefreshRates=[]}, {id=11, width=1920, height=1080, fps=50.0, alternativeRefreshRates=[]}, {id=12, width=1920, height=1080, fps=29.97003, alternativeRefreshRates=[]}, {id=13, width=1920, height=1080, fps=30.000002, alternativeRefreshRates=[]}, {id=14, width=1920, height=1080, fps=23.976025, alternativeRefreshRates=[]}, {id=15, width=1920, height=1080, fps=24.000002, alternativeRefreshRates=[]}, {id=16, width=1280, height=720, fps=59.94006, alternativeRefreshRates=[]}, {id=17, width=1280, height=720, fps=60.000004, alternativeRefreshRates=[]}, {id=18, width=1280, height=720, fps=50.0, alternativeRefreshRates=[]}], colorMode 0, supportedColorModes [0], hdrCapabilities HdrCapabilities{mSupportedHdrTypes=[], mMaxLuminance=500.0, mMaxAverageLuminance=500.0, mMinLuminance=0.0}, allmSupported true, gameContentTypeSupported true, density 320, 79.947 x 80.682 dpi, appVsyncOff 2000000, presDeadline 13683333, touch INTERNAL, rotation 0, type INTERNAL, address {port=58, model=0x404dd943fa90de}, deviceProductInfo DeviceProductInfo{name=SONY TV  *30, manufacturerPnpId=SNY, productId=47365, modelYear=null, manufactureDate=ManufactureDate{week=1, year=2021}, connectionToSinkType=2}, state UNKNOWN, frameRateOverride , brightnessMinimum 0.0, brightnessMaximum 1.0, brightnessDefault 0.39763778, FLAG_DEFAULT_DISPLAY, FLAG_ROTATES_WITH_CONTENT, FLAG_SECURE, FLAG_SUPPORTS_PROTECTED_BUFFERS}
06-26 20:29:09.766   593   623 I LogicalDisplayMapper: Applying layout: [{addr: {port=58, model=0x404dd943fa90de}, dispId: 0(ON)}], Previous layout: null
06-26 20:29:09.772   593   623 I LogicalDisplayMapper: Adding new display: 0: DisplayInfo{"Built-in Screen", displayId 0", displayGroupId -1, FLAG_SECURE, FLAG_SUPPORTS_PROTECTED_BUFFERS, FLAG_TRUSTED, real 3840 x 2160, largest app 3840 x 2160, smallest app 3840 x 2160, appVsyncOff 2000000, presDeadline 13683333, mode 1, defaultMode 1, modes [{id=1, width=3840, height=2160, fps=59.94006, alternativeRefreshRates=[]}, {id=2, width=3840, height=2160, fps=60.000004, alternativeRefreshRates=[]}, {id=3, width=3840, height=2160, fps=50.0, alternativeRefreshRates=[]}, {id=4, width=3840, height=2160, fps=29.97003, alternativeRefreshRates=[]}, {id=5, width=3840, height=2160, fps=30.000002, alternativeRefreshRates=[]}, {id=6, width=3840, height=2160, fps=25.0, alternativeRefreshRates=[]}, {id=7, width=3840, height=2160, fps=23.976025, alternativeRefreshRates=[]}, {id=8, width=3840, height=2160, fps=24.000002, alternativeRefreshRates=[]}, {id=9, width=1920, height=1080, fps=59.94006, alternativeRefreshRates=[]}, {id=10, width=1920, height=1080, fps=60.000004, alternativeRefreshRates=[]}, {id=11, width=1920, height=1080, fps=50.0, alternativeRefreshRates=[]}, {id=12, width=1920, height=1080, fps=29.97003, alternativeRefreshRates=[]}, {id=13, width=1920, height=1080, fps=30.000002, alternativeRefreshRates=[]}, {id=14, width=1920, height=1080, fps=23.976025, alternativeRefreshRates=[]}, {id=15, width=1920, height=1080, fps=24.000002, alternativeRefreshRates=[]}, {id=16, width=1280, height=720, fps=59.94006, alternativeRefreshRates=[]}, {id=17, width=1280, height=720, fps=60.000004, alternativeRefreshRates=[]}, {id=18, width=1280, height=720, fps=50.0, alternativeRefreshRates=[]}], hdrCapabilities HdrCapabilities{mSupportedHdrTypes=[], mMaxLuminance=500.0, mMaxAverageLuminance=500.0, mMinLuminance=0.0}, userDisabledHdrTypes [], minimalPostProcessingSupported true, rotation 0, state UNKNOWN, type INTERNAL, uniqueId "local:4633598477623942714", app 3840 x 2160, density 320 (79.947 x 80.682) dpi, layerStack 0, colorMode 0, supportedColorModes [0], address {port=58, model=0x404dd943fa90de}, deviceProductInfo DeviceProductInfo{name=SONY TV  *30, manufacturerPnpId=SNY, productId=47365, modelYear=null, manufactureDate=ManufactureDate{week=1, year=2021}, connectionToSinkType=2}, removeMode 0, refreshRateOverride 0.0, brightnessMinimum 0.0, brightnessMaximum 1.0, brightnessDefault 0.39763778}
06-26 20:29:09.772   593   623 I LogicalDisplayMapper: Setting new display group 0 for display 0, from previous group: null
06-26 20:29:09.774   593   593 D SystemServerTiming: OnBootPhase_100_com.android.server.display.DisplayManagerService took to complete: 25ms
06-26 20:29:09.774   593   593 D SystemServerTiming: OnBootPhase_100 took to complete: 26ms
06-26 20:29:09.774   593   593 D SystemServerTiming: WaitForDisplay took to complete: 27ms
06-26 20:29:09.774   593   593 I SystemServerTiming: StartDomainVerificationService
06-26 20:29:09.802   593   593 D SystemServerTiming: StartDomainVerificationService took to complete: 28ms
06-26 20:29:09.802   593   593 I SystemServerTiming: StartPackageManagerService
06-26 20:29:09.802   593   593 I Watchdog: Pausing HandlerChecker: main thread for reason: packagemanagermain. Pause count: 1
06-26 20:29:09.808   593   593 I PackageManagerTiming: create package manager
06-26 20:29:09.817   593   593 I PackageManagerTiming: createSubComponents
06-26 20:29:09.823   593   593 I UserTypeFactory: Creating custom user type com.android.tv.profile
06-26 20:29:09.846   593   593 D PackageManagerTiming: createSubComponents took to complete: 29ms
06-26 20:29:09.846   593   593 I PackageManagerTiming: addSharedUsers
06-26 20:29:09.847   593   593 D PackageManagerTiming: addSharedUsers took to complete: 2ms
06-26 20:29:09.850   593   593 I PackageManagerTiming: get system config
06-26 20:29:09.850   593   593 D PackageManagerTiming: get system config took to complete: 0ms
06-26 20:29:09.854   593   593 D PackageManager: Directories scanned as system partitions: [/system:0, /vendor:524288, /odm:4194304, /oem:262144, /product:1048576, /system_ext:2097152, /apex/com.android.wifi:8388608, /apex/com.android.vndk.v31:8388608, /apex/com.android.tzdata:8388608, /apex/com.android.tethering:8388608, /apex/com.android.sdkext:8388608, /apex/com.android.scheduling:8388608, /apex/com.android.runtime:8388608, /apex/com.android.resolv:8388608, /apex/com.android.permission:8388608, /apex/com.android.os.statsd:8388608, /apex/com.android.neuralnetworks:8388608, /apex/com.android.mediaprovider:8388608, /apex/com.android.media.swcodec:8388608, /apex/com.android.media:8388608, /apex/com.android.ipsec:8388608, /apex/com.android.i18n:8388608, /apex/com.android.extservices:8388608, /apex/com.android.conscrypt:8388608, /apex/com.android.art:8388608, /apex/com.android.appsearch:8388608, /apex/com.android.adbd:8388608]
06-26 20:29:09.858   593   593 D SELinuxMMAC: Using policy file /system/etc/selinux/plat_mac_permissions.xml
06-26 20:29:09.861   593   593 D SELinuxMMAC: Using policy file /system_ext/etc/selinux/system_ext_mac_permissions.xml
06-26 20:29:09.862   593   593 D SELinuxMMAC: Using policy file /product/etc/selinux/product_mac_permissions.xml
06-26 20:29:09.863   593   593 D SELinuxMMAC: Using policy file /vendor/etc/selinux/vendor_mac_permissions.xml
06-26 20:29:09.865   593   593 I PackageManagerTiming: loadFallbacks
06-26 20:29:09.867   593   593 D PackageManagerTiming: loadFallbacks took to complete: 1ms
06-26 20:29:09.867   593   593 I PackageManagerTiming: read user settings
06-26 20:29:10.069   593   593 W android.permission.PermissionManager: Missing ActivityManager; assuming 1000 holds android.permission.SET_PREFERRED_APPLICATIONS
06-26 20:29:10.070   593   593 W android.permission.PermissionManager: Missing ActivityManager; assuming 1000 holds android.permission.SET_PREFERRED_APPLICATIONS
06-26 20:29:10.071   593   593 W android.permission.PermissionManager: Missing ActivityManager; assuming 1000 holds android.permission.SET_PREFERRED_APPLICATIONS
06-26 20:29:10.072   593   593 W android.permission.PermissionManager: Missing ActivityManager; assuming 1000 holds android.permission.SET_PREFERRED_APPLICATIONS
06-26 20:29:10.073   593   593 W android.permission.PermissionManager: Missing ActivityManager; assuming 1000 holds android.permission.SET_PREFERRED_APPLICATIONS
06-26 20:29:10.074   593   593 W android.permission.PermissionManager: Missing ActivityManager; assuming 1000 holds android.permission.SET_PREFERRED_APPLICATIONS
06-26 20:29:10.075   593   593 W android.permission.PermissionManager: Missing ActivityManager; assuming 1000 holds android.permission.SET_PREFERRED_APPLICATIONS
06-26 20:29:10.075   593   593 W android.permission.PermissionManager: Missing ActivityManager; assuming 1000 holds android.permission.SET_PREFERRED_APPLICATIONS
06-26 20:29:10.076   593   593 W android.permission.PermissionManager: Missing ActivityManager; assuming 1000 holds android.permission.SET_PREFERRED_APPLICATIONS
06-26 20:29:10.077   593   593 W android.permission.PermissionManager: Missing ActivityManager; assuming 1000 holds android.permission.SET_PREFERRED_APPLICATIONS
06-26 20:29:10.077   593   593 W android.permission.PermissionManager: Missing ActivityManager; assuming 1000 holds android.permission.SET_PREFERRED_APPLICATIONS
