06-26 00:40:49.934  4178  4178 I HidlServiceManagement: Removing namespace from process name vendor.skyworthdigital.stbmedia@1.0-service to stbmedia@1.0-service.
06-26 00:40:49.935  4178  4178 I LegacySupport: Registration complete for vendor.skyworthdigital.stbmedia@1.0::IStbmedia/default.
06-26 00:40:50.027  4100  4100 W Zygote  : Class not found for preloading: android.view.SurfaceView$2
06-26 00:40:50.478  4240  4240 W ServiceManager: Waited one second for package_native (is service started? are binder threads started and available?)
06-26 00:40:50.478  3821  3821 I servicemanager: Since 'package_native' could not be found, trying to start it as a lazy AIDL service
06-26 00:40:50.480  3821  4368 W libc    : Unable to set property "ctl.interface_start" to "aidl/package_native": error code: 0x20
06-26 00:40:50.480  3821  4368 I servicemanager: Tried to start aidl service package_native as a lazy service, but was unable to. Usually this happens when a service is not installed, but if the service is intended to be used as a lazy service, then it may be configured incorrectly.
06-26 00:40:50.482     0     0 E [   14.375203@1]- init: Control message: Could not find 'aidl/package_native' for ctl.interface_start from pid: 3821 (/system/bin/servicemanager)
06-26 00:40:50.851  4100  4100 I Zygote  : ...preloaded 13903 classes in 2690ms.
06-26 00:40:50.851  4100  4100 D Zygote32Timing: PreloadClasses took to complete: 2691ms
06-26 00:40:50.860  4100  4100 D ApplicationLoaders: Created zygote-cached class loader: /system/framework/android.hidl.base-V1.0-java.jar
06-26 00:40:50.865  4100  4100 D ApplicationLoaders: Created zygote-cached class loader: /system/framework/android.hidl.manager-V1.0-java.jar
06-26 00:40:50.871  4100  4100 D ApplicationLoaders: Created zygote-cached class loader: /system/framework/android.test.base.jar
06-26 00:40:50.871  4100  4100 D Zygote32Timing: CacheNonBootClasspathClassLoaders took to complete: 19ms
06-26 00:40:50.871  4100  4100 I Zygote  : Preloading resources...
06-26 00:40:50.890  4100  4100 W Resources: Preloaded drawable resource #0x1080285 (android:drawable/dialog_background_material) that varies with configuration!!
06-26 00:40:50.898  4098  4098 W ServiceManager: Service statscompanion didn't start. Returning NULL
06-26 00:40:50.925  4100  4100 I Zygote  : ...preloaded 64 resources in 54ms.
06-26 00:40:50.936  4100  4100 I Zygote  : ...preloaded 41 resources in 12ms.
06-26 00:40:50.937  4100  4100 D Zygote32Timing: PreloadResources took to complete: 66ms
06-26 00:40:50.956  4098  4098 W statsd  : StatsPullerManager: Unknown tagId 10001
06-26 00:40:50.956  4098  4098 E statsd  : Stats puller failed for tag: 10001 at 14786948965
06-26 00:40:50.956  4098  4098 W statsd  : StatsPullerManager: Unknown tagId 10001
06-26 00:40:50.956  4098  4098 E statsd  : Stats puller failed for tag: 10001 at 14786948965
06-26 00:40:50.956  4098  4098 W statsd  : StatsPullerManager: Unknown tagId 10000
06-26 00:40:50.956  4098  4098 E statsd  : Stats puller failed for tag: 10000 at 14786948965
06-26 00:40:50.956  4098  4098 W statsd  : StatsPullerManager: Unknown tagId 10082
06-26 00:40:50.956  4098  4098 E statsd  : Stats puller failed for tag: 10082 at 14786948965
06-26 00:40:50.956  4098  4098 W statsd  : StatsPullerManager: Unknown tagId 10118
06-26 00:40:50.956  4098  4098 E statsd  : Stats puller failed for tag: 10118 at 14786948965
06-26 00:40:50.956  4098  4098 W statsd  : StatsPullerManager: Unknown tagId 10119
06-26 00:40:50.956  4098  4098 E statsd  : Stats puller failed for tag: 10119 at 14786948965
06-26 00:40:50.956  4098  4098 W statsd  : StatsPullerManager: Unknown tagId 10120
06-26 00:40:50.956  4098  4098 E statsd  : Stats puller failed for tag: 10120 at 14786948965
06-26 00:40:50.956  4098  4098 W statsd  : StatsPullerManager: Unknown tagId 10121
06-26 00:40:50.956  4098  4098 E statsd  : Stats puller failed for tag: 10121 at 14786948965
06-26 00:40:50.956  4098  4098 W statsd  : StatsPullerManager: Unknown tagId 10122
06-26 00:40:50.956  4098  4098 E statsd  : Stats puller failed for tag: 10122 at 14786948965
06-26 00:40:50.956  4098  4098 W statsd  : StatsPullerManager: Unknown tagId 10123
06-26 00:40:50.957  4098  4098 E statsd  : Stats puller failed for tag: 10123 at 14786948965
06-26 00:40:50.957  4098  4098 W statsd  : StatsPullerManager: Unknown tagId 10103
06-26 00:40:50.957  4098  4098 E statsd  : Stats puller failed for tag: 10103 at 14786948965
06-26 00:40:50.957  4098  4098 W statsd  : StatsPullerManager: Unknown tagId 10124
06-26 00:40:50.957  4098  4098 E statsd  : Stats puller failed for tag: 10124 at 14786948965
06-26 00:40:50.957  4098  4098 W statsd  : StatsPullerManager: Unknown tagId 10125
06-26 00:40:50.957  4098  4098 E statsd  : Stats puller failed for tag: 10125 at 14786948965
06-26 00:40:50.957  4098  4098 W statsd  : StatsPullerManager: Unknown tagId 10193
06-26 00:40:50.957  4098  4098 E statsd  : Gauge Stats puller failed for tag: 10193 at 14786948965
06-26 00:40:50.957  4098  4098 W statsd  : StatsPullerManager: Unknown tagId 10068
06-26 00:40:50.957  4098  4098 E statsd  : Gauge Stats puller failed for tag: 10068 at 14786948965
06-26 00:40:50.957  4098  4098 W statsd  : StatsPullerManager: Unknown tagId 10205
06-26 00:40:50.957  4098  4098 E statsd  : Gauge Stats puller failed for tag: 10205 at 14786948965
06-26 00:40:50.957  4098  4098 W statsd  : StatsPullerManager: Unknown tagId 10042
06-26 00:40:50.957  4098  4098 E statsd  : Gauge Stats puller failed for tag: 10042 at 14786948965
06-26 00:40:50.957  4098  4098 W statsd  : StatsPullerManager: Unknown tagId 10078
06-26 00:40:50.957  4098  4098 E statsd  : Gauge Stats puller failed for tag: 10078 at 14786948965
06-26 00:40:50.957  4098  4098 W statsd  : StatsPullerManager: Unknown tagId 10092
06-26 00:40:50.957  4098  4098 E statsd  : Gauge Stats puller failed for tag: 10092 at 14786948965
06-26 00:40:50.957  4098  4098 W statsd  : StatsPullerManager: Unknown tagId 10049
06-26 00:40:50.958  4098  4098 E statsd  : Gauge Stats puller failed for tag: 10049 at 14786948965
06-26 00:40:50.958  4098  4098 W statsd  : StatsPullerManager: Unknown tagId 10021
06-26 00:40:50.958  4098  4098 E statsd  : Gauge Stats puller failed for tag: 10021 at 14786948965
06-26 00:40:50.958  4098  4098 W statsd  : StatsPullerManager: Unknown tagId 10106
06-26 00:40:50.958  4098  4098 E statsd  : Gauge Stats puller failed for tag: 10106 at 14786948965
06-26 00:40:50.958  4098  4098 W statsd  : StatsPullerManager: Unknown tagId 10063
06-26 00:40:50.958  4098  4098 E statsd  : Gauge Stats puller failed for tag: 10063 at 14786948965
06-26 00:40:50.958  4098  4098 W statsd  : StatsPullerManager: Unknown tagId 10062
06-26 00:40:50.958  4098  4098 E statsd  : Gauge Stats puller failed for tag: 10062 at 14786948965
06-26 00:40:50.958  4098  4098 W statsd  : StatsPullerManager: Unknown tagId 10080
06-26 00:40:50.958  4098  4098 E statsd  : Gauge Stats puller failed for tag: 10080 at 14786948965
06-26 00:40:50.958  4098  4098 W statsd  : StatsPullerManager: Unknown tagId 10092
06-26 00:40:50.958  4098  4098 E statsd  : Gauge Stats puller failed for tag: 10092 at 14786948965
06-26 00:40:50.958  4098  4098 W statsd  : StatsPullerManager: Unknown tagId 10084
06-26 00:40:50.958  4098  4098 E statsd  : Gauge Stats puller failed for tag: 10084 at 14786948965
06-26 00:40:50.968  4100  4100 D libEGL  : loaded /vendor/lib/egl/libGLES_mali.so
06-26 00:40:50.990  4098  4098 W statsd  : StatsPullerManager: Unknown tagId 10089
06-26 00:40:50.990  4098  4098 E statsd  : Gauge Stats puller failed for tag: 10089 at 14826576256
06-26 00:40:50.990  4098  4098 W statsd  : StatsPullerManager: Unknown tagId 10086
06-26 00:40:50.990  4098  4098 E statsd  : Gauge Stats puller failed for tag: 10086 at 14826576256
06-26 00:40:50.990  4098  4098 W statsd  : StatsPullerManager: Unknown tagId 10087
06-26 00:40:50.990  4098  4098 E statsd  : Gauge Stats puller failed for tag: 10087 at 14826576256
06-26 00:40:50.990  4098  4098 W statsd  : StatsPullerManager: Unknown tagId 10157
06-26 00:40:50.990  4098  4098 E statsd  : Gauge Stats puller failed for tag: 10157 at 14826576256
06-26 00:40:50.990  4098  4098 W statsd  : StatsPullerManager: Unknown tagId 10158
06-26 00:40:50.990  4098  4098 E statsd  : Gauge Stats puller failed for tag: 10158 at 14826576256
06-26 00:40:50.991  4098  4098 W statsd  : StatsPullerManager: Unknown tagId 10076
06-26 00:40:50.991  4098  4098 E statsd  : Gauge Stats puller failed for tag: 10076 at 14826576256
06-26 00:40:50.993  4098  4098 W statsd  : No active metric for config (10058 175721243)
06-26 00:40:50.993  4098  4098 I statsd  : Statsd starts to listen to socket.
06-26 00:40:51.068  4100  4100 I Zygote  : Preloading shared libraries...
06-26 00:40:51.079  4100  4100 I Zygote  : Called ZygoteHooks.endPreload()
06-26 00:40:51.080  4100  4100 I Zygote  : Installed AndroidKeyStoreProvider in 0ms.
06-26 00:40:51.091  4100  4100 I Zygote  : Warmed up JCA providers in 11ms.
06-26 00:40:51.091  4100  4100 D Zygote  : end preload
06-26 00:40:51.091  4100  4100 D Zygote32Timing: ZygotePreload took to complete: 3146ms
06-26 00:40:51.221  4100  4100 I zygote  : Explicit concurrent copying GC freed 88993(5233KB) AllocSpace objects, 4(76KB) LOS objects, 49% free, 8827KB/17MB, paused 82us total 129.397ms
06-26 00:40:51.337  4100  4100 I zygote  : Explicit concurrent copying GC freed 8719(324KB) AllocSpace objects, 1(28KB) LOS objects, 49% free, 8507KB/16MB, paused 69us total 113.107ms
06-26 00:40:51.337  4100  4100 D Zygote32Timing: PostZygoteInitGC took to complete: 245ms
06-26 00:40:51.337  4100  4100 D Zygote32Timing: ZygoteInit took to complete: 3410ms
06-26 00:40:51.474  4100  4100 I zygote  : Background concurrent copying GC freed 143(48KB) AllocSpace objects, 0(0B) LOS objects, 49% free, 8507KB/16MB, paused 63us total 111.515ms
06-26 00:40:51.479  4240  4240 W ServiceManager: Waited one second for package_native (is service started? are binder threads started and available?)
06-26 00:40:51.479  3821  3821 I servicemanager: Since 'package_native' could not be found, trying to start it as a lazy AIDL service
06-26 00:40:51.481  3821  4372 W libc    : Unable to set property "ctl.interface_start" to "aidl/package_native": error code: 0x20
06-26 00:40:51.481  3821  4372 I servicemanager: Tried to start aidl service package_native as a lazy service, but was unable to. Usually this happens when a service is not installed, but if the service is intended to be used as a lazy service, then it may be configured incorrectly.
06-26 00:40:51.482     0     0 E [   15.375973@0]- init: Control message: Could not find 'aidl/package_native' for ctl.interface_start from pid: 3821 (/system/bin/servicemanager)
06-26 00:40:51.597  4100  4100 D Zygote  : Forked child process 4373
06-26 00:40:51.597  4100  4100 I Zygote  : System server process 4373 has been created
06-26 00:40:51.599  4100  4100 I Zygote  : Accepting command socket connections
06-26 00:40:51.766  4033  4049 I keystore2: keystore2::watchdog: Watchdog thread idle -> terminating. Have a great day.
06-26 00:40:51.922  4373  4373 W system_server: Failed to upload odrefresh metrics: metrics file '/data/misc/odrefresh/odrefresh-metrics.txt' could not be opened: No such file or directory
06-26 00:40:51.927  4278  4300 I adbd    : jdwp connection from 4373
06-26 00:40:51.940  4373  4373 D ProcessState: Binder ioctl to enable oneway spam detection failed: Invalid argument
06-26 00:40:51.942     0     0 I [   15.835364@1]- binder: 4373:4373 ioctl 40046210 ffc49a38 returned -22
06-26 00:40:51.995  4373  4373 I SystemServerTiming: InitBeforeStartServices
06-26 00:40:51.999  4373  4373 I SystemServer: Entered the Android system server!
06-26 00:40:52.046  4237  4237 W ServiceManager: Service package_native didn't start. Returning NULL
06-26 00:40:52.046  4237  4237 E ServiceUtilities: getInfo: Cannot find package_native
06-26 00:40:52.046  4237  4237 W AudioAnalytics: (key=audio.flinger) Audioflinger constructor event detected
06-26 00:40:52.258  4373  4373 E UsbAlsaJackDetectorJNI: Can't register UsbAlsaJackDetector native methods
06-26 00:40:52.275  4373  4373 I SystemServerInitThreadPool: Creating instance with 4 threads
06-26 00:40:52.479  4240  4240 W ServiceManager: Waited one second for package_native (is service started? are binder threads started and available?)
06-26 00:40:52.480  3821  3821 I servicemanager: Since 'package_native' could not be found, trying to start it as a lazy AIDL service
06-26 00:40:52.481  3821  4392 W libc    : Unable to set property "ctl.interface_start" to "aidl/package_native": error code: 0x20
06-26 00:40:52.481  3821  4392 I servicemanager: Tried to start aidl service package_native as a lazy service, but was unable to. Usually this happens when a service is not installed, but if the service is intended to be used as a lazy service, then it may be configured incorrectly.
06-26 00:40:52.482     0     0 E [   16.376394@3]- init: Control message: Could not find 'aidl/package_native' for ctl.interface_start from pid: 3821 (/system/bin/servicemanager)
06-26 00:40:52.491  4242  4242 W ServiceManager: Service package_native didn't start. Returning NULL
06-26 00:40:52.491  4242  4242 E storaged: getService package_native failed
06-26 00:40:52.492  4147  4147 I health2 : /sys/class/mmc_host/emmc/emmc:0001/rev:0x8
06-26 00:40:52.493  4147  4147 I health2 : /sys/class/mmc_host/emmc/emmc:0001/name:8GTF4R
06-26 00:40:52.493  4147  4147 I health2 : /sys/class/mmc_host/emmc/emmc:0001/life_time:0x03 0x03
06-26 00:40:52.493  4147  4147 I health2 : /sys/class/mmc_host/emmc/emmc:0001/pre_eol_info:01
06-26 00:40:52.493  4147  4147 E health2 : /sys/block/sda/stat: ReadFileToString failed.
06-26 00:40:52.494  4147  4147 I health2 : /sys/class/mmc_host/emmc/emmc:0001/rev:0x8
06-26 00:40:52.494  4147  4147 I health2 : /sys/class/mmc_host/emmc/emmc:0001/name:8GTF4R
06-26 00:40:52.494  4147  4147 I health2 : /sys/class/mmc_host/emmc/emmc:0001/life_time:0x03 0x03
06-26 00:40:52.494  4147  4147 I health2 : /sys/class/mmc_host/emmc/emmc:0001/pre_eol_info:01
06-26 00:40:52.495  4242  4394 I storaged: storaged: Start
06-26 00:40:52.495  4147  4147 E health2 : /sys/block/sda/stat: ReadFileToString failed.
06-26 00:40:52.497  4242  4394 I ServiceManager: Waiting for service 'package_native' on '/dev/binder'...
06-26 00:40:52.808  4373  4373 D SystemServerTiming: InitBeforeStartServices took to complete: 812ms
06-26 00:40:52.808  4373  4373 I SystemServerTiming: StartServices
06-26 00:40:52.808  4373  4373 I SystemServerTiming: startBootstrapServices
06-26 00:40:52.809  4373  4373 I SystemServerTiming: StartWatchdog
06-26 00:40:52.818  4373  4373 D SystemServerTiming: StartWatchdog took to complete: 9ms
06-26 00:40:52.818  4373  4373 I SystemServer: Reading configuration...
06-26 00:40:52.818  4373  4373 I SystemServerTiming: ReadingSystemConfig
06-26 00:40:52.819  4373  4373 D SystemServerTiming: ReadingSystemConfig took to complete: 0ms
06-26 00:40:52.820  4373  4403 I SystemServerTimingAsync: InitThreadPoolExec:ReadingSystemConfig
06-26 00:40:52.820  4373  4403 D SystemServerInitThreadPool: Started executing ReadingSystemConfig
06-26 00:40:52.821  4373  4373 I SystemServerTiming: PlatformCompat
06-26 00:40:52.823  4373  4403 I SystemConfig: Reading permissions from /system/etc/sysconfig/preinstalled-packages-platform.xml
06-26 00:40:52.823  4373  4373 D CompatConfig: Found a config file: /system/etc/compatconfig/documents-ui-compat-config.xml
06-26 00:40:52.825  4373  4373 D CompatConfig: Adding: com.android.server.compat.config.Change@19cebd0
06-26 00:40:52.828  4373  4373 D CompatConfig: Found a config file: /system/etc/compatconfig/services-platform-compat-config.xml
06-26 00:40:52.828  4373  4403 I incfs   : Initial API level of the device: 28
06-26 00:40:52.829  4373  4403 I incfs   : ro.incremental.enable: 
06-26 00:40:52.830  4373  4403 I SystemConfig: Reading permissions from /system/etc/sysconfig/framework-sysconfig.xml
06-26 00:40:52.831  4373  4373 D CompatConfig: Adding: com.android.server.compat.config.Change@cb3a1ef
06-26 00:40:52.832  4373  4403 I SystemConfig: Reading permissions from /system/etc/sysconfig/operator-flags.xml
06-26 00:40:52.832  4373  4373 D CompatConfig: Adding: com.android.server.compat.config.Change@314785
06-26 00:40:52.832  4373  4373 D CompatConfig: Adding: com.android.server.compat.config.Change@ea429da
06-26 00:40:52.833  4373  4373 D CompatConfig: Adding: com.android.server.compat.config.Change@65264e8
06-26 00:40:52.833  4373  4403 I SystemConfig: Reading permissions from /system/etc/sysconfig/netflix.xml
06-26 00:40:52.834  4373  4373 D CompatConfig: Adding: com.android.server.compat.config.Change@f43d701
06-26 00:40:52.834  4373  4373 D CompatConfig: Adding: com.android.server.compat.config.Change@72b09a6
06-26 00:40:52.834  4373  4403 I SystemConfig: Reading permissions from /system/etc/sysconfig/hiddenapi-package-whitelist.xml
06-26 00:40:52.835  4373  4373 D CompatConfig: Adding: com.android.server.compat.config.Change@f5ce794
06-26 00:40:52.836  4373  4403 I SystemConfig: Reading permissions from /system/etc/sysconfig/preinstalled-packages-com.android.providers.media.module.xml
06-26 00:40:52.837  4373  4373 D CompatConfig: Adding: com.android.server.compat.config.Change@7ee1a32
06-26 00:40:52.837  4373  4373 D CompatConfig: Adding: com.android.server.compat.config.Change@1089383
06-26 00:40:52.838  4373  4373 D CompatConfig: Adding: com.android.server.compat.config.Change@7eae900
06-26 00:40:52.839  4373  4373 D CompatConfig: Adding: com.android.server.compat.config.Change@55fa77e
06-26 00:40:52.839  4373  4403 I SystemConfig: Reading permissions from /system/etc/permissions/javax.obex.xml
06-26 00:40:52.839  4373  4373 D CompatConfig: Adding: com.android.server.compat.config.Change@836e4df
06-26 00:40:52.840  4373  4373 D CompatConfig: Adding: com.android.server.compat.config.Change@c95952c
06-26 00:40:52.841  4373  4373 D CompatConfig: Adding: com.android.server.compat.config.Change@6cabd8a
06-26 00:40:52.841  4373  4403 I SystemConfig: Reading permissions from /system/etc/permissions/android.hardware.bluetooth_le.xml
06-26 00:40:52.841  4373  4373 D CompatConfig: Adding: com.android.server.compat.config.Change@cceeffb
06-26 00:40:52.842  4373  4403 I SystemConfig: Reading permissions from /system/etc/permissions/tv_core_hardware.xml
06-26 00:40:52.842  4373  4373 D CompatConfig: Adding: com.android.server.compat.config.Change@3ef8271
06-26 00:40:52.843  4373  4373 D CompatConfig: Adding: com.android.server.compat.config.Change@b1f2856
06-26 00:40:52.844  4373  4373 D CompatConfig: Adding: com.android.server.compat.config.Change@4535dc4
06-26 00:40:52.844  4373  4403 I SystemConfig: Reading permissions from /system/etc/permissions/privapp-permissions-platform.xml
06-26 00:40:52.844  4373  4373 D CompatConfig: Adding: com.android.server.compat.config.Change@7a8d4ad
06-26 00:40:52.845  4373  4373 D CompatConfig: Adding: com.android.server.compat.config.Change@e7d73e2
06-26 00:40:52.846  4373  4373 D CompatConfig: Adding: com.android.server.compat.config.Change@7856373
06-26 00:40:52.846  4373  4373 D CompatConfig: Adding: com.android.server.compat.config.Change@60a9230
06-26 00:40:52.847  4373  4373 D CompatConfig: Adding: com.android.server.compat.config.Change@c2b0ea9
06-26 00:40:52.848  4373  4373 D CompatConfig: Adding: com.android.server.compat.config.Change@c82ec2e
06-26 00:40:52.848  4373  4373 D CompatConfig: Adding: com.android.server.compat.config.Change@148c3cf
06-26 00:40:52.849  4373  4373 D CompatConfig: Adding: com.android.server.compat.config.Change@8bea15c
06-26 00:40:52.850  4373  4373 D CompatConfig: Adding: com.android.server.compat.config.Change@77cec65
06-26 00:40:52.851  4373  4373 D CompatConfig: Adding: com.android.server.compat.config.Change@b559d3a
06-26 00:40:52.852  4373  4373 D CompatConfig: Adding: com.android.server.compat.config.Change@e37cdeb
06-26 00:40:52.852  4373  4403 I SystemConfig: Reading permissions from /system/etc/permissions/privapp-permissions-SkyworthDigital.xml
06-26 00:40:52.852  4373  4373 D CompatConfig: Adding: com.android.server.compat.config.Change@f54e9e1
06-26 00:40:52.853  4373  4373 D CompatConfig: Adding: com.android.server.compat.config.Change@b705306
06-26 00:40:52.853  4373  4373 D CompatConfig: Adding: com.android.server.compat.config.Change@4c35dc7
06-26 00:40:52.855  4373  4373 D CompatConfig: Adding: com.android.server.compat.config.Change@cabbff4
06-26 00:40:52.855  4373  4373 D CompatConfig: Adding: com.android.server.compat.config.Change@455431d
06-26 00:40:52.856  4373  4403 I SystemConfig: Reading permissions from /system/etc/permissions/GooglePermissionController_permissions.xml
06-26 00:40:52.856  4373  4373 D CompatConfig: Adding: com.android.server.compat.config.Change@78e0f63
06-26 00:40:52.857  4373  4373 D CompatConfig: Adding: com.android.server.compat.config.Change@9bee760
06-26 00:40:52.857  4373  4403 I SystemConfig: Reading permissions from /system/etc/permissions/android.test.runner.xml
06-26 00:40:52.858  4373  4373 D CompatConfig: Adding: com.android.server.compat.config.Change@518bcde
06-26 00:40:52.858  4373  4373 D CompatConfig: Adding: com.android.server.compat.config.Change@6c83ebf
06-26 00:40:52.859  4373  4403 I SystemConfig: Reading permissions from /system/etc/permissions/privapp-permissions-google.xml
06-26 00:40:52.859  4373  4373 D CompatConfig: Adding: com.android.server.compat.config.Change@49ab8d5
06-26 00:40:52.860  4373  4373 D CompatConfig: Adding: com.android.server.compat.config.Change@3efc8ea
06-26 00:40:52.861  4373  4373 D CompatConfig: Adding: com.android.server.compat.config.Change@b4c07db
06-26 00:40:52.861  4373  4373 D CompatConfig: Adding: com.android.server.compat.config.Change@8264278
06-26 00:40:52.862  4373  4403 I SystemConfig: Reading permissions from /system/etc/permissions/GoogleExtServices_permissions.xml
06-26 00:40:52.862  4373  4373 D CompatConfig: Adding: com.android.server.compat.config.Change@f7989b6
06-26 00:40:52.863  4373  4373 D CompatConfig: Adding: com.android.server.compat.config.Change@ab90e24
06-26 00:40:52.863  4373  4403 I SystemConfig: Reading permissions from /system/etc/permissions/android.software.webview.xml
06-26 00:40:52.864  4373  4373 D CompatConfig: Adding: com.android.server.compat.config.Change@6f22d8d
06-26 00:40:52.864  4373  4373 D CompatConfig: Adding: com.android.server.compat.config.Change@70c8b42
06-26 00:40:52.865  4373  4403 I SystemConfig: Reading permissions from /system/etc/permissions/org.apache.http.legacy.xml
06-26 00:40:52.865  4373  4373 D CompatConfig: Adding: com.android.server.compat.config.Change@78ae890
06-26 00:40:52.866  4373  4373 D CompatConfig: Adding: com.android.server.compat.config.Change@8611589
06-26 00:40:52.866  4373  4403 I SystemConfig: Reading permissions from /system/etc/permissions/com.android.mediadrm.signer.xml
06-26 00:40:52.866  4373  4373 D CompatConfig: Adding: com.android.server.compat.config.Change@d5455af
06-26 00:40:52.867  4373  4373 D CompatConfig: Adding: com.android.server.compat.config.Change@35dfdbc
06-26 00:40:52.868  4373  4373 D CompatConfig: Adding: com.android.server.compat.config.Change@904409a
06-26 00:40:52.868  4373  4403 I SystemConfig: Reading permissions from /system/etc/permissions/prime.xml
06-26 00:40:52.868  4373  4373 D CompatConfig: Adding: com.android.server.compat.config.Change@39a9dcb
06-26 00:40:52.869  4373  4373 D CompatConfig: Found a config file: /system/etc/compatconfig/framework-platform-compat-config.xml
06-26 00:40:52.869  4373  4403 I SystemConfig: Reading permissions from /system/etc/permissions/android.test.mock.xml
06-26 00:40:52.870  4373  4403 I SystemConfig: Reading permissions from /system/etc/permissions/droidlogic-hiddenapi-package-whitelist.xml
06-26 00:40:52.872  4373  4403 I SystemConfig: Reading permissions from /system/etc/permissions/com.android.media.remotedisplay.xml
06-26 00:40:52.872  4373  4373 D CompatConfig: Adding: com.android.server.compat.config.Change@b8e4854
06-26 00:40:52.873  4373  4403 I SystemConfig: Reading permissions from /system/etc/permissions/com.android.future.usb.accessory.xml
06-26 00:40:52.873  4373  4373 D CompatConfig: Adding: com.android.server.compat.config.Change@5e248f2
06-26 00:40:52.873  4373  4373 D CompatConfig: Adding: com.android.server.compat.config.Change@befb43
06-26 00:40:52.874  4373  4373 D CompatConfig: Adding: com.android.server.compat.config.Change@ab195c0
06-26 00:40:52.874  4373  4403 I SystemConfig: Reading permissions from /system/etc/permissions/privapp-permissions-atv.xml
06-26 00:40:52.875  4373  4373 D CompatConfig: Adding: com.android.server.compat.config.Change@e48023e
06-26 00:40:52.876  4373  4373 D CompatConfig: Adding: com.android.server.compat.config.Change@f4c089f
06-26 00:40:52.876  4373  4403 I SystemConfig: Reading permissions from /system/etc/permissions/com.android.media.tv.remoteprovider.xml
06-26 00:40:52.876  4373  4373 D CompatConfig: Adding: com.android.server.compat.config.Change@9d945b5
06-26 00:40:52.877  4373  4373 D CompatConfig: Adding: com.android.server.compat.config.Change@3be044a
06-26 00:40:52.877  4373  4403 I SystemConfig: Reading permissions from /system/etc/permissions/com.android.location.provider.xml
06-26 00:40:52.878  4373  4373 D CompatConfig: Adding: com.android.server.compat.config.Change@6345cd8
06-26 00:40:52.879  4373  4403 I SystemConfig: Reading permissions from /system/etc/permissions/android.test.base.xml
06-26 00:40:52.880  4373  4403 I SystemConfig: Reading permissions from /system/etc/permissions/android.hardware.bluetooth.xml
06-26 00:40:52.882  4373  4403 I SystemConfig: Reading permissions from /system/etc/permissions/com.android.networkstack.tethering.xml
06-26 00:40:52.883  4373  4403 I SystemConfig: Reading permissions from /system/etc/permissions/platform.xml
06-26 00:40:52.883  4373  4373 D CompatConfig: Adding: com.android.server.compat.config.Change@e19766d
06-26 00:40:52.884  4373  4373 D CompatConfig: Adding: com.android.server.compat.config.Change@83ad2a2
06-26 00:40:52.885  4373  4373 D CompatConfig: Adding: com.android.server.compat.config.Change@8853b33
06-26 00:40:52.886  4373  4373 D CompatConfig: Adding: com.android.server.compat.config.Change@535eef0
06-26 00:40:52.886  4373  4373 D CompatConfig: Adding: com.android.server.compat.config.Change@4640c69
06-26 00:40:52.887  4373  4373 D CompatConfig: Adding: com.android.server.compat.config.Change@c9776ee
06-26 00:40:52.888  4373  4373 D CompatConfig: Adding: com.android.server.compat.config.Change@cce578f
06-26 00:40:52.888  4373  4373 D CompatConfig: Adding: com.android.server.compat.config.Change@a230a1c
06-26 00:40:52.889  4373  4373 D CompatConfig: Adding: com.android.server.compat.config.Change@ba80625
06-26 00:40:52.890  4373  4373 D CompatConfig: Adding: com.android.server.compat.config.Change@e0813fa
06-26 00:40:52.890  4373  4373 D CompatConfig: Adding: com.android.server.compat.config.Change@ce2ddab
06-26 00:40:52.891  4373  4373 D CompatConfig: Adding: com.android.server.compat.config.Change@964ac08
06-26 00:40:52.892  4373  4373 D CompatConfig: Adding: com.android.server.compat.config.Change@277dfa1
06-26 00:40:52.892  4373  4373 D CompatConfig: Adding: com.android.server.compat.config.Change@ab375c6
06-26 00:40:52.893  4373  4373 D CompatConfig: Adding: com.android.server.compat.config.Change@96fa987
06-26 00:40:52.894  4373  4373 D CompatConfig: Adding: com.android.server.compat.config.Change@f9c80b4
06-26 00:40:52.894  4373  4373 D CompatConfig: Adding: com.android.server.compat.config.Change@411d4dd
06-26 00:40:52.895  4373  4403 I SystemConfig: Reading permissions from /vendor/etc/permissions/android.hardware.ethernet.xml
06-26 00:40:52.895  4373  4373 D CompatConfig: Adding: com.android.server.compat.config.Change@7135723
06-26 00:40:52.896  4373  4373 D CompatConfig: Adding: com.android.server.compat.config.Change@fdaf420
06-26 00:40:52.897  4373  4373 D CompatConfig: Adding: com.android.server.compat.config.Change@75be1d9
06-26 00:40:52.897  4373  4373 D CompatConfig: Adding: com.android.server.compat.config.Change@bba427f
06-26 00:40:52.898  4373  4403 I SystemConfig: Reading permissions from /vendor/etc/permissions/android.hardware.consumerir.xml
06-26 00:40:52.898  4373  4373 D CompatConfig: Adding: com.android.server.compat.config.Change@bcb324c
06-26 00:40:52.899  4373  4373 D CompatConfig: Adding: com.android.server.compat.config.Change@19fc295
06-26 00:40:52.900  4373  4373 D CompatConfig: Adding: com.android.server.compat.config.Change@5ba879b
06-26 00:40:52.900  4373  4403 I SystemConfig: Reading permissions from /vendor/etc/permissions/android.hardware.opengles.aep.xml
06-26 00:40:52.900  4373  4373 D CompatConfig: Adding: com.android.server.compat.config.Change@29f2738
06-26 00:40:52.901  4373  4373 D CompatConfig: Adding: com.android.server.compat.config.Change@906f311
06-26 00:40:52.902  4373  4373 D CompatConfig: Adding: com.android.server.compat.config.Change@62adc76
06-26 00:40:52.902  4373  4373 D CompatConfig: Adding: com.android.server.compat.config.Change@8b00277
06-26 00:40:52.903  4373  4373 D CompatConfig: Adding: com.android.server.compat.config.Change@2bb7ee4
06-26 00:40:52.903  4373  4403 I SystemConfig: Reading permissions from /vendor/etc/permissions/android.hardware.audio.output.xml
06-26 00:40:52.903  4373  4373 D CompatConfig: Adding: com.android.server.compat.config.Change@1604a02
06-26 00:40:52.904  4373  4373 D CompatConfig: Adding: com.android.server.compat.config.Change@c184f13
06-26 00:40:52.905  4373  4403 I SystemConfig: Reading permissions from /vendor/etc/permissions/android.hardware.camera.external.xml
06-26 00:40:52.905  4373  4373 D CompatConfig: Adding: com.android.server.compat.config.Change@96bf349
06-26 00:40:52.906  4373  4373 D CompatConfig: Adding: com.android.server.compat.config.Change@a8d044e
06-26 00:40:52.906  4373  4403 I SystemConfig: Reading permissions from /vendor/etc/permissions/droidlogic.software.core.xml
06-26 00:40:52.906  4373  4373 D CompatConfig: Adding: com.android.server.compat.config.Change@1a5c67c
06-26 00:40:52.907  4373  4373 D CompatConfig: Adding: com.android.server.compat.config.Change@5f77b05
06-26 00:40:52.908  4373  4373 D CompatConfig: Adding: com.android.server.compat.config.Change@cb9175a
06-26 00:40:52.908  4373  4403 W SystemConfig: name is required for <deny-permission> in START_TAG (empty) <deny-permission name=''>@27:35 in java.io.FileReader@9888d8b
06-26 00:40:52.908  4373  4373 D CompatConfig: Adding: com.android.server.compat.config.Change@ec6ce68
06-26 00:40:52.909  4373  4403 I SystemConfig: Reading permissions from /vendor/etc/permissions/android.hardware.vulkan.version.xml
06-26 00:40:52.909  4373  4373 D CompatConfig: Adding: com.android.server.compat.config.Change@9614f26
06-26 00:40:52.909  4373  4373 D CompatConfig: Adding: com.android.server.compat.config.Change@1f07767
06-26 00:40:52.910  4373  4403 I SystemConfig: Reading permissions from /vendor/etc/permissions/android.hardware.wifi.direct.xml
06-26 00:40:52.910  4373  4373 D CompatConfig: Adding: com.android.server.compat.config.Change@47f05bd
06-26 00:40:52.911  4373  4373 D CompatConfig: Adding: com.android.server.compat.config.Change@b0337b2
06-26 00:40:52.911  4373  4373 D CompatConfig: Adding: com.android.server.compat.config.Change@1032303
06-26 00:40:52.912  4373  4403 I SystemConfig: Reading permissions from /vendor/etc/permissions/droidlogic.tv.software.core.xml
06-26 00:40:52.912  4373  4373 D CompatConfig: Adding: com.android.server.compat.config.Change@f1b40b9
06-26 00:40:52.913  4373  4373 D CompatConfig: Adding: com.android.server.compat.config.Change@4691cfe
06-26 00:40:52.913  4373  4373 D CompatConfig: Adding: com.android.server.compat.config.Change@325c6ac
06-26 00:40:52.913  4373  4403 I SystemConfig: Reading permissions from /vendor/etc/permissions/android.software.vulkan.deqp.level-2021-03-01.xml
06-26 00:40:52.914  4373  4373 D CompatConfig: Adding: com.android.server.compat.config.Change@ea62f75
06-26 00:40:52.915  4373  4373 D CompatConfig: Adding: com.android.server.compat.config.Change@9bef7b
06-26 00:40:52.915  4373  4403 I SystemConfig: Reading permissions from /vendor/etc/permissions/nrdp.xml
06-26 00:40:52.915  4373  4373 D CompatConfig: Adding: com.android.server.compat.config.Change@97ea198
06-26 00:40:52.916  4373  4373 D CompatConfig: Adding: com.android.server.compat.config.Change@831cdd6
06-26 00:40:52.916  4373  4403 I SystemConfig: Reading permissions from /vendor/etc/permissions/android.software.app_widgets.xml
06-26 00:40:52.917  4373  4373 D CompatConfig: Found a config file: /system/etc/compatconfig/icu4j-platform-compat-config.xml
06-26 00:40:52.917  4373  4403 I SystemConfig: Reading permissions from /vendor/etc/permissions/android.software.verified_boot.xml
06-26 00:40:52.918  4373  4373 D CompatConfig: Adding: com.android.server.compat.config.Change@6e1d82d
06-26 00:40:52.918  4373  4403 I SystemConfig: Reading permissions from /vendor/etc/permissions/android.hardware.vulkan.compute.xml
06-26 00:40:52.919  4373  4373 D CompatConfig: Found a config file: /system/etc/compatconfig/calendar-provider-compat-config.xml
06-26 00:40:52.920  4373  4403 I SystemConfig: Reading permissions from /vendor/etc/permissions/android.hardware.bluetooth.xml
06-26 00:40:52.920  4373  4373 D CompatConfig: Adding: com.android.server.compat.config.Change@cb0ca29
06-26 00:40:52.921  4373  4403 I SystemConfig: Reading permissions from /vendor/etc/permissions/android.software.ipsec_tunnels.xml
06-26 00:40:52.921  4373  4373 D CompatConfig: No directory /system/system_ext/etc/compatconfig, skipping
06-26 00:40:52.923  4373  4403 I SystemConfig: Reading permissions from /vendor/etc/permissions/android.hardware.wifi.passpoint.xml
06-26 00:40:52.924  4373  4373 D CompatConfig: No directory /apex/com.android.wifi/etc/compatconfig, skipping
06-26 00:40:52.924  4373  4403 I SystemConfig: Reading permissions from /vendor/etc/permissions/android.hardware.hdmi.cec.xml
06-26 00:40:52.924  4373  4373 D CompatConfig: No directory /apex/com.android.vndk.v31/etc/compatconfig, skipping
06-26 00:40:52.924  4373  4373 D CompatConfig: No directory /apex/com.android.tzdata/etc/compatconfig, skipping
06-26 00:40:52.924  4373  4373 D CompatConfig: No directory /apex/com.android.tethering/etc/compatconfig, skipping
06-26 00:40:52.925  4373  4373 D CompatConfig: No directory /apex/com.android.sdkext/etc/compatconfig, skipping
06-26 00:40:52.925  4373  4373 D CompatConfig: No directory /apex/com.android.scheduling/etc/compatconfig, skipping
06-26 00:40:52.925  4373  4373 D CompatConfig: No directory /apex/com.android.runtime/etc/compatconfig, skipping
06-26 00:40:52.925  4373  4403 I SystemConfig: Reading permissions from /vendor/etc/permissions/android.hardware.usb.host.xml
06-26 00:40:52.925  4373  4373 D CompatConfig: No directory /apex/com.android.resolv/etc/compatconfig, skipping
06-26 00:40:52.925  4373  4373 D CompatConfig: No directory /apex/com.android.permission/etc/compatconfig, skipping
06-26 00:40:52.925  4373  4373 D CompatConfig: No directory /apex/com.android.os.statsd/etc/compatconfig, skipping
06-26 00:40:52.926  4373  4373 D CompatConfig: No directory /apex/com.android.neuralnetworks/etc/compatconfig, skipping
06-26 00:40:52.926  4373  4403 I SystemConfig: Reading permissions from /vendor/etc/permissions/android.hardware.wifi.xml
06-26 00:40:52.926  4373  4373 D CompatConfig: Found a config file: /apex/com.android.mediaprovider/etc/compatconfig/media-provider-platform-compat-config.xml
06-26 00:40:52.927  4373  4403 I SystemConfig: Reading permissions from /vendor/etc/permissions/android.software.cant_save_state.xml
06-26 00:40:52.928  4373  4373 D CompatConfig: Adding: com.android.server.compat.config.Change@c669561
06-26 00:40:52.928  4373  4373 D CompatConfig: Adding: com.android.server.compat.config.Change@92db547
06-26 00:40:52.928  4373  4403 I SystemConfig: Reading permissions from /vendor/etc/permissions/android.software.backup.xml
06-26 00:40:52.929  4373  4373 D CompatConfig: Adding: com.android.server.compat.config.Change@19c0174
06-26 00:40:52.930  4373  4403 I SystemConfig: Reading permissions from /vendor/etc/permissions/android.software.opengles.deqp.level-2021-03-01.xml
06-26 00:40:52.930  4373  4373 D CompatConfig: Adding: com.android.server.compat.config.Change@9207712
06-26 00:40:52.931  4373  4373 D CompatConfig: Adding: com.android.server.compat.config.Change@1065ee3
06-26 00:40:52.931  4373  4403 I SystemConfig: Reading permissions from /vendor/etc/permissions/android.hardware.bluetooth_le.xml
06-26 00:40:52.932  4373  4373 D CompatConfig: Adding: com.android.server.compat.config.Change@6338f99
06-26 00:40:52.932  4373  4373 D CompatConfig: Adding: com.android.server.compat.config.Change@30af25e
06-26 00:40:52.933  4373  4403 I SystemConfig: Reading permissions from /vendor/etc/permissions/android.hardware.vulkan.level.xml
06-26 00:40:52.933  4373  4373 D CompatConfig: No directory /apex/com.android.media.swcodec/etc/compatconfig, skipping
06-26 00:40:52.933  4373  4373 D CompatConfig: No directory /apex/com.android.media/etc/compatconfig, skipping
06-26 00:40:52.934  4373  4373 D CompatConfig: No directory /apex/com.android.ipsec/etc/compatconfig, skipping
06-26 00:40:52.934  4373  4373 D CompatConfig: No directory /apex/com.android.i18n/etc/compatconfig, skipping
06-26 00:40:52.934  4373  4403 I SystemConfig: Reading permissions from /vendor/etc/permissions/android.hardware.gamepad.xml
06-26 00:40:52.934  4373  4373 D CompatConfig: No directory /apex/com.android.extservices/etc/compatconfig, skipping
06-26 00:40:52.934  4373  4373 D CompatConfig: No directory /apex/com.android.conscrypt/etc/compatconfig, skipping
06-26 00:40:52.935  4373  4373 D CompatConfig: Found a config file: /apex/com.android.art/etc/compatconfig/libcore-platform-compat-config.xml
06-26 00:40:52.935  4373  4403 I SystemConfig: Reading permissions from /vendor/etc/permissions/android.hardware.location.xml
06-26 00:40:52.936  4373  4373 D CompatConfig: Adding: com.android.server.compat.config.Change@28ec75b
06-26 00:40:52.936  4373  4403 I SystemConfig: Reading permissions from /vendor/etc/permissions/droidlogic.software.netflix.xml
06-26 00:40:52.937  4373  4373 D CompatConfig: Adding: com.android.server.compat.config.Change@1ee98d1
06-26 00:40:52.937  4373  4373 D CompatConfig: Adding: com.android.server.compat.config.Change@7ccef36
06-26 00:40:52.938  4373  4373 D CompatConfig: Adding: com.android.server.compat.config.Change@ce87e37
06-26 00:40:52.939  4373  4373 D CompatConfig: Adding: com.android.server.compat.config.Change@afcafa4
06-26 00:40:52.940  4373  4403 I SystemConfig: Reading permissions from /product/etc/sysconfig/google.xml
06-26 00:40:52.940  4373  4373 D CompatConfig: No directory /apex/com.android.appsearch/etc/compatconfig, skipping
06-26 00:40:52.940  4373  4373 D CompatConfig: No directory /apex/com.android.adbd/etc/compatconfig, skipping
06-26 00:40:52.941  4373  4403 I SystemConfig: Adding association: com.google.android.as <- com.android.bluetooth
06-26 00:40:52.941  4373  4403 I SystemConfig: Adding association: com.google.android.as <- com.android.providers.contacts
06-26 00:40:52.941  4373  4403 I SystemConfig: Adding association: com.google.android.as <- com.android.providers.media
06-26 00:40:52.941  4373  4403 I SystemConfig: Adding association: com.google.android.as <- com.android.providers.telephony
06-26 00:40:52.941  4373  4403 I SystemConfig: Adding association: com.google.android.as <- com.android.systemui
06-26 00:40:52.941  4373  4403 I SystemConfig: Adding association: com.google.android.as <- com.google.android.providers.media.module
06-26 00:40:52.941  4373  4403 I SystemConfig: Adding association: com.google.android.as <- com.google.android.as.oss
06-26 00:40:52.941  4373  4403 I SystemConfig: Adding association: com.google.android.as.oss <- com.google.android.as
06-26 00:40:52.942  4373  4403 I SystemConfig: Reading permissions from /product/etc/sysconfig/google_atv.xml
06-26 00:40:52.943  4373  4403 I SystemConfig: Reading permissions from /product/etc/sysconfig/google-hiddenapi-package-whitelist.xml
06-26 00:40:52.944  4373  4373 D SystemServerTiming: PlatformCompat took to complete: 123ms
06-26 00:40:52.944  4373  4373 I SystemServerTiming: StartFileIntegrityService
06-26 00:40:52.944  4373  4373 I SystemServiceManager: Starting com.android.server.security.FileIntegrityService
06-26 00:40:52.945  4373  4403 I SystemConfig: Reading permissions from /product/etc/sysconfig/atv-component-overrides.xml
06-26 00:40:52.947  4373  4403 I SystemConfig: Reading permissions from /product/etc/sysconfig/google-staged-installer-whitelist.xml
06-26 00:40:52.948  4373  4403 I SystemConfig: Reading permissions from /product/etc/sysconfig/google-rollback-package-whitelist.xml
06-26 00:40:52.950  4373  4403 I SystemConfig: Reading permissions from /product/etc/permissions/priv_app_droidtvsettings.xml
06-26 00:40:52.952  4373  4403 I SystemConfig: Reading permissions from /product/etc/permissions/split-permissions-google.xml
06-26 00:40:52.953  4373  4403 I SystemConfig: Reading permissions from /product/etc/permissions/privapp-permissions-atv-product.xml
06-26 00:40:52.956  4373  4403 I SystemConfig: Reading permissions from /product/etc/permissions/privapp-permissions-google-p.xml
06-26 00:40:52.961  4373  4373 D SystemServerTiming: StartFileIntegrityService took to complete: 17ms
06-26 00:40:52.961  4373  4373 I SystemServerTiming: StartInstaller
06-26 00:40:52.961  4373  4373 I SystemServiceManager: Starting com.android.server.pm.Installer
06-26 00:40:52.964  4235  4251 D installd: Found quota mount /dev/block/userdata at /data
06-26 00:40:52.964  4235  4251 D installd: Found quota mount /dev/block/param at /mnt/vendor/param
06-26 00:40:52.964  4235  4251 D installd: Found quota mount /dev/block/by-name/skyinfo at /mnt/skyinfo
06-26 00:40:52.965  4235  4251 D installd: Found quota mount /dev/block/userdata at /data/user/0
06-26 00:40:52.965  4373  4403 W SystemConfig: No directory /system_ext/etc/sysconfig, skipping
06-26 00:40:52.966  4373  4373 D SystemServerTiming: StartInstaller took to complete: 5ms
06-26 00:40:52.966  4373  4403 I SystemConfig: Reading permissions from /system_ext/etc/permissions/com.droidlogic.tv.settings.xml
06-26 00:40:52.966  4373  4373 I SystemServerTiming: DeviceIdentifiersPolicyService
06-26 00:40:52.966  4373  4373 I SystemServiceManager: Starting com.android.server.os.DeviceIdentifiersPolicyService
06-26 00:40:52.968  4373  4373 D SystemServerTiming: DeviceIdentifiersPolicyService took to complete: 1ms
06-26 00:40:52.968  4373  4373 I SystemServerTiming: UriGrantsManagerService
06-26 00:40:52.968  4373  4373 I SystemServiceManager: Starting com.android.server.uri.UriGrantsManagerService$Lifecycle
06-26 00:40:52.968  4373  4403 I SystemConfig: Reading permissions from /system_ext/etc/permissions/privapp-permissions-google-se.xml
06-26 00:40:52.971  4373  4373 D SystemServerTiming: UriGrantsManagerService took to complete: 3ms
06-26 00:40:52.971  4373  4373 I SystemServerTiming: StartPowerStatsService
06-26 00:40:52.971  4373  4373 I SystemServiceManager: Starting com.android.server.powerstats.PowerStatsService
06-26 00:40:52.974  4373  4403 I SystemConfig: Reading permissions from /system_ext/etc/permissions/droidlogic_permissions.xml
06-26 00:40:52.974  3821  3821 E servicemanager: Could not find android.hardware.power.stats.IPowerStats/default in the VINTF manifest.
06-26 00:40:52.975  4373  4403 I SystemConfig: Reading permissions from /system_ext/etc/permissions/com.android.tv.settings.xml
06-26 00:40:52.976  4373  4373 D hw-ProcessState: Binder ioctl to enable oneway spam detection failed: Invalid argument
06-26 00:40:52.977  4373  4403 I SystemConfig: Reading permissions from /system_ext/etc/permissions/com.android.systemui.xml
06-26 00:40:52.978     0     0 I [   16.871331@0]- binder: 4373:4373 ioctl 40046210 ffc49520 returned -22
06-26 00:40:52.980  4373  4373 D SystemServerTiming: StartPowerStatsService took to complete: 9ms
06-26 00:40:52.980  4373  4373 I SystemServerTiming: StartIStatsService
06-26 00:40:52.981  4373  4403 I SystemConfig: Reading permissions from /apex/com.android.ipsec/etc/permissions/android.net.ipsec.ike.xml
06-26 00:40:52.982  4373  4373 I HidlServiceManagement: Registered android.frameworks.stats@1.0::IStats/default
06-26 00:40:52.983  3821  3821 I servicemanager: Found android.frameworks.stats.IStats/default in framework VINTF manifest.
06-26 00:40:52.983  4373  4373 D SystemServerTiming: StartIStatsService took to complete: 4ms
06-26 00:40:52.984  4373  4373 I SystemServerTiming: MemtrackProxyService
06-26 00:40:52.986  3821  3821 E servicemanager: Could not find android.hardware.memtrack.IMemtrack/default in the VINTF manifest.
06-26 00:40:52.986  4373  4373 I Stability: Interface set with vintf stability wire protocol version 1 downgraded to system stability wire protocol version 1 stability
06-26 00:40:52.988  4373  4373 D SystemServerTiming: MemtrackProxyService took to complete: 3ms
06-26 00:40:52.988  4373  4373 I SystemServerTiming: StartActivityManager
06-26 00:40:52.988  4373  4373 I SystemServiceManager: Starting com.android.server.wm.ActivityTaskManagerService$Lifecycle
06-26 00:40:52.988  4373  4403 W SystemConfig: Failed to read public libraries file /vendor/etc/public.libraries.txt
06-26 00:40:52.988  4373  4403 W SystemConfig: java.io.FileNotFoundException: /vendor/etc/public.libraries.txt: open failed: ENOENT (No such file or directory)
06-26 00:40:52.988  4373  4403 W SystemConfig: 	at libcore.io.IoBridge.open(IoBridge.java:575)
06-26 00:40:52.988  4373  4403 W SystemConfig: 	at java.io.FileInputStream.<init>(FileInputStream.java:160)
06-26 00:40:52.988  4373  4403 W SystemConfig: 	at java.io.FileReader.<init>(FileReader.java:72)
06-26 00:40:52.988  4373  4403 W SystemConfig: 	at com.android.server.SystemConfig.readPublicLibrariesListFile(SystemConfig.java:1601)
06-26 00:40:52.988  4373  4403 W SystemConfig: 	at com.android.server.SystemConfig.readPublicNativeLibrariesList(SystemConfig.java:1583)
06-26 00:40:52.988  4373  4403 W SystemConfig: 	at com.android.server.SystemConfig.<init>(SystemConfig.java:484)
06-26 00:40:52.988  4373  4403 W SystemConfig: 	at com.android.server.SystemConfig.getInstance(SystemConfig.java:272)
06-26 00:40:52.988  4373  4403 W SystemConfig: 	at com.android.server.SystemServer$$ExternalSyntheticLambda6.run(Unknown Source:0)
06-26 00:40:52.988  4373  4403 W SystemConfig: 	at com.android.server.SystemServerInitThreadPool.lambda$submitTask$0$SystemServerInitThreadPool(SystemServerInitThreadPool.java:105)
06-26 00:40:52.988  4373  4403 W SystemConfig: 	at com.android.server.SystemServerInitThreadPool$$ExternalSyntheticLambda0.run(Unknown Source:6)
06-26 00:40:52.988  4373  4403 W SystemConfig: 	at java.util.concurrent.Executors$RunnableAdapter.call(Executors.java:462)
06-26 00:40:52.988  4373  4403 W SystemConfig: 	at java.util.concurrent.FutureTask.run(FutureTask.java:266)
06-26 00:40:52.988  4373  4403 W SystemConfig: 	at java.util.concurrent.ThreadPoolExecutor.runWorker(ThreadPoolExecutor.java:1167)
06-26 00:40:52.988  4373  4403 W SystemConfig: 	at java.util.concurrent.ThreadPoolExecutor$Worker.run(ThreadPoolExecutor.java:641)
06-26 00:40:52.988  4373  4403 W SystemConfig: 	at com.android.internal.util.ConcurrentUtils$1$1.run(ConcurrentUtils.java:65)
06-26 00:40:52.988  4373  4403 W SystemConfig: Caused by: android.system.ErrnoException: open failed: ENOENT (No such file or directory)
06-26 00:40:52.988  4373  4403 W SystemConfig: 	at libcore.io.Linux.open(Native Method)
06-26 00:40:52.988  4373  4403 W SystemConfig: 	at libcore.io.ForwardingOs.open(ForwardingOs.java:567)
06-26 00:40:52.988  4373  4403 W SystemConfig: 	at libcore.io.BlockGuardOs.open(BlockGuardOs.java:273)
06-26 00:40:52.988  4373  4403 W SystemConfig: 	at libcore.io.IoBridge.open(IoBridge.java:561)
06-26 00:40:52.988  4373  4403 W SystemConfig: 	... 14 more
06-26 00:40:52.990  4373  4403 D SystemConfig: readAllPermissions took to complete: 169ms
06-26 00:40:52.990  4373  4403 D SystemServerInitThreadPool: Finished executing ReadingSystemConfig
06-26 00:40:52.990  4373  4403 D SystemServerTimingAsync: InitThreadPoolExec:ReadingSystemConfig took to complete: 170ms
06-26 00:40:52.999  4373  4373 I SystemServiceManager: Starting com.android.server.am.ActivityManagerService$Lifecycle
06-26 00:40:53.006  4373  4373 I ActivityManager: Memory class: 256
06-26 00:40:53.009  4373  4407 I Binder  : Setting heavy hitter watcher config: false, 0, 0.0
06-26 00:40:53.033  4373  4373 I PackageWatchdog: Updated health check state for package com.google.android.ext.services: INACTIVE -> PASSED
06-26 00:40:53.033  4373  4373 I PackageWatchdog: Updated health check state for package android: INACTIVE -> PASSED
06-26 00:40:53.033  4373  4373 I PackageWatchdog: Updated health check state for package com.google.android.permissioncontroller: INACTIVE -> PASSED
06-26 00:40:53.033  4373  4373 I PackageWatchdog: Updated health check state for package com.google.android.gms: INACTIVE -> PASSED
06-26 00:40:53.033  4373  4373 I PackageWatchdog: Updated health check state for package com.google.android.gsf: INACTIVE -> PASSED
06-26 00:40:53.033  4373  4373 I PackageWatchdog: Updated health check state for package com.android.providers.userdictionary: INACTIVE -> PASSED
06-26 00:40:53.034  4373  4373 I PackageWatchdog: Updated health check state for package com.android.providers.media.module: INACTIVE -> PASSED
06-26 00:40:53.034  4373  4373 I PackageWatchdog: Updated health check state for package com.android.systemui: INACTIVE -> PASSED
